## (B): `h2` を行 1 の錐の中に限ったら通るか

### 箱: 行2 < 2、`|R|` = [2, 3, 4]、`v<3`、`t<2`

| `|R|` | `z` | **分母** | **(B1) 成立** | (B1) 率 | (B2) 成立 | (B2) 率 | 錐の外の列を持つ `Q` |
|--:|--:|--:|--:|--:|--:|--:|--:|
| 2 | 0 | **110** | **110** | **100.0%** | 110 | 100.0% | 48 (43.6%) |
| 2 | 1 | **0** | **0** | **0.0%** | 0 | 0.0% | 0 (0.0%) |
| 3 | 0 | **703** | **703** | **100.0%** | 703 | 100.0% | 557 (79.2%) |
| 3 | 1 | **0** | **0** | **0.0%** | 0 | 0.0% | 0 (0.0%) |
| 4 | 0 | **5526** | **5526** | **100.0%** | 5526 | 100.0% | 5065 (91.7%) |
| 4 | 1 | **0** | **0** | **0.0%** | 0 | 0.0% | 0 (0.0%) |

> **(B1) の反例ゼロ。⟹ 錐の中に限れば `h2` は成り立つ。**

### 箱: 行2 < 3、`|R|` = [2, 3]、`v<3`、`t<2`

| `|R|` | `z` | **分母** | **(B1) 成立** | (B1) 率 | (B2) 成立 | (B2) 率 | 錐の外の列を持つ `Q` |
|--:|--:|--:|--:|--:|--:|--:|--:|
| 2 | 0 | **315** | **315** | **100.0%** | 315 | 100.0% | 144 (45.7%) |
| 2 | 1 | **188** | **150** | **79.8%** | 150 | 79.8% | 72 (38.3%) |
| 3 | 0 | **2835** | **2835** | **100.0%** | 2835 | 100.0% | 2400 (84.7%) |
| 3 | 1 | **3084** | **2004** | **65.0%** | 2004 | 65.0% | 1872 (60.7%) |

**⛔ (B1) が破れる例（錐の中なのに行 2 の親が無い）:**
    R=`(1,1,1)(1,1,2)` v=0 z=1 t=0 Q=`(0,0,1)(1,1,1)`  破れる j = [1]
    R=`(1,1,1)(1,1,2)` v=0 z=1 t=1 Q=`(0,1,1)(1,2,1)`  破れる j = [1]
    R=`(1,1,1)(1,2,2)` v=0 z=1 t=0 Q=`(0,0,1)(1,1,1)`  破れる j = [1]
    R=`(1,1,1)(1,2,2)` v=0 z=1 t=1 Q=`(0,1,1)(1,2,1)`  破れる j = [1]

