## (g) 錐の外の列の `srow` 分布と、親の出どころ

### 箱: 行2 < 2、`v<3`、`t<2`、`z = 0`、`n ∈ [1, 2]`

| `|R|` | 場合 | **件数** |
|--:|---|--:|
| 2 | srow=0 ・ **同じブロック** | **36** |
| 2 | srow=1 ・ 親なし | **12** |
| 2 | srow=2 ・ 親なし | **48** |
| 3 | srow=0 ・ **同じブロック** | **498** |
| 3 | srow=1 ・ **同じブロック** | **32** |
| 3 | srow=1 ・ 親なし | **232** |
| 3 | srow=2 ・ **同じブロック** | **4** |
| 3 | srow=2 ・ 親なし | **876** |
| 4 | srow=0 ・ **同じブロック** | **5694** |
| 4 | srow=1 ・ **同じブロック** | **888** |
| 4 | srow=1 ・ 親なし | **3264** |
| 4 | srow=2 ・ **同じブロック** | **92** |
| 4 | srow=2 ・ 親なし | **11512** |

**分母（錐の外の列 × `n`）: 23188**
**`srow = 0` の列: 6228 (26.86%)**
**⛔ 前のブロックから親が来る: 0 (0.00%)**


