### R127 場面の母集団（M ベース・全前提）で (a1)(a2)(a3)
  母集団: |M|=L+1, 根が狭義最浅(hr0), d = entry M 0 Lb - entry M 0 0, hlp: le1 M 0 Lb, e>=1
  単位: 位置 q（1 <= q < Lb）。W 所属は判定しない
  行2<=1 |M|=3: M      880 本  位置の分母       880  **錐の外      320 ( 36.36%)**  [0.0s]
      G1 行1が根以下               320 (100.00%)
      **★ G2 ブロッカーの向こう        0 (  0.00%)**
      最小例 G1: M=[(0, 0, 0), (1, 0, 0), (1, 1, 0)] q=1
  行2<=1 |M|=4: M    12384 本  位置の分母     24768  **錐の外     9600 ( 38.76%)**  [0.2s]
      G1 行1が根以下              9120 ( 95.00%)
      **★ G2 ブロッカーの向こう      480 (  5.00%)**
      最小例 G1: M=[(0, 0, 0), (1, 0, 0), (1, 0, 0), (1, 1, 0)] q=1
      最小例 G2: M=[(0, 0, 0), (1, 0, 0), (2, 1, 0), (1, 1, 0)] q=2
  行2<=1 |M|=5: M   190656 本  位置の分母    571968  **錐の外   235520 ( 41.18%)**  [6.1s]
      G1 行1が根以下            213888 ( 90.82%)
      **★ G2 ブロッカーの向こう    21632 (  9.18%)**
      最小例 G1: M=[(0, 0, 0), (1, 0, 0), (1, 0, 0), (1, 0, 0), (1, 1, 0)] q=1
      最小例 G2: M=[(0, 0, 0), (1, 0, 0), (1, 0, 0), (2, 1, 0), (1, 1, 0)] q=3
  行2<=2 |M|=3: M     2970 本  位置の分母      2970  **錐の外     1080 ( 36.36%)**  [0.0s]
      G1 行1が根以下              1080 (100.00%)
      **★ G2 ブロッカーの向こう        0 (  0.00%)**
      最小例 G1: M=[(0, 0, 0), (1, 0, 0), (1, 1, 0)] q=1
  行2<=2 |M|=4: M    62694 本  位置の分母    125388  **錐の外    48600 ( 38.76%)**  [0.9s]
      G1 行1が根以下             46170 ( 95.00%)
      **★ G2 ブロッカーの向こう     2430 (  5.00%)**
      最小例 G1: M=[(0, 0, 0), (1, 0, 0), (1, 0, 0), (1, 1, 0)] q=1
      最小例 G2: M=[(0, 0, 0), (1, 0, 0), (2, 1, 0), (1, 1, 0)] q=2
  行2<=2 |M|=5: M  1447794 本  位置の分母   4343382  **錐の外  1788480 ( 41.18%)**  [33.4s]
      G1 行1が根以下           1624212 ( 90.82%)
      **★ G2 ブロッカーの向こう   164268 (  9.18%)**
      最小例 G1: M=[(0, 0, 0), (1, 0, 0), (1, 0, 0), (1, 0, 0), (1, 1, 0)] q=1
      最小例 G2: M=[(0, 0, 0), (1, 0, 0), (1, 0, 0), (2, 1, 0), (1, 1, 0)] q=3
  行2<=3 |M|=3: M     7040 本  位置の分母      7040  **錐の外     2560 ( 36.36%)**  [0.1s]
      G1 行1が根以下              2560 (100.00%)
      **★ G2 ブロッカーの向こう        0 (  0.00%)**
      最小例 G1: M=[(0, 0, 0), (1, 0, 0), (1, 1, 0)] q=1
  行2<=3 |M|=4: M   198144 本  位置の分母    396288  **錐の外   153600 ( 38.76%)**  [2.8s]
      G1 行1が根以下            145920 ( 95.00%)
      **★ G2 ブロッカーの向こう     7680 (  5.00%)**
      最小例 G1: M=[(0, 0, 0), (1, 0, 0), (1, 0, 0), (1, 1, 0)] q=1
      最小例 G2: M=[(0, 0, 0), (1, 0, 0), (2, 1, 0), (1, 1, 0)] q=2

### (a3) `k` 別の「錐の外」割合（全前提つき）
  k=0: 分母    222912  **錐の外     86400 ( 38.76%)**
  k=1: 分母    222912  **錐の外     86400 ( 38.76%)**
  k=2: 分母    148608  **錐の外     57600 ( 38.76%)**
  k=3: 分母     74304  **錐の外     28800 ( 38.76%)**
