### R128 箱 行0<=3 行1<=4 行2<=1 |R|<=3  [1.6s]
  n=1: 分母     14640  **L3 の形    14460 ( 98.77%)**  **破れ      0**
  n=2: 分母     14640  **L3 の形    14592 ( 99.67%)**  **破れ      0**
  n=3: 分母     14640  **L3 の形    14628 ( 99.92%)**  **破れ      0**
  n=4: 分母     14640  **L3 の形    14640 (100.00%)**  **破れ      0**
  n=5: 分母     14640  **L3 の形    14640 (100.00%)**  **破れ      0**

### R128 箱 行0<=3 行1<=4 行2<=2 |R|<=3  [14.9s]
  n=1: 分母    137850  **L3 の形   108600 ( 78.78%)**  **破れ      0**
  n=2: 分母    137850  **L3 の形   109788 ( 79.64%)**  **破れ      0**
  n=3: 分母    137850  **L3 の形   110112 ( 79.88%)**  **破れ      0**
  n=4: 分母    137850  **L3 の形   110220 ( 79.96%)**  **破れ      0**
  n=5: 分母    137850  **L3 の形   110220 ( 79.96%)**  **破れ      0**

### R128 箱 行0<=3 行1<=4 行2<=3 |R|<=3  [39.1s]
  n=1: 分母    417285  **L3 の形   338100 ( 81.02%)**  **破れ      0**
  n=2: 分母    417285  **L3 の形   342060 ( 81.97%)**  **破れ      0**
  n=3: 分母    417285  **L3 の形   343140 ( 82.23%)**  **破れ      0**
  n=4: 分母    417285  **L3 の形   343500 ( 82.32%)**  **破れ      0**
  n=5: 分母    417285  **L3 の形   343500 ( 82.32%)**  **破れ      0**


### 陽性対照（修正版）: 拡張箱（行0<=3 行1<=4）で `hj0` を落とす
  行2<=1: 分母    475080  **破れ     7560** ( 1.59%)   最小例 R=[(0, 0, 0), (1, 1, 1)] v=0 z=0 d=1 e=1 n=1 m=2 hj0=False
  行2<=2: 分母   2162160  **破れ    22320** ( 1.03%)   最小例 R=[(0, 0, 0), (1, 1, 1)] v=0 z=0 d=1 e=1 n=1 m=2 hj0=False

### (b4) の検算: `hj0`（parent X = 0, srow=2）があれば `e > 0` は自動か
  行2<=1: {'srow<=1（e は定義で 0）': 54040, 'e>0': 21045}
  行2<=2: {'srow<=1（e は定義で 0）': 120060, 'e>0': 139380}
