### 行2<=1 |Q|=2 hblk=要求  分母      4320  [0.0s]
  **(c1) 孤児（＝ `snoc_orphan_W` で無料）:      2160 ( 50.00%)**
      srow(足す列)=0: 分母       360  孤児        90 ( 25.00%)
      srow(足す列)=1: 分母      2232  孤児       726 ( 32.53%)
      srow(足す列)=2: 分母      1728  孤児      1344 ( 77.78%)
      z=0: 分母      2592  孤児       816 ( 31.48%)
      z=1: 分母      1728  孤児      1344 ( 77.78%)
  **(c3) 親 = 根（index 0）:       384 ( 17.78% of 親あり)**
      ⚠ **`snoc_flat_root` の全前提（`srow=0` も）が成立:        50**
  **(c2) 行 0 の親 = ブロック n-1 の根:       960**
      親（行 `srow`）のブロック戻り:  {0: 2160}
      行 0 の親のブロック戻り:       {0: 2160}
      例 ('孤児', 0): Q=[(0, 0, 0), (1, 0, 0)] d=0 e=0 n=1
      例 ('孤児', 1): Q=[(0, 0, 0), (1, 0, 0)] d=0 e=1 n=1
      例 ('孤児', 2): Q=[(0, 0, 1), (1, 0, 0)] d=0 e=0 n=1
### 行2<=1 |Q|=3 hblk=要求  分母     65280  [0.4s]
  **(c1) 孤児（＝ `snoc_orphan_W` で無料）:     32553 ( 49.87%)**
      srow(足す列)=0: 分母      4944  孤児      1236 ( 25.00%)
      srow(足す列)=1: 分母     32880  孤児     10587 ( 32.20%)
      srow(足す列)=2: 分母     27456  孤児     20730 ( 75.50%)
      z=0: 分母     37824  孤児     11823 ( 31.26%)
      z=1: 分母     27456  孤児     20730 ( 75.50%)
  **(c3) 親 = 根（index 0）:      4898 ( 14.97% of 親あり)**
      ⚠ **`snoc_flat_root` の全前提（`srow=0` も）が成立:       590**
  **(c2) 行 0 の親 = ブロック n-1 の根:     11850**
      親（行 `srow`）のブロック戻り:  {0: 32727}
      行 0 の親のブロック戻り:       {0: 32727}
      例 ('孤児', 0): Q=[(0, 0, 0), (1, 0, 0), (1, 0, 0)] d=0 e=0 n=1
      例 ('孤児', 1): Q=[(0, 0, 0), (1, 0, 0), (1, 0, 0)] d=0 e=1 n=1
      例 ('孤児', 2): Q=[(0, 0, 1), (1, 0, 0), (1, 0, 0)] d=0 e=0 n=1
### 行2<=1 |Q|=4 hblk=要求  分母   1052064  [8.0s]
  **(c1) 孤児（＝ `snoc_orphan_W` で無料）:    522669 ( 49.68%)**
      srow(足す列)=0: 分母     75372  孤児     18843 ( 25.00%)
      srow(足す列)=1: 分母    522660  孤児    167091 ( 31.97%)
      srow(足す列)=2: 分母    454032  孤児    336735 ( 74.17%)
      z=0: 分母    598032  孤児    185934 ( 31.09%)
      z=1: 分母    454032  孤児    336735 ( 74.17%)
  **(c3) 親 = 根（index 0）:     70652 ( 13.35% of 親あり)**
      ⚠ **`snoc_flat_root` の全前提（`srow=0` も）が成立:      8045**
  **(c2) 行 0 の親 = ブロック n-1 の根:    166722**
      親（行 `srow`）のブロック戻り:  {0: 529395}
      行 0 の親のブロック戻り:       {0: 529395}
      例 ('孤児', 0): Q=[(0, 0, 0), (1, 0, 0), (1, 0, 0), (1, 0, 0)] d=0 e=0 n=1
      例 ('孤児', 1): Q=[(0, 0, 0), (1, 0, 0), (1, 0, 0), (1, 0, 0)] d=0 e=1 n=1
      例 ('孤児', 2): Q=[(0, 0, 1), (1, 0, 0), (1, 0, 0), (1, 0, 0)] d=0 e=0 n=1
### 行2<=2 |Q|=2 hblk=要求  分母      7776  [0.0s]
  **(c1) 孤児（＝ `snoc_orphan_W` で無料）:      4638 ( 59.65%)**
      srow(足す列)=0: 分母       504  孤児       126 ( 25.00%)
      srow(足す列)=1: 分母      2952  孤児       960 ( 32.52%)
      srow(足す列)=2: 分母      4320  孤児      3552 ( 82.22%)
      z=0: 分母      3456  孤児      1086 ( 31.42%)
      z=1: 分母      2592  孤児      2208 ( 85.19%)
      z=2: 分母      1728  孤児      1344 ( 77.78%)
  **(c3) 親 = 根（index 0）:       526 ( 16.76% of 親あり)**
      ⚠ **`snoc_flat_root` の全前提（`srow=0` も）が成立:        70**
  **(c2) 行 0 の親 = ブロック n-1 の根:      1290**
      親（行 `srow`）のブロック戻り:  {0: 3138}
      行 0 の親のブロック戻り:       {0: 3138}
      例 ('孤児', 0): Q=[(0, 0, 0), (1, 0, 0)] d=0 e=0 n=1
      例 ('孤児', 1): Q=[(0, 0, 0), (1, 0, 0)] d=0 e=1 n=1
      例 ('孤児', 2): Q=[(0, 0, 1), (1, 0, 0)] d=0 e=0 n=1
### 行2<=2 |Q|=3 hblk=要求  分母    177888  [1.1s]
  **(c1) 孤児（＝ `snoc_orphan_W` で無料）:    104793 ( 58.91%)**
      srow(足す列)=0: 分母     10296  孤児      2574 ( 25.00%)
      srow(足す列)=1: 分母     64584  孤児     20781 ( 32.18%)
      srow(足す列)=2: 分母    103008  孤児     81438 ( 79.06%)
      z=0: 分母     74880  孤児     23355 ( 31.19%)
      z=1: 分母     59232  孤児     49221 ( 83.10%)
      z=2: 分母     43776  孤児     32217 ( 73.60%)
  **(c3) 親 = 根（index 0）:      9993 ( 13.67% of 親あり)**
      ⚠ **`snoc_flat_root` の全前提（`srow=0` も）が成立:      1230**
  **(c2) 行 0 の親 = ブロック n-1 の根:     23670**
      親（行 `srow`）のブロック戻り:  {0: 73095}
      行 0 の親のブロック戻り:       {0: 73095}
      例 ('孤児', 0): Q=[(0, 0, 0), (1, 0, 0), (1, 0, 0)] d=0 e=0 n=1
      例 ('孤児', 1): Q=[(0, 0, 0), (1, 0, 0), (1, 0, 0)] d=0 e=1 n=1
      例 ('孤児', 2): Q=[(0, 0, 1), (1, 0, 0), (1, 0, 0)] d=0 e=0 n=1
### 行2<=2 |Q|=4 hblk=要求  分母   4321728  [35.2s]
  **(c1) 孤児（＝ `snoc_orphan_W` で無料）:   2522941 ( 58.38%)**
      srow(足す列)=0: 分母    234192  孤児     58548 ( 25.00%)
      srow(足す列)=1: 分母   1531536  孤児    489153 ( 31.94%)
      srow(足す列)=2: 分母   2556000  孤児   1975240 ( 77.28%)
      z=0: 分母   1765728  孤児    547701 ( 31.02%)
      z=1: 分母   1438272  孤児   1177590 ( 81.88%)
      z=2: 分母   1117728  孤児    797650 ( 71.36%)
  **(c3) 親 = 根（index 0）:    215275 ( 11.97% of 親あり)**
      ⚠ **`snoc_flat_root` の全前提（`srow=0` も）が成立:     25024**
  **(c2) 行 0 の親 = ブロック n-1 の根:    496542**
      親（行 `srow`）のブロック戻り:  {0: 1798787}
      行 0 の親のブロック戻り:       {0: 1798787}
      例 ('孤児', 0): Q=[(0, 0, 0), (1, 0, 0), (1, 0, 0), (1, 0, 0)] d=0 e=0 n=1
      例 ('孤児', 1): Q=[(0, 0, 0), (1, 0, 0), (1, 0, 0), (1, 0, 0)] d=0 e=1 n=1
      例 ('孤児', 2): Q=[(0, 0, 1), (1, 0, 0), (1, 0, 0), (1, 0, 0)] d=0 e=0 n=1
### 行2<=3 |Q|=2 hblk=要求  分母     12096  [0.1s]
  **(c1) 孤児（＝ `snoc_orphan_W` で無料）:      7980 ( 65.97%)**
      srow(足す列)=0: 分母       648  孤児       162 ( 25.00%)
      srow(足す列)=1: 分母      3672  孤児      1194 ( 32.52%)
      srow(足す列)=2: 分母      7776  孤児      6624 ( 85.19%)
      z=0: 分母      4320  孤児      1356 ( 31.39%)
      z=1: 分母      3456  孤児      3072 ( 88.89%)
      z=2: 分母      2592  孤児      2208 ( 85.19%)
      z=3: 分母      1728  孤児      1344 ( 77.78%)
  **(c3) 親 = 根（index 0）:       668 ( 16.23% of 親あり)**
      ⚠ **`snoc_flat_root` の全前提（`srow=0` も）が成立:        90**
  **(c2) 行 0 の親 = ブロック n-1 の根:      1620**
      親（行 `srow`）のブロック戻り:  {0: 4116}
      行 0 の親のブロック戻り:       {0: 4116}
      例 ('孤児', 0): Q=[(0, 0, 0), (1, 0, 0)] d=0 e=0 n=1
      例 ('孤児', 1): Q=[(0, 0, 0), (1, 0, 0)] d=0 e=1 n=1
      例 ('孤児', 2): Q=[(0, 0, 1), (1, 0, 0)] d=0 e=0 n=1
### 行2<=3 |Q|=3 hblk=要求  分母    371328  [2.3s]
  **(c1) 孤児（＝ `snoc_orphan_W` で無料）:    240006 ( 64.63%)**
      srow(足す列)=0: 分母     17568  孤児      4392 ( 25.00%)
      srow(足す列)=1: 分母    106464  孤児     34242 ( 32.16%)
      srow(足す列)=2: 分母    247296  孤児    201372 ( 81.43%)
      z=0: 分母    124032  孤児     38634 ( 31.15%)
      z=1: 分母    103104  孤児     89808 ( 87.10%)
      z=2: 分母     82368  孤児     66783 ( 81.08%)
      z=3: 分母     61824  孤児     44781 ( 72.43%)
  **(c3) 親 = 根（index 0）:     16852 ( 12.83% of 親あり)**
      ⚠ **`snoc_flat_root` の全前提（`srow=0` も）が成立:      2100**
  **(c2) 行 0 の親 = ブロック n-1 の根:     39420**
      親（行 `srow`）のブロック戻り:  {0: 131322}
      行 0 の親のブロック戻り:       {0: 131322}
      例 ('孤児', 0): Q=[(0, 0, 0), (1, 0, 0), (1, 0, 0)] d=0 e=0 n=1
      例 ('孤児', 1): Q=[(0, 0, 0), (1, 0, 0), (1, 0, 0)] d=0 e=1 n=1
      例 ('孤児', 2): Q=[(0, 0, 1), (1, 0, 0), (1, 0, 0)] d=0 e=0 n=1
### 行2<=3 |Q|=4 hblk=要求  分母  12069504  [99.4s]
  **(c1) 孤児（＝ `snoc_orphan_W` で無料）:   7697270 ( 63.77%)**
      srow(足す列)=0: 分母    531192  孤児    132798 ( 25.00%)
      srow(足す列)=1: 分母   3354792  孤児   1070838 ( 31.92%)
      srow(足す列)=2: 分母   8183520  孤児   6493634 ( 79.35%)
      z=0: 分母   3885984  孤児   1203636 ( 30.97%)
      z=1: 分母   3300768  孤児   2840229 ( 86.05%)
      z=2: 分母   2724768  孤児   2147606 ( 78.82%)
      z=3: 分母   2157984  孤児   1505799 ( 69.78%)
  **(c3) 親 = 根（index 0）:    482812 ( 11.04% of 親あり)**
      ⚠ **`snoc_flat_root` の全前提（`srow=0` も）が成立:     56794**
  **(c2) 行 0 の親 = ブロック n-1 の根:   1098588**
      親（行 `srow`）のブロック戻り:  {0: 4372234}
      行 0 の親のブロック戻り:       {0: 4372234}
      例 ('孤児', 0): Q=[(0, 0, 0), (1, 0, 0), (1, 0, 0), (1, 0, 0)] d=0 e=0 n=1
      例 ('孤児', 1): Q=[(0, 0, 0), (1, 0, 0), (1, 0, 0), (1, 0, 0)] d=0 e=1 n=1
      例 ('孤児', 2): Q=[(0, 0, 1), (1, 0, 0), (1, 0, 0), (1, 0, 0)] d=0 e=0 n=1
