### 行2<=1 |Q|=2  分母      8064  **破れ       0** (0.000%)  [0.0s]
### 行2<=1 |Q|=3  分母    106496  **破れ     120** (0.113%)  [0.7s]
  **(d1) 親のブロック `k_parent`**: k=0: 30  k=1: 30  k=2: 30  k=3: 30
  **戻り (n-1)-k_parent**: 1 つ前: 120
  **(d2) 親の列番号 `q_parent`（`Q` の何列目）**: q=1: 120
  破れた `Q` の形:  {'F2b': 120}
  **(d3) `n` 別の `k_parent`**:
      n=2: 破れ      30  k_parent=0: 30
      n=3: 破れ      30  k_parent=1: 30
      n=4: 破れ      30  k_parent=2: 30
      n=5: 破れ      30  k_parent=3: 30
      例 n=2 k_parent=0: Q=[(0, 0, 1), (1, 1, 0), (2, 1, 1)] d=2 e=2 → 親の絶対位置 1
      例 n=3 k_parent=1: Q=[(0, 0, 1), (1, 1, 0), (2, 1, 1)] d=2 e=2 → 親の絶対位置 4
      例 n=4 k_parent=2: Q=[(0, 0, 1), (1, 1, 0), (2, 1, 1)] d=2 e=2 → 親の絶対位置 7
      例 n=5 k_parent=3: Q=[(0, 0, 1), (1, 1, 0), (2, 1, 1)] d=2 e=2 → 親の絶対位置 10
### 行2<=2 |Q|=2  分母     20736  **破れ       0** (0.000%)  [0.1s]
### 行2<=2 |Q|=3  分母    416000  **破れ     480** (0.115%)  [2.7s]
  **(d1) 親のブロック `k_parent`**: k=0: 120  k=1: 120  k=2: 120  k=3: 120
  **戻り (n-1)-k_parent**: 1 つ前: 480
  **(d2) 親の列番号 `q_parent`（`Q` の何列目）**: q=1: 480
  破れた `Q` の形:  {'F2b': 480}
  **(d3) `n` 別の `k_parent`**:
      n=2: 破れ     120  k_parent=0: 120
      n=3: 破れ     120  k_parent=1: 120
      n=4: 破れ     120  k_parent=2: 120
      n=5: 破れ     120  k_parent=3: 120
      例 n=2 k_parent=0: Q=[(0, 0, 1), (1, 1, 0), (2, 1, 1)] d=2 e=2 → 親の絶対位置 1
      例 n=3 k_parent=1: Q=[(0, 0, 1), (1, 1, 0), (2, 1, 1)] d=2 e=2 → 親の絶対位置 4
      例 n=4 k_parent=2: Q=[(0, 0, 1), (1, 1, 0), (2, 1, 1)] d=2 e=2 → 親の絶対位置 7
      例 n=5 k_parent=3: Q=[(0, 0, 1), (1, 1, 0), (2, 1, 1)] d=2 e=2 → 親の絶対位置 10
### 行2<=1 |Q|=4  分母   1583232  **破れ    2908** (0.184%)  [15.9s]
  **(d1) 親のブロック `k_parent`**: k=0: 727  k=1: 727  k=2: 727  k=3: 727
  **戻り (n-1)-k_parent**: 1 つ前: 2908
  **(d2) 親の列番号 `q_parent`（`Q` の何列目）**: q=1: 960  q=2: 1948
  破れた `Q` の形:  {'F2b': 2908}
  **(d3) `n` 別の `k_parent`**:
      n=2: 破れ     727  k_parent=0: 727
      n=3: 破れ     727  k_parent=1: 727
      n=4: 破れ     727  k_parent=2: 727
      n=5: 破れ     727  k_parent=3: 727
      例 n=2 k_parent=0: Q=[(0, 0, 1), (1, 0, 0), (1, 1, 0), (2, 1, 1)] d=2 e=2 → 親の絶対位置 2
      例 n=3 k_parent=1: Q=[(0, 0, 1), (1, 0, 0), (1, 1, 0), (2, 1, 1)] d=2 e=2 → 親の絶対位置 6
      例 n=4 k_parent=2: Q=[(0, 0, 1), (1, 0, 0), (1, 1, 0), (2, 1, 1)] d=2 e=2 → 親の絶対位置 10
      例 n=5 k_parent=3: Q=[(0, 0, 1), (1, 0, 0), (1, 1, 0), (2, 1, 1)] d=2 e=2 → 親の絶対位置 14
### 行2<=1 |Q|=5  分母  12637440  **破れ   28584** (0.226%)  [110.0s]
  **(d1) 親のブロック `k_parent`**: k=0: 14292  k=1: 14292
  **戻り (n-1)-k_parent**: 1 つ前: 28584
  **(d2) 親の列番号 `q_parent`（`Q` の何列目）**: q=1: 4320  q=2: 8004  q=3: 16260
  破れた `Q` の形:  {'F2b': 28584}
  **(d3) `n` 別の `k_parent`**:
      n=2: 破れ   14292  k_parent=0: 14292
      n=3: 破れ   14292  k_parent=1: 14292
      例 n=2 k_parent=0: Q=[(0, 0, 1), (1, 0, 0), (1, 0, 0), (1, 1, 0), (2, 1, 1)] d=2 e=2 → 親の絶対位置 3
      例 n=3 k_parent=1: Q=[(0, 0, 1), (1, 0, 0), (1, 0, 0), (1, 1, 0), (2, 1, 1)] d=2 e=2 → 親の絶対位置 8
