### 行2<=1 |Q|=2  [0.0s]
  **(e2) axis=根だけ: 分母     4320  孤児    2520**
      **(e1') j0 が ちょうど:     1800 ( 41.67%)**
  **(e2) axis=内部候補あり: 分母     2160  孤児     780**
      **(e1') j0 が ちょうど:      120 (  5.56%)**
      **(e1') j0 が 内部:     1260 ( 58.33%)**
  **(e3') `Lb` の分布**:  {1: 1260, 2: 1920}   ⛔ `Lb > |Q|`: 0
  **(e4') z=0: srow(r)={0: 270, 1: 2970}  d0==d 1920/2790  d1 {'=0': 2790}**
  **(e4') z=1: srow(r)={2: 3240}  d0==d 0/390  d1 {'=e': 27, '★ その他': 363}**
  内部のときの `d1`:  {'=e': 207, '★ その他': 1053}
      例 内部: ([(0, 0, 0), (1, 0, 0)], 2, 0, 1, 1, 1, 1, 1, 0, 0)

### 行2<=1 |Q|=3  [0.9s]
  **(e2) axis=根だけ: 分母    60480  孤児   35280**
      **(e1') j0 が ちょうど:    25200 ( 41.67%)**
  **(e2) axis=内部候補あり: 分母    56160  孤児   19976**
      **(e1') j0 が ちょうど:     3000 (  5.34%)**
      **(e1') j0 が 内部:    33184 ( 59.09%)**
  **(e3') `Lb` の分布**:  {1: 22794, 2: 10390, 3: 28200}   ⛔ `Lb > |Q|`: 0
  **(e4') z=0: srow(r)={0: 4860, 1: 53460}  d0==d 28200/51020  d1 {'=0': 51020}**
  **(e4') z=1: srow(r)={2: 58320}  d0==d 0/10364  d1 {'=e': 725, '★ その他': 9639}**
  内部のときの `d1`:  {'=e': 5485, '★ その他': 27699}
      例 内部: ([(0, 0, 0), (1, 0, 0), (1, 0, 0)], 2, 0, 1, 2, 2, 1, 1, 0, 0)

### 行2<=1 |Q|=4  [23.1s]
  **(e2) axis=根だけ: 分母   933120  孤児  544320**
      **(e1') j0 が ちょうど:   388800 ( 41.67%)**
  **(e2) axis=内部候補あり: 分母  1166400  孤児  410256**
      **(e1') j0 が ちょうど:    60480 (  5.19%)**
      **(e1') j0 が 内部:   695664 ( 59.64%)**
  **(e3') `Lb` の分布**:  {1: 411660, 2: 187704, 3: 96300, 4: 449280}   ⛔ `Lb > |Q|`: 0
  **(e4') z=0: srow(r)={0: 87480, 1: 962280}  d0==d 449280/926280  d1 {'=0': 926280}**
  **(e4') z=1: srow(r)={2: 1049760}  d0==d 0/218664  d1 {'=e': 15408, '★ その他': 203256}**
  内部のときの `d1`:  {'=e': 115488, '★ その他': 580176}
      例 内部: ([(0, 0, 0), (1, 0, 0), (1, 0, 0), (1, 0, 0)], 2, 0, 1, 3, 3, 1, 1, 0, 0)

### 行2<=2 |Q|=2  [0.1s]
  **(e2) axis=根だけ: 分母     9720  孤児    7020**
      **(e1') j0 が ちょうど:     2700 ( 27.78%)**
  **(e2) axis=内部候補あり: 分母     4860  孤児    2205**
      **(e1') j0 が ちょうど:      180 (  3.70%)**
      **(e1') j0 が 内部:     2475 ( 50.93%)**
  **(e3') `Lb` の分布**:  {1: 2475, 2: 2880}   ⛔ `Lb > |Q|`: 0
  **(e4') z=0: srow(r)={0: 405, 1: 4455}  d0==d 2880/4185  d1 {'=0': 4185}**
  **(e4') z=1: srow(r)={2: 4860}  d0==d 0/390  d1 {'=e': 27, '★ その他': 363}**
  **(e4') z=2: srow(r)={2: 4860}  d0==d 0/780  d1 {'=e': 54, '★ その他': 726}**
  内部のときの `d1`:  {'=e': 351, '★ その他': 2124}
      例 内部: ([(0, 0, 0), (1, 0, 0)], 2, 0, 1, 1, 1, 1, 1, 0, 0)

### 行2<=2 |Q|=3  [3.0s]
  **(e2) axis=根だけ: 分母   204120  孤児  147420**
      **(e1') j0 が ちょうど:    56700 ( 27.78%)**
  **(e2) axis=内部候補あり: 分母   189540  孤児   84869**
      **(e1') j0 が ちょうど:     6750 (  3.56%)**
      **(e1') j0 が 内部:    97921 ( 51.66%)**
  **(e3') `Lb` の分布**:  {1: 67167, 2: 30754, 3: 63450}   ⛔ `Lb > |Q|`: 0
  **(e4') z=0: srow(r)={0: 10935, 1: 120285}  d0==d 63450/114795  d1 {'=0': 114795}**
  **(e4') z=1: srow(r)={2: 131220}  d0==d 0/15608  d1 {'=e': 1090, '★ その他': 14518}**
  **(e4') z=2: srow(r)={2: 131220}  d0==d 0/30968  d1 {'=e': 2170, '★ その他': 28798}**
  内部のときの `d1`:  {'=e': 13970, '★ その他': 83951}
      例 内部: ([(0, 0, 0), (1, 0, 0), (1, 0, 0)], 2, 0, 1, 2, 2, 1, 1, 0, 0)

