### |Q|=2 行1<3  分母       216  [0.0s]
  (m3) ブロッカー `B<` の本数:  {0: 9, 1: 9}
  孤児       180 ( 83.33%)  うち `B<` があるのに孤児 **72**
  **(m1) 親 = 最も右のブロッカーの像:        36 / 36 (100.00%)**
      親の列がブロッカー: 36 / 36
  **私の反例の形の充足率: 0 / 36 (  0.00%)**（見積もりは 20〜50%）
  **(m2) `d0 == e`: 0 / 36 (  0.00%)**  `Lb` {1: 36}
  **(m4) 親のブロック戻り**:  {0: 36}

### |Q|=3 行1<3  分母      1944  [0.0s]
  (m3) ブロッカー `B<` の本数:  {0: 45, 1: 72, 2: 45}
  孤児      1460 ( 75.10%)  うち `B<` があるのに孤児 **920**
  **(m1) 親 = 最も右のブロッカーの像:       404 / 484 ( 83.47%)**
      親の列がブロッカー: 484 / 484
  **私の反例の形の充足率: 80 / 484 ( 16.53%)**（見積もりは 20〜50%）
  **(m2) `d0 == e`: 0 / 484 (  0.00%)**  `Lb` {1: 324, 2: 160}
  **(m4) 親のブロック戻り**:  {0: 484}
      m1 破れ の例: Q=[(0, 1, 0), (1, 0, 0), (2, 0, 0)] e=2 n=1 親=1（列 1）最右ブロッカー=2 B<=[1, 2]

### |Q|=4 行1<3  分母     17496  [0.0s]
  (m3) ブロッカー `B<` の本数:  {0: 243, 1: 486, 2: 486, 3: 243}
  孤児     12348 ( 70.58%)  うち `B<` があるのに孤児 **9432**
  **(m1) 親 = 最も右のブロッカーの像:      3852 / 5148 ( 74.83%)**
      親の列がブロッカー: 5148 / 5148
  **私の反例の形の充足率: 1296 / 5148 ( 25.17%)**（見積もりは 20〜50%）
  **(m2) `d0 == e`: 0 / 5148 (  0.00%)**  `Lb` {1: 2916, 2: 1440, 3: 792}
  **(m4) 親のブロック戻り**:  {0: 5148}
      m1 破れ の例: Q=[(0, 1, 0), (1, 0, 0), (1, 0, 0), (2, 0, 0)] e=2 n=1 親=2（列 2）最右ブロッカー=3 B<=[1, 2, 3]

### |Q|=2 行1<4  分母       432  [0.0s]
  (m3) ブロッカー `B<` の本数:  {0: 18, 1: 18}
  孤児       360 ( 83.33%)  うち `B<` があるのに孤児 **144**
  **(m1) 親 = 最も右のブロッカーの像:        72 / 72 (100.00%)**
      親の列がブロッカー: 72 / 72
  **私の反例の形の充足率: 0 / 72 (  0.00%)**（見積もりは 20〜50%）
  **(m2) `d0 == e`: 0 / 72 (  0.00%)**  `Lb` {1: 72}
  **(m4) 親のブロック戻り**:  {0: 72}

### |Q|=3 行1<4  分母      5184  [0.0s]
  (m3) ブロッカー `B<` の本数:  {0: 126, 1: 180, 2: 126}
  孤児      3896 ( 75.15%)  うち `B<` があるのに孤児 **2384**
  **(m1) 親 = 最も右のブロッカーの像:      1064 / 1288 ( 82.61%)**
      親の列がブロッカー: 1288 / 1288
  **私の反例の形の充足率: 224 / 1288 ( 17.39%)**（見積もりは 20〜50%）
  **(m2) `d0 == e`: 0 / 1288 (  0.00%)**  `Lb` {1: 864, 2: 424}
  **(m4) 親のブロック戻り**:  {0: 1288}
      m1 破れ の例: Q=[(0, 1, 0), (1, 0, 0), (2, 0, 0)] e=2 n=1 親=1（列 1）最右ブロッカー=2 B<=[1, 2]

### |Q|=4 行1<4  分母     62208  [0.1s]
  (m3) ブロッカー `B<` の本数:  {0: 972, 1: 1620, 2: 1620, 3: 972}
  孤児     43968 ( 70.68%)  うち `B<` があるのに孤児 **32304**
  **(m1) 親 = 最も右のブロッカーの像:     13488 / 18240 ( 73.95%)**
      親の列がブロッカー: 18240 / 18240
  **私の反例の形の充足率: 4752 / 18240 ( 26.05%)**（見積もりは 20〜50%）
  **(m2) `d0 == e`: 0 / 18240 (  0.00%)**  `Lb` {1: 10368, 2: 5088, 3: 2784}
  **(m4) 親のブロック戻り**:  {0: 18240}
      m1 破れ の例: Q=[(0, 1, 0), (1, 0, 0), (1, 0, 0), (2, 0, 0)] e=2 n=1 親=2（列 2）最右ブロッカー=3 B<=[1, 2, 3]

