### F2a の鎖が閉じる条件を絞る（前提の階段）
  行2<=1 |Q|=3:  [0.4s]
      (A) ＋ srow=2（F2a）       : 分母     32256  閉じる     32256 (100.00%)  **出る        0**
      (B) ＋ ブロック内で孤児          : 分母     46336  閉じる     46336 (100.00%)  **出る        0**
      (C) 末尾列が錐の外だけ           : 分母     68608  閉じる     68608 (100.00%)  **出る        0**
  行2<=1 |Q|=4:  [9.8s]
      (A) ＋ srow=2（F2a）       : 分母    497472  閉じる    497472 (100.00%)  **出る        0**
      (B) ＋ ブロック内で孤児          : 分母    695616  閉じる    695616 (100.00%)  **出る        0**
      (C) 末尾列が錐の外だけ           : 分母   1096704  閉じる   1096704 (100.00%)  **出る        0**
  行2<=2 |Q|=3:  [1.3s]
      (A) ＋ srow=2（F2a）       : 分母    145152  閉じる    145152 (100.00%)  **出る        0**
      (B) ＋ ブロック内で孤児          : 分母    176832  閉じる    176832 (100.00%)  **出る        0**
      (C) 末尾列が錐の外だけ           : 分母    231552  閉じる    231552 (100.00%)  **出る        0**
  行2<=2 |Q|=4:  [42.1s]
      (A) ＋ srow=2（F2a）       : 分母   3358080  閉じる   3358080 (100.00%)  **出る        0**
      (B) ＋ ブロック内で孤児          : 分母   4026816  閉じる   4026816 (100.00%)  **出る        0**
      (C) 末尾列が錐の外だけ           : 分母   5552064  閉じる   5552064 (100.00%)  **出る        0**

### (C) は `q = |Q|-1` 専用か、任意の `q` に一般化するか
  |Q|=3:
      q=|Q|-1（末尾列）        : 分母    102912  閉じる    102912 (100.00%)  **出る        0**
      ★ q<|Q|-1（内部）       : 分母     96768  閉じる     90240 ( 93.25%)  **出る     6528**   例 Q=[(0, 1, 0), (1, 1, 0), (1, 0, 0)] d=2 e=0 k=1 q=1 鎖=[4, 2]
  |Q|=4:
      q=|Q|-1（末尾列）        : 分母   1645056  閉じる   1645056 (100.00%)  **出る        0**
      ★ q<|Q|-1（内部）       : 分母   3087360  閉じる   2869632 ( 92.95%)  **出る   217728**   例 Q=[(0, 1, 0), (1, 0, 0), (1, 1, 0), (1, 0, 0)] d=2 e=0 k=1 q=2 鎖=[6, 3]
