### (i3) 私の最小例を「正しい埋め込み」で確かめる
  私の測定の対象: ブロック = [(0, 1, 0), (1, 0, 0), (1, 1, 0), (1, 0, 0)] （長さ 4）
  ⟹ 宿主は M = Q ++ [p]（|M|=5, Lb=4）。`hlp` は p に関する条件で、塔には入らない列。
  ⟹ `hr0` ∧ `hlp` を満たす p は 4 個: [((1, 2, 0), 1), ((1, 2, 1), 1), ((1, 3, 0), 1), ((1, 3, 1), 1)]
  ⟹ **私の反例のブロックは、hlp を満たす宿主に埋め込める**
      p=(1, 2, 0)（hd0e の d = 1）: d=2 で 鎖=[5] 出る=False  ／ d=1（固定）で 鎖=[5] 出る=False
      p=(1, 2, 1)（hd0e の d = 1）: d=2 で 鎖=[5] 出る=False  ／ d=1（固定）で 鎖=[5] 出る=False
      p=(1, 3, 0)（hd0e の d = 1）: d=2 で 鎖=[5] 出る=False  ／ d=1（固定）で 鎖=[5] 出る=False
      p=(1, 3, 1)（hd0e の d = 1）: d=2 で 鎖=[5] 出る=False  ／ d=1（固定）で 鎖=[5] 出る=False

### Lb=4（|M|=5）で「hlp ∧ d 固定 ⟹ 100%」を確認
  行2<=1 |M|=5: M 190656 本  分母   2119680  閉じる   2119680 (100.00%)  **出る        0**  [14.4s]

### (i3) やり直し（q=2, b=1*4+2=6。前回 q を取り違えた）
  `hr0` ∧ `hlp` を満たす宿主の末尾列 p: 4 個 [((1, 2, 0), 1), ((1, 2, 1), 1), ((1, 3, 0), 1), ((1, 3, 1), 1)]
  `Q` の錐の外の位置: [1, 2, 3]
      p=(1, 2, 0) d=2（自由）: 鎖=[6, 3]  **出る=True**
      p=(1, 2, 0) d=1（= hd0e の固定値）: 鎖=[6]  **出る=False**
      p=(1, 2, 1) d=2（自由）: 鎖=[6, 3]  **出る=True**
      p=(1, 2, 1) d=1（= hd0e の固定値）: 鎖=[6]  **出る=False**
      p=(1, 3, 0) d=2（自由）: 鎖=[6, 3]  **出る=True**
      p=(1, 3, 0) d=1（= hd0e の固定値）: 鎖=[6]  **出る=False**
      p=(1, 3, 1) d=2（自由）: 鎖=[6, 3]  **出る=True**
      p=(1, 3, 1) d=1（= hd0e の固定値）: 鎖=[6]  **出る=False**
