### |Q|=2 行1<3  分母        27  [0.0s]
  `D ++ [r]` での `srow(r)`: {1: 27}   ⚠ そこで孤児 0
  **★ `j0`（`D ++ [r]` の中の親）= 0:        27 / 27 (100.00%)**   （私の予想は 100%、反例の見積もりは 0〜5%）
  `d1 == 0`: 27/27   `d0 == e`: 0/27   `Lb` {1: 27}
  **m=1: `(D ++ [r])⟦m⟧ = take ++ shTower B d0 m` … 成立        27 (100.00%)  破れ        0**
  **m=2: `(D ++ [r])⟦m⟧ = take ++ shTower B d0 m` … 成立        27 (100.00%)  破れ        0**
  **m=3: `(D ++ [r])⟦m⟧ = take ++ shTower B d0 m` … 成立        27 (100.00%)  破れ        0**

### |Q|=3 行1<3  分母       363  [0.0s]
  `D ++ [r]` での `srow(r)`: {1: 363}   ⚠ そこで孤児 0
  **★ `j0`（`D ++ [r]` の中の親）= 0:       363 / 363 (100.00%)**   （私の予想は 100%、反例の見積もりは 0〜5%）
  `d1 == 0`: 363/363   `d0 == e`: 0/363   `Lb` {1: 243, 2: 120}
  **m=1: `(D ++ [r])⟦m⟧ = take ++ shTower B d0 m` … 成立       363 (100.00%)  破れ        0**
  **m=2: `(D ++ [r])⟦m⟧ = take ++ shTower B d0 m` … 成立       363 (100.00%)  破れ        0**
  **m=3: `(D ++ [r])⟦m⟧ = take ++ shTower B d0 m` … 成立       363 (100.00%)  破れ        0**

### |Q|=4 行1<3  分母      3861  [0.1s]
  `D ++ [r]` での `srow(r)`: {1: 3861}   ⚠ そこで孤児 0
  **★ `j0`（`D ++ [r]` の中の親）= 0:      3861 / 3861 (100.00%)**   （私の予想は 100%、反例の見積もりは 0〜5%）
  `d1 == 0`: 3861/3861   `d0 == e`: 0/3861   `Lb` {1: 2187, 2: 1080, 3: 594}
  **m=1: `(D ++ [r])⟦m⟧ = take ++ shTower B d0 m` … 成立      3861 (100.00%)  破れ        0**
  **m=2: `(D ++ [r])⟦m⟧ = take ++ shTower B d0 m` … 成立      3861 (100.00%)  破れ        0**
  **m=3: `(D ++ [r])⟦m⟧ = take ++ shTower B d0 m` … 成立      3861 (100.00%)  破れ        0**

### |Q|=2 行1<4  分母        54  [0.0s]
  `D ++ [r]` での `srow(r)`: {1: 54}   ⚠ そこで孤児 0
  **★ `j0`（`D ++ [r]` の中の親）= 0:        54 / 54 (100.00%)**   （私の予想は 100%、反例の見積もりは 0〜5%）
  `d1 == 0`: 54/54   `d0 == e`: 0/54   `Lb` {1: 54}
  **m=1: `(D ++ [r])⟦m⟧ = take ++ shTower B d0 m` … 成立        54 (100.00%)  破れ        0**
  **m=2: `(D ++ [r])⟦m⟧ = take ++ shTower B d0 m` … 成立        54 (100.00%)  破れ        0**
  **m=3: `(D ++ [r])⟦m⟧ = take ++ shTower B d0 m` … 成立        54 (100.00%)  破れ        0**

### |Q|=3 行1<4  分母       966  [0.0s]
  `D ++ [r]` での `srow(r)`: {1: 966}   ⚠ そこで孤児 0
  **★ `j0`（`D ++ [r]` の中の親）= 0:       966 / 966 (100.00%)**   （私の予想は 100%、反例の見積もりは 0〜5%）
  `d1 == 0`: 966/966   `d0 == e`: 0/966   `Lb` {1: 648, 2: 318}
  **m=1: `(D ++ [r])⟦m⟧ = take ++ shTower B d0 m` … 成立       966 (100.00%)  破れ        0**
  **m=2: `(D ++ [r])⟦m⟧ = take ++ shTower B d0 m` … 成立       966 (100.00%)  破れ        0**
  **m=3: `(D ++ [r])⟦m⟧ = take ++ shTower B d0 m` … 成立       966 (100.00%)  破れ        0**

### |Q|=4 行1<4  分母     13680  [0.3s]
  `D ++ [r]` での `srow(r)`: {1: 13680}   ⚠ そこで孤児 0
  **★ `j0`（`D ++ [r]` の中の親）= 0:     13680 / 13680 (100.00%)**   （私の予想は 100%、反例の見積もりは 0〜5%）
  `d1 == 0`: 13680/13680   `d0 == e`: 0/13680   `Lb` {1: 7776, 2: 3816, 3: 2088}
  **m=1: `(D ++ [r])⟦m⟧ = take ++ shTower B d0 m` … 成立     13680 (100.00%)  破れ        0**
  **m=2: `(D ++ [r])⟦m⟧ = take ++ shTower B d0 m` … 成立     13680 (100.00%)  破れ        0**
  **m=3: `(D ++ [r])⟦m⟧ = take ++ shTower B d0 m` … 成立     13680 (100.00%)  破れ        0**

