### (p1)(p2)(p3) を `srow` 別に分ける（破れは `srow=0` の段だけか）
### 行2<=1 |Q|=5  測った段     58162  [16.4s]
  **(p1) `le1 M 0 j0`       :     58046 / 58162 ( 99.80%)**  破れ 116
  **(p2) `0 < d0`           :     56152 / 58162 ( 96.54%)**  破れ 2010
  **(p3) 窓の中で最浅             :     58162 / 58162 (100.00%)**  破れ 0
  段の `srow`:  {0: 2010, 1: 23268, 2: 32884}
  (p1) を `srow` 別:  {(0, False): 32, (0, True): 1978, (1, False): 56, (1, True): 23212, (2, False): 28, (2, True): 32856}
  (p2) を `srow` 別:  {(0, False): 2010, (1, True): 23268, (2, True): 32884}
  (p3) を `srow` 別:  {(0, True): 2010, (1, True): 23268, (2, True): 32884}
  親なし（その段で孤児）: 3278
      p1 破れ: ([(0, 0, 1), (1, 1, 0), (2, 0, 0), (3, 0, 0), (2, 1, 1), (2, 2, 1)], 7, 0)
      p2 破れ: ([(0, 0, 1), (1, 0, 0), (1, 1, 0), (2, 0, 0), (2, 1, 1), (2, 2, 1)], 7, 0, 0)

### 行2<=2 |Q|=4  測った段     15720  [4.6s]
  **(p1) `le1 M 0 j0`       :     15720 / 15720 (100.00%)**  破れ 0
  **(p2) `0 < d0`           :     15432 / 15720 ( 98.17%)**  破れ 288
  **(p3) 窓の中で最浅             :     15720 / 15720 (100.00%)**  破れ 0
  段の `srow`:  {0: 288, 1: 5678, 2: 9754}
  (p1) を `srow` 別:  {(0, True): 288, (1, True): 5678, (2, True): 9754}
  (p2) を `srow` 別:  {(0, False): 288, (1, True): 5678, (2, True): 9754}
  (p3) を `srow` 別:  {(0, True): 288, (1, True): 5678, (2, True): 9754}
  親なし（その段で孤児）: 2610
      p2 破れ: ([(0, 0, 1), (1, 1, 0), (2, 0, 0), (2, 1, 1), (2, 2, 1), (3, 3, 0)], 5, 0, 0)

