### 行2<=1 |Q|=3  測った段       120  [0.0s]
  **(p1) `le1 M 0 j0`       :       120 / 120 (100.00%)**  破れ 0
  **(p2) `0 < d0`           :       120 / 120 (100.00%)**  破れ 0
  **(p3) 窓の中で最浅             :       120 / 120 (100.00%)**  破れ 0
  段の `srow`:  {1: 60, 2: 60}
  (p2) を `srow` 別:  {(1, True): 60, (2, True): 60}
  親なし（その段で孤児）: 0

### 行2<=1 |Q|=4  測った段      2936  [0.7s]
  **(p1) `le1 M 0 j0`       :      2936 / 2936 (100.00%)**  破れ 0
  **(p2) `0 < d0`           :      2864 / 2936 ( 97.55%)**  破れ 72
  **(p3) 窓の中で最浅             :      2936 / 2936 (100.00%)**  破れ 0
  段の `srow`:  {0: 72, 1: 1262, 2: 1602}
  (p2) を `srow` 別:  {(0, False): 72, (1, True): 1262, (2, True): 1602}
  親なし（その段で孤児）: 120
      p2 破れ: ([(0, 0, 1), (1, 1, 0), (2, 0, 0), (2, 1, 1), (2, 2, 1), (3, 3, 0)], 5, 0, 0)

### 行2<=2 |Q|=3  測った段       420  [0.2s]
  **(p1) `le1 M 0 j0`       :       420 / 420 (100.00%)**  破れ 0
  **(p2) `0 < d0`           :       420 / 420 (100.00%)**  破れ 0
  **(p3) 窓の中で最浅             :       420 / 420 (100.00%)**  破れ 0
  段の `srow`:  {1: 180, 2: 240}
  (p2) を `srow` 別:  {(1, True): 180, (2, True): 240}
  親なし（その段で孤児）: 60

### 行2<=2 |Q|=4  測った段     15720  [4.6s]
  **(p1) `le1 M 0 j0`       :     15720 / 15720 (100.00%)**  破れ 0
  **(p2) `0 < d0`           :     15432 / 15720 ( 98.17%)**  破れ 288
  **(p3) 窓の中で最浅             :     15720 / 15720 (100.00%)**  破れ 0
  段の `srow`:  {0: 288, 1: 5678, 2: 9754}
  (p2) を `srow` 別:  {(0, False): 288, (1, True): 5678, (2, True): 9754}
  親なし（その段で孤児）: 2610
      p2 破れ: ([(0, 0, 1), (1, 1, 0), (2, 0, 0), (2, 1, 1), (2, 2, 1), (3, 3, 0)], 5, 0, 0)

