### 行2<=1 |Q|=3 行1<3  [2.0s]
  ★ j>=1（帯）: 復活     8076
      (t1) 錐の外              :     6528 / 8076 ( 80.83%)
      (t2) 行1 が根より上         :     1548 / 8076 ( 19.17%)
      ★ (t1)∧(t2)           :        0 / 8076 (  0.00%)
      (t3) k == n-1         :     8076 / 8076 (100.00%)
      (t4) 親は根 (q=0)        :        0 / 8076 (  0.00%)
      (t4) k == L3 の式       :       85 / 8076 (  1.05%)
  j=0: 復活    77870
      (t1) 錐の外              :        0 / 77870 (  0.00%)
      (t2) 行1 が根より上         :        0 / 77870 (  0.00%)
      ★ (t1)∧(t2)           :        0 / 77870 (  0.00%)
      (t3) k == n-1         :    77870 / 77870 (100.00%)
      (t4) 親は根 (q=0)        :    32832 / 77870 ( 42.16%)
      (t4) k == L3 の式       :        0 / 77870 (  0.00%)
  **★ (t3) 同じ `(Q,d,e,j)` で `n` を振ったとき**: `k` が一定 0  **`k` が動く 21487**  うち **`k = n−1` が常に 21487**
      ('t1 破れ', 'j=0'): ([(0, 0, 0), (1, 0, 0), (1, 0, 0)], 1, 0, 2, 0, 3)
      ('t1 破れ', '★ j>=1（帯）'): ([(0, 0, 1), (1, 1, 0), (2, 1, 1)], 2, 2, 2, 2, 4)
      ('t2 破れ', 'j=0'): ([(0, 0, 0), (1, 0, 0), (1, 0, 0)], 1, 0, 2, 0, 3)
      ('t2 破れ', '★ j>=1（帯）'): ([(0, 1, 0), (1, 1, 0), (1, 0, 0)], 2, 0, 2, 1, 5)

### 行2<=1 |Q|=3 行1<4  [4.8s]
  ★ j>=1（帯）: 復活    19988
      (t1) 錐の外              :    16320 / 19988 ( 81.65%)
      (t2) 行1 が根より上         :     3668 / 19988 ( 18.35%)
      ★ (t1)∧(t2)           :        0 / 19988 (  0.00%)
      (t3) k == n-1         :    19988 / 19988 (100.00%)
      (t4) 親は根 (q=0)        :        0 / 19988 (  0.00%)
      (t4) k == L3 の式       :      391 / 19988 (  1.96%)
  j=0: 復活   180518
      (t1) 錐の外              :        0 / 180518 (  0.00%)
      (t2) 行1 が根より上         :        0 / 180518 (  0.00%)
      ★ (t1)∧(t2)           :        0 / 180518 (  0.00%)
      (t3) k == n-1         :   180518 / 180518 (100.00%)
      (t4) 親は根 (q=0)        :    80000 / 180518 ( 44.32%)
      (t4) k == L3 の式       :        0 / 180518 (  0.00%)
  **★ (t3) 同じ `(Q,d,e,j)` で `n` を振ったとき**: `k` が一定 0  **`k` が動く 50129**  うち **`k = n−1` が常に 50129**
      ('t1 破れ', 'j=0'): ([(0, 0, 0), (1, 0, 0), (1, 0, 0)], 1, 0, 2, 0, 3)
      ('t1 破れ', '★ j>=1（帯）'): ([(0, 0, 1), (1, 1, 0), (2, 1, 1)], 2, 2, 2, 2, 4)
      ('t2 破れ', 'j=0'): ([(0, 0, 0), (1, 0, 0), (1, 0, 0)], 1, 0, 2, 0, 3)
      ('t2 破れ', '★ j>=1（帯）'): ([(0, 1, 0), (1, 1, 0), (1, 0, 0)], 2, 0, 2, 1, 5)

