### 行2<=1 |Q|=3  [1.9s]
  ★ j>=1: 復活      8076
      **(w2) `p_rel == j`:         0 (  0.00%)**   `j − p_rel` の分布: {-1: 7956, 1: 120}
      **(w1b) `p_rel`**: {1: 120, 2: 7956}   `p_rel == |Q|-1`: 7956 ( 98.51%)
      **(w1c) 窓 `last−par`**: {2: 7956, 4: 120}   **`< 2|Q|`: 8076 (100.00%)**
  j=0: 復活     77870
      **(w2) `p_rel == j`:     32832 ( 42.16%)**   `j − p_rel` の分布: {-2: 34500, -1: 10538, 0: 32832}
      **(w1b) `p_rel`**: {0: 32832, 1: 10538, 2: 34500}   `p_rel == |Q|-1`: 34500 ( 44.30%)
      **(w1c) 窓 `last−par`**: {1: 34500, 2: 10538, 3: 32832}   **`< 2|Q|`: 77870 (100.00%)**
  **(w1a) `j >= 1` の復活の `j` 分布**:  {1: 7956, 2: 120}
  **★ (w3) `j=0` の復活で親が前ブロックの最終列: 34500 / 77870 ( 44.30%)**
      ('w2 破れ', 'j=0'): ([(0, 0, 0), (1, 0, 0), (1, 0, 0)], 2, 0, 2, 0, 5, 2)
      ('w2 破れ', '★ j>=1'): ([(0, 0, 1), (1, 1, 0), (2, 1, 1)], 2, 2, 2, 2, 4, 1)
      w3 破れ: ([(0, 0, 0), (1, 0, 0), (1, 0, 0)], 1, 0, 2, 3, 5)

### 行2<=1 |Q|=4  [43.1s]
  ★ j>=1: 復活    264146
      **(w2) `p_rel == j`:         0 (  0.00%)**   `j − p_rel` の分布: {-2: 115428, -1: 144766, 1: 2992, 2: 960}
      **(w1b) `p_rel`**: {1: 2004, 2: 47810, 3: 214332}   `p_rel == |Q|-1`: 214332 ( 81.14%)
      **(w1c) 窓 `last−par`**: {2: 115428, 3: 144766, 5: 2992, 6: 960}   **`< 2|Q|`: 264146 (100.00%)**
  j=0: 復活   1232154
      **(w2) `p_rel == j`:    463680 ( 37.63%)**   `j − p_rel` の分布: {-3: 501408, -2: 176898, -1: 90168, 0: 463680}
      **(w1b) `p_rel`**: {0: 463680, 1: 90168, 2: 176898, 3: 501408}   `p_rel == |Q|-1`: 501408 ( 40.69%)
      **(w1c) 窓 `last−par`**: {1: 501408, 2: 176898, 3: 90168, 4: 463680}   **`< 2|Q|`: 1232154 (100.00%)**
  **(w1a) `j >= 1` の復活の `j` 分布**:  {1: 161290, 2: 99948, 3: 2908}
  **★ (w3) `j=0` の復活で親が前ブロックの最終列: 501408 / 1232154 ( 40.69%)**
      ('w2 破れ', 'j=0'): ([(0, 0, 0), (1, 0, 0), (1, 0, 0), (1, 0, 0)], 2, 0, 2, 0, 7, 3)
      ('w2 破れ', '★ j>=1'): ([(0, 0, 1), (1, 0, 0), (1, 1, 0), (2, 1, 1)], 2, 2, 2, 3, 6, 2)
      w3 破れ: ([(0, 0, 0), (1, 0, 0), (1, 0, 0), (1, 0, 0)], 1, 0, 2, 4, 7)

### 行2<=2 |Q|=3  [8.7s]
  ★ j>=1: 復活     25776
      **(w2) `p_rel == j`:         0 (  0.00%)**   `j − p_rel` の分布: {-1: 25296, 1: 480}
      **(w1b) `p_rel`**: {1: 480, 2: 25296}   `p_rel == |Q|-1`: 25296 ( 98.14%)
      **(w1c) 窓 `last−par`**: {2: 25296, 4: 480}   **`< 2|Q|`: 25776 (100.00%)**
  j=0: 復活    206816
      **(w2) `p_rel == j`:     73872 ( 35.72%)**   `j − p_rel` の分布: {-2: 101664, -1: 31280, 0: 73872}
      **(w1b) `p_rel`**: {0: 73872, 1: 31280, 2: 101664}   `p_rel == |Q|-1`: 101664 ( 49.16%)
      **(w1c) 窓 `last−par`**: {1: 101664, 2: 31280, 3: 73872}   **`< 2|Q|`: 206816 (100.00%)**
  **(w1a) `j >= 1` の復活の `j` 分布**:  {1: 25296, 2: 480}
  **★ (w3) `j=0` の復活で親が前ブロックの最終列: 101664 / 206816 ( 49.16%)**
      ('w2 破れ', 'j=0'): ([(0, 0, 0), (1, 0, 0), (1, 0, 0)], 2, 0, 2, 0, 5, 2)
      ('w2 破れ', '★ j>=1'): ([(0, 0, 1), (1, 1, 0), (2, 1, 1)], 2, 2, 2, 2, 4, 1)
      w3 破れ: ([(0, 0, 0), (1, 0, 0), (1, 0, 0)], 1, 0, 2, 3, 5)

### 行2<=2 |Q|=4  [224.8s]
  ★ j>=1: 復活   1265196
      **(w2) `p_rel == j`:         0 (  0.00%)**   `j − p_rel` の分布: {-2: 550872, -1: 690612, 1: 17952, 2: 5760}
      **(w1b) `p_rel`**: {1: 12024, 2: 229836, 3: 1023336}   `p_rel == |Q|-1`: 1023336 ( 80.88%)
      **(w1c) 窓 `last−par`**: {2: 550872, 3: 690612, 5: 17952, 6: 5760}   **`< 2|Q|`: 1265196 (100.00%)**
  j=0: 復活   4971132
      **(w2) `p_rel == j`:   1564920 ( 31.48%)**   `j − p_rel` の分布: {-3: 2216484, -2: 787068, -1: 402660, 0: 1564920}
      **(w1b) `p_rel`**: {0: 1564920, 1: 402660, 2: 787068, 3: 2216484}   `p_rel == |Q|-1`: 2216484 ( 44.59%)
      **(w1c) 窓 `last−par`**: {1: 2216484, 2: 787068, 3: 402660, 4: 1564920}   **`< 2|Q|`: 4971132 (100.00%)**
  **(w1a) `j >= 1` の復活の `j` 分布**:  {1: 769020, 2: 478728, 3: 17448}
  **★ (w3) `j=0` の復活で親が前ブロックの最終列: 2216484 / 4971132 ( 44.59%)**
      ('w2 破れ', 'j=0'): ([(0, 0, 0), (1, 0, 0), (1, 0, 0), (1, 0, 0)], 2, 0, 2, 0, 7, 3)
      ('w2 破れ', '★ j>=1'): ([(0, 0, 1), (1, 0, 0), (1, 1, 0), (2, 1, 1)], 2, 2, 2, 3, 6, 2)
      w3 破れ: ([(0, 0, 0), (1, 0, 0), (1, 0, 0), (1, 0, 0)], 1, 0, 2, 4, 7)

