### (y2b) 正しい分解: 窓の中のブロッカーは「同じブロック」か「次のブロック」か
  |Q|=3: 分母     38829  [0.8s]
      (i) 同じブロック      :     2460 (  6.34%)
      (ii) 次のブロック     :        0 (  0.00%)
      どちらか            :     2460 (  6.34%)
      **e 別**:  {0: {'なし': 4176, 'i': 360}, 1: {'なし': 7056}, 2: {'なし': 7920, 'i': 315}, 3: {'なし': 8475, 'i': 735}, 4: {'なし': 8742, 'i': 1050}}
      (i) 同じブロックの例: ([(0, 0, 0), (1, 1, 0), (2, 1, 0)], 2, 0, 2, 0, 4, 1, [1])
  |Q|=4: 分母    555201  [14.4s]
      (i) 同じブロック      :    61653 ( 11.10%)
      (ii) 次のブロック     :        0 (  0.00%)
      どちらか            :    61653 ( 11.10%)
      **e 別**:  {0: {'なし': 60240, 'i': 9744}, 1: {'なし': 93312}, 2: {'なし': 106524, 'i': 7317}, 3: {'なし': 114657, 'i': 17967}, 4: {'なし': 118815, 'i': 26625}}
      (i) 同じブロックの例: ([(0, 0, 0), (1, 1, 0), (1, 1, 0), (2, 1, 0)], 2, 0, 2, 0, 6, 2, [1])

### `e` 別の `q0`（窓の根のブロック内位置）の分布
  |Q|=3:
      e=0: `q0` の分布 {0: 2160, 1: 540, 2: 1836}   `q0 < |Q|-1` の割合  59.52%
      e=1: `q0` の分布 {0: 7056}   `q0 < |Q|-1` の割合 100.00%
      e=2: `q0` の分布 {0: 5400, 1: 693, 2: 2142}   `q0 < |Q|-1` の割合  73.99%
      e=3: `q0` の分布 {0: 4104, 1: 1179, 2: 3927}   `q0 < |Q|-1` の割合  57.36%
      e=4: `q0` の分布 {0: 3360, 1: 1434, 2: 4998}   `q0 < |Q|-1` の割合  48.96%
  |Q|=4:
      e=0: `q0` の分布 {0: 29808, 1: 4536, 2: 9072, 3: 26568}   `q0 < |Q|-1` の割合  62.04%
      e=1: `q0` の分布 {0: 93312}   `q0 < |Q|-1` の割合 100.00%
      e=2: `q0` の分布 {0: 70752, 1: 5265, 2: 10416, 3: 27408}   `q0 < |Q|-1` の割合  75.92%
      e=3: `q0` の分布 {0: 51840, 1: 9237, 2: 18699, 3: 52848}   `q0 < |Q|-1` の割合  60.15%
      e=4: `q0` の分布 {0: 39744, 1: 11496, 2: 23748, 3: 70452}   `q0 < |Q|-1` の割合  51.56%
