### (y4a) の 50% の機構: 末尾列の `srow` で分ける
  |Q|=3: srow(末尾)=1: Mono を保つ 0 / 400  srow(末尾)=2: Mono を保つ 400 / 400
  |Q|=4: srow(末尾)=1: Mono を保つ 0 / 200  srow(末尾)=2: Mono を保つ 200 / 200

### (y4c) 生成元 `D_v` から実際に展開（各段 n ∈ {1,2,3}）
  v=1: D_v=[(0, 0, 0), (1, 1, 1)]  Mono=True
      深さ 1:       3 個  **Mono       3 (100.00%)**  破れ {}
      深さ 2:       6 個  **Mono       2 ( 33.33%)**  破れ {'行1': 4}
      深さ 3:      13 個  **Mono       2 ( 15.38%)**  破れ {'行0+行1': 4, '行1': 7}
      深さ 4:      26 個  **Mono       2 (  7.69%)**  破れ {'行1': 16, '行0+行1': 8}
  v=2: D_v=[(0, 0, 0), (1, 1, 1), (2, 2, 1)]  Mono=True
      深さ 1:       3 個  **Mono       3 (100.00%)**  破れ {}
      深さ 2:       9 個  **Mono       9 (100.00%)**  破れ {}
      深さ 3:      24 個  **Mono       8 ( 33.33%)**  破れ {'行1': 16}
      深さ 4:      55 個  **Mono      10 ( 18.18%)**  破れ {'行1': 41, '行0+行1': 4}
  v=3: D_v=[(0, 0, 0), (1, 1, 1), (2, 2, 1), (3, 3, 1)]  Mono=True
      深さ 1:       3 個  **Mono       3 (100.00%)**  破れ {}
      深さ 2:       9 個  **Mono       9 (100.00%)**  破れ {}
      深さ 3:      27 個  **Mono      27 (100.00%)**  破れ {}
      深さ 4:      78 個  **Mono      26 ( 33.33%)**  破れ {'行1': 52}
  v=4: D_v=[(0, 0, 0), (1, 1, 1), (2, 2, 1), (3, 3, 1), (4, 4, 1)]  Mono=True
      深さ 1:       3 個  **Mono       3 (100.00%)**  破れ {}
      深さ 2:       9 個  **Mono       9 (100.00%)**  破れ {}
      深さ 3:      27 個  **Mono      27 (100.00%)**  破れ {}
      深さ 4:      81 個  **Mono      81 (100.00%)**  破れ {}
  v=5: D_v=[(0, 0, 0), (1, 1, 1), (2, 2, 1), (3, 3, 1), (4, 4, 1), (5, 5, 1)]  Mono=True
      深さ 1:       3 個  **Mono       3 (100.00%)**  破れ {}
      深さ 2:       9 個  **Mono       9 (100.00%)**  破れ {}
      深さ 3:      27 個  **Mono      27 (100.00%)**  破れ {}
      深さ 4:      81 個  **Mono      81 (100.00%)**  破れ {}

### 教訓 21: 深さを 6 まで伸ばす
  v=1 深さ 1:       3 個  Mono       3 (100.00%)
  v=1 深さ 2:       6 個  Mono       2 ( 33.33%)
  v=1 深さ 3:      13 個  Mono       2 ( 15.38%)
  v=1 深さ 4:      26 個  Mono       2 (  7.69%)
  v=1 深さ 5:      61 個  Mono       2 (  3.28%)
  v=1 深さ 6:     138 個  Mono       2 (  1.45%)
  ⟹ **v=1: 破れ始める深さ = 2**（予想 `v+1`）

  v=2 深さ 1:       3 個  Mono       3 (100.00%)
  v=2 深さ 2:       9 個  Mono       9 (100.00%)
  v=2 深さ 3:      24 個  Mono       8 ( 33.33%)
  v=2 深さ 4:      55 個  Mono      10 ( 18.18%)
  v=2 深さ 5:     138 個  Mono      10 (  7.25%)
  v=2 深さ 6:     345 個  Mono      10 (  2.90%)
  ⟹ **v=2: 破れ始める深さ = 3**（予想 `v+1`）

  v=3 深さ 1:       3 個  Mono       3 (100.00%)
  v=3 深さ 2:       9 個  Mono       9 (100.00%)
  v=3 深さ 3:      27 個  Mono      27 (100.00%)
  v=3 深さ 4:      78 個  Mono      26 ( 33.33%)
  v=3 深さ 5:     181 個  Mono      34 ( 18.78%)
  v=3 深さ 6:     472 個  Mono      36 (  7.63%)
  ⟹ **v=3: 破れ始める深さ = 4**（予想 `v+1`）

  v=4 深さ 1:       3 個  Mono       3 (100.00%)
  v=4 深さ 2:       9 個  Mono       9 (100.00%)
  v=4 深さ 3:      27 個  Mono      27 (100.00%)
  v=4 深さ 4:      81 個  Mono      81 (100.00%)
  v=4 深さ 5:     240 個  Mono      80 ( 33.33%)
  v=4 深さ 6:     559 個  Mono     106 ( 18.96%)
  ⟹ **v=4: 破れ始める深さ = 5**（予想 `v+1`）

  v=5 深さ 1:       3 個  Mono       3 (100.00%)
  v=5 深さ 2:       9 個  Mono       9 (100.00%)
  v=5 深さ 3:      27 個  Mono      27 (100.00%)
  v=5 深さ 4:      81 個  Mono      81 (100.00%)
  v=5 深さ 5:     243 個  Mono     243 (100.00%)
  v=5 深さ 6:     726 個  Mono     242 ( 33.33%)
  ⟹ **v=5: 破れ始める深さ = 6**（予想 `v+1`）

