### (H3')(H2') の破れを `e` と `j` で分ける
  |Q|=3:  [0.6s]
      (H3') V も全部錐の中:
          ★ e>=1  ★ j>=1 : 分母    14898  成立    14808 ( 99.40%)  **破れ     90**
          ★ e>=1  j=0    : 分母     6186  成立     5646 ( 91.27%)  **破れ    540**
          e=0     ★ j>=1 : 分母     4800  成立     4800 (100.00%)  **破れ      0**  ★★ ここだけ 100%
          e=0     j=0    : 分母     1200  成立     1020 ( 85.00%)  **破れ    180**
      (H2'制限版) V も h2:
          ★ e>=1  ★ j>=1 : 分母    25128  成立    25128 (100.00%)  **破れ      0**  ★★ ここだけ 100%
          ★ e>=1  j=0    : 分母    15081  成立    14865 ( 98.57%)  **破れ    216**
          e=0     ★ j>=1 : 分母     8376  成立     8376 (100.00%)  **破れ      0**  ★★ ここだけ 100%
          e=0     j=0    : 分母     2397  成立     2292 ( 95.62%)  **破れ    105**
      破れの例 ('H2p', 'e=0', 'j=0'): Q=[(0, 0, 0), (1, 1, 0), (2, 1, 1)] d=2 e=0 n=2 j=0 V=[(3, 1, 0), (4, 1, 1)]
      破れの例 ('H2p', '★ e>=1', 'j=0'): Q=[(0, 0, 0), (1, 1, 0), (2, 1, 1)] d=2 e=2 n=2 j=0 V=[(3, 3, 0), (4, 3, 1)]
      破れの例 ('H3', 'e=0', 'j=0'): Q=[(0, 0, 0), (1, 1, 0), (2, 1, 0)] d=2 e=0 n=2 j=0 V=[(3, 1, 0), (4, 1, 0)]
      破れの例 ('H3', '★ e>=1', 'j=0'): Q=[(0, 0, 0), (1, 1, 0), (2, 1, 0)] d=2 e=2 n=2 j=0 V=[(3, 3, 0), (4, 3, 0)]
      破れの例 ('H3', '★ e>=1', '★ j>=1'): Q=[(0, 0, 1), (1, 1, 0), (2, 1, 1)] d=2 e=2 n=2 j=2 V=[(3, 3, 0), (4, 3, 1), (4, 4, 1), (5, 5, 0)]
  |Q|=4:  [11.4s]
      (H3') V も全部錐の中:
          ★ e>=1  ★ j>=1 : 分母   274650  成立   269934 ( 98.28%)  **破れ   4716**
          ★ e>=1  j=0    : 分母    60060  成立    51828 ( 86.29%)  **破れ   8232**
          e=0     ★ j>=1 : 分母    88296  成立    87576 ( 99.18%)  **破れ    720**
          e=0     j=0    : 分母    12864  成立     9672 ( 75.19%)  **破れ   3192**
      (H2'制限版) V も h2:
          ★ e>=1  ★ j>=1 : 分母   562356  成立   559935 ( 99.57%)  **破れ   2421**
          ★ e>=1  j=0    : 分母   183302  成立   177836 ( 97.02%)  **破れ   5466**
          e=0     ★ j>=1 : 分母   187452  成立   186645 ( 99.57%)  **破れ    807**
          e=0     j=0    : 分母    33459  成立    30810 ( 92.08%)  **破れ   2649**
      破れの例 ('H2p', 'e=0', 'j=0'): Q=[(0, 0, 0), (1, 0, 0), (1, 1, 0), (2, 1, 1)] d=2 e=0 n=2 j=0 V=[(3, 1, 0), (4, 1, 1)]
      破れの例 ('H2p', 'e=0', '★ j>=1'): Q=[(0, 0, 0), (1, 1, 0), (2, 1, 1), (2, 0, 0)] d=0 e=0 n=2 j=3 V=[(1, 1, 0), (2, 1, 1)]
      破れの例 ('H2p', '★ e>=1', 'j=0'): Q=[(0, 0, 0), (1, 0, 0), (1, 1, 0), (2, 1, 1)] d=2 e=2 n=2 j=0 V=[(3, 3, 0), (4, 3, 1)]
      破れの例 ('H2p', '★ e>=1', '★ j>=1'): Q=[(0, 0, 0), (1, 1, 0), (2, 1, 1), (2, 0, 0)] d=0 e=1 n=2 j=3 V=[(1, 3, 0), (2, 3, 1)]
      破れの例 ('H3', 'e=0', 'j=0'): Q=[(0, 0, 0), (1, 1, 0), (1, 1, 0), (2, 1, 0)] d=2 e=0 n=2 j=0 V=[(3, 1, 0), (4, 1, 0)]
      破れの例 ('H3', 'e=0', '★ j>=1'): Q=[(0, 0, 0), (1, 1, 0), (2, 1, 0), (2, 2, 0)] d=0 e=0 n=2 j=3 V=[(1, 1, 0), (2, 1, 0)]
      破れの例 ('H3', '★ e>=1', 'j=0'): Q=[(0, 0, 0), (1, 1, 0), (1, 1, 0), (2, 1, 0)] d=2 e=2 n=2 j=0 V=[(3, 3, 0), (4, 3, 0)]
      破れの例 ('H3', '★ e>=1', '★ j>=1'): Q=[(0, 0, 0), (1, 1, 0), (2, 1, 0), (2, 2, 0)] d=0 e=1 n=2 j=3 V=[(1, 3, 0), (2, 3, 0)]
