### |Q0|=3 値域<4 n∈(2, 3) 初期(d,e)∈(0, 1, 2, 3)  母集団 4000  [1.6s]
    (a) 次の段が存在しない                         1231  (30.775%)
    (b) ★ `mx` < `|V|`（減る）                1994  (49.850%)
    (c) ⚠ `mx` >= `|V|`（減らない）              775  (19.375%)
  **★ `|V|` が狭義に減る … 3225 / 4000 ( 80.625%)**
  陽性対照 `(d,e)` 自由なら減らない … 2935 / 4000 ( 73.38%)  ← 鳴るべき
      ⚠ 減らない例 V=[(4, 0, 0), (5, 0, 0)] (d,e)=(1,2) mx=2 |V|=2
      ⚠ 減らない例 V=[(3, 4, 0), (5, 6, 0)] (d,e)=(1,2) mx=2 |V|=2
      ⚠ 減らない例 V=[(4, 9, 0), (5, 10, 0)] (d,e)=(2,1) mx=2 |V|=2
      ⚠ 減らない例 V=[(7, 0, 0), (9, 2, 0)] (d,e)=(4,2) mx=2 |V|=2

### |Q0|=4 値域<4 n∈(2, 3) 初期(d,e)∈(0, 1, 2, 3)  母集団 4000  [2.2s]
    (a) 次の段が存在しない                         1074  (26.850%)
    (b) ★ `mx` < `|V|`（減る）                2024  (50.600%)
    (c) ⚠ `mx` >= `|V|`（減らない）              902  (22.550%)
  **★ `|V|` が狭義に減る … 3098 / 4000 ( 77.450%)**
  陽性対照 `(d,e)` 自由なら減らない … 2770 / 4000 ( 69.25%)  ← 鳴るべき
      ⚠ 減らない例 V=[(1, 0, 0), (3, 3, 0)] (d,e)=(2,0) mx=2 |V|=2
      ⚠ 減らない例 V=[(5, 0, 0), (6, 1, 0)] (d,e)=(1,0) mx=2 |V|=2
      ⚠ 減らない例 V=[(0, 0, 0), (3, 1, 1), (1, 1, 0)] (d,e)=(1,0) mx=3 |V|=3
      ⚠ 減らない例 V=[(8, 3, 0), (9, 5, 0), (9, 6, 0)] (d,e)=(1,1) mx=3 |V|=3

### |Q0|=5 値域<4 n∈(2, 3) 初期(d,e)∈(0, 1, 2, 3)  母集団 4000  [2.9s]
    (a) 次の段が存在しない                          893  (22.325%)
    (b) ★ `mx` < `|V|`（減る）                2084  (52.100%)
    (c) ⚠ `mx` >= `|V|`（減らない）             1023  (25.575%)
  **★ `|V|` が狭義に減る … 2977 / 4000 ( 74.425%)**
  陽性対照 `(d,e)` 自由なら減らない … 2698 / 4000 ( 67.45%)  ← 鳴るべき
      ⚠ 減らない例 V=[(1, 11, 0), (2, 12, 1), (3, 0, 1)] (d,e)=(2,1) mx=3 |V|=3
      ⚠ 減らない例 V=[(4, 0, 0), (5, 1, 0)] (d,e)=(1,8) mx=2 |V|=2
      ⚠ 減らない例 V=[(3, 4, 0), (5, 7, 1), (4, 6, 0), (5, 6, 0)] (d,e)=(1,2) mx=4 |V|=4
      ⚠ 減らない例 V=[(6, 0, 0), (7, 3, 1)] (d,e)=(1,1) mx=2 |V|=2

### |Q0|=6 値域<4 n∈(2, 3) 初期(d,e)∈(0, 1, 2, 3)  母集団 4000  [3.9s]
    (a) 次の段が存在しない                          791  (19.775%)
    (b) ★ `mx` < `|V|`（減る）                2204  (55.100%)
    (c) ⚠ `mx` >= `|V|`（減らない）             1005  (25.125%)
  **★ `|V|` が狭義に減る … 2995 / 4000 ( 74.875%)**
  陽性対照 `(d,e)` 自由なら減らない … 2657 / 4000 ( 66.42%)  ← 鳴るべき
      ⚠ 減らない例 V=[(2, 6, 0), (3, 8, 1)] (d,e)=(1,1) mx=2 |V|=2
      ⚠ 減らない例 V=[(0, 0, 0), (2, 2, 1), (1, 1, 1)] (d,e)=(1,0) mx=3 |V|=3
      ⚠ 減らない例 V=[(4, 0, 0), (5, 1, 0)] (d,e)=(1,6) mx=2 |V|=2
      ⚠ 減らない例 V=[(3, 2, 0), (5, 4, 0), (4, 4, 1), (4, 4, 0), (5, 0, 1)] (d,e)=(1,3) mx=5 |V|=5

#### 教訓 21: 箱を広げる（値域 6、n を 1..5、初期 (d,e) を 0..5）
### |Q0|=4 値域<6 n∈(1, 2, 3, 4, 5) 初期(d,e)∈(0, 1, 2, 3, 4, 5)  母集団 4000  [13.7s]
    (a) 次の段が存在しない                         1005  (25.125%)
    (b) ★ `mx` < `|V|`（減る）                2029  (50.725%)
    (c) ⚠ `mx` >= `|V|`（減らない）              966  (24.150%)
  **★ `|V|` が狭義に減る … 3034 / 4000 ( 75.850%)**
  陽性対照 `(d,e)` 自由なら減らない … 2799 / 4000 ( 69.97%)  ← 鳴るべき
      ⚠ 減らない例 V=[(9, 5, 0), (10, 7, 1), (10, 9, 0)] (d,e)=(4,3) mx=3 |V|=3
      ⚠ 減らない例 V=[(12, 0, 0), (14, 3, 0)] (d,e)=(1,5) mx=2 |V|=2
      ⚠ 減らない例 V=[(2, 9, 0), (7, 0, 0)] (d,e)=(3,3) mx=2 |V|=2
      ⚠ 減らない例 V=[(5, 1, 0), (7, 9, 1)] (d,e)=(4,1) mx=2 |V|=2

### |Q0|=6 値域<6 n∈(1, 2, 3, 4, 5) 初期(d,e)∈(0, 1, 2, 3, 4, 5)  母集団 4000  [24.5s]
    (a) 次の段が存在しない                          693  (17.325%)
    (b) ★ `mx` < `|V|`（減る）                2208  (55.200%)
    (c) ⚠ `mx` >= `|V|`（減らない）             1099  (27.475%)
  **★ `|V|` が狭義に減る … 2901 / 4000 ( 72.525%)**
  陽性対照 `(d,e)` 自由なら減らない … 2778 / 4000 ( 69.45%)  ← 鳴るべき
      ⚠ 減らない例 V=[(9, 11, 0), (10, 1, 1)] (d,e)=(1,2) mx=2 |V|=2
      ⚠ 減らない例 V=[(20, 9, 0), (24, 11, 1)] (d,e)=(3,1) mx=2 |V|=2
      ⚠ 減らない例 V=[(4, 1, 0), (8, 1, 1)] (d,e)=(3,1) mx=2 |V|=2
      ⚠ 減らない例 V=[(1, 19, 0), (5, 0, 1), (4, 1, 0)] (d,e)=(2,1) mx=3 |V|=3

### |Q0|=8 値域<6 n∈(1, 2, 3, 4, 5) 初期(d,e)∈(0, 1, 2, 3, 4, 5)  母集団 4000  [38.4s]
    (a) 次の段が存在しない                          611  (15.275%)
    (b) ★ `mx` < `|V|`（減る）                2310  (57.750%)
    (c) ⚠ `mx` >= `|V|`（減らない）             1079  (26.975%)
  **★ `|V|` が狭義に減る … 2921 / 4000 ( 73.025%)**
  陽性対照 `(d,e)` 自由なら減らない … 2731 / 4000 ( 68.28%)  ← 鳴るべき
      ⚠ 減らない例 V=[(4, 9, 0), (5, 0, 0), (5, 10, 1), (5, 2, 0)] (d,e)=(1,1) mx=4 |V|=4
      ⚠ 減らない例 V=[(26, 0, 0), (27, 1, 0)] (d,e)=(4,1) mx=2 |V|=2
      ⚠ 減らない例 V=[(2, 4, 0), (5, 5, 0), (3, 3, 0), (4, 3, 0), (5, 4, 1)] (d,e)=(1,2) mx=5 |V|=5
      ⚠ 減らない例 V=[(17, 21, 0), (20, 25, 0), (19, 0, 0), (19, 25, 0)] (d,e)=(2,2) mx=4 |V|=4

