### 決め打ち 値域<4 |Q0|∈(3, 4, 5, 6) n∈(2, 3) (d,e)∈(0, 1, 2, 3)  状態 1632  段 4802
    ⚠★ |V'| > |V|（増えた）                0 ( 0.0000%)
    |V'| = |V|                      754 (15.7018%)
    |V'| < |V|                     4048 (84.2982%)

### 決め打ち 値域<6 |Q0|∈(4, 6, 8) n∈(1, 2, 3, 4, 5) (d,e)∈(0, 1, 2, 3, 4, 5)  状態 2057  段 20280
    ⚠★ |V'| > |V|（増えた）                0 ( 0.0000%)
    |V'| = |V|                     2915 (14.3738%)
    |V'| < |V|                    17365 (85.6262%)

### 決め打ち 値域<9 |Q0|∈(6, 8, 10, 12) n∈(1, 2, 3, 4, 6) (d,e)∈(0, 1, 2, 3, 4, 5, 6, 7, 8)  状態 1346  段 18530
    ⚠★ |V'| > |V|（増えた）                0 ( 0.0000%)
    |V'| = |V|                     1835 ( 9.9029%)
    |V'| < |V|                    16695 (90.0971%)

#### 陽性対照: `(d,e)` を自由に選んだ状態なら増えるか
### 陽性対照(自由) 値域<6 |Q0|∈(4, 6, 8) n∈(1, 2, 3, 4, 5) (d,e)∈(0, 1, 2, 3, 4, 5)  状態 6638  段 101086
    ⚠★ |V'| > |V|（増えた）               55 ( 0.0544%)
    |V'| = |V|                     4200 ( 4.1549%)
    |V'| < |V|                    96831 (95.7907%)
      ⚠ 増えた例 Q=[(0, 0, 1), (4, 5, 1), (1, 4, 0), (3, 2, 1)] (d,e)=(3,5) n=1 j=3 4 -> 5
      ⚠ 増えた例 Q=[(0, 0, 1), (4, 5, 1), (1, 4, 0), (3, 2, 1)] (d,e)=(3,5) n=2 j=3 4 -> 5
      ⚠ 増えた例 Q=[(0, 0, 1), (4, 5, 1), (1, 4, 0), (3, 2, 1)] (d,e)=(3,5) n=3 j=3 4 -> 5
      ⚠ 増えた例 Q=[(0, 0, 1), (4, 5, 1), (1, 4, 0), (3, 2, 1)] (d,e)=(3,5) n=4 j=3 4 -> 5

