### 値域<4 |Q|∈(3, 4, 5, 6) n∈(1, 2, 3, 4) (d,e)∈(0, 1, 2, 3)   非減少の段 8872
    全段の srow 分布:  {0: 27676, 1: 65412, 2: 31025}
    非減少の srow 分布:  {0: 448, 1: 8376, 2: 48}    ← 陽性対照: 全段には srow=2 が 31025 件ある
      (M1) srow <= 1                                 8824 ( 99.459%)
      (M2) srow=0 ⟹ (d',e')=(0,0)                     448 (  5.050%)
      (M2) srow=1 ⟹ e'=0                             8376 ( 94.409%)
      ★ (M4) ランクが真に減った                               8824 ( 99.459%)
      ⚠ (M1) 破れ srow=2 で非減少                            48 (  0.541%)
      ⚠⚠ (M4) 破れ ランクが減らない                              48 (  0.541%)
      ⚠ 破れ例 ('M1', [(0, 0, 1), (1, 3, 0), (1, 2, 0), (3, 2, 1)], 2, 3, 1, 3, 2, 5)
      ⚠ 破れ例 ('M4', [(0, 0, 1), (1, 3, 0), (1, 2, 0), (3, 2, 1)], 2, 3, 1, 3, 2, (4, 3))
      ⚠ 破れ例 ('M1', [(0, 0, 1), (1, 3, 0), (1, 2, 0), (3, 2, 1)], 2, 3, 2, 3, 2, 5)
      ⚠ 破れ例 ('M4', [(0, 0, 1), (1, 3, 0), (1, 2, 0), (3, 2, 1)], 2, 3, 2, 3, 2, (4, 3))
      ⚠ 破れ例 ('M4', [(0, 0, 1), (1, 3, 0), (1, 2, 0), (3, 2, 1)], 2, 3, 3, 3, 2, (4, 3))
      ⚠ 破れ例 ('M4', [(0, 0, 1), (1, 3, 0), (1, 2, 0), (3, 2, 1)], 2, 3, 4, 3, 2, (4, 3))
      ⚠ 破れ例 ('M4', [(0, 0, 1), (1, 2, 1), (1, 1, 0), (3, 1, 1)], 2, 2, 1, 3, 2, (4, 2))
      ⚠ 破れ例 ('M4', [(0, 0, 1), (1, 2, 1), (1, 1, 0), (3, 1, 1)], 2, 2, 2, 3, 2, (4, 2))

#### 教訓 21: 箱を広げる
### 値域<6 |Q|∈(3, 4, 5, 6, 8) n∈(1, 2, 3, 4, 5) (d,e)∈(0, 1, 2, 3, 4, 5)   非減少の段 11345
    全段の srow 分布:  {0: 29780, 1: 125570, 2: 63405}
    非減少の srow 分布:  {0: 255, 1: 10995, 2: 95}    ← 陽性対照: 全段には srow=2 が 63405 件ある
      (M1) srow <= 1                                11250 ( 99.163%)
      (M2) srow=0 ⟹ (d',e')=(0,0)                     255 (  2.248%)
      (M2) srow=1 ⟹ e'=0                            10995 ( 96.915%)
      ★ (M4) ランクが真に減った                              11250 ( 99.163%)
      ⚠ (M1) 破れ srow=2 で非減少                            95 (  0.837%)
      ⚠⚠ (M4) 破れ ランクが減らない                              95 (  0.837%)
      ⚠ 破れ例 ('M1', [(1, 2, 1), (4, 0, 0), (3, 3, 1), (2, 4, 0), (5, 3, 1)], 3, 3, 1, 4, 2, 6)
      ⚠ 破れ例 ('M4', [(1, 2, 1), (4, 0, 0), (3, 3, 1), (2, 4, 0), (5, 3, 1)], 3, 3, 1, 4, 2, (6, 2))
      ⚠ 破れ例 ('M1', [(1, 2, 1), (4, 0, 0), (3, 3, 1), (2, 4, 0), (5, 3, 1)], 3, 3, 2, 4, 2, 6)
      ⚠ 破れ例 ('M4', [(1, 2, 1), (4, 0, 0), (3, 3, 1), (2, 4, 0), (5, 3, 1)], 3, 3, 2, 4, 2, (6, 2))
      ⚠ 破れ例 ('M4', [(1, 2, 1), (4, 0, 0), (3, 3, 1), (2, 4, 0), (5, 3, 1)], 3, 3, 3, 4, 2, (6, 2))
      ⚠ 破れ例 ('M4', [(1, 2, 1), (4, 0, 0), (3, 3, 1), (2, 4, 0), (5, 3, 1)], 3, 3, 4, 4, 2, (6, 2))
      ⚠ 破れ例 ('M4', [(1, 2, 1), (4, 0, 0), (3, 3, 1), (2, 4, 0), (5, 3, 1)], 3, 3, 5, 4, 2, (6, 2))
      ⚠ 破れ例 ('M4', [(2, 2, 1), (3, 3, 0), (5, 3, 1), (4, 4, 1), (5, 3, 1), (3, 4, 0), (5, 3, 1), (5, 2, 1)], 2, 5, 1, 6, 2, (4, 4))

### 値域<9 |Q|∈(4, 6, 8, 10) n∈(1, 2, 3, 4, 6) (d,e)∈(0, 1, 2, 3, 4, 5, 6, 7, 8)   非減少の段 6360
    全段の srow 分布:  {0: 18090, 1: 119770, 2: 67096}
    非減少の srow 分布:  {0: 25, 1: 6225, 2: 110}    ← 陽性対照: 全段には srow=2 が 67096 件ある
      (M1) srow <= 1                                 6250 ( 98.270%)
      (M2) srow=0 ⟹ (d',e')=(0,0)                      25 (  0.393%)
      (M2) srow=1 ⟹ e'=0                             6225 ( 97.877%)
      ★ (M4) ランクが真に減った                               6250 ( 98.270%)
      ⚠ (M1) 破れ srow=2 で非減少                           110 (  1.730%)
      ⚠⚠ (M4) 破れ ランクが減らない                             110 (  1.730%)
      ⚠ 破れ例 ('M1', [(0, 0, 1), (5, 2, 0), (1, 2, 0), (2, 4, 0), (6, 3, 0), (7, 1, 1)], 5, 5, 1, 5, 2, 8)
      ⚠ 破れ例 ('M4', [(0, 0, 1), (5, 2, 0), (1, 2, 0), (2, 4, 0), (6, 3, 0), (7, 1, 1)], 5, 5, 1, 5, 2, (10, 2))
      ⚠ 破れ例 ('M1', [(0, 0, 1), (5, 2, 0), (1, 2, 0), (2, 4, 0), (6, 3, 0), (7, 1, 1)], 5, 5, 2, 5, 2, 8)
      ⚠ 破れ例 ('M4', [(0, 0, 1), (5, 2, 0), (1, 2, 0), (2, 4, 0), (6, 3, 0), (7, 1, 1)], 5, 5, 2, 5, 2, (10, 2))
      ⚠ 破れ例 ('M4', [(0, 0, 1), (5, 2, 0), (1, 2, 0), (2, 4, 0), (6, 3, 0), (7, 1, 1)], 5, 5, 3, 5, 2, (10, 2))
      ⚠ 破れ例 ('M4', [(0, 0, 1), (5, 2, 0), (1, 2, 0), (2, 4, 0), (6, 3, 0), (7, 1, 1)], 5, 5, 4, 5, 2, (10, 2))
      ⚠ 破れ例 ('M4', [(0, 0, 1), (5, 2, 0), (1, 2, 0), (2, 4, 0), (6, 3, 0), (7, 1, 1)], 5, 5, 6, 5, 2, (10, 2))
      ⚠ 破れ例 ('M4', [(4, 0, 1), (6, 6, 0), (5, 5, 1), (7, 5, 1), (8, 6, 1), (8, 6, 1), (7, 5, 0), (5, 8, 0), (6, 6, 0), (8, 2, 1)], 3, 8, 1, 9, 2, (5, 4))

### 値域<12 |Q|∈(5, 8, 12) n∈(1, 2, 3, 5, 8) (d,e)∈(0, 1, 2, 3, 4, 5, 6, 7, 8, 9, 10, 11)   非減少の段 2790
    全段の srow 分布:  {0: 8415, 1: 77490, 2: 43912}
    非減少の srow 分布:  {0: 10, 1: 2705, 2: 75}    ← 陽性対照: 全段には srow=2 が 43912 件ある
      (M1) srow <= 1                                 2715 ( 97.312%)
      (M2) srow=0 ⟹ (d',e')=(0,0)                      10 (  0.358%)
      (M2) srow=1 ⟹ e'=0                             2705 ( 96.953%)
      ★ (M4) ランクが真に減った                               2715 ( 97.312%)
      ⚠ (M1) 破れ srow=2 で非減少                            75 (  2.688%)
      ⚠⚠ (M4) 破れ ランクが減らない                              75 (  2.688%)
      ⚠ 破れ例 ('M1', [(6, 3, 1), (8, 3, 0), (7, 7, 0), (10, 8, 0), (10, 9, 1), (10, 10, 1), (9, 7, 1), (9, 9, 0)], 3, 10, 1, 6, 2, 12)
      ⚠ 破れ例 ('M4', [(6, 3, 1), (8, 3, 0), (7, 7, 0), (10, 8, 0), (10, 9, 1), (10, 10, 1), (9, 7, 1), (9, 9, 0)], 3, 10, 1, 6, 2, (5, 10))
      ⚠ 破れ例 ('M1', [(6, 3, 1), (8, 3, 0), (7, 7, 0), (10, 8, 0), (10, 9, 1), (10, 10, 1), (9, 7, 1), (9, 9, 0)], 3, 10, 2, 6, 2, 12)
      ⚠ 破れ例 ('M4', [(6, 3, 1), (8, 3, 0), (7, 7, 0), (10, 8, 0), (10, 9, 1), (10, 10, 1), (9, 7, 1), (9, 9, 0)], 3, 10, 2, 6, 2, (5, 10))
      ⚠ 破れ例 ('M4', [(6, 3, 1), (8, 3, 0), (7, 7, 0), (10, 8, 0), (10, 9, 1), (10, 10, 1), (9, 7, 1), (9, 9, 0)], 3, 10, 3, 6, 2, (5, 10))
      ⚠ 破れ例 ('M4', [(6, 3, 1), (8, 3, 0), (7, 7, 0), (10, 8, 0), (10, 9, 1), (10, 10, 1), (9, 7, 1), (9, 9, 0)], 3, 10, 5, 6, 2, (5, 10))
      ⚠ 破れ例 ('M4', [(6, 3, 1), (8, 3, 0), (7, 7, 0), (10, 8, 0), (10, 9, 1), (10, 10, 1), (9, 7, 1), (9, 9, 0)], 3, 10, 8, 6, 2, (5, 10))
      ⚠ 破れ例 ('M4', [(3, 7, 1), (10, 5, 0), (6, 10, 0), (9, 9, 1), (10, 5, 0), (11, 10, 1), (11, 11, 0), (9, 1, 0)], 6, 11, 1, 3, 2, (9, 10))

