### 値域<6 |Q|∈(3, 4, 5, 6, 8) n∈(1, 2, 3, 4, 5)  全段 116431  [4.4s]
    hz0(V) 成立 … 105051 ( 90.23%)   （うち矛盾 0 ← 0 のはず）
    ★ hz0(V) が破れた段 … 11380 ( 9.774%)
        ★ 射程の列が無い ⟹ hz0(V) は要らない                         7008 ( 61.58% of 破れ,  6.019% of 全段)
        ★ 射程の列はあるが全部 V の中で行2の親を持つ ⟹ 要らない                  425 (  3.73% of 破れ,  0.365% of 全段)
        ⚠⚠★ 真の核（錐の中・行2正・親なし）                             3947 ( 34.68% of 破れ,  3.390% of 全段)
      ⚠ 核の例 Q=[(3, 5, 0), (4, 5, 1), (4, 5, 0), (4, 1, 1), (5, 0, 0), (5, 0, 1), (5, 5, 0), (5, 2, 1)] (d,e)=(5,0) n=1 j=2 V=[(5, 2, 1), (8, 5, 0), (9, 5, 1)] 孤児の列=[2]
      ⚠ 核の例 Q=[(3, 5, 0), (4, 5, 1), (4, 5, 0), (4, 1, 1), (5, 0, 0), (5, 0, 1), (5, 5, 0), (5, 2, 1)] (d,e)=(5,0) n=2 j=2 V=[(10, 2, 1), (13, 5, 0), (14, 5, 1)] 孤児の列=[2]
      ⚠ 核の例 Q=[(3, 5, 0), (4, 5, 1), (4, 5, 0), (4, 1, 1), (5, 0, 0), (5, 0, 1), (5, 5, 0), (5, 2, 1)] (d,e)=(5,0) n=3 j=2 V=[(15, 2, 1), (18, 5, 0), (19, 5, 1)] 孤児の列=[2]

#### 教訓 21: 箱を広げる
### 値域<9 |Q|∈(4, 6, 8, 10) n∈(1, 2, 3, 4, 6)  全段 116427  [5.6s]
    hz0(V) 成立 … 102093 ( 87.69%)   （うち矛盾 0 ← 0 のはず）
    ★ hz0(V) が破れた段 … 14334 (12.312%)
        ★ 射程の列が無い ⟹ hz0(V) は要らない                         7585 ( 52.92% of 破れ,  6.515% of 全段)
        ★ 射程の列はあるが全部 V の中で行2の親を持つ ⟹ 要らない                  669 (  4.67% of 破れ,  0.575% of 全段)
        ⚠⚠★ 真の核（錐の中・行2正・親なし）                             6080 ( 42.42% of 破れ,  5.222% of 全段)
      ⚠ 核の例 Q=[(3, 8, 0), (7, 8, 0), (6, 5, 0), (4, 0, 1), (4, 0, 1), (8, 0, 1), (7, 4, 1), (7, 7, 0)] (d,e)=(6,4) n=1 j=2 V=[(4, 0, 1), (8, 0, 1), (7, 4, 1), (7, 7, 0), (9, 12, 0), (13, 8, 0)] 孤児の列=[2]
      ⚠ 核の例 Q=[(3, 8, 0), (7, 8, 0), (6, 5, 0), (4, 0, 1), (4, 0, 1), (8, 0, 1), (7, 4, 1), (7, 7, 0)] (d,e)=(6,4) n=1 j=7 V=[(10, 0, 1), (14, 0, 1), (13, 4, 1)] 孤児の列=[2]
      ⚠ 核の例 Q=[(3, 8, 0), (7, 8, 0), (6, 5, 0), (4, 0, 1), (4, 0, 1), (8, 0, 1), (7, 4, 1), (7, 7, 0)] (d,e)=(6,4) n=2 j=2 V=[(10, 0, 1), (14, 0, 1), (13, 4, 1), (13, 7, 0), (15, 16, 0), (19, 8, 0)] 孤児の列=[2]

### 値域<12 |Q|∈(5, 8, 12) n∈(1, 2, 3, 5, 8)  全段 89155  [6.0s]
    hz0(V) 成立 … 77163 ( 86.55%)   （うち矛盾 0 ← 0 のはず）
    ★ hz0(V) が破れた段 … 11992 (13.451%)
        ★ 射程の列が無い ⟹ hz0(V) は要らない                         5946 ( 49.58% of 破れ,  6.669% of 全段)
        ★ 射程の列はあるが全部 V の中で行2の親を持つ ⟹ 要らない                  491 (  4.09% of 破れ,  0.551% of 全段)
        ⚠⚠★ 真の核（錐の中・行2正・親なし）                             5555 ( 46.32% of 破れ,  6.231% of 全段)
      ⚠ 核の例 Q=[(8, 11, 0), (10, 7, 0), (10, 0, 0), (9, 7, 1), (9, 9, 0), (11, 1, 0), (9, 1, 1), (9, 3, 0), (11, 10, 0), (9, 6, 1), (11, 0, 1), (11, 8, 1)] (d,e)=(11,9) n=1 j=1 V=[(9, 6, 1), (11, 0, 1), (11, 8, 1), (19, 20, 0)] 孤児の列=[2]
      ⚠ 核の例 Q=[(8, 11, 0), (10, 7, 0), (10, 0, 0), (9, 7, 1), (9, 9, 0), (11, 1, 0), (9, 1, 1), (9, 3, 0), (11, 10, 0), (9, 6, 1), (11, 0, 1), (11, 8, 1)] (d,e)=(11,9) n=2 j=1 V=[(20, 6, 1), (22, 0, 1), (22, 8, 1), (30, 29, 0)] 孤児の列=[2]
      ⚠ 核の例 Q=[(8, 11, 0), (10, 7, 0), (10, 0, 0), (9, 7, 1), (9, 9, 0), (11, 1, 0), (9, 1, 1), (9, 3, 0), (11, 10, 0), (9, 6, 1), (11, 0, 1), (11, 8, 1)] (d,e)=(11,9) n=3 j=1 V=[(31, 6, 1), (33, 0, 1), (33, 8, 1), (41, 38, 0)] 孤児の列=[2]

