#### ★ 本命: `h2cone(Q)` を課す（前提が弱まったぶん母集団は広い）
### 母集団=h2cone  値域<6 |Q|∈(3, 4, 5, 6, 8) n∈(1, 2, 3, 4, 5)  Q 6000（hz0 不成立 2061）  全段 50113  [2.1s]
    **⚠ `h2cone(V)` が破れる … 2796 / 50113 ( 5.5794%)**   （うち `hz0(V)` も破れ 2796）
      減る     母集団    44688   ⚠ 破れ    2796 ( 6.2567%)
      非減少    母集団     5425   ⚠ 破れ       0 ( 0.0000%)
      破れる列の `j`（上位）:  [(1, 2140), (2, 847), (3, 383), (4, 195), (5, 105), (6, 55)]
      ⚠ 例 Q=[(3, 3, 1), (5, 3, 0), (4, 0, 1)] (d,e)=(5,5) n=1 j=1 V=[(4, 0, 1), (8, 8, 1)] 破れる列=[1]
      ⚠ 例 Q=[(3, 3, 1), (5, 3, 0), (4, 0, 1)] (d,e)=(5,5) n=2 j=1 V=[(9, 0, 1), (13, 13, 1)] 破れる列=[1]
      ⚠ 例 Q=[(3, 3, 1), (5, 3, 0), (4, 0, 1)] (d,e)=(5,5) n=3 j=1 V=[(14, 0, 1), (18, 18, 1)] 破れる列=[1]

### 母集団=h2cone  値域<9 |Q|∈(4, 6, 8, 10) n∈(1, 2, 3, 4, 6)  Q 4000（hz0 不成立 1277）  全段 50733  [2.8s]
    **⚠ `h2cone(V)` が破れる … 4046 / 50733 ( 7.9751%)**   （うち `hz0(V)` も破れ 4046）
      減る     母集団    47623   ⚠ 破れ    4046 ( 8.4959%)
      非減少    母集団     3110   ⚠ 破れ       0 ( 0.0000%)
      破れる列の `j`（上位）:  [(1, 2640), (2, 1468), (3, 814), (4, 466), (5, 286), (6, 162)]
      ⚠ 例 Q=[(5, 7, 1), (8, 0, 1), (8, 1, 1), (8, 3, 1), (8, 5, 0), (8, 4, 1)] (d,e)=(6,7) n=1 j=4 V=[(8, 4, 1), (11, 14, 1), (14, 0, 1), (14, 1, 1), (14, 3, 1)] 破れる列=[1]
      ⚠ 例 Q=[(5, 7, 1), (8, 0, 1), (8, 1, 1), (8, 3, 1), (8, 5, 0), (8, 4, 1)] (d,e)=(6,7) n=2 j=4 V=[(14, 4, 1), (17, 21, 1), (20, 0, 1), (20, 1, 1), (20, 3, 1)] 破れる列=[1]
      ⚠ 例 Q=[(5, 7, 1), (8, 0, 1), (8, 1, 1), (8, 3, 1), (8, 5, 0), (8, 4, 1)] (d,e)=(6,7) n=3 j=4 V=[(20, 4, 1), (23, 28, 1), (26, 0, 1), (26, 1, 1), (26, 3, 1)] 破れる列=[1]

### 母集団=h2cone  値域<12 |Q|∈(5, 8, 12) n∈(1, 2, 3, 5, 8)  Q 2500（hz0 不成立 787）  全段 39811  [3.0s]
    **⚠ `h2cone(V)` が破れる … 3041 / 39811 ( 7.6386%)**   （うち `hz0(V)` も破れ 3041）
      減る     母集団    38136   ⚠ 破れ    3041 ( 7.9741%)
      非減少    母集団     1675   ⚠ 破れ       0 ( 0.0000%)
      破れる列の `j`（上位）:  [(1, 1950), (2, 962), (3, 650), (4, 376), (5, 270), (6, 220)]
      ⚠ 例 Q=[(1, 7, 1), (11, 4, 0), (7, 5, 1), (8, 1, 1), (4, 0, 0), (8, 2, 1), (10, 11, 0), (4, 0, 1)] (d,e)=(4,1) n=1 j=1 V=[(4, 0, 1), (5, 8, 1)] 破れる列=[1]
      ⚠ 例 Q=[(1, 7, 1), (11, 4, 0), (7, 5, 1), (8, 1, 1), (4, 0, 0), (8, 2, 1), (10, 11, 0), (4, 0, 1)] (d,e)=(4,1) n=2 j=1 V=[(8, 0, 1), (9, 9, 1)] 破れる列=[1]
      ⚠ 例 Q=[(1, 7, 1), (11, 4, 0), (7, 5, 1), (8, 1, 1), (4, 0, 0), (8, 2, 1), (10, 11, 0), (4, 0, 1)] (d,e)=(4,1) n=3 j=1 V=[(12, 0, 1), (13, 10, 1)] 破れる列=[1]

#### 参考: `hz0(Q)` を課す（§R178 と同じ母集団）
### 母集団=hz0  値域<9 |Q|∈(4, 6, 8, 10) n∈(1, 2, 3, 4, 6)  Q 4000（hz0 不成立 0）  全段 56611  [2.9s]
    **⚠ `h2cone(V)` が破れる … 3256 / 56611 ( 5.7515%)**   （うち `hz0(V)` も破れ 3256）
      減る     母集団    51971   ⚠ 破れ    3256 ( 6.2650%)
      非減少    母集団     4640   ⚠ 破れ       0 ( 0.0000%)
      破れる列の `j`（上位）:  [(1, 1766), (2, 1062), (3, 684), (4, 376), (5, 250), (6, 176)]
      ⚠ 例 Q=[(4, 3, 0), (7, 8, 0), (8, 2, 0), (5, 5, 0), (6, 0, 1), (8, 8, 1)] (d,e)=(5,6) n=1 j=2 V=[(6, 0, 1), (8, 8, 1), (9, 9, 0), (12, 14, 0)] 破れる列=[1]
      ⚠ 例 Q=[(4, 3, 0), (7, 8, 0), (8, 2, 0), (5, 5, 0), (6, 0, 1), (8, 8, 1)] (d,e)=(5,6) n=2 j=2 V=[(11, 0, 1), (13, 8, 1), (14, 15, 0), (17, 20, 0)] 破れる列=[1]
      ⚠ 例 Q=[(4, 3, 0), (7, 8, 0), (8, 2, 0), (5, 5, 0), (6, 0, 1), (8, 8, 1)] (d,e)=(5,6) n=3 j=2 V=[(16, 0, 1), (18, 8, 1), (19, 21, 0), (22, 26, 0)] 破れる列=[1]

#### 陽性対照: `hr0` だけ（鳴るべき）
### 母集団=none  値域<9 |Q|∈(4, 6, 8, 10) n∈(1, 2, 3, 4, 6)  Q 4000（hz0 不成立 2042）  全段 48456  [2.8s]
    **⚠ `h2cone(V)` が破れる … 8332 / 48456 (17.1950%)**   （うち `hz0(V)` も破れ 8332）
      減る     母集団    46211   ⚠ 破れ    8332 (18.0303%)
      非減少    母集団     2245   ⚠ 破れ       0 ( 0.0000%)
      破れる列の `j`（上位）:  [(1, 5276), (2, 3160), (3, 1831), (4, 1223), (5, 771), (6, 457)]
      ⚠ 例 Q=[(6, 0, 1), (8, 2, 1), (7, 0, 0), (8, 5, 0), (8, 0, 0), (7, 4, 0), (7, 3, 0), (8, 2, 0)] (d,e)=(3,6) n=1 j=2 V=[(9, 6, 1), (11, 8, 1)] 破れる列=[1]
      ⚠ 例 Q=[(6, 0, 1), (8, 2, 1), (7, 0, 0), (8, 5, 0), (8, 0, 0), (7, 4, 0), (7, 3, 0), (8, 2, 0)] (d,e)=(3,6) n=1 j=5 V=[(9, 6, 1), (11, 8, 1), (10, 0, 0), (11, 5, 0), (11, 0, 0)] 破れる列=[1]
      ⚠ 例 Q=[(6, 0, 1), (8, 2, 1), (7, 0, 0), (8, 5, 0), (8, 0, 0), (7, 4, 0), (7, 3, 0), (8, 2, 0)] (d,e)=(3,6) n=1 j=6 V=[(9, 6, 1), (11, 8, 1), (10, 0, 0), (11, 5, 0), (11, 0, 0), (10, 10, 0)] 破れる列=[1]

