#### (w5b) ★ もっと強い前提 h2all(Q)（錐の制限なし）は遺伝するか
### (w5b) 母集団=h2all  値域<6 |Q|∈(3, 4, 5, 6, 8)  Q 6000（hz0 不成立 1658）  全段 63113  [1.8s]
    ⚠ h2all(V) が破れる                 842 ( 1.3341%)
    ⚠ h2cone(V) が破れる                324 ( 0.5134%)
      ⚠ 例 Q=[(2, 0, 0), (3, 2, 1), (5, 5, 1), (4, 5, 0), (4, 2, 0)] (d,e)=(2,4) n=1 j=0 V=[(3, 2, 1), (5, 5, 1), (4, 5, 0), (4, 2, 0)] 破れる列=[1]
      ⚠ 例 Q=[(2, 0, 0), (3, 2, 1), (5, 5, 1), (4, 5, 0), (4, 2, 0)] (d,e)=(2,4) n=1 j=3 V=[(5, 6, 1), (7, 9, 1)] 破れる列=[1]

### (w5b) 母集団=h2all  値域<9 |Q|∈(4, 6, 8, 10)  Q 4000（hz0 不成立 839）  全段 65399  [2.4s]
    ⚠ h2all(V) が破れる                1771 ( 2.7080%)
    ⚠ h2cone(V) が破れる                791 ( 1.2095%)
      ⚠ 例 Q=[(6, 1, 0), (8, 2, 1), (7, 5, 1), (8, 7, 1)] (d,e)=(5,6) n=1 j=0 V=[(7, 5, 1), (8, 7, 1)] 破れる列=[1]
      ⚠ 例 Q=[(6, 1, 0), (8, 2, 1), (7, 5, 1), (8, 7, 1)] (d,e)=(5,6) n=2 j=0 V=[(12, 11, 1), (13, 13, 1)] 破れる列=[1]

### (w5b) 母集団=h2all  値域<12 |Q|∈(5, 8, 12)  Q 2500（hz0 不成立 486）  全段 49123  [4.8s]
    ⚠ h2all(V) が破れる                1677 ( 3.4139%)
    ⚠ h2cone(V) が破れる                702 ( 1.4291%)
      ⚠ 例 Q=[(5, 3, 0), (9, 8, 0), (7, 7, 1), (8, 10, 1), (11, 10, 0), (6, 0, 0), (8, 10, 0), (8, 3, 0)] (d,e)=(2,7) n=1 j=4 V=[(9, 14, 1), (10, 17, 1)] 破れる列=[1]
      ⚠ 例 Q=[(5, 3, 0), (9, 8, 0), (7, 7, 1), (8, 10, 1), (11, 10, 0), (6, 0, 0), (8, 10, 0), (8, 3, 0)] (d,e)=(2,7) n=2 j=4 V=[(11, 21, 1), (12, 24, 1)] 破れる列=[1]

#### 陽性対照
### (w5b) 母集団=none  値域<9 |Q|∈(4, 6, 8, 10)  Q 4000（hz0 不成立 1980）  全段 48383  [3.2s]
    ⚠ h2all(V) が破れる               22306 (46.1030%)
    ⚠ h2cone(V) が破れる               8488 (17.5434%)
      ⚠ 例 Q=[(7, 0, 1), (8, 8, 0), (8, 5, 0), (8, 3, 1), (8, 3, 0), (8, 6, 0)] (d,e)=(0,5) n=1 j=4 V=[(7, 5, 1), (8, 13, 0), (8, 10, 0), (8, 8, 1)] 破れる列=[3]
      ⚠ 例 Q=[(7, 0, 1), (8, 8, 0), (8, 5, 0), (8, 3, 1), (8, 3, 0), (8, 6, 0)] (d,e)=(0,5) n=1 j=5 V=[(7, 5, 1), (8, 13, 0), (8, 10, 0), (8, 8, 1), (8, 8, 0)] 破れる列=[3]

