### 消費側 |R|=2 行1<3  ★ 分母（TowerP2(Q) を満たす Q） … 315  [0.0s]
  深さ 1（窓 918）
      1 hM2            918 (100.0000%)
      2 0<e              0 (  0.0000%)
      3 hd0e           918 (100.0000%)
      4 hr0            918 (100.0000%)
      5 hlp            918 (100.0000%)
      6 hz0            918 (100.0000%)
      7 h2out          918 (100.0000%)
      8 h1out          918 (100.0000%)
      ★ 7 本（0<e 抜き）          918 (100.0000%)
      ★★ 8 本すべて                0 (  0.0000%)
      (h2a) 破れる列 0   ★ そのうち孤児 0 (  0.000%)
  深さ 2（窓 180）
      1 hM2            180 (100.0000%)
      2 0<e              0 (  0.0000%)
      3 hd0e             0 (  0.0000%)
      4 hr0            180 (100.0000%)
      5 hlp              0 (  0.0000%)
      6 hz0            180 (100.0000%)
      7 h2out          180 (100.0000%)
      8 h1out          180 (100.0000%)
      ★ 7 本（0<e 抜き）            0 (  0.0000%)
      ★★ 8 本すべて                0 (  0.0000%)
      (h2a) 破れる列 0   ★ そのうち孤児 0 (  0.000%)

### 消費側 |R|=3 行1<3  ★ 分母（TowerP2(Q) を満たす Q） … 3980  [2.9s]
  深さ 1（窓 22128）
      1 hM2          22128 (100.0000%)
      2 0<e           4986 ( 22.5325%)
      3 hd0e         20958 ( 94.7126%)
      4 hr0          22128 (100.0000%)
      5 hlp          20958 ( 94.7126%)
      6 hz0          21930 ( 99.1052%)
      7 h2out        22092 ( 99.8373%)
      8 h1out        21952 ( 99.2046%)
      ★ 7 本（0<e 抜き）        20656 ( 93.3478%)
      ★★ 8 本すべて             4986 ( 22.5325%)
      (h2a) 破れる列 212   ★ そのうち孤児 108 ( 50.943%)
  深さ 2（窓 47145）
      1 hM2          47145 (100.0000%)
      2 0<e          13527 ( 28.6923%)
      3 hd0e         41175 ( 87.3369%)
      4 hr0          47145 (100.0000%)
      5 hlp          41175 ( 87.3369%)
      6 hz0          46965 ( 99.6182%)
      7 h2out        47025 ( 99.7455%)
      8 h1out        46905 ( 99.4909%)
      ★ 7 本（0<e 抜き）        41175 ( 87.3369%)
      ★★ 8 本すべて            13527 ( 28.6923%)
      (h2a) 破れる列 360   ★ そのうち孤児 360 (100.000%)
  深さ 3（窓 42408）
      1 hM2          42408 (100.0000%)
      2 0<e              0 (  0.0000%)
      3 hd0e         39528 ( 93.2088%)
      4 hr0          42408 (100.0000%)
      5 hlp          39528 ( 93.2088%)
      6 hz0          42408 (100.0000%)
      7 h2out        42408 (100.0000%)
      8 h1out        42408 (100.0000%)
      ★ 7 本（0<e 抜き）        39528 ( 93.2088%)
      ★★ 8 本すべて                0 (  0.0000%)
      (h2a) 破れる列 0   ★ そのうち孤児 0 (  0.000%)
      ⚠ (h2a) 親が居るのに破れる例 V=[(1, 1, 0), (2, 0, 0), (3, 1, 0)] 列 j=2 srow=1 親=1
      ⚠ (h2a) 親が居るのに破れる例 V=[(2, 2, 0), (3, 0, 0), (4, 1, 0)] 列 j=2 srow=1 親=1
      ⚠ (h2a) 親が居るのに破れる例 V=[(1, 2, 0), (2, 0, 0), (3, 1, 0)] 列 j=2 srow=1 親=1
      ⚠ (h2a) 親が居るのに破れる例 V=[(2, 4, 0), (3, 0, 0), (4, 1, 0)] 列 j=2 srow=1 親=1

### 消費側 |R|=3 行1<5  ★ 分母（TowerP2(Q) を満たす Q） … 48660  [24.5s]
  深さ 1（窓 267300）
      1 hM2         267300 (100.0000%)
      2 0<e          66780 ( 24.9832%)
      3 hd0e        258900 ( 96.8575%)
      4 hr0         267300 (100.0000%)
      5 hlp         258900 ( 96.8575%)
      6 hz0         263100 ( 98.4287%)
      7 h2out       266580 ( 99.7306%)
      8 h1out       264972 ( 99.1291%)
      ★ 7 本（0<e 抜き）       253812 ( 94.9540%)
      ★★ 8 本すべて            66780 ( 24.9832%)
      (h2a) 破れる列 3048   ★ そのうち孤児 2160 ( 70.866%)
  深さ 2（窓 560988）
      1 hM2         560988 (100.0000%)
      2 0<e         169380 ( 30.1932%)
      3 hd0e        520020 ( 92.6972%)
      4 hr0         560988 (100.0000%)
      5 hlp         520020 ( 92.6972%)
      6 hz0         559908 ( 99.8075%)
      7 h2out       560268 ( 99.8717%)
      8 h1out       559548 ( 99.7433%)
      ★ 7 本（0<e 抜き）       520020 ( 92.6972%)
      ★★ 8 本すべて           169380 ( 30.1932%)
      (h2a) 破れる列 2160   ★ そのうち孤児 2160 (100.000%)
      ⚠ (h2a) 親が居るのに破れる例 V=[(1, 1, 0), (2, 0, 0), (3, 1, 0)] 列 j=2 srow=1 親=1
      ⚠ (h2a) 親が居るのに破れる例 V=[(2, 2, 0), (3, 0, 0), (4, 1, 0)] 列 j=2 srow=1 親=1
      ⚠ (h2a) 親が居るのに破れる例 V=[(1, 2, 0), (2, 0, 0), (3, 1, 0)] 列 j=2 srow=1 親=1
      ⚠ (h2a) 親が居るのに破れる例 V=[(2, 4, 0), (3, 0, 0), (4, 1, 0)] 列 j=2 srow=1 親=1

