### 値域<6 |Q|<=4 d<=3 e<=3 n<=4  [0.8s]
    ★ (p5e) 塔の行 0 が `e` に依らない … 36000 / 36000 (100.0000%)
  e = 0   ★ 分母 45120
      ★ (p5a) 成立                45120 (100.0000%)
      ⛔ (p5a) 破れ                    0 (  0.0000%)
      (p5c) m=k-1 だけ             13536 / 13536 (100.0000%)
      陰性対照 1 ずらすと届かない      26950 ( 59.7296%)  ← 鳴るべき
  e > 0   ★ 分母 135360
      ★ (p5a) 成立               135360 (100.0000%)
      ⛔ (p5a) 破れ                    0 (  0.0000%)
      (p5c) m=k-1 だけ             40608 / 40608 (100.0000%)
      陰性対照 1 ずらすと届かない      80850 ( 59.7296%)  ← 鳴るべき

#### 教訓 21: 箱を広げる
### ★ 値域<12 |Q|<=6 d<=7 e<=6 n<=5  [1.2s]
    ★ (p5e) 塔の行 0 が `e` に依らない … 24000 / 24000 (100.0000%)
  e = 0   ★ 分母 50820
      ★ (p5a) 成立                50820 (100.0000%)
      ⛔ (p5a) 破れ                    0 (  0.0000%)
      (p5c) m=k-1 だけ             14520 / 14520 (100.0000%)
      陰性対照 1 ずらすと届かない      31612 ( 62.2039%)  ← 鳴るべき
  e > 0   ★ 分母 152460
      ★ (p5a) 成立               152460 (100.0000%)
      ⛔ (p5a) 破れ                    0 (  0.0000%)
      (p5c) m=k-1 だけ             43560 / 43560 (100.0000%)
      陰性対照 1 ずらすと届かない      94836 ( 62.2039%)  ← 鳴るべき

### ★★ 値域<20 |Q|<=12 d<=11 e<=11 n<=6  [1.5s]
    ★ (p5e) 塔の行 0 が `e` に依らない … 9600 / 9600 (100.0000%)
  e = 0   ★ 分母 35420
      ★ (p5a) 成立                35420 (100.0000%)
      ⛔ (p5a) 破れ                    0 (  0.0000%)
      (p5c) m=k-1 だけ              9660 / 9660 (100.0000%)
      陰性対照 1 ずらすと届かない      24046 ( 67.8882%)  ← 鳴るべき
  e > 0   ★ 分母 106260
      ★ (p5a) 成立               106260 (100.0000%)
      ⛔ (p5a) 破れ                    0 (  0.0000%)
      (p5c) m=k-1 だけ             28980 / 28980 (100.0000%)
      陰性対照 1 ずらすと届かない      72138 ( 67.8882%)  ← 鳴るべき

