### 消費側 |R|=4 行1<3   Q 側の分母（5 本） 111132   ブロック内の列 1333584
    ★ 分母（ブロック内で孤児な列） 570447 (42.775% of 列)  [5.8s]
    孤児の srow:  {1: 373752, 2: 196695}
      ★ (x1a) 塔を付けても孤児                      237051 ( 41.5553%)
      ⛔ (x1a) 塔を付けると親ができる                   333396 ( 58.4447%)
    ★★ `j` で分ける（`j=0` は 1 列なので必ず孤児 ⟹ 分母を膨らませる）:
        j=0    分母   333396   ★ 孤児のまま        0 (  0.0000%)   ⛔ 親ができる   333396 (100.0000%)
        j>=1   分母   237051   ★ 孤児のまま   237051 (100.0000%)   ⛔ 親ができる        0 (  0.0000%)
      ★ (x1b) ランダム A を付けても孤児                237051 ( 41.5553%)  ⚠ A ∈ W u は判定していない
      ⛔ (x1b) 親ができる                         333396 ( 58.4447%)  ⚠ A ∈ W u は判定していない
    ⛔ 親のブロック（何個手前か。-1 = 同じブロック内）:  {1: 333396}

### 消費側 |R|=2 行1<7   Q 側の分母（5 本） 10575   ブロック内の列 84600
    ★ 分母（ブロック内で孤児な列） 51900 (61.348% of 列)  [0.4s]
    孤児の srow:  {1: 45900, 2: 6000}
      ★ (x1a) 塔を付けても孤児                        9600 ( 18.4971%)
      ⛔ (x1a) 塔を付けると親ができる                    42300 ( 81.5029%)
    ★★ `j` で分ける（`j=0` は 1 列なので必ず孤児 ⟹ 分母を膨らませる）:
        j=0    分母    42300   ★ 孤児のまま        0 (  0.0000%)   ⛔ 親ができる    42300 (100.0000%)
        j>=1   分母     9600   ★ 孤児のまま     9600 (100.0000%)   ⛔ 親ができる        0 (  0.0000%)
      ★ (x1b) ランダム A を付けても孤児                  9600 ( 18.4971%)  ⚠ A ∈ W u は判定していない
      ⛔ (x1b) 親ができる                          42300 ( 81.5029%)  ⚠ A ∈ W u は判定していない
    ⛔ 親のブロック（何個手前か。-1 = 同じブロック内）:  {1: 42300}

