### 消費側 |R|=4 行1<3   窓 `V`（分母）760203  [52.6s]
  ⛔ hz0(V) 破れ … 13626 ( 1.7924%)
      (y3c-i) 孤児の段 71658 / 88560 ( 80.9146%)
      (y3c-ii) ★ 全段が孤児な `V` 8289 / 13626 ( 60.8322%)
  ★ hz0(V) 成立（対照） … 746577 (98.2076%)
      (y3c-i) 孤児の段 2660796 / 7011603 ( 37.9485%)
      (y3c-ii) ★ 全段が孤児な `V` 46437 / 746577 (  6.2200%)
  (y3b) 破れる `V` の窓の根:
      (y3b) p_rel: {1: 9522, 2: 4104}
      (y3b) 親のブロック（手前へ）: {0: 7254, 1: 6372}
      (y3b) Q[p_rel] の srow: {2: 13626}
      (y3b) 錐: {'中': 10476, '外': 3150}

### 消費側 |R|=2 行1<7   窓 `V`（分母）30150  [1.0s]
  ⛔ hz0(V) 破れ … 0 ( 0.0000%)
      (y3c-i) 孤児の段 0 / 0 (  0.0000%)
      (y3c-ii) ★ 全段が孤児な `V` 0 / 0 (  0.0000%)
  ★ hz0(V) 成立（対照） … 30150 (100.0000%)
      (y3c-i) 孤児の段 110160 / 180900 ( 60.8955%)
      (y3c-ii) ★ 全段が孤児な `V` 7164 / 30150 ( 23.7612%)
  (y3b) 破れる `V` の窓の根:
      (y3b) p_rel: {}
      (y3b) 親のブロック（手前へ）: {}
      (y3b) Q[p_rel] の srow: {}
      (y3b) 錐: {}

