### 消費側 |R|=3 行1<3   窓 `V`（分母）32472  [1.6s]
  ⛔ hz0(V) 破れ … 234 ( 0.7206%)
      (y3c-i) 孤児の段 1161 / 1404 ( 82.6923%)
      (y3c-ii) ★ 全段が孤児な `V` 153 / 234 ( 65.3846%)
  ★ hz0(V) 成立（対照） … 32238 (99.2794%)
      (y3c-i) 孤児の段 108804 / 250452 ( 43.4431%)
      (y3c-ii) ★ 全段が孤児な `V` 3034 / 32238 (  9.4113%)
  (y3b) 破れる `V` の窓の根:
      (y3b) p_rel: {1: 234}
      (y3b) 親のブロック（手前へ）: {1: 234}
      (y3b) Q[p_rel] の srow: {2: 234}
      (y3b) 錐: {'中': 234}
      ⛔ (y3a) 破れ例 Q=[(0, 0, 0), (1, 1, 1), (2, 0, 0)] d=2 e=2 n=1 j=0 親=1(p_rel=1) V=[(1, 1, 1), (2, 0, 0)] (d0,e0)=(1,0) Q[p_rel] の srow=2 錐の中
      ⛔ (y3a) 破れ例 Q=[(0, 0, 0), (1, 1, 1), (2, 0, 0)] d=2 e=2 n=2 j=0 親=4(p_rel=1) V=[(3, 3, 1), (4, 0, 0)] (d0,e0)=(1,0) Q[p_rel] の srow=2 錐の中
      ⛔ (y3a) 破れ例 Q=[(0, 0, 0), (1, 1, 1), (2, 0, 0)] d=2 e=2 n=3 j=0 親=7(p_rel=1) V=[(5, 5, 1), (6, 0, 0)] (d0,e0)=(1,0) Q[p_rel] の srow=2 錐の中
      ⛔ (y3a) 破れ例 Q=[(0, 1, 0), (1, 2, 1), (2, 0, 0)] d=2 e=2 n=1 j=0 親=1(p_rel=1) V=[(1, 2, 1), (2, 0, 0)] (d0,e0)=(1,0) Q[p_rel] の srow=2 錐の中
      ⛔ (y3a) 破れ例 Q=[(0, 1, 0), (1, 2, 1), (2, 0, 0)] d=2 e=2 n=2 j=0 親=4(p_rel=1) V=[(3, 4, 1), (4, 0, 0)] (d0,e0)=(1,0) Q[p_rel] の srow=2 錐の中

### 消費側 |R|=3 行1<5   窓 `V`（分母）394860  [18.9s]
  ⛔ hz0(V) 破れ … 5160 ( 1.3068%)
      (y3c-i) 孤児の段 26100 / 30960 ( 84.3023%)
      (y3c-ii) ★ 全段が孤児な `V` 3540 / 5160 ( 68.6047%)
  ★ hz0(V) 成立（対照） … 389700 (98.6932%)
      (y3c-i) 孤児の段 1341120 / 3022200 ( 44.3756%)
      (y3c-ii) ★ 全段が孤児な `V` 39720 / 389700 ( 10.1925%)
  (y3b) 破れる `V` の窓の根:
      (y3b) p_rel: {1: 5160}
      (y3b) 親のブロック（手前へ）: {1: 5160}
      (y3b) Q[p_rel] の srow: {2: 5160}
      (y3b) 錐: {'中': 5160}
      ⛔ (y3a) 破れ例 Q=[(0, 0, 0), (1, 1, 1), (2, 0, 0)] d=2 e=2 n=1 j=0 親=1(p_rel=1) V=[(1, 1, 1), (2, 0, 0)] (d0,e0)=(1,0) Q[p_rel] の srow=2 錐の中
      ⛔ (y3a) 破れ例 Q=[(0, 0, 0), (1, 1, 1), (2, 0, 0)] d=2 e=2 n=2 j=0 親=4(p_rel=1) V=[(3, 3, 1), (4, 0, 0)] (d0,e0)=(1,0) Q[p_rel] の srow=2 錐の中
      ⛔ (y3a) 破れ例 Q=[(0, 0, 0), (1, 1, 1), (2, 0, 0)] d=2 e=2 n=3 j=0 親=7(p_rel=1) V=[(5, 5, 1), (6, 0, 0)] (d0,e0)=(1,0) Q[p_rel] の srow=2 錐の中
      ⛔ (y3a) 破れ例 Q=[(0, 1, 0), (1, 2, 1), (2, 0, 0)] d=2 e=2 n=1 j=0 親=1(p_rel=1) V=[(1, 2, 1), (2, 0, 0)] (d0,e0)=(1,0) Q[p_rel] の srow=2 錐の中
      ⛔ (y3a) 破れ例 Q=[(0, 1, 0), (1, 2, 1), (2, 0, 0)] d=2 e=2 n=2 j=0 親=4(p_rel=1) V=[(3, 4, 1), (4, 0, 0)] (d0,e0)=(1,0) Q[p_rel] の srow=2 錐の中

