### 消費側 |R|=3 行1<3  全組 39420  [0.2s]
    射程外: 孤児 9072   親が塔の中 0   ⚠ p>=j 0
  srow = 0   ★ 分母 5508
      ★ HeredZ2 成立      5004 ( 90.8497%)   ⛔ 破れ      504 (  9.1503%)
      (y3d) 親の列の行 2 の値: {1: 504}
      ★ 破れたときの窓の長さ（5 は 5 以上）: {1: 504}
  srow = 1   ★ 分母 12195
      ★ HeredZ2 成立     11781 ( 96.6052%)   ⛔ 破れ      414 (  3.3948%)
      (y3d) 親の列の行 2 の値: {1: 414}
      ★ 破れたときの窓の長さ（5 は 5 以上）: {1: 414}
  srow = 2   ★ 分母 12645
      ★ HeredZ2 成立     12645 (100.0000%)   ⛔ 破れ        0 (  0.0000%)

### 消費側 |R|=3 行1<5  全組 487080  [1.8s]
    射程外: 孤児 118320   親が塔の中 0   ⚠ p>=j 0
  srow = 0   ★ 分母 40800
      ★ HeredZ2 成立     36960 ( 90.5882%)   ⛔ 破れ     3840 (  9.4118%)
      (y3d) 親の列の行 2 の値: {1: 3840}
      ★ 破れたときの窓の長さ（5 は 5 以上）: {1: 3840}
  srow = 1   ★ 分母 157740
      ★ HeredZ2 成立    150900 ( 95.6638%)   ⛔ 破れ     6840 (  4.3362%)
      (y3d) 親の列の行 2 の値: {1: 6840}
      ★ 破れたときの窓の長さ（5 は 5 以上）: {1: 6840}
  srow = 2   ★ 分母 170220
      ★ HeredZ2 成立    170220 (100.0000%)   ⛔ 破れ        0 (  0.0000%)

### ★ 消費側 |R|=4 行1<3  全組 1000188  [3.7s]
    射程外: 孤児 237051   親が塔の中 0   ⚠ p>=j 0
  srow = 0   ★ 分母 144504
      ★ HeredZ2 成立    123057 ( 85.1582%)   ⛔ 破れ    21447 ( 14.8418%)
      (y3d) 親の列の行 2 の値: {1: 21447}
      ★ 破れたときの窓の長さ（5 は 5 以上）: {1: 17667, 2: 3780}
  srow = 1   ★ 分母 307944
      ★ HeredZ2 成立    289368 ( 93.9677%)   ⛔ 破れ    18576 (  6.0323%)
      (y3d) 親の列の行 2 の値: {1: 18576}
      ★ 破れたときの窓の長さ（5 は 5 以上）: {1: 15102, 2: 3474}
  srow = 2   ★ 分母 310689
      ★ HeredZ2 成立    310689 (100.0000%)   ⛔ 破れ        0 (  0.0000%)

