### 消費側 |R|=3 行1<3  全組 39420  [0.2s]
    射程外: 孤児 9072   親が塔の中 0   ⚠ p>=j 0
  srow = 2   ★ 分母 12645
      ★ HeredZ2 成立     12645 (100.0000%)   ⛔ 破れ        0 (  0.0000%)
  srow <= 1   ★ 分母 17703
      ★ HeredZ2 成立     16785 ( 94.8144%)   ⛔ 破れ      918 (  5.1856%)
      (y3d) 親の列の行 2 の値: {1: 918}
      ⛔ (y3b) 破れ例 Q=[(0, 0, 0), (1, 0, 1), (2, 0, 0)] d=1 e=1 n=1 j=2 p=1 srow=0 親の行2=1
            B=[(1, 1, 0), (2, 0, 1), (3, 0, 0)]  窓=[(2, 0, 1)]
      ⛔ (y3b) 破れ例 Q=[(0, 0, 0), (1, 0, 1), (2, 0, 0)] d=1 e=1 n=2 j=2 p=1 srow=0 親の行2=1
            B=[(2, 2, 0), (3, 0, 1), (4, 0, 0)]  窓=[(3, 0, 1)]
      ⛔ (y3b) 破れ例 Q=[(0, 0, 0), (1, 0, 1), (2, 0, 0)] d=1 e=1 n=3 j=2 p=1 srow=0 親の行2=1
            B=[(3, 3, 0), (4, 0, 1), (5, 0, 0)]  窓=[(4, 0, 1)]
      ⛔ (y3b) 破れ例 Q=[(0, 1, 0), (1, 0, 1), (2, 0, 0)] d=1 e=1 n=1 j=2 p=1 srow=0 親の行2=1
            B=[(1, 2, 0), (2, 0, 1), (3, 0, 0)]  窓=[(2, 0, 1)]
      ⛔ (y3b) 破れ例 Q=[(0, 1, 0), (1, 0, 1), (2, 0, 0)] d=1 e=1 n=2 j=2 p=1 srow=0 親の行2=1
            B=[(2, 3, 0), (3, 0, 1), (4, 0, 0)]  窓=[(3, 0, 1)]

### 消費側 |R|=3 行1<5  全組 487080  [1.8s]
    射程外: 孤児 118320   親が塔の中 0   ⚠ p>=j 0
  srow = 2   ★ 分母 170220
      ★ HeredZ2 成立    170220 (100.0000%)   ⛔ 破れ        0 (  0.0000%)
  srow <= 1   ★ 分母 198540
      ★ HeredZ2 成立    187860 ( 94.6207%)   ⛔ 破れ    10680 (  5.3793%)
      (y3d) 親の列の行 2 の値: {1: 10680}
      ⛔ (y3b) 破れ例 Q=[(0, 0, 0), (1, 0, 1), (2, 0, 0)] d=1 e=1 n=1 j=2 p=1 srow=0 親の行2=1
            B=[(1, 1, 0), (2, 0, 1), (3, 0, 0)]  窓=[(2, 0, 1)]
      ⛔ (y3b) 破れ例 Q=[(0, 0, 0), (1, 0, 1), (2, 0, 0)] d=1 e=1 n=2 j=2 p=1 srow=0 親の行2=1
            B=[(2, 2, 0), (3, 0, 1), (4, 0, 0)]  窓=[(3, 0, 1)]
      ⛔ (y3b) 破れ例 Q=[(0, 0, 0), (1, 0, 1), (2, 0, 0)] d=1 e=1 n=3 j=2 p=1 srow=0 親の行2=1
            B=[(3, 3, 0), (4, 0, 1), (5, 0, 0)]  窓=[(4, 0, 1)]
      ⛔ (y3b) 破れ例 Q=[(0, 1, 0), (1, 0, 1), (2, 0, 0)] d=1 e=1 n=1 j=2 p=1 srow=0 親の行2=1
            B=[(1, 2, 0), (2, 0, 1), (3, 0, 0)]  窓=[(2, 0, 1)]
      ⛔ (y3b) 破れ例 Q=[(0, 1, 0), (1, 0, 1), (2, 0, 0)] d=1 e=1 n=2 j=2 p=1 srow=0 親の行2=1
            B=[(2, 3, 0), (3, 0, 1), (4, 0, 0)]  窓=[(3, 0, 1)]

### ★ 消費側 |R|=4 行1<3  全組 1000188  [3.6s]
    射程外: 孤児 237051   親が塔の中 0   ⚠ p>=j 0
  srow = 2   ★ 分母 310689
      ★ HeredZ2 成立    310689 (100.0000%)   ⛔ 破れ        0 (  0.0000%)
  srow <= 1   ★ 分母 452448
      ★ HeredZ2 成立    412425 ( 91.1541%)   ⛔ 破れ    40023 (  8.8459%)
      (y3d) 親の列の行 2 の値: {1: 40023}
      ⛔ (y3b) 破れ例 Q=[(0, 0, 0), (1, 0, 0), (1, 0, 1), (2, 0, 0)] d=1 e=1 n=1 j=3 p=2 srow=0 親の行2=1
            B=[(1, 1, 0), (2, 0, 0), (2, 0, 1), (3, 0, 0)]  窓=[(2, 0, 1)]
      ⛔ (y3b) 破れ例 Q=[(0, 0, 0), (1, 0, 0), (1, 0, 1), (2, 0, 0)] d=1 e=1 n=2 j=3 p=2 srow=0 親の行2=1
            B=[(2, 2, 0), (3, 0, 0), (3, 0, 1), (4, 0, 0)]  窓=[(3, 0, 1)]
      ⛔ (y3b) 破れ例 Q=[(0, 0, 0), (1, 0, 0), (1, 0, 1), (2, 0, 0)] d=1 e=1 n=3 j=3 p=2 srow=0 親の行2=1
            B=[(3, 3, 0), (4, 0, 0), (4, 0, 1), (5, 0, 0)]  窓=[(4, 0, 1)]
      ⛔ (y3b) 破れ例 Q=[(0, 1, 0), (1, 0, 0), (1, 0, 1), (2, 0, 0)] d=1 e=1 n=1 j=3 p=2 srow=0 親の行2=1
            B=[(1, 2, 0), (2, 0, 0), (2, 0, 1), (3, 0, 0)]  窓=[(2, 0, 1)]
      ⛔ (y3b) 破れ例 Q=[(0, 1, 0), (1, 0, 0), (1, 0, 1), (2, 0, 0)] d=1 e=1 n=2 j=3 p=2 srow=0 親の行2=1
            B=[(2, 3, 0), (3, 0, 0), (3, 0, 1), (4, 0, 0)]  窓=[(3, 0, 1)]

