### 値域<7 d∈(1,2,3) e∈(0,1,2) n∈(2,3,4)  [1.9s]
  A 空   ★ 分母（破れた組）3240
      (A) 新しいブロックの中                   0 (  0.0000%)
      (B) 1 ブロック手前                 3240 (100.0000%)
      (D) A の中                        0 (  0.0000%)
      (C) ⛔ 2 ブロック以上手前 … 0  {}
      |V| <= |Q|                   3240 (100.0000%)
      ⛔ |V| > |Q|                     0 (  0.0000%)
  A 浅くない（rsum 成立）   ★ 分母（破れた組）3240
      (A) 新しいブロックの中                   0 (  0.0000%)
      (B) 1 ブロック手前                 3240 (100.0000%)
      (D) A の中                        0 (  0.0000%)
      (C) ⛔ 2 ブロック以上手前 … 0  {}
      |V| <= |Q|                   3240 (100.0000%)
      ⛔ |V| > |Q|                     0 (  0.0000%)
  A 浅い（rsum 破れ）   ★ 分母（破れた組）19141
      (A) 新しいブロックの中                   0 (  0.0000%)
      (B) 1 ブロック手前                 3240 ( 16.9270%)
      (D) A の中                    15901 ( 83.0730%)
      (C) ⛔ 2 ブロック以上手前 … 0  {}
      |V| <= |Q|                   3240 ( 16.9270%)
      ⛔ |V| > |Q|                 15901 ( 83.0730%)

### ★ 箱拡張 値域<12 d∈(1,3,5) n∈(2,3,5)  [1.2s]
  A 空   ★ 分母（破れた組）2249
      (A) 新しいブロックの中                   0 (  0.0000%)
      (B) 1 ブロック手前                 2249 (100.0000%)
      (D) A の中                        0 (  0.0000%)
      (C) ⛔ 2 ブロック以上手前 … 0  {}
      |V| <= |Q|                   2249 (100.0000%)
      ⛔ |V| > |Q|                     0 (  0.0000%)
  A 浅くない（rsum 成立）   ★ 分母（破れた組）2249
      (A) 新しいブロックの中                   0 (  0.0000%)
      (B) 1 ブロック手前                 2249 (100.0000%)
      (D) A の中                        0 (  0.0000%)
      (C) ⛔ 2 ブロック以上手前 … 0  {}
      |V| <= |Q|                   2249 (100.0000%)
      ⛔ |V| > |Q|                     0 (  0.0000%)
  A 浅い（rsum 破れ）   ★ 分母（破れた組）12190
      (A) 新しいブロックの中                   0 (  0.0000%)
      (B) 1 ブロック手前                 2249 ( 18.4495%)
      (D) A の中                     9941 ( 81.5505%)
      (C) ⛔ 2 ブロック以上手前 … 0  {}
      |V| <= |Q|                   2249 ( 18.4495%)
      ⛔ |V| > |Q|                  9941 ( 81.5505%)

