### 消費側 |R|=3 行1<3  [1.0s]
  A0 空   ★ 分母（深さ 2 の段）79380
      親なし（孤児）                                 7938 ( 10.0000%)
      (A) 新しいブロックの中                          31752 ( 40.0000%)
      (B) 1 ブロック手前                           18360 ( 23.1293%)
      ⛔ (C) 2 ブロック以上手前                           0 (  0.0000%)
      ⛔ (D) A' の中                            21330 ( 26.8707%)
      ⛔ (D) A' の中（うち A0 の中）                      0 (  0.0000%)
      ★ |V'| <= |V|                          50112 ( 63.1293%)
      ⛔ |V'| > |V|                           21330 ( 26.8707%)
  A0 1 列   ★ 分母（深さ 2 の段）79380
      親なし（孤児）                                 7938 ( 10.0000%)
      (A) 新しいブロックの中                          31752 ( 40.0000%)
      (B) 1 ブロック手前                           18360 ( 23.1293%)
      ⛔ (C) 2 ブロック以上手前                           0 (  0.0000%)
      ⛔ (D) A' の中                            21330 ( 26.8707%)
      ⛔ (D) A' の中（うち A0 の中）                      0 (  0.0000%)
      ★ |V'| <= |V|                          50112 ( 63.1293%)
      ⛔ |V'| > |V|                           21330 ( 26.8707%)
  ★ (s7d) A0 人工的に浅い   ★ 分母（深さ 2 の段）79380
      親なし（孤児）                                 7938 ( 10.0000%)
      (A) 新しいブロックの中                          31752 ( 40.0000%)
      (B) 1 ブロック手前                           18360 ( 23.1293%)
      ⛔ (C) 2 ブロック以上手前                           0 (  0.0000%)
      ⛔ (D) A' の中                            21330 ( 26.8707%)
      ⛔ (D) A' の中（うち A0 の中）                      0 (  0.0000%)
      ★ |V'| <= |V|                          50112 ( 63.1293%)
      ⛔ |V'| > |V|                           21330 ( 26.8707%)
      ⛔ 例 [A0 空] Q=[(0, 0, 0), (1, 0, 0), (1, 0, 0)] d=1 e=1 n=1 j=2 p=0 V=[(1, 1, 0), (2, 0, 0)] (d0,e0)=(0,0) m=1 j2=0 親=0 |A'|=3 → ⛔ (D) A' の中
      ⛔ 例 [A0 空] Q=[(0, 0, 0), (1, 0, 0), (1, 0, 0)] d=1 e=1 n=1 j=2 p=0 V=[(1, 1, 0), (2, 0, 0)] (d0,e0)=(0,0) m=2 j2=0 親=0 |A'|=3 → ⛔ (D) A' の中
      ⛔ 例 [A0 空] Q=[(0, 0, 0), (1, 0, 0), (1, 0, 0)] d=1 e=1 n=1 j=2 p=0 V=[(1, 1, 0), (2, 0, 0)] (d0,e0)=(0,0) m=3 j2=0 親=0 |A'|=3 → ⛔ (D) A' の中
      ⛔ 例 [A0 空] Q=[(0, 0, 0), (1, 0, 0), (1, 0, 0)] d=1 e=1 n=2 j=2 p=0 V=[(2, 2, 0), (3, 0, 0)] (d0,e0)=(0,0) m=1 j2=0 親=3 |A'|=6 → ⛔ (D) A' の中

### ★ 消費側 |R|=3 行1<5  [5.7s]
  A0 空   ★ 分母（深さ 2 の段）467244
      親なし（孤児）                                42084 (  9.0069%)
      (A) 新しいブロックの中                         191538 ( 40.9931%)
      (B) 1 ブロック手前                          119286 ( 25.5297%)
      ⛔ (C) 2 ブロック以上手前                           0 (  0.0000%)
      ⛔ (D) A' の中                           114336 ( 24.4703%)
      ⛔ (D) A' の中（うち A0 の中）                      0 (  0.0000%)
      ★ |V'| <= |V|                         310824 ( 66.5228%)
      ⛔ |V'| > |V|                          114336 ( 24.4703%)
  A0 1 列   ★ 分母（深さ 2 の段）467244
      親なし（孤児）                                42084 (  9.0069%)
      (A) 新しいブロックの中                         191538 ( 40.9931%)
      (B) 1 ブロック手前                          119286 ( 25.5297%)
      ⛔ (C) 2 ブロック以上手前                           0 (  0.0000%)
      ⛔ (D) A' の中                           114336 ( 24.4703%)
      ⛔ (D) A' の中（うち A0 の中）                      0 (  0.0000%)
      ★ |V'| <= |V|                         310824 ( 66.5228%)
      ⛔ |V'| > |V|                          114336 ( 24.4703%)
  ★ (s7d) A0 人工的に浅い   ★ 分母（深さ 2 の段）467244
      親なし（孤児）                                42084 (  9.0069%)
      (A) 新しいブロックの中                         191538 ( 40.9931%)
      (B) 1 ブロック手前                          119286 ( 25.5297%)
      ⛔ (C) 2 ブロック以上手前                           0 (  0.0000%)
      ⛔ (D) A' の中                           114336 ( 24.4703%)
      ⛔ (D) A' の中（うち A0 の中）                      0 (  0.0000%)
      ★ |V'| <= |V|                         310824 ( 66.5228%)
      ⛔ |V'| > |V|                          114336 ( 24.4703%)
      ⛔ 例 [A0 空] Q=[(0, 0, 0), (1, 0, 0), (1, 0, 0)] d=1 e=1 n=1 j=2 p=0 V=[(1, 1, 0), (2, 0, 0)] (d0,e0)=(0,0) m=1 j2=0 親=0 |A'|=3 → ⛔ (D) A' の中
      ⛔ 例 [A0 空] Q=[(0, 0, 0), (1, 0, 0), (1, 0, 0)] d=1 e=1 n=1 j=2 p=0 V=[(1, 1, 0), (2, 0, 0)] (d0,e0)=(0,0) m=2 j2=0 親=0 |A'|=3 → ⛔ (D) A' の中
      ⛔ 例 [A0 空] Q=[(0, 0, 0), (1, 0, 0), (1, 0, 0)] d=1 e=1 n=1 j=2 p=0 V=[(1, 1, 0), (2, 0, 0)] (d0,e0)=(0,0) m=3 j2=0 親=0 |A'|=3 → ⛔ (D) A' の中
      ⛔ 例 [A0 空] Q=[(0, 0, 0), (1, 0, 0), (1, 0, 0)] d=1 e=1 n=2 j=2 p=0 V=[(2, 2, 0), (3, 0, 0)] (d0,e0)=(0,0) m=1 j2=0 親=3 |A'|=6 → ⛔ (D) A' の中

