### 消費側 |R|=3 行1<3 深さ<=5 ビーム200  [4.3s]
      深さ       ★ 分母       ⛔ 破れ    ★ 型 B    平均 |V|     平均 k     平均 予算 e*k
       1      30240        148      112     2.568    1.424         1.950
       2      57537        120        0     2.053    1.638         0.420
       3      57420          0        0     2.000    1.110         1.185
       4      17712          0        0     2.000    1.000         0.646
       5       6480          0        0     2.000    1.000         0.000
  (TYPEB-a) ★ `e0 = 0` 112   ⛔ `e0 > 0` 0
  (TYPEB) `(d0,e0)` の分布（3 は 3 以上）:  {(1, 0): 84, (2, 0): 28}
  (TYPEB-b) 分母 0   ⛔ 型 B が型 B を生む 0 ( 0.0000%)   破れるが型 B でない 0   ★ 破れない 0
      型 B の例 深さ1 X=[(0, 0, 0), (1, 0, 0), (2, 1, 0)] (d,e)=(1,1) n=2 j=0 ⟹ V=[(1, 1, 0), (2, 0, 0), (3, 1, 0)] (d0,e0)=(1,0)
      型 B の例 深さ1 X=[(0, 0, 0), (1, 0, 0), (2, 1, 0)] (d,e)=(1,1) n=3 j=0 ⟹ V=[(2, 2, 0), (3, 0, 0), (4, 1, 0)] (d0,e0)=(1,0)
      型 B の例 深さ1 X=[(0, 0, 0), (1, 0, 0), (2, 1, 0)] (d,e)=(1,2) n=2 j=0 ⟹ V=[(1, 2, 0), (2, 0, 0), (3, 1, 0)] (d0,e0)=(1,0)
      型 B の例 深さ1 X=[(0, 0, 0), (1, 0, 0), (2, 1, 0)] (d,e)=(1,2) n=3 j=0 ⟹ V=[(2, 4, 0), (3, 0, 0), (4, 1, 0)] (d0,e0)=(1,0)
      型 B の例 深さ1 X=[(0, 0, 0), (1, 0, 0), (2, 2, 0)] (d,e)=(1,1) n=3 j=0 ⟹ V=[(2, 2, 0), (3, 0, 0), (4, 2, 0)] (d0,e0)=(1,0)
      型 B の例 深さ1 X=[(0, 1, 0), (1, 0, 0), (2, 2, 0)] (d,e)=(1,1) n=2 j=0 ⟹ V=[(1, 2, 0), (2, 0, 0), (3, 2, 0)] (d0,e0)=(1,0)

### ★ 消費側 |R|=4 行1<3 深さ<=4 ビーム60  [216.4s]
      深さ       ★ 分母       ⛔ 破れ    ★ 型 B    平均 |V|     平均 k     平均 予算 e*k
       1     682893       9696     1953     3.083    1.592         2.208
       2    2153823       9543      168     2.420    1.723         0.624
       3    4113441       6027     1878     2.208    1.479         1.102
       4    2916033       5610     1260     2.057    1.395         0.771
  (TYPEB-a) ★ `e0 = 0` 4335   ⛔ `e0 > 0` 924
  (TYPEB) `(d0,e0)` の分布（3 は 3 以上）:  {(0, 0): 287, (1, 0): 2815, (1, 1): 387, (1, 2): 306, (2, 0): 1233, (2, 1): 129, (2, 2): 102}
  (TYPEB-b) 分母 2772   ⛔ 型 B が型 B を生む 2772 (100.0000%)   破れるが型 B でない 0   ★ 破れない 0
      型 B の例 深さ1 X=[(0, 0, 0), (1, 0, 0), (2, 1, 0), (1, 0, 0)] (d,e)=(1,1) n=1 j=3 ⟹ V=[(1, 1, 0), (2, 0, 0), (3, 1, 0)] (d0,e0)=(0,0)
      型 B の例 深さ1 X=[(0, 0, 0), (1, 0, 0), (2, 1, 0), (1, 0, 0)] (d,e)=(1,1) n=2 j=3 ⟹ V=[(2, 2, 0), (3, 0, 0), (4, 1, 0)] (d0,e0)=(0,0)
      型 B の例 深さ1 X=[(0, 0, 0), (1, 0, 0), (2, 1, 0), (1, 0, 0)] (d,e)=(1,1) n=3 j=3 ⟹ V=[(3, 3, 0), (4, 0, 0), (5, 1, 0)] (d0,e0)=(0,0)
      型 B の例 深さ1 X=[(0, 0, 0), (1, 0, 0), (2, 1, 0), (1, 0, 0)] (d,e)=(1,2) n=1 j=3 ⟹ V=[(1, 2, 0), (2, 0, 0), (3, 1, 0)] (d0,e0)=(0,0)
      型 B の例 深さ1 X=[(0, 0, 0), (1, 0, 0), (2, 1, 0), (1, 0, 0)] (d,e)=(1,2) n=2 j=3 ⟹ V=[(2, 4, 0), (3, 0, 0), (4, 1, 0)] (d0,e0)=(0,0)
      型 B の例 深さ1 X=[(0, 0, 0), (1, 0, 0), (2, 1, 0), (1, 0, 0)] (d,e)=(1,2) n=3 j=3 ⟹ V=[(3, 6, 0), (4, 0, 0), (5, 1, 0)] (d0,e0)=(0,0)

