### 消費側 |R|=3 行1<3  [0.6s]
  (LOCHER-b) `LOC(Q)` 成立 2754 / 6570 ( 41.9178%)
       n       ★ 分母        ★ hloc 全列    LOC(Q)の分母      ★ LOC(V) 遺伝
       1       4410        3528 (80.0000%)         2622        2622 (100.0000%)
       2       4410        3528 (80.0000%)         2622        2622 (100.0000%)
       3       4410        3528 (80.0000%)         2622        2622 (100.0000%)
       5       4410        3528 (80.0000%)         2622        2622 (100.0000%)
      10       4410        3528 (80.0000%)         2622        2622 (100.0000%)
      20       4410        3528 (80.0000%)         2622        2622 (100.0000%)
  (LOCHER-a) 破れの srow:  {1: 828, 2: 4464}
  ★ (ZERO2) 型 B の分母 0   ★ A2 の行 2 が全部 0 0 (  0.0000%)   ⛔ 行 2 > 0 がある 0

### ★ 消費側 |R|=4 行1<3  [9.7s]
  (LOCHER-b) `LOC(Q)` 成立 30744 / 111132 ( 27.6644%)
       n       ★ 分母        ★ hloc 全列    LOC(Q)の分母      ★ LOC(V) 遺伝
       1     145005      104472 (72.0472%)        58242       57894 (99.4025%)
       2     145005      104472 (72.0472%)        58242       57894 (99.4025%)
       3     145005      104472 (72.0472%)        58242       57894 (99.4025%)
       5     145005      104472 (72.0472%)        58242       57894 (99.4025%)
      10     145005      104472 (72.0472%)        58242       57894 (99.4025%)
  (LOCHER-a) 破れの srow:  {1: 33840, 2: 191580}
  ★ (ZERO2) 型 B の分母 8009   ★ A2 の行 2 が全部 0 2011 ( 25.1093%)   ⛔ 行 2 > 0 がある 5998
      ⛔ (ZERO2) 例 Q=[(0, 0, 0), (1, 0, 0), (2, 1, 0), (1, 1, 1)] d=1 e=1 n=1 j=3 p=0 V=[(1, 1, 0), (2, 0, 0), (3, 1, 0)]  A2 の行2>0 の列=[(1, 1, 1)]
      ⛔ (ZERO2) 例 Q=[(0, 0, 0), (1, 0, 0), (2, 1, 0), (1, 1, 1)] d=1 e=1 n=2 j=3 p=0 V=[(2, 2, 0), (3, 0, 0), (4, 1, 0)]  A2 の行2>0 の列=[(1, 1, 1), (2, 2, 1)]
      ⛔ (ZERO2) 例 Q=[(0, 0, 0), (1, 0, 0), (2, 1, 0), (1, 1, 1)] d=1 e=1 n=3 j=3 p=0 V=[(3, 3, 0), (4, 0, 0), (5, 1, 0)]  A2 の行2>0 の列=[(1, 1, 1), (2, 2, 1), (3, 3, 1)]
      ⛔ (ZERO2) 例 Q=[(0, 0, 0), (1, 0, 0), (2, 1, 0), (1, 1, 1)] d=1 e=1 n=5 j=3 p=0 V=[(5, 5, 0), (6, 0, 0), (7, 1, 0)]  A2 の行2>0 の列=[(1, 1, 1), (2, 2, 1), (3, 3, 1)]

