### |R|=3 行1<3  [0.1s]
  (FIN-a/c) **全体** 分母 3120  ★ 根が証人 2844 ( 91.1538%)
  (FIN-a/c) **錐の外** 分母 276  ★ 根が証人 0 (  0.0000%)
  (FIN-a/c) **|V|=2** 分母 3120  ★ 根が証人 2844 ( 91.1538%)
  (FIN-b) 破れ 276: (0)窓 276 (100.0000%)  **(ii)塔+ブロック** 276 (100.0000%)  (iii)A_ok 276 (100.0000%)  **(iii)A_bad** 276 (100.0000%)
  (Q1甲) 行1 の破れ 276: **(ii)** 276 (100.0000%)  **(iii)A_bad** 276 (100.0000%)
  (ROW2) 分母 4488  ★ ok 3000 ( 66.8449%)  ⛔ 破れ 1488
  (Q2) 行2 の破れ 1488: **(ii)** 1488 (100.0000%)  **(iii)A_bad** 1488 (100.0000%)
  (CONS) 消費側 `Q`: 行2 4215 ( 63.0328%)/6687  行1 4065 ( 88.0442%)/4617
      ⛔ FIN 例 Q=[(0, 1, 0), (1, 1, 0), (1, 0, 0)] d=1 e=1 n=1 j=2 V=[(1, 2, 0), (2, 1, 0)]
      ⛔ FIN 例 Q=[(0, 1, 0), (1, 1, 0), (1, 0, 0)] d=1 e=1 n=2 j=2 V=[(2, 3, 0), (3, 1, 0)]
      ⛔ FIN 例 Q=[(0, 2, 0), (1, 1, 0), (1, 0, 0)] d=1 e=1 n=1 j=2 V=[(1, 3, 0), (2, 1, 0)]
      ⛔ ROW2 例 Q=[(0, 0, 0), (1, 0, 1), (1, 0, 0)] d=1 e=1 n=1 j=2 V=[(1, 1, 0), (2, 0, 1)] jj=1
      ⛔ ROW2 例 Q=[(0, 0, 0), (1, 0, 1), (1, 0, 0)] d=1 e=1 n=2 j=2 V=[(2, 2, 0), (3, 0, 1)] jj=1
      ⛔ ROW2 例 Q=[(0, 1, 0), (1, 0, 1), (1, 0, 0)] d=1 e=1 n=1 j=2 V=[(1, 2, 0), (2, 0, 1)] jj=1

### ★ |R|=4 行1<3  [3.6s]
  (FIN-a/c) **全体** 分母 101346  ★ 根が証人 91494 ( 90.2788%)
  (FIN-a/c) **錐の外** 分母 9852  ★ 根が証人 0 (  0.0000%)
  (FIN-a/c) **|V|=2** 分母 53832  ★ 根が証人 48300 ( 89.7236%)
  (FIN-b) 破れ 9852: (0)窓 9852 (100.0000%)  **(ii)塔+ブロック** 8694 ( 88.2460%)  (iii)A_ok 8694 ( 88.2460%)  **(iii)A_bad** 8694 ( 88.2460%)
  (Q1甲) 行1 の破れ 13536: **(ii)** 12378 ( 91.4450%)  **(iii)A_bad** 12378 ( 91.4450%)
  (ROW2) 分母 216936  ★ ok 140304 ( 64.6753%)  ⛔ 破れ 76632
  (Q2) 行2 の破れ 76632: **(ii)** 75174 ( 98.0974%)  **(iii)A_bad** 75174 ( 98.0974%)
  (CONS) 消費側 `Q`: 行2 103563 ( 61.2335%)/169128  行1 102648 ( 88.4134%)/116100
      ⛔ FIN 例 Q=[(0, 1, 0), (1, 1, 0), (1, 0, 0), (1, 0, 0)] d=1 e=1 n=1 j=2 V=[(1, 2, 0), (2, 1, 0)]
      ⛔ FIN 例 Q=[(0, 1, 0), (1, 1, 0), (1, 0, 0), (1, 0, 0)] d=1 e=1 n=1 j=3 V=[(1, 2, 0), (2, 1, 0), (2, 0, 0)]
      ⛔ FIN 例 Q=[(0, 1, 0), (1, 1, 0), (1, 0, 0), (1, 0, 0)] d=1 e=1 n=2 j=2 V=[(2, 3, 0), (3, 1, 0)]
      ⛔ ROW2 例 Q=[(0, 0, 0), (1, 0, 0), (1, 0, 1), (1, 0, 0)] d=1 e=1 n=1 j=3 V=[(1, 1, 0), (2, 0, 0), (2, 0, 1)] jj=2
      ⛔ ROW2 例 Q=[(0, 0, 0), (1, 0, 0), (1, 0, 1), (1, 0, 0)] d=1 e=1 n=2 j=3 V=[(2, 2, 0), (3, 0, 0), (3, 0, 1)] jj=2
      ⛔ ROW2 例 Q=[(0, 1, 0), (1, 0, 0), (1, 0, 1), (1, 0, 0)] d=1 e=1 n=1 j=3 V=[(1, 2, 0), (2, 0, 0), (2, 0, 1)] jj=2

