### ★ |R|=4 行1<3  破れ 2616
    |V|=2: 2616
    ★ 破れ列の行 1 が根と等しい: 1836
    ★ 破れ列の行 2 = 0: 1158
    ⛔ (ii) に親がいる: 2616
    破れ列 jj=[1]: 2616
  ★ 正規化した形（18 種）:
          246  [(0, 0, 0), (1, 0, 0)]
          246  [(0, 0, 0), (1, 0, 1)]
          228  [(0, 0, 0), (2, 0, 0)]
          228  [(0, 0, 0), (2, 0, 1)]
          222  [(0, 0, 1), (1, 0, 0)]
          222  [(0, 0, 1), (1, 0, 1)]
          222  [(0, 0, 1), (2, 0, 0)]
          222  [(0, 0, 1), (2, 0, 1)]
          168  [(0, 0, 1), (1, 1, 1)]
          132  [(0, 0, 1), (2, 1, 1)]
           60  [(0, 0, 0), (1, -1, 0)]
           60  [(0, 0, 0), (1, -1, 1)]

### ★★ |R|=4 行1<4（箱を伸ばす）  破れ 12660
    |V|=2: 12660
    ★ 破れ列の行 1 が根と等しい: 6840
    ★ 破れ列の行 2 = 0: 5274
    ⛔ (ii) に親がいる: 12660
    破れ列 jj=[1]: 12660
  ★ 正規化した形（28 種）:
          948  [(0, 0, 0), (1, 0, 0)]
          948  [(0, 0, 0), (1, 0, 1)]
          852  [(0, 0, 0), (2, 0, 0)]
          852  [(0, 0, 0), (2, 0, 1)]
          810  [(0, 0, 1), (1, 0, 0)]
          810  [(0, 0, 1), (1, 0, 1)]
          810  [(0, 0, 1), (2, 0, 0)]
          810  [(0, 0, 1), (2, 0, 1)]
          774  [(0, 0, 1), (1, 1, 1)]
          630  [(0, 0, 1), (2, 1, 1)]
          408  [(0, 0, 1), (1, 2, 1)]
          408  [(0, 0, 0), (1, -1, 0)]

### ★★ |R|=5 行1<3（箱を伸ばす）  破れ 67116
    |V|=2: 50332
    |V|=3: 16784
    ★ 破れ列の行 1 が根と等しい: 42268
    ★ 破れ列の行 2 = 0: 27832
    ⛔ (ii) に親がいる: 67116
    破れ列 jj=[1, 2]: 12212
    破れ列 jj=[1]: 52752
    破れ列 jj=[2]: 2152
  ★ 正規化した形（565 種）:
         4736  [(0, 0, 0), (1, 0, 0)]
         4736  [(0, 0, 0), (1, 0, 1)]
         4480  [(0, 0, 0), (2, 0, 0)]
         4480  [(0, 0, 0), (2, 0, 1)]
         4160  [(0, 0, 1), (2, 0, 0)]
         4160  [(0, 0, 1), (2, 0, 1)]
         4096  [(0, 0, 1), (1, 0, 0)]
         4096  [(0, 0, 1), (1, 0, 1)]
         3228  [(0, 0, 1), (1, 1, 1)]
         2576  [(0, 0, 1), (2, 1, 1)]
         1208  [(0, 0, 0), (2, -1, 0)]
         1208  [(0, 0, 0), (2, -1, 1)]

