### |R|=3 行1<3  [0.3s]
  ★★ (ADJ-e) 分母 3120  ★ **entry V 1 0 < entry V 1 1** 2844 ( 91.1538%)  ⛔ 破れ 276
      行 1 が等しい 0 (  0.0000%)   行 1 が減る 276 (100.0000%)
  (ADJ-f) 破れ 276: (0)窓 276 (100.0000%)  **(ii)塔+ブロック** 276 (100.0000%)  ⛔ 親がいる 0
  ★ (ADJ-e) 破れの先頭 2 列（正規化、12 種）:
           48  [(0, 0, 0), (3, -2, 0)]
           48  [(0, 0, 0), (3, -3, 0)]
           30  [(0, 0, 0), (2, -2, 0)]
           30  [(0, 0, 0), (2, -3, 0)]
           24  [(0, 0, 0), (3, -1, 0)]
           24  [(0, 0, 0), (3, -4, 0)]
           15  [(0, 0, 0), (2, -1, 0)]
           15  [(0, 0, 0), (2, -4, 0)]
  ★★ (W15) **A_ok** 分母 145530  ⛔ **接頭辞が親を供給** 0 (  0.0000%)
  ★★ (W15) **A_bad** 分母 145530  ⛔ **接頭辞が親を供給** 0 (  0.0000%)

### ★ |R|=4 行1<3  [12.5s]
  ★★ (ADJ-e) 分母 101346  ★ **entry V 1 0 < entry V 1 1** 91494 ( 90.2788%)  ⛔ 破れ 9852
      行 1 が等しい 1068 ( 10.8404%)   行 1 が減る 8784 ( 89.1596%)
  (ADJ-f) 破れ 9852: (0)窓 9852 (100.0000%)  **(ii)塔+ブロック** 8694 ( 88.2460%)  ⛔ 親がいる 1158
         ⛔ 親の位置: ブロックの中: 1158
  ★ (ADJ-e) 破れの先頭 2 列（正規化、28 種）:
         1328  [(0, 0, 0), (3, -2, 0)]
         1328  [(0, 0, 0), (3, -3, 0)]
          978  [(0, 0, 0), (2, -3, 0)]
          973  [(0, 0, 0), (2, -2, 0)]
          664  [(0, 0, 0), (3, -1, 0)]
          664  [(0, 0, 0), (3, -4, 0)]
          544  [(0, 0, 0), (2, -1, 0)]
          522  [(0, 0, 0), (1, -3, 0)]
  ★★ (W15) **A_ok** 分母 6536862  ⛔ **接頭辞が親を供給** 0 (  0.0000%)
  ★★ (W15) **A_bad** 分母 6536862  ⛔ **接頭辞が親を供給** 0 (  0.0000%)

