## (a) 中核の形 D_v で真か
   D_1 = [(0, 0, 0), (1, 1, 1)]
       C1 行1=0 の列が無い: ★真   C2 全列が錐の中: ★真   C3 ブロッカーが無い: ★真
   D_2 = [(0, 0, 0), (1, 1, 1), (2, 2, 1)]
       C1 行1=0 の列が無い: ★真   C2 全列が錐の中: ★真   C3 ブロッカーが無い: ★真
   D_3 = [(0, 0, 0), (1, 1, 1), (2, 2, 1), (3, 3, 1)]
       C1 行1=0 の列が無い: ★真   C2 全列が錐の中: ★真   C3 ブロッカーが無い: ★真
   D_4 = [(0, 0, 0), (1, 1, 1), (2, 2, 1), (3, 3, 1), (4, 4, 1)]
       C1 行1=0 の列が無い: ★真   C2 全列が錐の中: ★真   C3 ブロッカーが無い: ★真
   D_5 = [(0, 0, 0), (1, 1, 1), (2, 2, 1), (3, 3, 1), (4, 4, 1), (5, 5, 1)]
       C1 行1=0 の列が無い: ★真   C2 全列が錐の中: ★真   C3 ブロッカーが無い: ★真
   D_6 = [(0, 0, 0), (1, 1, 1), (2, 2, 1), (3, 3, 1), (4, 4, 1), (5, 5, 1), (6, 6, 1)]
       C1 行1=0 の列が無い: ★真   C2 全列が錐の中: ★真   C3 ブロッカーが無い: ★真
   D_7 = [(0, 0, 0), (1, 1, 1), (2, 2, 1), (3, 3, 1), (4, 4, 1), (5, 5, 1), (6, 6, 1), (7, 7, 1)]
       C1 行1=0 の列が無い: ★真   C2 全列が錐の中: ★真   C3 ブロッカーが無い: ★真

### |R|=3 行1<3  [0.1s]
  (HZ0) 窓 8820  ⛔ hz0(V) が偽 0 (  0.0000%)
      ★ **L3 の段の中**（srow=2 または p_rel=0） 0 (  0.0000%)   ⛔ **段の外** 0 (  0.0000%)
  (b) **C1 行1=0 の列が無い**: Q で真 5676  ★ **V でも真** 5676 (100.0000%)
  (b) **C2 全列が錐の中**: Q で真 5244  ★ **V でも真** 5244 (100.0000%)
  (b) **C3 ブロッカーが無い**: Q で真 5244  ★ **V でも真** 5244 (100.0000%)

### ★ |R|=4 行1<3  [2.7s]
  (HZ0) 窓 290010  ⛔ hz0(V) が偽 4836 (  1.6675%)
      ★ **L3 の段の中**（srow=2 または p_rel=0） 0 (  0.0000%)   ⛔ **段の外** 4836 (100.0000%)
         srow=0 / 親の位置=ブロックの中: 2520
         srow=1 / 親の位置=ブロックの中: 2316
  (b) **C1 行1=0 の列が無い**: Q で真 131568  ★ **V でも真** 131568 (100.0000%)
  (b) **C2 全列が錐の中**: Q で真 116484  ★ **V でも真** 115788 ( 99.4025%)
  (b) **C3 ブロッカーが無い**: Q で真 116484  ★ **V でも真** 115788 ( 99.4025%)
      ⛔ (HZ0) 段の外の例 Q=[(0, 0, 0), (1, 0, 1), (2, 0, 0), (2, 0, 0)] d=1 e=1 n=1 j=3 srow=0 p_rel=1 V=[(2, 0, 1), (3, 0, 0)]
      ⛔ (HZ0) 段の外の例 Q=[(0, 0, 0), (1, 0, 1), (2, 0, 0), (2, 0, 0)] d=1 e=1 n=2 j=3 srow=0 p_rel=1 V=[(3, 0, 1), (4, 0, 0)]
      ⛔ (HZ0) 段の外の例 Q=[(0, 1, 0), (1, 0, 1), (2, 0, 0), (2, 0, 0)] d=1 e=1 n=1 j=3 srow=0 p_rel=1 V=[(2, 0, 1), (3, 0, 0)]
      ⛔ (HZ0) 段の外の例 Q=[(0, 1, 0), (1, 0, 1), (2, 0, 0), (2, 0, 0)] d=1 e=1 n=2 j=3 srow=0 p_rel=1 V=[(3, 0, 1), (4, 0, 0)]

### ★★ |R|=4 行1<4  [16.1s]
  (HZ0) 窓 1372506  ⛔ hz0(V) が偽 22410 (  1.6328%)
      ★ **L3 の段の中**（srow=2 または p_rel=0） 0 (  0.0000%)   ⛔ **段の外** 22410 (100.0000%)
         srow=0 / 親の位置=ブロックの中: 9120
         srow=1 / 親の位置=ブロックの中: 13290
  (b) **C1 行1=0 の列が無い**: Q で真 776382  ★ **V でも真** 776382 (100.0000%)
  (b) **C2 全列が錐の中**: Q で真 641736  ★ **V でも真** 636888 ( 99.2445%)
  (b) **C3 ブロッカーが無い**: Q で真 641736  ★ **V でも真** 636888 ( 99.2445%)
      ⛔ (HZ0) 段の外の例 Q=[(0, 0, 0), (1, 0, 1), (2, 0, 0), (2, 0, 0)] d=1 e=1 n=1 j=3 srow=0 p_rel=1 V=[(2, 0, 1), (3, 0, 0)]
      ⛔ (HZ0) 段の外の例 Q=[(0, 0, 0), (1, 0, 1), (2, 0, 0), (2, 0, 0)] d=1 e=1 n=2 j=3 srow=0 p_rel=1 V=[(3, 0, 1), (4, 0, 0)]
      ⛔ (HZ0) 段の外の例 Q=[(0, 1, 0), (1, 0, 1), (2, 0, 0), (2, 0, 0)] d=1 e=1 n=1 j=3 srow=0 p_rel=1 V=[(2, 0, 1), (3, 0, 0)]
      ⛔ (HZ0) 段の外の例 Q=[(0, 1, 0), (1, 0, 1), (2, 0, 0), (2, 0, 0)] d=1 e=1 n=2 j=3 srow=0 p_rel=1 V=[(3, 0, 1), (4, 0, 0)]

