### ★ |R|=4 行1<3  [4.4s]
  **C1真**: ROW2 分母 242136  ★ 祖先が全部非ブロッカー 239928 ( 99.0881%)
          祖先 1 個以上 212808  ⛔ **うちブロッカー** 2208 (  1.0376%)
          窓 131568  ⛔ hz0(V) が偽 780 (  0.5928%)  ★ C1(V) 131568 (100.0000%)
          条件つき窓 116484  ★ **hlocQ(V) が真** 115608 ( 99.2480%)  ⛔ **残差** 876
  **C1偽**: ROW2 分母 432396  ★ 祖先が全部非ブロッカー 411564 ( 95.1822%)
          祖先 1 個以上 207276  ⛔ **うちブロッカー** 20832 ( 10.0504%)
          窓 158442  ⛔ hz0(V) が偽 4056 (  2.5599%)  ★ C1(V) 48582 ( 30.6623%)
          条件つき窓 75096  ★ **hlocQ(V) が真** 73356 ( 97.6830%)  ⛔ **残差** 1740
      ⛔ C1真なのに残差: Q=[(0, 0, 0), (1, 1, 0), (2, 1, 0), (2, 2, 0)] d=1 e=1 n=1 j=3 V=[(2, 2, 0), (3, 2, 0)]
      ⛔ C1真なのに残差: Q=[(0, 0, 0), (1, 1, 0), (2, 1, 0), (2, 2, 0)] d=1 e=1 n=2 j=3 V=[(3, 3, 0), (4, 3, 0)]
      ⛔ C1真なのに残差: Q=[(0, 1, 0), (1, 2, 0), (2, 2, 0), (2, 3, 0)] d=1 e=1 n=1 j=3 V=[(2, 3, 0), (3, 3, 0)]
      ⛔ C1真なのに残差: Q=[(0, 1, 0), (1, 2, 0), (2, 2, 0), (2, 3, 0)] d=1 e=1 n=2 j=3 V=[(3, 4, 0), (4, 4, 0)]

### ★★ |R|=4 行1<4  [23.8s]
  **C1真**: ROW2 分母 1550664  ★ 祖先が全部非ブロッカー 1527624 ( 98.5142%)
          祖先 1 個以上 1296216  ⛔ **うちブロッカー** 23040 (  1.7775%)
          窓 776382  ⛔ hz0(V) が偽 6558 (  0.8447%)  ★ C1(V) 776382 (100.0000%)
          条件つき窓 641736  ★ **hlocQ(V) が真** 635436 ( 99.0183%)  ⛔ **残差** 6300
  **C1偽**: ROW2 分母 1669272  ★ 祖先が全部非ブロッカー 1583136 ( 94.8399%)
          祖先 1 個以上 814032  ⛔ **うちブロッカー** 86136 ( 10.5814%)
          窓 596124  ⛔ hz0(V) が偽 15852 (  2.6592%)  ★ C1(V) 198588 ( 33.3132%)
          条件つき窓 279042  ★ **hlocQ(V) が真** 272682 ( 97.7208%)  ⛔ **残差** 6360
      ⛔ C1真なのに残差: Q=[(0, 0, 0), (1, 1, 0), (2, 1, 0), (2, 2, 0)] d=1 e=1 n=1 j=3 V=[(2, 2, 0), (3, 2, 0)]
      ⛔ C1真なのに残差: Q=[(0, 0, 0), (1, 1, 0), (2, 1, 0), (2, 2, 0)] d=1 e=1 n=2 j=3 V=[(3, 3, 0), (4, 3, 0)]
      ⛔ C1真なのに残差: Q=[(0, 1, 0), (1, 2, 0), (2, 2, 0), (2, 3, 0)] d=1 e=1 n=1 j=3 V=[(2, 3, 0), (3, 3, 0)]
      ⛔ C1真なのに残差: Q=[(0, 1, 0), (1, 2, 0), (2, 2, 0), (2, 3, 0)] d=1 e=1 n=2 j=3 V=[(3, 4, 0), (4, 4, 0)]

### ★★ |R|=5 行1<3  [86.3s]
  **C1真**: ROW2 分母 3163968  ★ 祖先が全部非ブロッカー 3122528 ( 98.6903%)
          祖先 1 個以上 2777728  ⛔ **うちブロッカー** 41440 (  1.4919%)
          窓 1544656  ⛔ hz0(V) が偽 15896 (  1.0291%)  ★ C1(V) 1544656 (100.0000%)
          条件つき窓 1339600  ★ **hlocQ(V) が真** 1319904 ( 98.5297%)  ⛔ **残差** 19696
  **C1偽**: ROW2 分母 9774720  ★ 祖先が全部非ブロッカー 9168960 ( 93.8028%)
          祖先 1 個以上 5181280  ⛔ **うちブロッカー** 605760 ( 11.6913%)
          窓 3376296  ⛔ hz0(V) が偽 129984 (  3.8499%)  ★ C1(V) 1107976 ( 32.8163%)
          条件つき窓 1361948  ★ **hlocQ(V) が真** 1314528 ( 96.5182%)  ⛔ **残差** 47420
      ⛔ C1真なのに残差: Q=[(0, 0, 0), (1, 1, 0), (1, 1, 0), (2, 1, 0), (2, 2, 0)] d=1 e=1 n=1 j=4 V=[(2, 2, 0), (3, 2, 0)]
      ⛔ C1真なのに残差: Q=[(0, 0, 0), (1, 1, 0), (1, 1, 0), (2, 1, 0), (2, 2, 0)] d=1 e=1 n=2 j=4 V=[(3, 3, 0), (4, 3, 0)]
      ⛔ C1真なのに残差: Q=[(0, 1, 0), (1, 2, 0), (1, 2, 0), (2, 2, 0), (2, 3, 0)] d=1 e=1 n=1 j=4 V=[(2, 3, 0), (3, 3, 0)]
      ⛔ C1真なのに残差: Q=[(0, 1, 0), (1, 2, 0), (1, 2, 0), (2, 2, 0), (2, 3, 0)] d=1 e=1 n=2 j=4 V=[(3, 4, 0), (4, 4, 0)]

