### Reach(D_1..D_4, n∈(1, 2, 3), depth=4)  |Reach| = 269  [0.0s]
  (WIN-W-b) **L3 の反例 B = [(0, 0, 0), (1, 2, 0), (2, 1, 0), (3, 9, 0)]**: Reach に入る? **False**（行 0 を 0..3 下げても: **False**）
  (WIN-W) 窓 105  ★ **Reach に入る** 21 ( 20.0000%)  ⛔ 見つからない 84
  ★★ **hlocQ(V) が真** 105 (100.0000%)  ⛔ **偽** 0
  ★★ (BLK) 行 1 の破れ 0  ★ **的はブロッカー** 0 (  0.0000%)  ⛔ **ブロッカーでない** 0   （破れの行 2: 0）
      ⛔ WIN-W 例 S=[(0, 0, 0), (1, 1, 1), (2, 2, 0), (3, 3, 1), (4, 4, 0), (5, 4, 0)] p=3 V=[(3, 3, 1), (4, 4, 0)]
      ⛔ WIN-W 例 S=[(0, 0, 0), (1, 1, 1), (2, 2, 1), (3, 3, 1), (4, 4, 0), (5, 5, 1), (6, 6, 1), (7, 7, 1), (8, 8, 0), (9, 9, 1), (10, 10, 1)] p=8 V=[(8, 8, 0), (9, 9, 1)]
      ⛔ WIN-W 例 S=[(0, 0, 0), (1, 1, 1), (2, 2, 0), (3, 2, 0), (4, 1, 1), (5, 2, 0), (6, 2, 0), (7, 1, 1), (8, 2, 0), (9, 2, 0)] p=7 V=[(7, 1, 1), (8, 2, 0)]
      ⛔ WIN-W 例 S=[(0, 0, 0), (1, 1, 1), (2, 2, 1), (3, 3, 0), (4, 4, 1), (5, 5, 1), (6, 5, 1)] p=3 V=[(3, 3, 0), (4, 4, 1), (5, 5, 1)]

### Reach(D_1..D_4, n∈(1, 2, 3), depth=5)  |Reach| = 673  [0.0s]
  (WIN-W-b) **L3 の反例 B = [(0, 0, 0), (1, 2, 0), (2, 1, 0), (3, 9, 0)]**: Reach に入る? **False**（行 0 を 0..3 下げても: **False**）
  (WIN-W) 窓 381  ★ **Reach に入る** 43 ( 11.2861%)  ⛔ 見つからない 338
  ★★ **hlocQ(V) が真** 373 ( 97.9003%)  ⛔ **偽** 8
  ★★ (BLK) 行 1 の破れ 0  ★ **的はブロッカー** 0 (  0.0000%)  ⛔ **ブロッカーでない** 0   （破れの行 2: 12）
      ⛔ WIN-W 例 S=[(0, 0, 0), (1, 1, 1), (2, 2, 0), (3, 3, 1), (4, 4, 0), (5, 4, 0)] p=3 V=[(3, 3, 1), (4, 4, 0)]
      ⛔ WIN-W 例 S=[(0, 0, 0), (1, 1, 1), (2, 2, 1), (3, 3, 0), (4, 4, 1), (5, 5, 1), (6, 6, 0), (7, 7, 1), (8, 8, 0), (9, 8, 0), (10, 7, 1), (11, 8, 0), (12, 8, 0)] p=10 V=[(10, 7, 1), (11, 8, 0)]
      ⛔ WIN-W 例 S=[(0, 0, 0), (1, 1, 1), (2, 2, 0), (3, 3, 1), (4, 4, 0), (5, 4, 0), (6, 3, 1), (7, 4, 0), (8, 3, 1)] p=2 V=[(2, 2, 0), (3, 3, 1), (4, 4, 0), (5, 4, 0), (6, 3, 1), (7, 4, 0)]
      ⛔ WIN-W 例 S=[(0, 0, 0), (1, 1, 1), (2, 2, 0), (3, 3, 1), (4, 4, 0), (5, 3, 1), (6, 3, 1), (7, 3, 1)] p=2 V=[(2, 2, 0), (3, 3, 1), (4, 4, 0), (5, 3, 1), (6, 3, 1)]

### Reach(D_1..D_4, n∈(1, 2, 3, 4), depth=4)  |Reach| = 1079  [0.0s]
  (WIN-W-b) **L3 の反例 B = [(0, 0, 0), (1, 2, 0), (2, 1, 0), (3, 9, 0)]**: Reach に入る? **False**（行 0 を 0..3 下げても: **False**）
  (WIN-W) 窓 528  ★ **Reach に入る** 111 ( 21.0227%)  ⛔ 見つからない 417
  ★★ **hlocQ(V) が真** 528 (100.0000%)  ⛔ **偽** 0
  ★★ (BLK) 行 1 の破れ 0  ★ **的はブロッカー** 0 (  0.0000%)  ⛔ **ブロッカーでない** 0   （破れの行 2: 0）
      ⛔ WIN-W 例 S=[(0, 0, 0), (1, 1, 1), (2, 2, 1), (3, 3, 0), (4, 4, 1), (5, 5, 1), (6, 6, 0), (7, 7, 1), (8, 8, 1), (9, 9, 0), (10, 10, 1), (11, 11, 0), (12, 12, 1), (13, 13, 0), (14, 14, 1), (15, 15, 0), (16, 16, 0), (17, 17, 0), (18, 17, 0), (19, 17, 0)] p=16 V=[(16, 16, 0), (17, 17, 0), (18, 17, 0)]
      ⛔ WIN-W 例 S=[(0, 0, 0), (1, 1, 1), (2, 2, 0), (3, 3, 1), (4, 4, 0), (5, 4, 0)] p=3 V=[(3, 3, 1), (4, 4, 0)]
      ⛔ WIN-W 例 S=[(0, 0, 0), (1, 1, 1), (2, 2, 0), (3, 3, 0), (4, 4, 0), (5, 4, 0), (6, 3, 0), (7, 4, 0), (8, 4, 0)] p=6 V=[(6, 3, 0), (7, 4, 0)]
      ⛔ WIN-W 例 S=[(0, 0, 0), (1, 1, 1), (2, 2, 0), (3, 3, 1), (4, 4, 0), (5, 5, 0), (6, 6, 0), (7, 6, 0), (8, 5, 0), (9, 6, 0), (10, 6, 0)] p=8 V=[(8, 5, 0), (9, 6, 0)]

