### H12 の検算（シートの窓の孤児）  ★ **分母 353**
    ★★ **接頭辞に「根より行 1 が下」の列がある** 353 (100.0000%)   ⛔ 無い 0
    （参考）接頭辞に「根より行 0 が浅い」列 353 (100.0000%)

### ★ 正規化あり（シート由来 M、n∈{1,2,3}）  [0.1s]  ★ **分母 4857**
    ⛔ (a) `rsum` の破れ  4779 ( 98.3941%)
    ⛔ (b) `rsum1` の破れ 3591 ( 73.9345%)
    ★★ (c) **entry T 1 0 = 0** 1266 ( 26.0655%)
    (d) 相関 (a,b,c):
         (a,b,c)=(0,0,1): 78 (  1.6059%)
         (a,b,c)=(1,0,1): 1188 ( 24.4595%)
         (a,b,c)=(1,1,0): 3591 ( 73.9345%)

### ⛔ 正規化なし（一様な箱の M、n∈{1,2}）  [1.4s]  ★ **分母 173370**
    ⛔ (a) `rsum` の破れ  35760 ( 20.6264%)
    ⛔ (b) `rsum1` の破れ 18846 ( 10.8704%)
    ★★ (c) **entry T 1 0 = 0** 51204 ( 29.5345%)
    (d) 相関 (a,b,c):
         (a,b,c)=(0,0,0): 101004 ( 58.2592%)
         (a,b,c)=(0,0,1): 36606 ( 21.1144%)
         (a,b,c)=(1,0,0): 2316 (  1.3359%)
         (a,b,c)=(1,0,1): 14598 (  8.4201%)
         (a,b,c)=(1,1,0): 18846 ( 10.8704%)

