## ★★★ (H2P-W)
   中核 D_v: D_1=★真  D_2=★真  D_3=★真  D_4=★真  D_5=★真  D_6=★真  D_7=★真
  シート行列そのもの: 分母 1637   ★ **(H2P) 真** 1637 (100.0000%)   ⛔ **偽** 0 (  0.0000%)   （行 2 > 0 の列を持つ 1373 ( 83.8729%)）
  ★★ **シートの全 drop/take（k<=8）** ＝ `W` の元: 分母 11162   ★ **(H2P) 真** 8157 ( 73.0783%)   ⛔ **偽** 3005 ( 26.9217%)   （行 2 > 0 の列を持つ 8288 ( 74.2519%)）
        ⛔ (H2P) が偽の例: [(3, 2, 1), (4, 2, 1), (3, 2, 0), (4, 3, 1)]
        ⛔ (H2P) が偽の例: [(6, 2, 0), (7, 2, 0), (8, 2, 0), (3, 2, 1)]
        ⛔ (H2P) が偽の例: [(4, 2, 0), (5, 1, 0), (4, 2, 0), (3, 2, 1), (3, 2, 1)]
        ⛔ (H2P) が偽の例: [(3, 2, 1), (4, 2, 0), (5, 3, 1), (6, 2, 0), (3, 2, 1)]
  Reach(depth=5, D_(1, 2, 3, 4)) そのもの: 分母 673   ★ **(H2P) 真** 673 (100.0000%)   ⛔ **偽** 0 (  0.0000%)   （行 2 > 0 の列を持つ 594 ( 88.2615%)）
  ★★ **その全 drop/take**（depth=5）: 分母 3799   ★ **(H2P) 真** 3214 ( 84.6012%)   ⛔ **偽** 585 ( 15.3988%)   （行 2 > 0 の列を持つ 2579 ( 67.8863%)）
        ⛔ (H2P) が偽の例: [(4, 4, 0), (5, 3, 1), (6, 4, 0)]
        ⛔ (H2P) が偽の例: [(6, 6, 1), (7, 6, 1), (8, 6, 0)]
        ⛔ (H2P) が偽の例: [(6, 3, 1), (7, 4, 0), (8, 4, 0), (9, 3, 1), (10, 4, 0)]
        ⛔ (H2P) が偽の例: [(6, 3, 1), (7, 4, 0), (8, 3, 1), (9, 4, 0)]
  Reach(depth=6, D_(1, 2, 3, 4)) そのもの: 分母 1929   ★ **(H2P) 真** 1929 (100.0000%)   ⛔ **偽** 0 (  0.0000%)   （行 2 > 0 の列を持つ 1742 ( 90.3059%)）
  ★★ **その全 drop/take**（depth=6）: 分母 10354   ★ **(H2P) 真** 7863 ( 75.9417%)   ⛔ **偽** 2491 ( 24.0583%)   （行 2 > 0 の列を持つ 7239 ( 69.9150%)）
        ⛔ (H2P) が偽の例: [(6, 3, 1), (7, 4, 0), (8, 4, 0), (9, 3, 1), (10, 4, 0)]
        ⛔ (H2P) が偽の例: [(6, 3, 1), (7, 4, 0), (8, 3, 1), (9, 4, 0)]
        ⛔ (H2P) が偽の例: [(13, 10, 0), (14, 9, 1), (15, 10, 0), (16, 9, 1), (17, 10, 0)]
        ⛔ (H2P) が偽の例: [(10, 2, 0), (11, 1, 1), (12, 1, 1), (13, 1, 1)]
  Reach(depth=5, D_(1, 2, 3, 4, 5, 6)) そのもの: 分母 1321   ★ **(H2P) 真** 1321 (100.0000%)   ⛔ **偽** 0 (  0.0000%)   （行 2 > 0 の列を持つ 1242 ( 94.0197%)）
  ★★ **その全 drop/take**（depth=5）: 分母 5681   ★ **(H2P) 真** 5096 ( 89.7025%)   ⛔ **偽** 585 ( 10.2975%)   （行 2 > 0 の列を持つ 4399 ( 77.4336%)）
        ⛔ (H2P) が偽の例: [(6, 3, 1), (7, 4, 0), (8, 4, 0), (9, 3, 1), (10, 4, 0)]
        ⛔ (H2P) が偽の例: [(6, 3, 1), (7, 4, 0), (8, 3, 1), (9, 4, 0)]
        ⛔ (H2P) が偽の例: [(3, 3, 1), (4, 3, 1), (5, 3, 0)]
        ⛔ (H2P) が偽の例: [(13, 13, 1), (14, 13, 1)]

## ★★ (AMIN)
  ★ シートの全 drop/take: 分母 47391   ★★ **H12 の同値が成立** 47391 (100.0000%)   ⛔ **破れ** 0
      （非孤児）29651  ★ 根で実現 23389 ( 78.8810%)  ★★ **非根のみ** 6262 ( 21.1190%)
  Reach(depth=6): 分母 21329   ★★ **H12 の同値が成立** 21329 (100.0000%)   ⛔ **破れ** 0
      （非孤児）21329  ★ 根で実現 21329 (100.0000%)  ★★ **非根のみ** 0 (  0.0000%)
[0.5s]
