### ★ シート（|M|<=12）, n∈{1,2,3}, 6 手  [15.4s]
  **⛔ 接頭辞に逃げる手**: 分母 7352
      (1) バッドルートの位置 r            減 100.000%  同   0.000%  増   0.000% ★★★ **単調減少**
      (2) lev(末尾)                減  82.712%  同   7.427%  増   9.861%
      (3) |M|                    減  45.702%  同  24.606%  増  29.693%
      (4) 悪い部分の長さ                減   0.000%  同  27.190%  増  72.810%
      (5) 良い部分の長さ                減 100.000%  同   0.000%  増   0.000% ★★★ **単調減少**
      (6a) 行 0 の最大               減  42.995%  同  34.412%  増  22.592%
      (6b) 行 1 の最大               減  46.464%  同  51.360%  増   2.176%
      (6c) 行 2 > 0 の列数           減  20.647%  同  74.157%  増   5.196%
      (7) srow = 2 の列数           減  20.647%  同  74.157%  増   5.196%
      (8a) amin の最大              減   0.000%  同 100.000%  増   0.000% ★ 非増加
      (8b) amin の最小              減   0.000%  同 100.000%  増   0.000% ★ 非増加
      (2b) lev の最大               減  46.545%  同  51.279%  増   2.176%
      (2c) lev の総和               減  59.793%  同  13.575%  増  26.632%
  **★ ブロックの中の手**: 分母 17591
      (1) バッドルートの位置 r            減   0.000%  同  26.758%  増  73.242%
      (2) lev(末尾)                減  10.841%  同  42.618%  増  46.541%
      (3) |M|                    減  26.263%  同   6.543%  増  67.193%
      (4) 悪い部分の長さ                減  88.380%  同  11.620%  増   0.000% ★★★ **単調減少**
      (5) 良い部分の長さ                減   0.000%  同  26.758%  増  73.242%
      (6a) 行 0 の最大               減  11.040%  同  25.598%  増  63.362%
      (6b) 行 1 の最大               減   0.034%  同  85.902%  増  14.064%
      (6c) 行 2 > 0 の列数           減  14.917%  同  46.637%  増  38.446%
      (7) srow = 2 の列数           減  14.917%  同  46.637%  増  38.446%
      (8a) amin の最大              減   0.000%  同 100.000%  増   0.000% ★ 非増加
      (8b) amin の最小              減   0.000%  同 100.000%  増   0.000% ★ 非増加
      (2b) lev の最大               減   1.143%  同  84.776%  増  14.081%
      (2c) lev の総和               減  31.829%  同   4.286%  増  63.885%

### ★★ シート全体, n∈{1,2}, 8 手  [5.4s]
  **⛔ 接頭辞に逃げる手**: 分母 7719
      (1) バッドルートの位置 r            減 100.000%  同   0.000%  増   0.000% ★★★ **単調減少**
      (2) lev(末尾)                減  86.592%  同   5.286%  増   8.123%
      (3) |M|                    減  59.373%  同  36.715%  増   3.912%
      (4) 悪い部分の長さ                減   0.000%  同  36.857%  増  63.143%
      (5) 良い部分の長さ                減 100.000%  同   0.000%  増   0.000% ★★★ **単調減少**
      (6a) 行 0 の最大               減  52.287%  同  44.643%  増   3.070%
      (6b) 行 1 の最大               減  51.742%  同  46.729%  増   1.529%
      (6c) 行 2 > 0 の列数           減  28.475%  同  68.286%  増   3.239%
      (7) srow = 2 の列数           減  28.475%  同  68.286%  増   3.239%
      (8a) amin の最大              減   0.000%  同 100.000%  増   0.000% ★ 非増加
      (8b) amin の最小              減   0.000%  同 100.000%  増   0.000% ★ 非増加
      (2b) lev の最大               減  51.872%  同  46.599%  増   1.529%
      (2c) lev の総和               減  83.521%  同   8.822%  増   7.656%
  **★ ブロックの中の手**: 分母 15823
      (1) バッドルートの位置 r            減   0.000%  同  43.348%  増  56.652%
      (2) lev(末尾)                減  17.475%  同  36.731%  増  45.794%
      (3) |M|                    減  38.608%  同  12.431%  増  48.960%
      (4) 悪い部分の長さ                減  87.569%  同  12.431%  増   0.000% ★★★ **単調減少**
      (5) 良い部分の長さ                減   0.000%  同  43.348%  増  56.652%
      (6a) 行 0 の最大               減  15.667%  同  37.882%  増  46.451%
      (6b) 行 1 の最大               減   0.019%  同  92.233%  増   7.748%
      (6c) 行 2 > 0 の列数           減  20.085%  同  46.066%  増  33.849%
      (7) srow = 2 の列数           減  20.085%  同  46.066%  増  33.849%
      (8a) amin の最大              減   0.000%  同 100.000%  増   0.000% ★ 非増加
      (8b) amin の最小              減   0.000%  同 100.000%  増   0.000% ★ 非増加
      (2b) lev の最大               減   2.244%  同  89.989%  増   7.767%
      (2c) lev の総和               減  49.346%  同   3.520%  増  47.134%

