### ★ シート（|M|<=12）, n∈{1,2,3}, 6 手  [15.6s]
  **⛔ 接頭辞に逃げる手**: 分母 7352
      (0) amin の最大                   同 100.000%  違   0.000% ★★★ **完全保存**
      (0) amin の最小                   同 100.000%  違   0.000% ★★★ **完全保存**
      (1) amin の多重集合                 同  24.606%  違  75.394%
      (1b) amin の集合                  同 100.000%  違   0.000% ★★★ **完全保存**
      (2) 相異なる amin 値の個数             同 100.000%  違   0.000% ★★★ **完全保存**
      (4) amin M 0 (= entry M 1 0)   同 100.000%  違   0.000% ★★★ **完全保存**
      (5) amin の総和                   同 100.000%  違   0.000% ★★★ **完全保存**
      (7) amin の最大 - 最小              同 100.000%  違   0.000% ★★★ **完全保存**
      ★(6) 孤児の amin の最小              同 100.000%  違   0.000% ★★★ **完全保存**
      (6b) 孤児の amin の最大              同 100.000%  違   0.000% ★★★ **完全保存**
      (6c) 行 1 の孤児の個数                同 100.000%  違   0.000% ★★★ **完全保存**
      (8) 行 1 の値の多重集合                同   3.441%  違  96.559%
      (9) 行 1 の最小                    同 100.000%  違   0.000% ★★★ **完全保存**
  **★ ブロックの中の手**: 分母 17591
      (0) amin の最大                   同 100.000%  違   0.000% ★★★ **完全保存**
      (0) amin の最小                   同 100.000%  違   0.000% ★★★ **完全保存**
      (1) amin の多重集合                 同   6.543%  違  93.457%
      (1b) amin の集合                  同 100.000%  違   0.000% ★★★ **完全保存**
      (2) 相異なる amin 値の個数             同 100.000%  違   0.000% ★★★ **完全保存**
      (4) amin M 0 (= entry M 1 0)   同 100.000%  違   0.000% ★★★ **完全保存**
      (5) amin の総和                   同 100.000%  違   0.000% ★★★ **完全保存**
      (7) amin の最大 - 最小              同 100.000%  違   0.000% ★★★ **完全保存**
      ★(6) 孤児の amin の最小              同 100.000%  違   0.000% ★★★ **完全保存**
      (6b) 孤児の amin の最大              同 100.000%  違   0.000% ★★★ **完全保存**
      (6c) 行 1 の孤児の個数                同 100.000%  違   0.000% ★★★ **完全保存**
      (8) 行 1 の値の多重集合                同   5.310%  違  94.690%
      (9) 行 1 の最小                    同 100.000%  違   0.000% ★★★ **完全保存**

### ★★ シート全体, n∈{1,2}, 8 手  [5.6s]
  **⛔ 接頭辞に逃げる手**: 分母 7719
      (0) amin の最大                   同 100.000%  違   0.000% ★★★ **完全保存**
      (0) amin の最小                   同 100.000%  違   0.000% ★★★ **完全保存**
      (1) amin の多重集合                 同  36.715%  違  63.285%
      (1b) amin の集合                  同 100.000%  違   0.000% ★★★ **完全保存**
      (2) 相異なる amin 値の個数             同 100.000%  違   0.000% ★★★ **完全保存**
      (4) amin M 0 (= entry M 1 0)   同 100.000%  違   0.000% ★★★ **完全保存**
      (5) amin の総和                   同 100.000%  違   0.000% ★★★ **完全保存**
      (7) amin の最大 - 最小              同 100.000%  違   0.000% ★★★ **完全保存**
      ★(6) 孤児の amin の最小              同 100.000%  違   0.000% ★★★ **完全保存**
      (6b) 孤児の amin の最大              同 100.000%  違   0.000% ★★★ **完全保存**
      (6c) 行 1 の孤児の個数                同 100.000%  違   0.000% ★★★ **完全保存**
      (8) 行 1 の値の多重集合                同   4.560%  違  95.440%
      (9) 行 1 の最小                    同 100.000%  違   0.000% ★★★ **完全保存**
  **★ ブロックの中の手**: 分母 15823
      (0) amin の最大                   同 100.000%  違   0.000% ★★★ **完全保存**
      (0) amin の最小                   同 100.000%  違   0.000% ★★★ **完全保存**
      (1) amin の多重集合                 同  12.431%  違  87.569%
      (1b) amin の集合                  同 100.000%  違   0.000% ★★★ **完全保存**
      (2) 相異なる amin 値の個数             同 100.000%  違   0.000% ★★★ **完全保存**
      (4) amin M 0 (= entry M 1 0)   同 100.000%  違   0.000% ★★★ **完全保存**
      (5) amin の総和                   同 100.000%  違   0.000% ★★★ **完全保存**
      (7) amin の最大 - 最小              同 100.000%  違   0.000% ★★★ **完全保存**
      ★(6) 孤児の amin の最小              同 100.000%  違   0.000% ★★★ **完全保存**
      (6b) 孤児の amin の最大              同 100.000%  違   0.000% ★★★ **完全保存**
      (6c) 行 1 の孤児の個数                同 100.000%  違   0.000% ★★★ **完全保存**
      (8) 行 1 の値の多重集合                同  10.668%  違  89.332%
      (9) 行 1 の最小                    同 100.000%  違   0.000% ★★★ **完全保存**

