### ★ シートの drop/take（|X|>=3, 標本 4000）, n<=3, 4 手
  **⛔ 接頭辞に逃げる手**: 分母 9620
      (0) amin の最大                   同 100.000%  違   0.000% ★★★ **完全保存**
      (0) amin の最小                   減   0.000%  同  93.867%  増   6.133% ★ **非減少**
      (1) amin の多重集合                 同  25.894%  違  74.106%
      (1b) amin の集合                  同  93.867%  違   6.133%
      (2) 相異なる amin 値の個数             減   6.133%  同  93.867%  増   0.000% ★★ **非増加**
      (4) amin M 0 (= entry M 1 0)   同 100.000%  違   0.000% ★★★ **完全保存**
      (5) amin の総和                   減  22.006%  同  53.098%  増  24.896%
      (7) amin の最大 - 最小              減   6.133%  同  93.867%  増   0.000% ★★ **非増加**
      ★(6) 孤児の amin の最小              減   1.746%  同  98.254%  増   0.000% ★★ **非増加**
      (6b) 孤児の amin の最大              減   0.000%  同  98.046%  増   1.954% ★ **非減少**
      (6c) 行 1 の孤児の個数                減   0.000%  同  82.630%  増  17.370% ★ **非減少**
      (8) 行 1 の値の多重集合                同   2.869%  違  97.131%
      (9) 行 1 の最小                    減   0.000%  同  93.867%  増   6.133% ★ **非減少**
  **★ ブロックの中の手**: 分母 32047
      (0) amin の最大                   減   0.012%  同  99.988%  増   0.000% ★★ **非増加**
      (0) amin の最小                   減   0.000%  同  95.494%  増   4.506% ★ **非減少**
      (1) amin の多重集合                 同   5.826%  違  94.174%
      (1b) amin の集合                  同  95.419%  違   4.581%
      (2) 相異なる amin 値の個数             減   4.581%  同  95.419%  増   0.000% ★★ **非増加**
      (4) amin M 0 (= entry M 1 0)   同 100.000%  違   0.000% ★★★ **完全保存**
      (5) amin の総和                   減  45.677%  同  27.095%  増  27.229%
      (7) amin の最大 - 最小              減   4.518%  同  95.482%  増   0.000% ★★ **非増加**
      ★(6) 孤児の amin の最小              減   2.387%  同  90.458%  増   7.155%
      (6b) 孤児の amin の最大              減   4.272%  同  93.329%  増   2.400%
      (6c) 行 1 の孤児の個数                減  35.754%  同  53.134%  増  11.112%
      (8) 行 1 の値の多重集合                同   4.955%  違  95.045%
      (9) 行 1 の最小                    減   0.000%  同  95.494%  増   4.506% ★ **非減少**
