### ★ シートの drop/take（標本 4000）, n<=3, 4 手  [0.3s]
  ⛔ 接頭辞に逃げる手 (a) 窓の row2pos       分母    5659  減   0.990%  同  54.692%  増  44.319%
  ⛔ 接頭辞に逃げる手 (b) 全体の row2pos      分母    5659  減  14.490%  同  80.049%  増   5.460%
  ★ ブロックの中の手 (a) 窓の row2pos       分母   17758  減  34.379%  同  65.621%  増   0.000% ★★★ **非増加**
  ★ ブロックの中の手 (b) 全体の row2pos      分母   17758  減  19.006%  同  45.844%  増  35.150%
  ★★ **srow(末尾) = 2 の手だけ**（窓の row2pos）分母 6181  減  28.086%  同  61.204%  増  10.710%
         srow=2 かつ ★ ブロックの中の手|同: 3532
         srow=2 かつ ★ ブロックの中の手|減: 1736
         srow=2 かつ ⛔ 接頭辞に逃げる手|同: 251
         srow=2 かつ ⛔ 接頭辞に逃げる手|増: 662
      ⛔ 窓の row2pos が増える例（⛔ 接頭辞に逃げる手）: X=[(1, 0, 0), (2, 1, 0), (3, 2, 1), (4, 2, 0), (5, 3, 1), (6, 3, 0), (7, 4, 0)] n=1
          V=[(6, 3, 0)]（0）⟹ V'=[(4, 2, 0), (5, 3, 1)]（1）
      ⛔ 窓の row2pos が増える例（⛔ 接頭辞に逃げる手）: X=[(1, 0, 0), (2, 1, 0), (3, 2, 1), (4, 2, 0), (5, 3, 1)] n=1
          V=[(4, 2, 0)]（0）⟹ V'=[(2, 1, 0), (3, 2, 1)]（1）
      ⛔ 窓の row2pos が増える例（⛔ 接頭辞に逃げる手）: X=[(1, 0, 0), (2, 1, 0), (3, 2, 1), (4, 2, 0), (5, 3, 1), (6, 3, 0), (7, 4, 0), (8, 2, 0), (9, 3, 1), (10, 3, 0), (11, 4, 0)] n=2
          V=[(10, 3, 0)]（0）⟹ V'=[(8, 2, 0), (9, 3, 1), (10, 3, 0)]（1）
      ⛔ 窓の row2pos が増える例（⛔ 接頭辞に逃げる手）: X=[(1, 0, 0), (2, 1, 0), (3, 2, 1), (4, 2, 0), (5, 3, 1), (6, 3, 0), (7, 4, 0), (8, 2, 0), (9, 3, 1), (10, 3, 0), (11, 4, 0), (12, 2, 0), (13, 3, 1), (14, 3, 0), (15, 4, 0)] n=3
          V=[(14, 3, 0)]（0）⟹ V'=[(12, 2, 0), (13, 3, 1), (14, 3, 0), (15, 3, 0)]（1）

### ⛔ シート行列そのもの（対照）  [0.3s]
  ⛔ 接頭辞に逃げる手 (a) 窓の row2pos       分母    4869  減   0.719%  同  47.032%  増  52.249%
  ⛔ 接頭辞に逃げる手 (b) 全体の row2pos      分母    4869  減  20.004%  同  71.165%  増   8.831%
  ★ ブロックの中の手 (a) 窓の row2pos       分母   14334  減  40.393%  同  59.607%  増   0.000% ★★★ **非増加**
  ★ ブロックの中の手 (b) 全体の row2pos      分母   14334  減  15.969%  同  42.626%  増  41.405%
  ★★ **srow(末尾) = 2 の手だけ**（窓の row2pos）分母 5513  減  29.585%  同  54.163%  増  16.252%
         srow=2 かつ ★ ブロックの中の手|同: 2694
         srow=2 かつ ★ ブロックの中の手|減: 1631
         srow=2 かつ ⛔ 接頭辞に逃げる手|同: 292
         srow=2 かつ ⛔ 接頭辞に逃げる手|増: 896
      ⛔ 窓の row2pos が増える例（⛔ 接頭辞に逃げる手）: X=[(0, 0, 0), (1, 0, 0), (2, 1, 0), (3, 2, 1), (1, 0, 0), (2, 0, 0)] n=1
          V=[(1, 0, 0)]（0）⟹ V'=[(0, 0, 0), (1, 0, 0), (2, 1, 0), (3, 2, 1)]（1）
      ⛔ 窓の row2pos が増える例（⛔ 接頭辞に逃げる手）: X=[(0, 0, 0), (1, 0, 0), (2, 1, 0), (3, 2, 1), (1, 0, 0), (2, 0, 0)] n=2
          V=[(1, 0, 0)]（0）⟹ V'=[(0, 0, 0), (1, 0, 0), (2, 1, 0), (3, 2, 1), (1, 0, 0)]（1）
      ⛔ 窓の row2pos が増える例（⛔ 接頭辞に逃げる手）: X=[(0, 0, 0), (1, 0, 0), (2, 1, 0), (3, 2, 1), (1, 0, 0), (2, 0, 0)] n=3
          V=[(1, 0, 0)]（0）⟹ V'=[(0, 0, 0), (1, 0, 0), (2, 1, 0), (3, 2, 1), (1, 0, 0), (1, 0, 0)]（1）
      ⛔ 窓の row2pos が増える例（⛔ 接頭辞に逃げる手）: X=[(0, 0, 0), (1, 0, 0), (2, 1, 0), (3, 2, 1), (1, 0, 0), (2, 1, 0)] n=1
          V=[(1, 0, 0)]（0）⟹ V'=[(0, 0, 0), (1, 0, 0), (2, 1, 0), (3, 2, 1)]（1）

