### ★ シート由来 Q（|Q|<=8）  Q 812 個  [0.8s]
  [★TowerP''(3条件)]             分母    67608  ★ **hz0(V)**    66024 ( 97.6571%)   ⛔ 破れ 1584 ⛔ **破れあり**
  [★TowerP''(3条件)][srow=0]     分母     6444  ★ **hz0(V)**     4860 ( 75.4190%)   ⛔ 破れ 1584 ⛔ **破れあり**
  [★TowerP''(3条件)][srow=1]     分母    51696  ★ **hz0(V)**    51696 (100.0000%)   ⛔ 破れ 0 ★★★ **100%**
  [★TowerP''(3条件)][srow=2]     分母     9468  ★ **hz0(V)**     9468 (100.0000%)   ⛔ 破れ 0 ★★★ **100%**
  [⛔ 外した群]                     分母     2988  ★ **hz0(V)**     2988 (100.0000%)   ⛔ 破れ 0 ★★★ **100%**
  [⛔ 外した群][srow=0]             分母     2520  ★ **hz0(V)**     2520 (100.0000%)   ⛔ 破れ 0 ★★★ **100%**
  [⛔ 外した群][srow=1]             分母      360  ★ **hz0(V)**      360 (100.0000%)   ⛔ 破れ 0 ★★★ **100%**
  [⛔ 外した群][srow=2]             分母      108  ★ **hz0(V)**      108 (100.0000%)   ⛔ 破れ 0 ★★★ **100%**
      ⛔ hz0(V) 破れ: Q=[(0, 0, 0), (1, 0, 0), (2, 1, 0), (3, 2, 1), (4, 1, 0), (4, 0, 0), (5, 1, 0)] d=1 e=0 n=1 j=5 c=10 **srow=0** 3条件=True
          V の先頭 = [(4, 2, 1), (5, 1, 0)]
      ⛔ hz0(V) 破れ: Q=[(0, 0, 0), (1, 0, 0), (2, 1, 0), (3, 2, 1), (4, 1, 0), (4, 0, 0), (5, 1, 0)] d=1 e=0 n=2 j=5 c=17 **srow=0** 3条件=True
          V の先頭 = [(5, 2, 1), (6, 1, 0)]
      ⛔ hz0(V) 破れ: Q=[(0, 0, 0), (1, 0, 0), (2, 1, 0), (3, 2, 1), (4, 1, 0), (4, 0, 0), (5, 1, 0)] d=1 e=0 n=3 j=5 c=24 **srow=0** 3条件=True
          V の先頭 = [(6, 2, 1), (7, 1, 0)]
      ⛔ hz0(V) 破れ: Q=[(0, 0, 0), (1, 0, 0), (2, 1, 0), (3, 2, 1), (4, 1, 0), (4, 0, 0), (5, 1, 0)] d=1 e=0 n=5 j=5 c=38 **srow=0** 3条件=True
          V の先頭 = [(8, 2, 1), (9, 1, 0)]
      ⛔ hz0(V) 破れ: Q=[(0, 0, 0), (1, 0, 0), (2, 1, 0), (3, 2, 1), (4, 1, 0), (4, 0, 0), (5, 1, 0)] d=1 e=1 n=1 j=5 c=10 **srow=0** 3条件=True
          V の先頭 = [(4, 2, 1), (5, 1, 0)]
      ⛔ hz0(V) 破れ: Q=[(0, 0, 0), (1, 0, 0), (2, 1, 0), (3, 2, 1), (4, 1, 0), (4, 0, 0), (5, 1, 0)] d=1 e=1 n=2 j=5 c=17 **srow=0** 3条件=True
          V の先頭 = [(5, 2, 1), (6, 1, 0)]

### ★★ シート由来 Q（|Q|<=10, d<=4, e<=3, n<=8）  Q 1535 個  [5.4s]
  [★TowerP''(3条件)]             分母   387120  ★ **hz0(V)**   381920 ( 98.6567%)   ⛔ 破れ 5200 ⛔ **破れあり**
  [★TowerP''(3条件)][srow=0]     分母    17680  ★ **hz0(V)**    12480 ( 70.5882%)   ⛔ 破れ 5200 ⛔ **破れあり**
  [★TowerP''(3条件)][srow=1]     分母   299520  ★ **hz0(V)**   299520 (100.0000%)   ⛔ 破れ 0 ★★★ **100%**
  [★TowerP''(3条件)][srow=2]     分母    69920  ★ **hz0(V)**    69920 (100.0000%)   ⛔ 破れ 0 ★★★ **100%**
  [⛔ 外した群]                     分母     7520  ★ **hz0(V)**     7460 ( 99.2021%)   ⛔ 破れ 60 ⛔ **破れあり**
  [⛔ 外した群][srow=0]             分母     6240  ★ **hz0(V)**     6180 ( 99.0385%)   ⛔ 破れ 60 ⛔ **破れあり**
  [⛔ 外した群][srow=1]             分母      800  ★ **hz0(V)**      800 (100.0000%)   ⛔ 破れ 0 ★★★ **100%**
  [⛔ 外した群][srow=2]             分母      480  ★ **hz0(V)**      480 (100.0000%)   ⛔ 破れ 0 ★★★ **100%**
      ⛔ hz0(V) 破れ: Q=[(0, 0, 0), (1, 0, 0), (2, 1, 0), (3, 2, 1), (4, 2, 0), (4, 1, 0), (4, 0, 0)] d=1 e=0 n=1 j=6 c=10 **srow=0** 3条件=True
          V の先頭 = [(4, 2, 1), (5, 2, 0), (5, 1, 0)]
      ⛔ hz0(V) 破れ: Q=[(0, 0, 0), (1, 0, 0), (2, 1, 0), (3, 2, 1), (4, 2, 0), (4, 1, 0), (4, 0, 0)] d=1 e=0 n=2 j=6 c=17 **srow=0** 3条件=True
          V の先頭 = [(5, 2, 1), (6, 2, 0), (6, 1, 0)]
      ⛔ hz0(V) 破れ: Q=[(0, 0, 0), (1, 0, 0), (2, 1, 0), (3, 2, 1), (4, 2, 0), (4, 1, 0), (4, 0, 0)] d=1 e=0 n=3 j=6 c=24 **srow=0** 3条件=True
          V の先頭 = [(6, 2, 1), (7, 2, 0), (7, 1, 0)]
      ⛔ hz0(V) 破れ: Q=[(0, 0, 0), (1, 0, 0), (2, 1, 0), (3, 2, 1), (4, 2, 0), (4, 1, 0), (4, 0, 0)] d=1 e=0 n=5 j=6 c=38 **srow=0** 3条件=True
          V の先頭 = [(8, 2, 1), (9, 2, 0), (9, 1, 0)]
      ⛔ hz0(V) 破れ: Q=[(0, 0, 0), (1, 0, 0), (2, 1, 0), (3, 2, 1), (4, 2, 0), (4, 1, 0), (4, 0, 0)] d=1 e=0 n=8 j=6 c=59 **srow=0** 3条件=True
          V の先頭 = [(11, 2, 1), (12, 2, 0), (12, 1, 0)]
      ⛔ hz0(V) 破れ: Q=[(0, 0, 0), (1, 0, 0), (2, 1, 0), (3, 2, 1), (4, 2, 0), (4, 1, 0), (4, 0, 0)] d=1 e=1 n=1 j=6 c=10 **srow=0** 3条件=True
          V の先頭 = [(4, 2, 1), (5, 2, 0), (5, 1, 0)]

### ⛔ 一様な箱（対照、行2<=2）  Q 29448 個  [1.5s]
  [★TowerP''(3条件)]             分母    46144  ★ **hz0(V)**    46096 ( 99.8960%)   ⛔ 破れ 48 ⛔ **破れあり**
  [★TowerP''(3条件)][srow=0]     分母     5760  ★ **hz0(V)**     5760 (100.0000%)   ⛔ 破れ 0 ★★★ **100%**
  [★TowerP''(3条件)][srow=1]     分母    19552  ★ **hz0(V)**    19504 ( 99.7545%)   ⛔ 破れ 48 ⛔ **破れあり**
  [★TowerP''(3条件)][srow=2]     分母    20832  ★ **hz0(V)**    20832 (100.0000%)   ⛔ 破れ 0 ★★★ **100%**
  [⛔ 外した群]                     分母    91346  ★ **hz0(V)**    56106 ( 61.4214%)   ⛔ 破れ 35240 ⛔ **破れあり**
  [⛔ 外した群][srow=0]             分母     7200  ★ **hz0(V)**     2880 ( 40.0000%)   ⛔ 破れ 4320 ⛔ **破れあり**
  [⛔ 外した群][srow=1]             分母    24552  ★ **hz0(V)**     9848 ( 40.1108%)   ⛔ 破れ 14704 ⛔ **破れあり**
  [⛔ 外した群][srow=2]             分母    59594  ★ **hz0(V)**    43378 ( 72.7892%)   ⛔ 破れ 16216 ⛔ **破れあり**
      ⛔ hz0(V) 破れ: Q=[(0, 0, 1), (1, 0, 0), (1, 0, 0)] d=1 e=0 n=1 j=2 c=3 **srow=0** 3条件=False
          V の先頭 = [(1, 0, 1), (2, 0, 0)]
      ⛔ hz0(V) 破れ: Q=[(0, 0, 1), (1, 0, 0), (1, 0, 0)] d=1 e=0 n=2 j=2 c=6 **srow=0** 3条件=False
          V の先頭 = [(2, 0, 1), (3, 0, 0)]
      ⛔ hz0(V) 破れ: Q=[(0, 0, 1), (1, 0, 0), (1, 0, 0)] d=1 e=1 n=1 j=2 c=3 **srow=0** 3条件=False
          V の先頭 = [(1, 1, 1), (2, 0, 0)]
      ⛔ hz0(V) 破れ: Q=[(0, 0, 1), (1, 0, 0), (1, 0, 0)] d=1 e=1 n=2 j=2 c=6 **srow=0** 3条件=False
          V の先頭 = [(2, 2, 1), (3, 0, 0)]
      ⛔ hz0(V) 破れ: Q=[(0, 0, 1), (1, 0, 0), (1, 0, 0)] d=2 e=0 n=1 j=2 c=3 **srow=0** 3条件=False
          V の先頭 = [(2, 0, 1), (3, 0, 0)]
      ⛔ hz0(V) 破れ: Q=[(0, 0, 1), (1, 0, 0), (1, 0, 0)] d=2 e=0 n=2 j=2 c=6 **srow=0** 3条件=False
          V の先頭 = [(4, 0, 1), (5, 0, 0)]

