### ★ シート由来 `hr0(Q)`（|Q|<=6）, d<=2, e<=2, n<=5, **A 付き**  [0.9s]
  **★A空**: 分母    36660  ★ MeasOK    34332 ( 93.6498%)   ⛔ **破れ** 2328
  **⛔A有**: 分母   146640  ★ MeasOK   137328 ( 93.6498%)   ⛔ **破れ** 9312
  ★★ (MEASQ) 突き合わせ（H12 の `Q` だけの条件 vs 実際の破れ）
      **左（S(j)∩[0,j) が空）**  分母 160020
          空=True: 破れ       0  破れず   59760   ⟹ 破れ率   0.0000%
          空=False: 破れ       0  破れず  100260   ⟹ 破れ率   0.0000%
      **右（S(j)∩(j,|Q|) が空）**  分母 160020
          空=True: 破れ       0  破れず  116640   ⟹ 破れ率   0.0000%
          空=False: 破れ       0  破れず   43380   ⟹ 破れ率   0.0000%
      ⛔ **MeasOK 破れ**: A=[] Q=[(0, 0, 0), (1, 0, 0), (2, 1, 0), (3, 2, 1), (4, 1, 0), (5, 0, 0)] d=1 e=0 n=1 j=0 c=0 |V|=6 |Q|=6
      ⛔ **MeasOK 破れ**: A=[] Q=[(0, 0, 0), (1, 0, 0), (2, 1, 0), (3, 2, 1), (4, 1, 0), (5, 0, 0)] d=1 e=0 n=2 j=0 c=6 |V|=6 |Q|=6
      ⛔ **MeasOK 破れ**: A=[] Q=[(0, 0, 0), (1, 0, 0), (2, 1, 0), (3, 2, 1), (4, 1, 0), (5, 0, 0)] d=1 e=0 n=3 j=0 c=12 |V|=6 |Q|=6
      ⛔ **MeasOK 破れ**: A=[] Q=[(0, 0, 0), (1, 0, 0), (2, 1, 0), (3, 2, 1), (4, 1, 0), (5, 0, 0)] d=1 e=0 n=5 j=0 c=24 |V|=6 |Q|=6
      ⛔ **MeasOK 破れ**: A=[] Q=[(0, 0, 0), (1, 0, 0), (2, 1, 0), (3, 2, 1), (4, 1, 0), (5, 0, 0)] d=1 e=1 n=1 j=0 c=0 |V|=6 |Q|=6

### ★★ シート由来 `hr0(Q)`（|Q|<=8）, d<=3, e<=2, n<=8, **A 付き**  [10.3s]
  **★A空**: 分母   313785  ★ MeasOK   302310 ( 96.3430%)   ⛔ **破れ** 11475
  **⛔A有**: 分母  1255140  ★ MeasOK  1209240 ( 96.3430%)   ⛔ **破れ** 45900
  ★★ (MEASQ) 突き合わせ（H12 の `Q` だけの条件 vs 実際の破れ）
      **左（S(j)∩[0,j) が空）**  分母 1396800
          空=True: 破れ       0  破れず  333900   ⟹ 破れ率   0.0000%
          空=False: 破れ       0  破れず 1062900   ⟹ 破れ率   0.0000%
      **右（S(j)∩(j,|Q|) が空）**  分母 1396800
          空=True: 破れ       0  破れず  957300   ⟹ 破れ率   0.0000%
          空=False: 破れ       0  破れず  439500   ⟹ 破れ率   0.0000%
      ⛔ **MeasOK 破れ**: A=[] Q=[(0, 0, 0), (1, 0, 0), (2, 1, 0), (3, 2, 1), (4, 2, 0), (5, 3, 1), (3, 2, 1), (4, 2, 0)] d=1 e=0 n=1 j=0 c=0 |V|=8 |Q|=8
      ⛔ **MeasOK 破れ**: A=[] Q=[(0, 0, 0), (1, 0, 0), (2, 1, 0), (3, 2, 1), (4, 2, 0), (5, 3, 1), (3, 2, 1), (4, 2, 0)] d=1 e=0 n=2 j=0 c=8 |V|=8 |Q|=8
      ⛔ **MeasOK 破れ**: A=[] Q=[(0, 0, 0), (1, 0, 0), (2, 1, 0), (3, 2, 1), (4, 2, 0), (5, 3, 1), (3, 2, 1), (4, 2, 0)] d=1 e=0 n=3 j=0 c=16 |V|=8 |Q|=8
      ⛔ **MeasOK 破れ**: A=[] Q=[(0, 0, 0), (1, 0, 0), (2, 1, 0), (3, 2, 1), (4, 2, 0), (5, 3, 1), (3, 2, 1), (4, 2, 0)] d=1 e=0 n=5 j=0 c=32 |V|=8 |Q|=8
      ⛔ **MeasOK 破れ**: A=[] Q=[(0, 0, 0), (1, 0, 0), (2, 1, 0), (3, 2, 1), (4, 2, 0), (5, 3, 1), (3, 2, 1), (4, 2, 0)] d=1 e=0 n=8 j=0 c=56 |V|=8 |Q|=8

