### ★ シート由来 `hr0(Q)`（|Q|<=6）, d<=2, e<=2, n<=5, **A 8 通り**  [1.7s]
  ★★ **総分母 293280**   ★ **測度が減る** 293280 (100.0000%)   ⛔ **減らない** 0
      ★(d=0→e=0)真            分母   236384  ★ 減 100.0000% ★★★ **100%**
      ⛔(d=0→e=0)偽            分母    56896  ★ 減 100.0000% ★★★ **100%**
      j=0                    分母    37248  ★ 減 100.0000% ★★★ **100%**
      j>=1                   分母   256032  ★ 減 100.0000% ★★★ **100%**
      ★(d=0→e=0)真|j=0        分母    37248  ★ 減 100.0000% ★★★ **100%**
      ★(d=0→e=0)真|j>=1       分母   199136  ★ 減 100.0000% ★★★ **100%**
      ⛔(d=0→e=0)偽|j>=1       分母    56896  ★ 減 100.0000% ★★★ **100%**
      A空                     分母    36660  ★ 減 100.0000% ★★★ **100%**
      A同じ                    分母   109980  ★ 減 100.0000% ★★★ **100%**
      A深い                    分母   146640  ★ 減 100.0000% ★★★ **100%**
      n=1                    分母    73320  ★ 減 100.0000% ★★★ **100%**
      n=2                    分母    73320  ★ 減 100.0000% ★★★ **100%**
      n=3                    分母    73320  ★ 減 100.0000% ★★★ **100%**
      n=5                    分母    73320  ★ 減 100.0000% ★★★ **100%**

### ★★ シート由来 `hr0(Q)`（|Q|<=8）, d<=3, e<=2, n<=8, **A 8 通り**  [19.0s]
  ★★ **総分母 2510280**   ★ **測度が減る** 2510280 (100.0000%)   ⛔ **減らない** 0
      ★(d=0→e=0)真            分母  2137800  ★ 減 100.0000% ★★★ **100%**
      ⛔(d=0→e=0)偽            分母   372480  ★ 減 100.0000% ★★★ **100%**
      j=0                    分母   275400  ★ 減 100.0000% ★★★ **100%**
      j>=1                   分母  2234880  ★ 減 100.0000% ★★★ **100%**
      ★(d=0→e=0)真|j=0        分母   275400  ★ 減 100.0000% ★★★ **100%**
      ★(d=0→e=0)真|j>=1       分母  1862400  ★ 減 100.0000% ★★★ **100%**
      ⛔(d=0→e=0)偽|j>=1       分母   372480  ★ 減 100.0000% ★★★ **100%**
      A空                     分母   313785  ★ 減 100.0000% ★★★ **100%**
      A同じ                    分母   941355  ★ 減 100.0000% ★★★ **100%**
      A深い                    分母  1255140  ★ 減 100.0000% ★★★ **100%**
      n=1                    分母   502056  ★ 減 100.0000% ★★★ **100%**
      n=2                    分母   502056  ★ 減 100.0000% ★★★ **100%**
      n=3                    分母   502056  ★ 減 100.0000% ★★★ **100%**
      n=5                    分母   502056  ★ 減 100.0000% ★★★ **100%**
      n=8                    分母   502056  ★ 減 100.0000% ★★★ **100%**

