## ⚠ 陽性対照 0: L3 の反例をそのまま再現
   S=[(0, 0, 0), (2, 0, 0), (3, 0, 0), (2, 1, 0)] last=3 i1=1 c=0 |V|=3 d0=2 e0=0  meas 7 -> 10  ⟹ ⛔ **減らない**

## ★★ Q の行 0 を u 持ち上げて A を「浅く」できるようにする
   u=1: 総分母 191836  ★減 183300 (95.5504%)  ⛔ **減らない 8536**
      A浅い              分母   155176  ★減  94.4991%  ⛔ 減らない 8536
      A同じ              分母    36660  ★減 100.0000%  ⛔ 減らない 0
      ★(d=0→e=0)真      分母   150844  ★減  97.9422%  ⛔ 減らない 3104
      ⛔(d=0→e=0)偽      分母    40992  ★減  86.7486%  ⛔ 減らない 5432
      ⛔ 減らない例: A=[(0, 0, 0)] Q=[(1, 0, 0), (2, 0, 0), (3, 1, 0), (4, 2, 1), (5, 1, 0), (6, 0, 0)] d=0 e=0 n=1 j=0 c=0 |V|=7 d0=0 e0=0 meas 21→18
      ⛔ 減らない例: A=[(0, 0, 0)] Q=[(1, 0, 0), (2, 0, 0), (3, 1, 0), (4, 2, 1), (5, 1, 0), (6, 0, 0)] d=0 e=0 n=2 j=0 c=0 |V|=13 d0=0 e0=0 meas 39→18
      ⛔ 減らない例: A=[(0, 0, 0)] Q=[(1, 0, 0), (2, 0, 0), (3, 1, 0), (4, 2, 1), (5, 1, 0), (6, 0, 0)] d=0 e=0 n=3 j=0 c=0 |V|=19 d0=0 e0=0 meas 57→18
   u=2: 総分母 194164  ★減 183300 (94.4047%)  ⛔ **減らない 10864**
      A浅い              分母   194164  ★減  94.4047%  ⛔ 減らない 10864
      ★(d=0→e=0)真      分母   151620  ★減  97.4410%  ⛔ 減らない 3880
      ⛔(d=0→e=0)偽      分母    42544  ★減  83.5841%  ⛔ 減らない 6984
      ⛔ 減らない例: A=[(0, 0, 0)] Q=[(2, 0, 0), (3, 0, 0), (4, 1, 0), (5, 2, 1), (6, 1, 0), (7, 0, 0)] d=0 e=0 n=1 j=0 c=0 |V|=7 d0=0 e0=0 meas 21→18
      ⛔ 減らない例: A=[(0, 0, 0)] Q=[(2, 0, 0), (3, 0, 0), (4, 1, 0), (5, 2, 1), (6, 1, 0), (7, 0, 0)] d=0 e=0 n=2 j=0 c=0 |V|=13 d0=0 e0=0 meas 39→18
      ⛔ 減らない例: A=[(0, 0, 0)] Q=[(2, 0, 0), (3, 0, 0), (4, 1, 0), (5, 2, 1), (6, 1, 0), (7, 0, 0)] d=0 e=0 n=3 j=0 c=0 |V|=19 d0=0 e0=0 meas 57→18
   u=3: 総分母 194164  ★減 183300 (94.4047%)  ⛔ **減らない 10864**
      A浅い              分母   194164  ★減  94.4047%  ⛔ 減らない 10864
      ★(d=0→e=0)真      分母   151620  ★減  97.4410%  ⛔ 減らない 3880
      ⛔(d=0→e=0)偽      分母    42544  ★減  83.5841%  ⛔ 減らない 6984
      ⛔ 減らない例: A=[(0, 0, 0)] Q=[(3, 0, 0), (4, 0, 0), (5, 1, 0), (6, 2, 1), (7, 1, 0), (8, 0, 0)] d=0 e=0 n=1 j=0 c=0 |V|=7 d0=0 e0=0 meas 21→18
      ⛔ 減らない例: A=[(0, 0, 0)] Q=[(3, 0, 0), (4, 0, 0), (5, 1, 0), (6, 2, 1), (7, 1, 0), (8, 0, 0)] d=0 e=0 n=2 j=0 c=0 |V|=13 d0=0 e0=0 meas 39→18
      ⛔ 減らない例: A=[(0, 0, 0)] Q=[(3, 0, 0), (4, 0, 0), (5, 1, 0), (6, 2, 1), (7, 1, 0), (8, 0, 0)] d=0 e=0 n=3 j=0 c=0 |V|=19 d0=0 e0=0 meas 57→18
