### ★★ シート由来 `hr0(Q)`（|Q|<=6）, **u∈{0,1,2}（entry Q 0 0 > 0 を混ぜる）**, A 8 通り  [7.5s]
  **⛔ A が浅い**: 分母 349340
      (1a) lev(Q の根)                 減   0.000%  同  55.239%  増  44.761%
      (1b) lev の最大（A++Q）             減   0.000%  同  63.996%  増  36.004%
      (1c) lev の総和（A++Q）             減   0.000%  同  10.559%  増  89.441%
      (2) |A| + |Q|                  減   0.000%  同   5.664%  増  94.336%
      (3) A の浅い列の数                   減   5.553%  同   8.924%  増  85.522%
      (4) 浅さのギャップ                    減   5.553%  同   8.924%  増  85.522%
      (5) A の最小の行 0                  減   0.000%  同 100.000%  増   0.000% ★★★ **非増加**
      (参考) towerMeas                 減  94.447%  同   0.000%  増   5.553%
      LEX (lev根, towerMeas)          減  52.240%  同   0.000%  増  47.760%
      LEX (浅い列数, towerMeas)          減  14.478%  同   0.000%  増  85.522%
  **★ A が浅くない**: 分母 329940
      (1a) lev(Q の根)                 減   0.000%  同  55.312%  増  44.688%
      (1b) lev の最大（A++Q）             減   0.000%  同  62.334%  増  37.666%
      (1c) lev の総和（A++Q）             減   0.000%  同   9.344%  増  90.656%
      (2) |A| + |Q|                  減   0.000%  同   4.233%  増  95.767%
      (3) A の浅い列の数                   減   0.000%  同   9.449%  増  90.551%
      (4) 浅さのギャップ                    減   0.000%  同   9.449%  増  90.551%
      (5) A の最小の行 0                  減  16.314%  同  83.686%  増   0.000% ★★★ **非増加**
      (参考) towerMeas                 減 100.000%  同   0.000%  増   0.000% ★★★ **非増加**
      LEX (lev根, towerMeas)          減  55.312%  同   0.000%  増  44.688%
      LEX (浅い列数, towerMeas)          減   9.449%  同   0.000%  増  90.551%

