## ★★★★ (LEV-P-CE) L3 の反例 2 件を直接
   A=[(0, 0, 0)] Q=[(2, 1, 0), (3, 1, 0)] d=1 e=0 n=1 j=1 ⟹ c=0 |V|=4
       段内: lev(親)=0 < lev(的)=2 ? True
       段間: lev V 0 = 0  vs  lev Q 0 = 2 ⟹ ★減
       辞書式 (lev V 0, towerMeas): (2,7) → (0,13) ⟹ ★減
   A=[(0, 0, 0)] Q=[(1, 1, 0), (2, 1, 0)] d=0 e=0 n=1 j=1 ⟹ c=0 |V|=4
       段内: lev(親)=0 < lev(的)=2 ? True
       段間: lev V 0 = 0  vs  lev Q 0 = 2 ⟹ ★減
       辞書式 (lev V 0, towerMeas): (2,6) → (0,13) ⟹ ★減

## ★★ 全体（チェックリスト適用）  [8.2s]
  **★行1が一定**: 分母 7989
      ★ (a) 段内 `lev(親) < lev(的)` 4668 ( 58.4303%)
      (b) 段間 `lev V 0`: 減  31.093%  同  46.752%  増  22.155%
      ★ (c) 辞書式 `(lev V 0, towerMeas)` が減る 6048 ( 75.7041%)
  **シート**: 分母 509072
      ★ (a) 段内 `lev(親) < lev(的)` 321530 ( 63.1600%)
      (b) 段間 `lev V 0`: 減   0.000%  同  55.488%  増  44.512%
      ★ (c) 辞書式 `(lev V 0, towerMeas)` が減る 273744 ( 53.7731%)
      ⛔ 辞書式が減らない例: A=[] Q=[(0, 0, 0), (1, 0, 0)] d=0 e=1 n=1 j=1 c=2 lev 0→2 meas 7→3
      ⛔ 辞書式が減らない例: A=[] Q=[(0, 0, 0), (1, 0, 0)] d=0 e=1 n=2 j=1 c=4 lev 0→4 meas 7→3
      ⛔ 辞書式が減らない例: A=[] Q=[(0, 0, 0), (1, 0, 0)] d=0 e=1 n=3 j=1 c=6 lev 0→6 meas 7→3
      ⛔ 辞書式が減らない例: A=[] Q=[(0, 0, 0), (1, 0, 0)] d=0 e=2 n=1 j=1 c=2 lev 0→4 meas 7→3
