## ★★★★ (MEAS-S) L3 の反例 2 件
   Q=[(2, 1, 0), (3, 1, 0)] d=1 e=0 j=1 ⟹ |V|=4 vs |Q|=2、rankDE 1 → **1**、meas 7 → 13
   Q=[(1, 1, 0), (2, 1, 0)] d=0 e=0 j=1 ⟹ |V|=4 vs |Q|=2、rankDE 0 → **1**、meas 6 → 13

## ★★ (MEAS-S) `|V|` と `|Q|` の関係別  [10.4s]
  [★行1が一定] **|V| < |Q|** 分母     4050   ★ srow が減る  92.0000%   ★★ **meas が減る** 100.0000%
  [★行1が一定] **|V| = |Q|** 分母     1134   ★ srow が減る 100.0000%   ★★ **meas が減る** 100.0000%
  [★行1が一定] **|V| > |Q|** 分母     2805   ★ srow が減る  30.8021%   ★★ **meas が減る**   0.0000%
  [シート] **|V| < |Q|** 分母   463482   ★ srow が減る  59.3499%   ★★ **meas が減る** 100.0000%
  [シート] **|V| = |Q|** 分母    31428   ★ srow が減る 100.0000%   ★★ **meas が減る** 100.0000%
  [シート] **|V| > |Q|** 分母    14162   ★ srow が減る   0.0000%   ★★ **meas が減る**   0.0000%

## ★★ (MEAS-C) 新しい候補
  **★行1が一定**: 分母 7989
      (1a) |V| - |A|                 減  60.158%  同   4.732%  増  35.111%
      (1b) 2|V| + srow               減  64.889%  同   0.000%  増  35.111%
      (2) A の V 根より浅い列数              減  35.111%  同  10.815%  増  54.074%
      (3) V の srow=2 の列数             減   0.000%  同  98.723%  増   1.277%
      (5) V の行 0 の幅                  減  54.412%  同  19.377%  増  26.211%
      (6) V の行 1 の最大 - 根             減   0.000%  同  67.030%  増  32.970%
      (7) V の相異なる行 1 の値の数            減   0.000%  同  58.017%  増  41.983%
      (8) srow(末尾)                   減  71.649%  同  24.296%  増   4.056%
  **シート**: 分母 509072
      (1a) |V| - |A|                 減  95.160%  同   2.058%  増   2.782%
      (1b) 2|V| + srow               減  97.218%  同   0.000%  増   2.782%
      (2) A の V 根より浅い列数              減   2.782%  同   9.186%  増  88.032%
      (3) V の srow=2 の列数             減  24.217%  同  74.756%  増   1.027%
      (5) V の行 0 の幅                  減  85.030%  同   9.706%  増   5.264%
      (6) V の行 1 の最大 - 根             減  69.995%  同  29.540%  増   0.465%
      (7) V の相異なる行 1 の値の数            減  64.441%  同  32.011%  増   3.548%
      (8) srow(末尾)                   減  60.208%  同  29.937%  増   9.854%
