### (CHAIN) n∈{1,2}, DMAX=5, |Q|<=4, j0<=3  種 120  [2.7s]
  (a) ⛔ **循環** 0   ⚠ 深さ上限 5 に到達 150339
      到達した深さ: {0: 106, 1: 574, 2: 2488, 3: 9630, 4: 36863}
  手: ★良 139008  ⛔残 60898
  ★★★ (c) 連鎖に沿って単調な量
      [全] |Q|                        減  73.710%  同   5.210%  増  21.080%
      [★良] |Q|                        減 100.000%  同   0.000%  増   0.000% ★★★ **非増加**
      [全] |A|                        減  30.463%  同  17.201%  増  52.336%
      [⛔残] |A|                        減 100.000%  同   0.000%  増   0.000% ★★★ **非増加**
      [全] |A|+|Q|                    減  50.000%  同  15.204%  増  34.796%
      [全] Q の行 0 の幅                  減  60.066%  同  15.343%  増  24.591%
      [全] Q の相異なる行 1 の値の数            減  43.839%  同  46.987%  増   9.174%
      [★良] Q の相異なる行 1 の値の数            減  57.290%  同  42.710%  増   0.000% ★★★ **非増加**
      [全] Q の行 1 の最大                 減  39.782%  同  52.336%  増   7.883%
      [★良] Q の行 1 の最大                 減  50.118%  同  49.882%  増   0.000% ★★★ **非増加**
      [全] Q の srow=2 の列数             減   0.000%  同 100.000%  増   0.000% ★★★ **非増加**
      [★良] Q の srow=2 の列数             減   0.000%  同 100.000%  増   0.000% ★★★ **非増加**
      [⛔残] Q の srow=2 の列数             減   0.000%  同 100.000%  増   0.000% ★★★ **非増加**
      [全] Q の孤児の数                    減   0.143%  同  99.857%  増   0.000% ★★★ **非増加**
      [★良] Q の孤児の数                    減   0.063%  同  99.937%  増   0.000% ★★★ **非増加**
      [⛔残] Q の孤児の数                    減   0.325%  同  99.675%  増   0.000% ★★★ **非増加**
      [全] A の最小の行 0                  減   0.000%  同 100.000%  増   0.000% ★★★ **非増加**
      [★良] A の最小の行 0                  減   0.000%  同 100.000%  増   0.000% ★★★ **非増加**
      [⛔残] A の最小の行 0                  減   0.000%  同 100.000%  増   0.000% ★★★ **非増加**
      [全] entry Q 0 0                減  30.463%  同  34.418%  増  35.119%
      [⛔残] entry Q 0 0                減 100.000%  同   0.000%  増   0.000% ★★★ **非増加**
  (d) pattern の分布（先頭 6 手）:
      RGRG: 11410
      GRGG: 4300
      RGGR: 4070
      GRGR: 3920
      RGGG: 3168
      GRRG: 2696
      RGG: 2675
      GRG: 2612

### (CHAIN) n∈{1,2,3}, DMAX=4, |Q|<=4, j0<=3  種 120  [3.4s]
  (a) ⛔ **循環** 0   ⚠ 深さ上限 4 に到達 172547
      到達した深さ: {0: 60, 1: 395, 2: 3163, 3: 23835}
  手: ★良 161946  ⛔残 38025
  ★★★ (c) 連鎖に沿って単調な量
      [全] |Q|                        減  81.864%  同   2.048%  増  16.088%
      [★良] |Q|                        減 100.000%  同   0.000%  増   0.000% ★★★ **非増加**
      [全] |A|                        減  19.015%  同  14.913%  増  66.072%
      [⛔残] |A|                        減 100.000%  同   0.000%  増   0.000% ★★★ **非増加**
      [全] |A|+|Q|                    減  33.333%  同   6.325%  増  60.341%
      [全] Q の行 0 の幅                  減  57.351%  同  19.488%  増  23.160%
      [全] Q の相異なる行 1 の値の数            減  32.919%  同  61.489%  増   5.591%
      [★良] Q の相異なる行 1 の値の数            減  39.821%  同  60.179%  増   0.000% ★★★ **非増加**
      [全] Q の行 1 の最大                 減  32.919%  同  61.489%  増   5.591%
      [★良] Q の行 1 の最大                 減  39.821%  同  60.179%  増   0.000% ★★★ **非増加**
      [全] Q の srow=2 の列数             減   0.000%  同 100.000%  増   0.000% ★★★ **非増加**
      [★良] Q の srow=2 の列数             減   0.000%  同 100.000%  増   0.000% ★★★ **非増加**
      [⛔残] Q の srow=2 の列数             減   0.000%  同 100.000%  増   0.000% ★★★ **非増加**
      [全] Q の孤児の数                    減   0.105%  同  99.895%  増   0.000% ★★★ **非増加**
      [★良] Q の孤児の数                    減   0.041%  同  99.959%  増   0.000% ★★★ **非増加**
      [⛔残] Q の孤児の数                    減   0.379%  同  99.621%  増   0.000% ★★★ **非増加**
      [全] A の最小の行 0                  減   0.000%  同 100.000%  増   0.000% ★★★ **非増加**
      [★良] A の最小の行 0                  減   0.000%  同 100.000%  増   0.000% ★★★ **非増加**
      [⛔残] A の最小の行 0                  減   0.000%  同 100.000%  増   0.000% ★★★ **非増加**
      [全] entry Q 0 0                減  19.015%  同  44.750%  増  36.235%
      [⛔残] entry Q 0 0                減 100.000%  同   0.000%  増   0.000% ★★★ **非増加**
  (d) pattern の分布（先頭 6 手）:
      RGG: 11133
      GRG: 6345
      RGR: 3837
      RG: 2449
      RRG: 1890
      GR: 471
      GRR: 360
      GGR: 216

