### R99 (P-tie) LiftTie の場面 |R|<=4  (97.3s)  場面 **9405792** 件
  -- ★ `le1_zero_iff`（緑）との照合 --
     le1_zero_iff/ok                 46803888
  -- (h2-1) 一致するか --
     食い違いあり                              9405792  (100.0%)
  -- (h2-2) 食い違う列の本数 --
     1 本 :    1466496  ( 15.6%)
     2 本 :    1656288  ( 17.6%)
     3 本 :    1996488  ( 21.2%)
     4 本 :    4286520  ( 45.6%)
  -- (h2-3) 食い違う列の位置（多い順に 8 件） --
     位置 i=4 / |X|=5                7236540
     位置 i=3 / |X|=5                7085880
     位置 i=2 / |X|=5                6814692
     位置 i=1 / |X|=5                6272316
     位置 i=3 / |X|=4                 174960
     位置 i=2 / |X|=4                 168156
     位置 i=1 / |X|=4                 154548
     位置 i=2 / |X|=3                   3888
  ex 差分あり: ([(1, 0, 0)], 0, 0, [1])

### R99 (P-tower) TowerOK2 の場面 |R|<=4  (43.0s)  場面 **2964906** 件
  -- ★ `le1_zero_iff`（緑）との照合 --
     le1_zero_iff/ok                 14733474
  -- (h2-1) 一致するか --
     **一致（Lift1 = 一様シフト）**                965583  ( 32.6%)
     食い違いあり                              1999323  ( 67.4%)
  -- (h2-2) 食い違う列の本数 --
     0 本 :     965583  ( 32.6%)
     1 本 :     935856  ( 31.6%)
     2 本 :     678717  ( 22.9%)
     3 本 :     384750  ( 13.0%)
  -- (h2-3) 食い違う列の位置（多い順に 8 件） --
     位置 i=2 / |X|=5                1186443
     位置 i=3 / |X|=5                1115784
     位置 i=1 / |X|=5                1081593
     位置 i=2 / |X|=4                  31740
     位置 i=1 / |X|=4                  31080
     位置 i=1 / |X|=3                    900
  ex 差分あり: ([(1, 0, 0), (1, 1, 0)], 0, 0, [1])

