### R126 (z1)(z2)(z3) 孤児の割合  箱 行0<=3 行1<=2 行2<=1  根が狭義最浅=要求
  |Q|=2  母集団       216  **孤児      126 (58.333%)**
      srow=0: 分母        36  孤児        0 ( 0.000%)
      srow=1: 分母        72  孤児       36 (50.000%)
      srow=2: 分母       108  孤児       90 (83.333%)
      根の行2 z=0: 孤児       54
      根の行2 z=1: 孤児       72
      形 F1 srow=1 行1が根以下                 36
      形 F2a srow=2 錐の外                   72
      形 F2b srow=2 行2が根以下                54
      ★★ §79 の形の外 :        0  ✅ **0（§79 は破れない）**
      ⚠ F2b だけの孤児 :       18  ← **§281 の 2 形では足りない**
      最小例 F1 srow=1 行1が根以下: [(0, 1, 0), (1, 1, 0)]
      最小例 F2a srow=2 錐の外: [(0, 0, 0), (1, 0, 1)]
      最小例 F2b srow=2 行2が根以下: [(0, 0, 1), (1, 0, 1)]
      最小例 F2bのみ: [(0, 0, 1), (1, 1, 1)]
  |Q|=3  母集団      3024  **孤児     1664 (55.026%)**
      srow=0: 分母       504  孤児        0 ( 0.000%)
      srow=1: 分母      1008  孤児      440 (43.651%)
      srow=2: 分母      1512  孤児     1224 (80.952%)
      根の行2 z=0: 孤児      724
      根の行2 z=1: 孤児      940
      形 F1 srow=1 行1が根以下                440
      形 F2a srow=2 錐の外                 1008
      形 F2b srow=2 行2が根以下               720
      ★★ §79 の形の外 :        0  ✅ **0（§79 は破れない）**
      ⚠ F2b だけの孤児 :      216  ← **§281 の 2 形では足りない**
      最小例 F1 srow=1 行1が根以下: [(0, 1, 0), (1, 0, 0), (1, 1, 0)]
      最小例 F2a srow=2 錐の外: [(0, 0, 0), (1, 0, 0), (1, 0, 1)]
      最小例 F2b srow=2 行2が根以下: [(0, 0, 1), (1, 0, 0), (1, 0, 1)]
      最小例 F2bのみ: [(0, 0, 1), (1, 0, 0), (1, 1, 1)]
  |Q|=4  母集団     46656  **孤児    24738 (53.022%)**
      srow=0: 分母      7776  孤児        0 ( 0.000%)
      srow=1: 分母     15552  孤児     6192 (39.815%)
      srow=2: 分母     23328  孤児    18546 (79.501%)
      根の行2 z=0: 孤児    10869
      根の行2 z=1: 孤児    13869
      形 F1 srow=1 行1が根以下               6192
      形 F2a srow=2 錐の外                15546
      形 F2b srow=2 行2が根以下             10773
      ★★ §79 の形の外 :        0  ✅ **0（§79 は破れない）**
      ⚠ F2b だけの孤児 :     3000  ← **§281 の 2 形では足りない**
      最小例 F1 srow=1 行1が根以下: [(0, 1, 0), (1, 0, 0), (1, 0, 0), (1, 1, 0)]
      最小例 F2a srow=2 錐の外: [(0, 0, 0), (1, 0, 0), (1, 0, 0), (1, 0, 1)]
      最小例 F2b srow=2 行2が根以下: [(0, 0, 1), (1, 0, 0), (1, 0, 0), (1, 0, 1)]
      最小例 F2bのみ: [(0, 0, 1), (1, 0, 0), (1, 0, 0), (1, 1, 1)]
  |Q|=5  母集団    762048  **孤児   394920 (51.824%)**
      srow=0: 分母    127008  孤児        0 ( 0.000%)
      srow=1: 分母    254016  孤児    95328 (37.528%)
      srow=2: 分母    381024  孤児   299592 (78.628%)
      根の行2 z=0: 孤児   174564
      根の行2 z=1: 孤児   220356
      形 F1 srow=1 行1が根以下              95328
      形 F2a srow=2 錐の外               253800
      形 F2b srow=2 行2が根以下            172692
      ★★ §79 の形の外 :        0  ✅ **0（§79 は破れない）**
      ⚠ F2b だけの孤児 :    45792  ← **§281 の 2 形では足りない**
      最小例 F1 srow=1 行1が根以下: [(0, 1, 0), (1, 0, 0), (1, 0, 0), (1, 0, 0), (1, 1, 0)]
      最小例 F2a srow=2 錐の外: [(0, 0, 0), (1, 0, 0), (1, 0, 0), (1, 0, 0), (1, 0, 1)]
      最小例 F2b srow=2 行2が根以下: [(0, 0, 1), (1, 0, 0), (1, 0, 0), (1, 0, 0), (1, 0, 1)]
      最小例 F2bのみ: [(0, 0, 1), (1, 0, 0), (1, 0, 0), (1, 0, 0), (1, 1, 1)]

### R126 (z1)(z2)(z3) 孤児の割合  箱 行0<=3 行1<=2 行2<=2  根が狭義最浅=要求
  |Q|=2  母集団       486  **孤児      324 (66.667%)**
      srow=0: 分母        54  孤児        0 ( 0.000%)
      srow=1: 分母       108  孤児       54 (50.000%)
      srow=2: 分母       324  孤児      270 (83.333%)
      根の行2 z=0: 孤児       90
      根の行2 z=1: 孤児      108
      根の行2 z=2: 孤児      126
      形 F1 srow=1 行1が根以下                 54
      形 F2a srow=2 錐の外                  216
      形 F2b srow=2 行2が根以下               162
      ★★ §79 の形の外 :        0  ✅ **0（§79 は破れない）**
      ⚠ F2b だけの孤児 :       54  ← **§281 の 2 形では足りない**
      最小例 F1 srow=1 行1が根以下: [(0, 1, 0), (1, 1, 0)]
      最小例 F2a srow=2 錐の外: [(0, 0, 0), (1, 0, 1)]
      最小例 F2b srow=2 行2が根以下: [(0, 0, 1), (1, 0, 1)]
      最小例 F2bのみ: [(0, 0, 1), (1, 1, 1)]
  |Q|=3  母集団     10206  **孤児     6500 (63.688%)**
      srow=0: 分母      1134  孤児        0 ( 0.000%)
      srow=1: 分母      2268  孤児      990 (43.651%)
      srow=2: 分母      6804  孤児     5510 (80.982%)
      根の行2 z=0: 孤児     1842
      根の行2 z=1: 孤児     2168
      根の行2 z=2: 孤児     2490
      形 F1 srow=1 行1が根以下                990
      形 F2a srow=2 錐の外                 4536
      形 F2b srow=2 行2が根以下              3258
      ★★ §79 の形の外 :        0  ✅ **0（§79 は破れない）**
      ⚠ F2b だけの孤児 :      974  ← **§281 の 2 形では足りない**
      最小例 F1 srow=1 行1が根以下: [(0, 1, 0), (1, 0, 0), (1, 1, 0)]
      最小例 F2a srow=2 錐の外: [(0, 0, 0), (1, 0, 0), (1, 0, 1)]
      最小例 F2b srow=2 行2が根以下: [(0, 0, 1), (1, 0, 0), (1, 0, 1)]
      最小例 F2bのみ: [(0, 0, 1), (1, 0, 0), (1, 1, 1)]
  |Q|=4  母集団    236196  **孤児   146160 (61.881%)**
      srow=0: 分母     26244  孤児        0 ( 0.000%)
      srow=1: 分母     52488  孤児    20898 (39.815%)
      srow=2: 分母    157464  孤児   125262 (79.550%)
      根の行2 z=0: 孤児    41946
      根の行2 z=1: 孤児    48768
      根の行2 z=2: 孤児    55446
      形 F1 srow=1 行1が根以下              20898
      形 F2a srow=2 錐の外               104940
      形 F2b srow=2 行2が根以下             73386
      ★★ §79 の形の外 :        0  ✅ **0（§79 は破れない）**
      ⚠ F2b だけの孤児 :    20322  ← **§281 の 2 形では足りない**
      最小例 F1 srow=1 行1が根以下: [(0, 1, 0), (1, 0, 0), (1, 0, 0), (1, 1, 0)]
      最小例 F2a srow=2 錐の外: [(0, 0, 0), (1, 0, 0), (1, 0, 0), (1, 0, 1)]
      最小例 F2b srow=2 行2が根以下: [(0, 0, 1), (1, 0, 0), (1, 0, 0), (1, 0, 1)]
      最小例 F2bのみ: [(0, 0, 1), (1, 0, 0), (1, 0, 0), (1, 1, 1)]

### R126 (z1)(z2)(z3) 孤児の割合  箱 行0<=3 行1<=2 行2<=3  根が狭義最浅=要求
  |Q|=2  母集団       864  **孤児      612 (70.833%)**
      srow=0: 分母        72  孤児        0 ( 0.000%)
      srow=1: 分母       144  孤児       72 (50.000%)
      srow=2: 分母       648  孤児      540 (83.333%)
      根の行2 z=0: 孤児      126
      根の行2 z=1: 孤児      144
      根の行2 z=2: 孤児      162
      根の行2 z=3: 孤児      180
      形 F1 srow=1 行1が根以下                 72
      形 F2a srow=2 錐の外                  432
      形 F2b srow=2 行2が根以下               324
      ★★ §79 の形の外 :        0  ✅ **0（§79 は破れない）**
      ⚠ F2b だけの孤児 :      108  ← **§281 の 2 形では足りない**
      最小例 F1 srow=1 行1が根以下: [(0, 1, 0), (1, 1, 0)]
      最小例 F2a srow=2 錐の外: [(0, 0, 0), (1, 0, 1)]
      最小例 F2b srow=2 行2が根以下: [(0, 0, 1), (1, 0, 1)]
      最小例 F2bのみ: [(0, 0, 1), (1, 1, 1)]
  |Q|=3  母集団     24192  **孤児    16456 (68.022%)**
      srow=0: 分母      2016  孤児        0 ( 0.000%)
      srow=1: 分母      4032  孤児     1760 (43.651%)
      srow=2: 分母     18144  孤児    14696 (80.996%)
      根の行2 z=0: 孤児     3464
      根の行2 z=1: 孤児     3900
      根の行2 z=2: 孤児     4332
      根の行2 z=3: 孤児     4760
      形 F1 srow=1 行1が根以下               1760
      形 F2a srow=2 錐の外                12096
      形 F2b srow=2 行2が根以下              8712
      ★★ §79 の形の外 :        0  ✅ **0（§79 は破れない）**
      ⚠ F2b だけの孤児 :     2600  ← **§281 の 2 形では足りない**
      最小例 F1 srow=1 行1が根以下: [(0, 1, 0), (1, 0, 0), (1, 1, 0)]
      最小例 F2a srow=2 錐の外: [(0, 0, 0), (1, 0, 0), (1, 0, 1)]
      最小例 F2b srow=2 行2が根以下: [(0, 0, 1), (1, 0, 0), (1, 0, 1)]
      最小例 F2bのみ: [(0, 0, 1), (1, 0, 0), (1, 1, 1)]
  |Q|=4  母集団    746496  **孤児   495048 (66.316%)**
      srow=0: 分母     62208  孤児        0 ( 0.000%)
      srow=1: 分母    124416  孤児    49536 (39.815%)
      srow=2: 分母    559872  孤児   445512 (79.574%)
      根の行2 z=0: 孤児   105666
      根の行2 z=1: 孤児   117858
      根の行2 z=2: 孤児   129858
      根の行2 z=3: 孤児   141666
      形 F1 srow=1 行1が根以下              49536
      形 F2a srow=2 錐の外               373128
      形 F2b srow=2 行2が根以下            262116
      ★★ §79 の形の外 :        0  ✅ **0（§79 は破れない）**
      ⚠ F2b だけの孤児 :    72384  ← **§281 の 2 形では足りない**
      最小例 F1 srow=1 行1が根以下: [(0, 1, 0), (1, 0, 0), (1, 0, 0), (1, 1, 0)]
      最小例 F2a srow=2 錐の外: [(0, 0, 0), (1, 0, 0), (1, 0, 0), (1, 0, 1)]
      最小例 F2b srow=2 行2が根以下: [(0, 0, 1), (1, 0, 0), (1, 0, 0), (1, 0, 1)]
      最小例 F2bのみ: [(0, 0, 1), (1, 0, 0), (1, 0, 0), (1, 1, 1)]

### R126 陰性対照: 「根が狭義最浅」を落とす  箱 行0<=3 行1<=2 行2<=1  根が狭義最浅=**落とす（陰性対照）**
  |Q|=2  母集団       576  **孤児      486 (84.375%)**
      srow=0: 分母        96  孤児       60 (62.500%)   ⛔ **§79 が偽**
      srow=1: 分母       192  孤児      156 (81.250%)
      srow=2: 分母       288  孤児      270 (93.750%)
      根の行2 z=0: 孤児      234
      根の行2 z=1: 孤児      252
      形 F0 srow=0 **§79 が偽**             60
      形 F1 srow=1 行1が根以下                 96
      形 F2a srow=2 錐の外                  252
      形 F2b srow=2 行2が根以下               144
      ★★ §79 の形の外 :       60  ⛔ **§79 に穴**
      ⚠ F2b だけの孤児 :       18  ← **§281 の 2 形では足りない**
      最小例 F0 srow=0 **§79 が偽**: [(0, 0, 0), (0, 0, 0)]
      最小例 F1 srow=1 行1が根以下: [(0, 1, 0), (0, 1, 0)]
      最小例 F2a srow=2 錐の外: [(0, 0, 0), (0, 0, 1)]
      最小例 F2b srow=2 行2が根以下: [(0, 0, 1), (0, 0, 1)]
      最小例 F2bのみ: [(0, 0, 1), (1, 1, 1)]
      最小例 外: [(0, 0, 0), (0, 1, 0)]
  |Q|=3  母集団     13824  **孤児    10664 (77.141%)**
      srow=0: 分母      2304  孤児     1080 (46.875%)   ⛔ **§79 が偽**
      srow=1: 分母      4608  孤児     3320 (72.049%)
      srow=2: 分母      6912  孤児     6264 (90.625%)
      根の行2 z=0: 孤児     5224
      根の行2 z=1: 孤児     5440
      形 F0 srow=0 **§79 が偽**           1080
      形 F1 srow=1 行1が根以下               1920
      形 F2a srow=2 錐の外                 6048
      形 F2b srow=2 行2が根以下              3240
      ★★ §79 の形の外 :     1400  ⛔ **§79 に穴**
      ⚠ F2b だけの孤児 :      216  ← **§281 の 2 形では足りない**
      最小例 F0 srow=0 **§79 が偽**: [(0, 0, 0), (0, 0, 0), (0, 0, 0)]
      最小例 F1 srow=1 行1が根以下: [(0, 1, 0), (0, 0, 0), (0, 1, 0)]
      最小例 F2a srow=2 錐の外: [(0, 0, 0), (0, 0, 0), (0, 0, 1)]
      最小例 F2b srow=2 行2が根以下: [(0, 0, 1), (0, 0, 0), (0, 0, 1)]
      最小例 F2bのみ: [(0, 0, 1), (1, 0, 0), (1, 1, 1)]
      最小例 外: [(0, 0, 0), (0, 0, 0), (0, 1, 0)]

### R126 陰性対照: 「根が狭義最浅」を落とす  箱 行0<=3 行1<=2 行2<=2  根が狭義最浅=**落とす（陰性対照）**
  |Q|=2  母集団      1296  **孤児     1134 (87.500%)**
      srow=0: 分母       144  孤児       90 (62.500%)   ⛔ **§79 が偽**
      srow=1: 分母       288  孤児      234 (81.250%)
      srow=2: 分母       864  孤児      810 (93.750%)
      根の行2 z=0: 孤児      360
      根の行2 z=1: 孤児      378
      根の行2 z=2: 孤児      396
      形 F0 srow=0 **§79 が偽**             90
      形 F1 srow=1 行1が根以下                144
      形 F2a srow=2 錐の外                  756
      形 F2b srow=2 行2が根以下               432
      ★★ §79 の形の外 :       90  ⛔ **§79 に穴**
      ⚠ F2b だけの孤児 :       54  ← **§281 の 2 形では足りない**
      最小例 F0 srow=0 **§79 が偽**: [(0, 0, 0), (0, 0, 0)]
      最小例 F1 srow=1 行1が根以下: [(0, 1, 0), (0, 1, 0)]
      最小例 F2a srow=2 錐の外: [(0, 0, 0), (0, 0, 1)]
      最小例 F2b srow=2 行2が根以下: [(0, 0, 1), (0, 0, 1)]
      最小例 F2bのみ: [(0, 0, 1), (1, 1, 1)]
      最小例 外: [(0, 0, 0), (0, 1, 0)]
  |Q|=3  母集団     46656  **孤児    38090 (81.640%)**
      srow=0: 分母      5184  孤児     2430 (46.875%)   ⛔ **§79 が偽**
      srow=1: 分母     10368  孤児     7470 (72.049%)
      srow=2: 分母     31104  孤児    28190 (90.631%)
      根の行2 z=0: 孤児    12372
      根の行2 z=1: 孤児    12698
      根の行2 z=2: 孤児    13020
      形 F0 srow=0 **§79 が偽**           2430
      形 F1 srow=1 行1が根以下               4320
      形 F2a srow=2 錐の外                27216
      形 F2b srow=2 行2が根以下             14688
      ★★ §79 の形の外 :     3150  ⛔ **§79 に穴**
      ⚠ F2b だけの孤児 :      974  ← **§281 の 2 形では足りない**
      最小例 F0 srow=0 **§79 が偽**: [(0, 0, 0), (0, 0, 0), (0, 0, 0)]
      最小例 F1 srow=1 行1が根以下: [(0, 1, 0), (0, 0, 0), (0, 1, 0)]
      最小例 F2a srow=2 錐の外: [(0, 0, 0), (0, 0, 0), (0, 0, 1)]
      最小例 F2b srow=2 行2が根以下: [(0, 0, 1), (0, 0, 0), (0, 0, 1)]
      最小例 F2bのみ: [(0, 0, 1), (1, 0, 0), (1, 1, 1)]
      最小例 外: [(0, 0, 0), (0, 0, 0), (0, 1, 0)]

### R126 陰性対照: 「根が狭義最浅」を落とす  箱 行0<=3 行1<=2 行2<=3  根が狭義最浅=**落とす（陰性対照）**
  |Q|=2  母集団      2304  **孤児     2052 (89.062%)**
      srow=0: 分母       192  孤児      120 (62.500%)   ⛔ **§79 が偽**
      srow=1: 分母       384  孤児      312 (81.250%)
      srow=2: 分母      1728  孤児     1620 (93.750%)
      根の行2 z=0: 孤児      486
      根の行2 z=1: 孤児      504
      根の行2 z=2: 孤児      522
      根の行2 z=3: 孤児      540
      形 F0 srow=0 **§79 が偽**            120
      形 F1 srow=1 行1が根以下                192
      形 F2a srow=2 錐の外                 1512
      形 F2b srow=2 行2が根以下               864
      ★★ §79 の形の外 :      120  ⛔ **§79 に穴**
      ⚠ F2b だけの孤児 :      108  ← **§281 の 2 形では足りない**
      最小例 F0 srow=0 **§79 が偽**: [(0, 0, 0), (0, 0, 0)]
      最小例 F1 srow=1 行1が根以下: [(0, 1, 0), (0, 1, 0)]
      最小例 F2a srow=2 錐の外: [(0, 0, 0), (0, 0, 1)]
      最小例 F2b srow=2 行2が根以下: [(0, 0, 1), (0, 0, 1)]
      最小例 F2bのみ: [(0, 0, 1), (1, 1, 1)]
      最小例 外: [(0, 0, 0), (0, 1, 0)]
  |Q|=3  母集団    110592  **孤児    92776 (83.890%)**
      srow=0: 分母      9216  孤児     4320 (46.875%)   ⛔ **§79 が偽**
      srow=1: 分母     18432  孤児    13280 (72.049%)
      srow=2: 分母     82944  孤児    75176 (90.635%)
      根の行2 z=0: 孤児    22544
      根の行2 z=1: 孤児    22980
      根の行2 z=2: 孤児    23412
      根の行2 z=3: 孤児    23840
      形 F0 srow=0 **§79 が偽**           4320
      形 F1 srow=1 行1が根以下               7680
      形 F2a srow=2 錐の外                72576
      形 F2b srow=2 行2が根以下             39312
      ★★ §79 の形の外 :     5600  ⛔ **§79 に穴**
      ⚠ F2b だけの孤児 :     2600  ← **§281 の 2 形では足りない**
      最小例 F0 srow=0 **§79 が偽**: [(0, 0, 0), (0, 0, 0), (0, 0, 0)]
      最小例 F1 srow=1 行1が根以下: [(0, 1, 0), (0, 0, 0), (0, 1, 0)]
      最小例 F2a srow=2 錐の外: [(0, 0, 0), (0, 0, 0), (0, 0, 1)]
      最小例 F2b srow=2 行2が根以下: [(0, 0, 1), (0, 0, 0), (0, 0, 1)]
      最小例 F2bのみ: [(0, 0, 1), (1, 0, 0), (1, 1, 1)]
      最小例 外: [(0, 0, 0), (0, 0, 0), (0, 1, 0)]

