### R126w 母集団を「W 所属が確実に取れた Q」に絞る（片側。True のみ採用）
  行2<=1 |Q|=2  箱     216  **W 確実     186**（判定率  86.1%）  **孤児    126 ( 67.74%)**  [0.0s]
        srow=0: 分母      36  孤児      0 (  0.00%)
        srow=1: 分母      60  孤児     36 ( 60.00%)
        srow=2: 分母      90  孤児     90 (100.00%)
        根の行2 z=0: 孤児     54
        根の行2 z=1: 孤児     72
        形 F1 srow=1 行1が根以下               36
        形 F2a srow=2 錐の外                 72
        形 F2b srow=2 行2が根以下              54
        ★★ §79 の形の外 :      0  ✅ **0**
        ⚠ F2b だけの孤児 :     18
        最小例 F1 srow=1 行1が根以下: [(0, 1, 0), (1, 1, 0)]
        最小例 F2a srow=2 錐の外: [(0, 0, 0), (1, 0, 1)]
        最小例 F2b srow=2 行2が根以下: [(0, 0, 1), (1, 0, 1)]
  行2<=1 |Q|=3  箱    3024  **W 確実    2310**（判定率  76.4%）  **孤児   1566 ( 67.79%)**  [0.9s]
        srow=0: 分母     394  孤児      0 (  0.00%)
        srow=1: 分母     776  孤児    426 ( 54.90%)
        srow=2: 分母    1140  孤児   1140 (100.00%)
        根の行2 z=0: 孤児    626
        根の行2 z=1: 孤児    940
        形 F1 srow=1 行1が根以下              426
        形 F2a srow=2 錐の外                924
        形 F2b srow=2 行2が根以下             720
        ★★ §79 の形の外 :      0  ✅ **0**
        ⚠ F2b だけの孤児 :    216
        最小例 F1 srow=1 行1が根以下: [(0, 1, 0), (1, 0, 0), (1, 1, 0)]
        最小例 F2a srow=2 錐の外: [(0, 0, 0), (1, 0, 0), (1, 0, 1)]
        最小例 F2b srow=2 行2が根以下: [(0, 0, 1), (1, 0, 0), (1, 0, 1)]
  行2<=1 |Q|=4  箱   46656  **W 確実   30964**（判定率  66.4%）  **孤児  21496 ( 69.42%)**  [25.2s]
        srow=0: 分母    4869  孤児      0 (  0.00%)
        srow=1: 分母   10237  孤児   5638 ( 55.07%)
        srow=2: 分母   15858  孤児  15858 (100.00%)
        根の行2 z=0: 孤児   8250
        根の行2 z=1: 孤児  13246
        形 F1 srow=1 行1が根以下             5638
        形 F2a srow=2 錐の外              13015
        形 F2b srow=2 行2が根以下           10262
        ★★ §79 の形の外 :      0  ✅ **0**
        ⚠ F2b だけの孤児 :   2843
        最小例 F1 srow=1 行1が根以下: [(0, 1, 0), (1, 0, 0), (1, 0, 0), (1, 1, 0)]
        最小例 F2a srow=2 錐の外: [(0, 0, 0), (1, 0, 0), (1, 0, 0), (1, 0, 1)]
        最小例 F2b srow=2 行2が根以下: [(0, 0, 1), (1, 0, 0), (1, 0, 0), (1, 0, 1)]
  行2<=2 |Q|=2  箱     486  **W 確実     438**（判定率  90.1%）  **孤児    324 ( 73.97%)**  [0.0s]
        srow=0: 分母      54  孤児      0 (  0.00%)
        srow=1: 分母      96  孤児     54 ( 56.25%)
        srow=2: 分母     288  孤児    270 ( 93.75%)
        根の行2 z=0: 孤児     90
        根の行2 z=1: 孤児    108
        根の行2 z=2: 孤児    126
        形 F1 srow=1 行1が根以下               54
        形 F2a srow=2 錐の外                216
        形 F2b srow=2 行2が根以下             162
        ★★ §79 の形の外 :      0  ✅ **0**
        ⚠ F2b だけの孤児 :     54
        最小例 F1 srow=1 行1が根以下: [(0, 1, 0), (1, 1, 0)]
        最小例 F2a srow=2 錐の外: [(0, 0, 0), (1, 0, 1)]
        最小例 F2b srow=2 行2が根以下: [(0, 0, 1), (1, 0, 1)]
  行2<=2 |Q|=3  箱   10206  **W 確実    8502**（判定率  83.3%）  **孤児   6192 ( 72.83%)**  [3.4s]
        srow=0: 分母     946  孤児      0 (  0.00%)
        srow=1: 分母    1900  孤児    962 ( 50.63%)
        srow=2: 分母    5656  孤児   5230 ( 92.47%)
        根の行2 z=0: 孤児   1534
        根の行2 z=1: 孤児   2168
        根の行2 z=2: 孤児   2490
        形 F1 srow=1 行1が根以下              962
        形 F2a srow=2 錐の外               4256
        形 F2b srow=2 行2が根以下            3258
        ★★ §79 の形の外 :      0  ✅ **0**
        ⚠ F2b だけの孤児 :    974
        最小例 F1 srow=1 行1が根以下: [(0, 1, 0), (1, 0, 0), (1, 1, 0)]
        最小例 F2a srow=2 錐の外: [(0, 0, 0), (1, 0, 0), (1, 0, 1)]
        最小例 F2b srow=2 行2が根以下: [(0, 0, 1), (1, 0, 0), (1, 0, 1)]
  行2<=2 |Q|=4  箱  236196  **W 確実  178031**（判定率  75.4%）  **孤児 131605 ( 73.92%)**  [78.8s]
        srow=0: 分母   18573  孤児      0 (  0.00%)
        srow=1: 分母   38854  孤児  19427 ( 50.00%)
        srow=2: 分母  120604  孤児 112178 ( 93.01%)
        根の行2 z=0: 孤児  30583
        根の行2 z=1: 孤児  47181
        根の行2 z=2: 孤児  53841
        形 F1 srow=1 行1が根以下            19427
        形 F2a srow=2 錐の外              92552
        形 F2b srow=2 行2が根以下           71106
        ★★ §79 の形の外 :      0  ✅ **0**
        ⚠ F2b だけの孤児 :  19626
        最小例 F1 srow=1 行1が根以下: [(0, 1, 0), (1, 0, 0), (1, 0, 0), (1, 1, 0)]
        最小例 F2a srow=2 錐の外: [(0, 0, 0), (1, 0, 0), (1, 0, 0), (1, 0, 1)]
        最小例 F2b srow=2 行2が根以下: [(0, 0, 1), (1, 0, 0), (1, 0, 0), (1, 0, 1)]
