### R126c (z5) ブロック内で孤児 ⟹ 塔全体でも孤児 か
  行2<=1 |Q|=2: 分母     2268  **塔でも孤児     2268 (100.00%)**  **塔では親あり        0**  [0.0s]
      d=0    e=0   : 分母      252  塔でも孤児      252 (100.00%)  **破れ        0**
      d=0    e>=1  : 分母      504  塔でも孤児      504 (100.00%)  **破れ        0**
      d>=1   e=0   : 分母      504  塔でも孤児      504 (100.00%)  **破れ        0**
      d>=1   e>=1  : 分母     1008  塔でも孤児     1008 (100.00%)  **破れ        0**
  行2<=1 |Q|=3: 分母    29952  **塔でも孤児    29940 ( 99.96%)**  **塔では親あり       12**  [0.2s]
      d=0    e=0   : 分母     3328  塔でも孤児     3328 (100.00%)  **破れ        0**
      d=0    e>=1  : 分母     6656  塔でも孤児     6656 (100.00%)  **破れ        0**
      d>=1   e=0   : 分母     6656  塔でも孤児     6656 (100.00%)  **破れ        0**
      d>=1   e>=1  : 分母    13312  塔でも孤児    13300 ( 99.91%)  **破れ       12**
      ★ 最小反例 ('d>=1', 'e>=1'): Q=[(0, 0, 1), (1, 1, 0), (2, 1, 1)] d=2 e=2 n=2 → |T|=6 末尾列の親=1（ブロック境界は 3 の倍数）
  行2<=2 |Q|=2: 分母     5832  **塔でも孤児     5832 (100.00%)**  **塔では親あり        0**  [0.0s]
      d=0    e=0   : 分母      648  塔でも孤児      648 (100.00%)  **破れ        0**
      d=0    e>=1  : 分母     1296  塔でも孤児     1296 (100.00%)  **破れ        0**
      d>=1   e=0   : 分母     1296  塔でも孤児     1296 (100.00%)  **破れ        0**
      d>=1   e>=1  : 分母     2592  塔でも孤児     2592 (100.00%)  **破れ        0**
  行2<=2 |Q|=3: 分母   117000  **塔でも孤児   116952 ( 99.96%)**  **塔では親あり       48**  [0.6s]
      d=0    e=0   : 分母    13000  塔でも孤児    13000 (100.00%)  **破れ        0**
      d=0    e>=1  : 分母    26000  塔でも孤児    26000 (100.00%)  **破れ        0**
      d>=1   e=0   : 分母    26000  塔でも孤児    26000 (100.00%)  **破れ        0**
      d>=1   e>=1  : 分母    52000  塔でも孤児    51952 ( 99.91%)  **破れ       48**
      ★ 最小反例 ('d>=1', 'e>=1'): Q=[(0, 0, 1), (1, 1, 0), (2, 1, 1)] d=2 e=2 n=2 → |T|=6 末尾列の親=1（ブロック境界は 3 の倍数）
