### R127 (a3) `le1_mTower_block` 全前提つき検算  箱 行0<4 行1<3 行2<=1  |M|=3  [0.1s]
  (全前提)                      分母     26400  ok     26400  **破れ        0** (  0.00%)
  陰性対照 hd0pos を落とす           分母     26400  ok     26400  **破れ        0** (  0.00%)
  陰性対照 hd1pos を落とす           分母     35200  ok     30880  **破れ     4320** ( 12.27%)
  陰性対照 hlp を落とす              分母     90720  ok     85536  **破れ     5184** (  5.71%)
    ★ 例 陰性対照 hd1pos を落とす: M=[(0, 0, 0), (1, 0, 0), (1, 1, 0)] d=1 e=0 n=2 k=1 q=0（Q 側 True）
    ★ 例 陰性対照 hlp を落とす: M=[(0, 0, 0), (1, 0, 0), (2, 0, 0)] d=2 e=1 n=2 k=1 q=0（Q 側 True）

### R127 (a3) `le1_mTower_block` 全前提つき検算  箱 行0<4 行1<3 行2<=1  |M|=4  [3.5s]
  (全前提)                      分母    557280  ok    557280  **破れ        0** (  0.00%)
  陰性対照 hd0pos を落とす           分母    557280  ok    557280  **破れ        0** (  0.00%)
  陰性対照 hd1pos を落とす           分母    743040  ok    660384  **破れ    82656** ( 11.12%)
  陰性対照 hlp を落とす              分母   2099520  ok   1954368  **破れ   145152** (  6.91%)
    ★ 例 陰性対照 hd1pos を落とす: M=[(0, 0, 0), (1, 0, 0), (1, 0, 0), (1, 1, 0)] d=1 e=0 n=2 k=1 q=0（Q 側 True）
    ★ 例 陰性対照 hlp を落とす: M=[(0, 0, 0), (1, 0, 0), (1, 0, 0), (2, 0, 0)] d=2 e=1 n=2 k=1 q=0（Q 側 True）

### R127 (a3) `le1_mTower_block` 全前提つき検算  箱 行0<4 行1<3 行2<=2  |M|=3  [0.5s]
  (全前提)                      分母     89100  ok     89100  **破れ        0** (  0.00%)
  陰性対照 hd0pos を落とす           分母     89100  ok     89100  **破れ        0** (  0.00%)
  陰性対照 hd1pos を落とす           分母    118800  ok    104220  **破れ    14580** ( 12.27%)
  陰性対照 hlp を落とす              分母    306180  ok    288684  **破れ    17496** (  5.71%)
    ★ 例 陰性対照 hd1pos を落とす: M=[(0, 0, 0), (1, 0, 0), (1, 1, 0)] d=1 e=0 n=2 k=1 q=0（Q 側 True）
    ★ 例 陰性対照 hlp を落とす: M=[(0, 0, 0), (1, 0, 0), (2, 0, 0)] d=2 e=1 n=2 k=1 q=0（Q 側 True）

### R127 (a3) `le1_mTower_block` 全前提つき検算  箱 行0<4 行1<3 行2<=2  |M|=4  [20.1s]
  (全前提)                      分母   2821230  ok   2821230  **破れ        0** (  0.00%)
  陰性対照 hd0pos を落とす           分母   2821230  ok   2821230  **破れ        0** (  0.00%)
  陰性対照 hd1pos を落とす           分母   3761640  ok   3343194  **破れ   418446** ( 11.12%)
  陰性対照 hlp を落とす              分母  10628820  ok   9893988  **破れ   734832** (  6.91%)
    ★ 例 陰性対照 hd1pos を落とす: M=[(0, 0, 0), (1, 0, 0), (1, 0, 0), (1, 1, 0)] d=1 e=0 n=2 k=1 q=0（Q 側 True）
    ★ 例 陰性対照 hlp を落とす: M=[(0, 0, 0), (1, 0, 0), (1, 0, 0), (2, 0, 0)] d=2 e=1 n=2 k=1 q=0（Q 側 True）

### R127 (a3) `|M|=5` まで伸ばす（教訓 21）  箱 行0<4 行1<3 行2<=1  |M|=5  [26.2s]
  (全前提)                      分母   3050496  ok   3050496  **破れ        0** (  0.00%)
  陰性対照 hd0pos を落とす           分母   3050496  ok   3050496  **破れ        0** (  0.00%)
  陰性対照 hd1pos を落とす           分母   4575744  ok   4048640  **破れ   527104** ( 11.52%)
  陰性対照 hlp を落とす              分母  12192768  ok  11472768  **破れ   720000** (  5.91%)
    ★ 例 陰性対照 hd1pos を落とす: M=[(0, 0, 0), (1, 0, 0), (1, 0, 0), (1, 0, 0), (1, 1, 0)] d=1 e=0 n=2 k=1 q=0（Q 側 True）
    ★ 例 陰性対照 hlp を落とす: M=[(0, 0, 0), (1, 0, 0), (1, 0, 0), (1, 0, 0), (2, 0, 0)] d=2 e=1 n=2 k=1 q=0（Q 側 True）

