### R127 (a1)(a2) `Q` 側: 位置が根の行 1 錐の外になる割合
  行2<=1 |Q|=2: 分母       216  **錐の外      144 ( 66.67%)**
      srow(q)=0: 分母        36  錐の外       36 (100.00%)
      srow(q)=1: 分母        72  錐の外       36 ( 50.00%)
      srow(q)=2: 分母       108  錐の外       72 ( 66.67%)
      根の行2 z=0: 分母       108  錐の外       72 ( 66.67%)
      根の行2 z=1: 分母       108  錐の外       72 ( 66.67%)
      **G1 行1が根以下               144 (100.00% of 錐の外)**
      **★ G2 ブロッカーの向こう        0 (  0.00% of 錐の外)**
      最小例 G1: Q=[(0, 0, 0), (1, 0, 0)] q=1
  行2<=1 |Q|=3: 分母      6048  **錐の外     4160 ( 68.78%)**
      srow(q)=0: 分母      1008  錐の外     1008 (100.00%)
      srow(q)=1: 分母      2016  錐の外     1072 ( 53.17%)
      srow(q)=2: 分母      3024  錐の外     2080 ( 68.78%)
      根の行2 z=0: 分母      3024  錐の外     2080 ( 68.78%)
      根の行2 z=1: 分母      3024  錐の外     2080 ( 68.78%)
      **G1 行1が根以下              4032 ( 96.92% of 錐の外)**
      **★ G2 ブロッカーの向こう      128 (  3.08% of 錐の外)**
      最小例 G1: Q=[(0, 0, 0), (1, 0, 0), (1, 0, 0)] q=1
      最小例 G2: Q=[(0, 0, 0), (1, 0, 0), (2, 1, 0)] q=2
  行2<=1 |Q|=4: 分母    139968  **錐の外    98592 ( 70.44%)**
      srow(q)=0: 分母     23328  錐の外    23328 (100.00%)
      srow(q)=1: 分母     46656  錐の外    25968 ( 55.66%)
      srow(q)=2: 分母     69984  錐の外    49296 ( 70.44%)
      根の行2 z=0: 分母     69984  錐の外    49296 ( 70.44%)
      根の行2 z=1: 分母     69984  錐の外    49296 ( 70.44%)
      **G1 行1が根以下             93312 ( 94.64% of 錐の外)**
      **★ G2 ブロッカーの向こう     5280 (  5.36% of 錐の外)**
      最小例 G1: Q=[(0, 0, 0), (1, 0, 0), (1, 0, 0), (1, 0, 0)] q=1
      最小例 G2: Q=[(0, 0, 0), (1, 0, 0), (1, 0, 0), (2, 1, 0)] q=3
  行2<=1 |Q|=5: 分母   3048192  **錐の外  2184768 ( 71.67%)**
      srow(q)=0: 分母    508032  錐の外   508032 (100.00%)
      srow(q)=1: 分母   1016064  錐の外   584352 ( 57.51%)
      srow(q)=2: 分母   1524096  錐の外  1092384 ( 71.67%)
      根の行2 z=0: 分母   1524096  錐の外  1092384 ( 71.67%)
      根の行2 z=1: 分母   1524096  錐の外  1092384 ( 71.67%)
      **G1 行1が根以下           2032128 ( 93.01% of 錐の外)**
      **★ G2 ブロッカーの向こう   152640 (  6.99% of 錐の外)**
      最小例 G1: Q=[(0, 0, 0), (1, 0, 0), (1, 0, 0), (1, 0, 0), (1, 0, 0)] q=1
      最小例 G2: Q=[(0, 0, 0), (1, 0, 0), (1, 0, 0), (1, 0, 0), (2, 1, 0)] q=4

  行2<=2 |Q|=2: 分母       486  **錐の外      324 ( 66.67%)**
      srow(q)=0: 分母        54  錐の外       54 (100.00%)
      srow(q)=1: 分母       108  錐の外       54 ( 50.00%)
      srow(q)=2: 分母       324  錐の外      216 ( 66.67%)
      根の行2 z=0: 分母       162  錐の外      108 ( 66.67%)
      根の行2 z=1: 分母       162  錐の外      108 ( 66.67%)
      根の行2 z=2: 分母       162  錐の外      108 ( 66.67%)
      **G1 行1が根以下               324 (100.00% of 錐の外)**
      **★ G2 ブロッカーの向こう        0 (  0.00% of 錐の外)**
      最小例 G1: Q=[(0, 0, 0), (1, 0, 0)] q=1
  行2<=2 |Q|=3: 分母     20412  **錐の外    14040 ( 68.78%)**
      srow(q)=0: 分母      2268  錐の外     2268 (100.00%)
      srow(q)=1: 分母      4536  錐の外     2412 ( 53.17%)
      srow(q)=2: 分母     13608  錐の外     9360 ( 68.78%)
      根の行2 z=0: 分母      6804  錐の外     4680 ( 68.78%)
      根の行2 z=1: 分母      6804  錐の外     4680 ( 68.78%)
      根の行2 z=2: 分母      6804  錐の外     4680 ( 68.78%)
      **G1 行1が根以下             13608 ( 96.92% of 錐の外)**
      **★ G2 ブロッカーの向こう      432 (  3.08% of 錐の外)**
      最小例 G1: Q=[(0, 0, 0), (1, 0, 0), (1, 0, 0)] q=1
      最小例 G2: Q=[(0, 0, 0), (1, 0, 0), (2, 1, 0)] q=2
  行2<=2 |Q|=4: 分母    708588  **錐の外   499122 ( 70.44%)**
      srow(q)=0: 分母     78732  錐の外    78732 (100.00%)
      srow(q)=1: 分母    157464  錐の外    87642 ( 55.66%)
      srow(q)=2: 分母    472392  錐の外   332748 ( 70.44%)
      根の行2 z=0: 分母    236196  錐の外   166374 ( 70.44%)
      根の行2 z=1: 分母    236196  錐の外   166374 ( 70.44%)
      根の行2 z=2: 分母    236196  錐の外   166374 ( 70.44%)
      **G1 行1が根以下            472392 ( 94.64% of 錐の外)**
      **★ G2 ブロッカーの向こう    26730 (  5.36% of 錐の外)**
      最小例 G1: Q=[(0, 0, 0), (1, 0, 0), (1, 0, 0), (1, 0, 0)] q=1
      最小例 G2: Q=[(0, 0, 0), (1, 0, 0), (1, 0, 0), (2, 1, 0)] q=3
  行2<=2 |Q|=5: 分母  23147208  **錐の外 16590582 ( 71.67%)**
      srow(q)=0: 分母   2571912  錐の外  2571912 (100.00%)
      srow(q)=1: 分母   5143824  錐の外  2958282 ( 57.51%)
      srow(q)=2: 分母  15431472  錐の外 11060388 ( 71.67%)
      根の行2 z=0: 分母   7715736  錐の外  5530194 ( 71.67%)
      根の行2 z=1: 分母   7715736  錐の外  5530194 ( 71.67%)
      根の行2 z=2: 分母   7715736  錐の外  5530194 ( 71.67%)
      **G1 行1が根以下          15431472 ( 93.01% of 錐の外)**
      **★ G2 ブロッカーの向こう  1159110 (  6.99% of 錐の外)**
      最小例 G1: Q=[(0, 0, 0), (1, 0, 0), (1, 0, 0), (1, 0, 0), (1, 0, 0)] q=1
      最小例 G2: Q=[(0, 0, 0), (1, 0, 0), (1, 0, 0), (1, 0, 0), (2, 1, 0)] q=4

  行2<=3 |Q|=2: 分母       864  **錐の外      576 ( 66.67%)**
      srow(q)=0: 分母        72  錐の外       72 (100.00%)
      srow(q)=1: 分母       144  錐の外       72 ( 50.00%)
      srow(q)=2: 分母       648  錐の外      432 ( 66.67%)
      根の行2 z=0: 分母       216  錐の外      144 ( 66.67%)
      根の行2 z=1: 分母       216  錐の外      144 ( 66.67%)
      根の行2 z=2: 分母       216  錐の外      144 ( 66.67%)
      根の行2 z=3: 分母       216  錐の外      144 ( 66.67%)
      **G1 行1が根以下               576 (100.00% of 錐の外)**
      **★ G2 ブロッカーの向こう        0 (  0.00% of 錐の外)**
      最小例 G1: Q=[(0, 0, 0), (1, 0, 0)] q=1
  行2<=3 |Q|=3: 分母     48384  **錐の外    33280 ( 68.78%)**
      srow(q)=0: 分母      4032  錐の外     4032 (100.00%)
      srow(q)=1: 分母      8064  錐の外     4288 ( 53.17%)
      srow(q)=2: 分母     36288  錐の外    24960 ( 68.78%)
      根の行2 z=0: 分母     12096  錐の外     8320 ( 68.78%)
      根の行2 z=1: 分母     12096  錐の外     8320 ( 68.78%)
      根の行2 z=2: 分母     12096  錐の外     8320 ( 68.78%)
      根の行2 z=3: 分母     12096  錐の外     8320 ( 68.78%)
      **G1 行1が根以下             32256 ( 96.92% of 錐の外)**
      **★ G2 ブロッカーの向こう     1024 (  3.08% of 錐の外)**
      最小例 G1: Q=[(0, 0, 0), (1, 0, 0), (1, 0, 0)] q=1
      最小例 G2: Q=[(0, 0, 0), (1, 0, 0), (2, 1, 0)] q=2
  行2<=3 |Q|=4: 分母   2239488  **錐の外  1577472 ( 70.44%)**
      srow(q)=0: 分母    186624  錐の外   186624 (100.00%)
      srow(q)=1: 分母    373248  錐の外   207744 ( 55.66%)
      srow(q)=2: 分母   1679616  錐の外  1183104 ( 70.44%)
      根の行2 z=0: 分母    559872  錐の外   394368 ( 70.44%)
      根の行2 z=1: 分母    559872  錐の外   394368 ( 70.44%)
      根の行2 z=2: 分母    559872  錐の外   394368 ( 70.44%)
      根の行2 z=3: 分母    559872  錐の外   394368 ( 70.44%)
      **G1 行1が根以下           1492992 ( 94.64% of 錐の外)**
      **★ G2 ブロッカーの向こう    84480 (  5.36% of 錐の外)**
      最小例 G1: Q=[(0, 0, 0), (1, 0, 0), (1, 0, 0), (1, 0, 0)] q=1
      最小例 G2: Q=[(0, 0, 0), (1, 0, 0), (1, 0, 0), (2, 1, 0)] q=3
  行2<=3 |Q|=5: 分母  97542144  **錐の外 69912576 ( 71.67%)**
      srow(q)=0: 分母   8128512  錐の外  8128512 (100.00%)
      srow(q)=1: 分母  16257024  錐の外  9349632 ( 57.51%)
      srow(q)=2: 分母  73156608  錐の外 52434432 ( 71.67%)
      根の行2 z=0: 分母  24385536  錐の外 17478144 ( 71.67%)
      根の行2 z=1: 分母  24385536  錐の外 17478144 ( 71.67%)
      根の行2 z=2: 分母  24385536  錐の外 17478144 ( 71.67%)
      根の行2 z=3: 分母  24385536  錐の外 17478144 ( 71.67%)
      **G1 行1が根以下          65028096 ( 93.01% of 錐の外)**
      **★ G2 ブロッカーの向こう  4884480 (  6.99% of 錐の外)**
      最小例 G1: Q=[(0, 0, 0), (1, 0, 0), (1, 0, 0), (1, 0, 0), (1, 0, 0)] q=1
      最小例 G2: Q=[(0, 0, 0), (1, 0, 0), (1, 0, 0), (1, 0, 0), (2, 1, 0)] q=4

### R127 (a3) 塔側: `k` 依存 ＋ `le1_mTower_block`（前提 `0 < e`）の検算
  行2<=1 |Q|=2  塔側:
      e=0: 分母      1944  `le1 T 0 (k*Lb+q)` = `le1 Q 0 q` **     1512（ 77.78%）**  破れ **     432**
      e>=1: 分母      3888  `le1 T 0 (k*Lb+q)` = `le1 Q 0 q` **     3600（ 92.59%）**  破れ **     288**
      k=0: e=0 錐の外      432/     648 ( 66.67%)   e>=1 錐の外      864/    1296 ( 66.67%)
      k=1: e=0 錐の外      648/     648 (100.00%)   e>=1 錐の外     1008/    1296 ( 77.78%)
      k=2: e=0 錐の外      648/     648 (100.00%)   e>=1 錐の外     1008/    1296 ( 77.78%)
      ★ 破れの例 e=0: Q=[(0, 0, 0), (1, 1, 0)] d=0 e=0 n=3 k=1 q=1 （Q 側 True / 塔側 False）
      ★ 破れの例 e>=1: Q=[(0, 0, 0), (1, 1, 0)] d=0 e=1 n=3 k=1 q=1 （Q 側 True / 塔側 False）
  行2<=1 |Q|=3  塔側:
      e=0: 分母     54432  `le1 T 0 (k*Lb+q)` = `le1 Q 0 q` **    43104（ 79.19%）**  破れ **   11328**
      e>=1: 分母    108864  `le1 T 0 (k*Lb+q)` = `le1 Q 0 q` **   100544（ 92.36%）**  破れ **    8320**
      k=0: e=0 錐の外    12480/   18144 ( 68.78%)   e>=1 錐の外    24960/   36288 ( 68.78%)
      k=1: e=0 錐の外    18144/   18144 (100.00%)   e>=1 錐の外    29120/   36288 ( 80.25%)
      k=2: e=0 錐の外    18144/   18144 (100.00%)   e>=1 錐の外    29120/   36288 ( 80.25%)
      ★ 破れの例 e=0: Q=[(0, 0, 0), (1, 0, 0), (1, 1, 0)] d=0 e=0 n=3 k=1 q=2 （Q 側 True / 塔側 False）
      ★ 破れの例 e>=1: Q=[(0, 0, 0), (1, 0, 0), (1, 1, 0)] d=0 e=1 n=3 k=1 q=2 （Q 側 True / 塔側 False）
  行2<=2 |Q|=2  塔側:
      e=0: 分母      4374  `le1 T 0 (k*Lb+q)` = `le1 Q 0 q` **     3402（ 77.78%）**  破れ **     972**
      e>=1: 分母      8748  `le1 T 0 (k*Lb+q)` = `le1 Q 0 q` **     8100（ 92.59%）**  破れ **     648**
      k=0: e=0 錐の外      972/    1458 ( 66.67%)   e>=1 錐の外     1944/    2916 ( 66.67%)
      k=1: e=0 錐の外     1458/    1458 (100.00%)   e>=1 錐の外     2268/    2916 ( 77.78%)
      k=2: e=0 錐の外     1458/    1458 (100.00%)   e>=1 錐の外     2268/    2916 ( 77.78%)
      ★ 破れの例 e=0: Q=[(0, 0, 0), (1, 1, 0)] d=0 e=0 n=3 k=1 q=1 （Q 側 True / 塔側 False）
      ★ 破れの例 e>=1: Q=[(0, 0, 0), (1, 1, 0)] d=0 e=1 n=3 k=1 q=1 （Q 側 True / 塔側 False）
  行2<=2 |Q|=3  塔側:
      e=0: 分母    183708  `le1 T 0 (k*Lb+q)` = `le1 Q 0 q` **   145476（ 79.19%）**  破れ **   38232**
      e>=1: 分母    367416  `le1 T 0 (k*Lb+q)` = `le1 Q 0 q` **   339336（ 92.36%）**  破れ **   28080**
      k=0: e=0 錐の外    42120/   61236 ( 68.78%)   e>=1 錐の外    84240/  122472 ( 68.78%)
      k=1: e=0 錐の外    61236/   61236 (100.00%)   e>=1 錐の外    98280/  122472 ( 80.25%)
      k=2: e=0 錐の外    61236/   61236 (100.00%)   e>=1 錐の外    98280/  122472 ( 80.25%)
      ★ 破れの例 e=0: Q=[(0, 0, 0), (1, 0, 0), (1, 1, 0)] d=0 e=0 n=3 k=1 q=2 （Q 側 True / 塔側 False）
      ★ 破れの例 e>=1: Q=[(0, 0, 0), (1, 0, 0), (1, 1, 0)] d=0 e=1 n=3 k=1 q=2 （Q 側 True / 塔側 False）
