### 行2<=1 |Q|=2  [0.0s]
  z=0 e=0: 分母      432  **孤児      276 ( 63.89%)**  flat_root      60 (13.89%)  **残差       96 ( 22.22%)**（親=根だが srow!=0 0 ／ 親が内部 96）
  z=0 e>=1: 分母     1296  **孤児      324 ( 25.00%)**  flat_root       0 ( 0.00%)  **残差      972 ( 75.00%)**（親=根だが srow!=0 604 ／ 親が内部 368）
  z=1 e=0: 分母      432  **孤児      408 ( 94.44%)**  flat_root       0 ( 0.00%)  **残差       24 (  5.56%)**（親=根だが srow!=0 0 ／ 親が内部 24）
  z=1 e>=1: 分母     1296  **孤児     1112 ( 85.80%)**  flat_root       0 ( 0.00%)  **残差      184 ( 14.20%)**（親=根だが srow!=0 0 ／ 親が内部 184）
  srow(p) の分布:  {(0, 0): 144, (0, 1): 1584, (1, 2): 1728}
  **(g1) 親の位置**:  {0: 664, 1: 672}
      残差の例 (0, 'e=0'): Q=[(0, 0, 0), (1, 0, 0)] d=2 e=0 親=1 srow=0
      残差の例 (0, 'e>=1'): Q=[(0, 0, 0), (1, 0, 0)] d=2 e=1 親=1 srow=1
      残差の例 (1, 'e=0'): Q=[(0, 1, 1), (1, 0, 0)] d=2 e=0 親=1 srow=2
      残差の例 (1, 'e>=1'): Q=[(0, 0, 1), (1, 0, 0)] d=2 e=1 親=1 srow=2

### 行2<=1 |Q|=3  [0.0s]
  z=0 e=0: 分母     6048  **孤児     3712 ( 61.38%)**  flat_root     720 (11.90%)  **残差     1616 ( 26.72%)**（親=根だが srow!=0 0 ／ 親が内部 1616）
  z=0 e>=1: 分母    18144  **孤児     4536 ( 25.00%)**  flat_root       0 ( 0.00%)  **残差    13608 ( 75.00%)**（親=根だが srow!=0 7488 ／ 親が内部 6120）
  z=1 e=0: 分母     6048  **孤児     5634 ( 93.15%)**  flat_root       0 ( 0.00%)  **残差      414 (  6.85%)**（親=根だが srow!=0 0 ／ 親が内部 414）
  z=1 e>=1: 分母    18144  **孤児    15044 ( 82.91%)**  flat_root       0 ( 0.00%)  **残差     3100 ( 17.09%)**（親=根だが srow!=0 0 ／ 親が内部 3100）
  srow(p) の分布:  {(0, 0): 2016, (0, 1): 22176, (1, 2): 24192}
  **(g1) 親の位置**:  {0: 8208, 1: 2682, 2: 8568}
      残差の例 (0, 'e=0'): Q=[(0, 0, 0), (1, 0, 0), (1, 0, 0)] d=2 e=0 親=2 srow=0
      残差の例 (0, 'e>=1'): Q=[(0, 0, 0), (1, 0, 0), (1, 0, 0)] d=2 e=1 親=2 srow=1
      残差の例 (1, 'e=0'): Q=[(0, 1, 1), (1, 0, 0), (1, 0, 0)] d=2 e=0 親=2 srow=2
      残差の例 (1, 'e>=1'): Q=[(0, 0, 1), (1, 0, 0), (1, 0, 0)] d=2 e=1 親=2 srow=2

### 行2<=1 |Q|=4  [0.7s]
  z=0 e=0: 分母    93312  **孤児    55728 ( 59.72%)**  flat_root    9936 (10.65%)  **残差    27648 ( 29.63%)**（親=根だが srow!=0 0 ／ 親が内部 27648）
  z=0 e>=1: 分母   279936  **孤児    69984 ( 25.00%)**  flat_root       0 ( 0.00%)  **残差   209952 ( 75.00%)**（親=根だが srow!=0 105984 ／ 親が内部 103968）
  z=1 e=0: 分母    93312  **孤児    86130 ( 92.30%)**  flat_root       0 ( 0.00%)  **残差     7182 (  7.70%)**（親=根だが srow!=0 0 ／ 親が内部 7182）
  z=1 e>=1: 分母   279936  **孤児   226872 ( 81.04%)**  flat_root       0 ( 0.00%)  **残差    53064 ( 18.96%)**（親=根だが srow!=0 0 ／ 親が内部 53064）
  srow(p) の分布:  {(0, 0): 31104, (0, 1): 342144, (1, 2): 373248}
  **(g1) 親の位置**:  {'>=3': 123984, 0: 115920, 1: 23112, 2: 44766}
      残差の例 (0, 'e=0'): Q=[(0, 0, 0), (1, 0, 0), (1, 0, 0), (1, 0, 0)] d=2 e=0 親=3 srow=0
      残差の例 (0, 'e>=1'): Q=[(0, 0, 0), (1, 0, 0), (1, 0, 0), (1, 0, 0)] d=2 e=1 親=3 srow=1
      残差の例 (1, 'e=0'): Q=[(0, 1, 1), (1, 0, 0), (1, 0, 0), (1, 0, 0)] d=2 e=0 親=3 srow=2
      残差の例 (1, 'e>=1'): Q=[(0, 0, 1), (1, 0, 0), (1, 0, 0), (1, 0, 0)] d=2 e=1 親=3 srow=2

### 行2<=2 |Q|=2  [0.0s]
  z=0 e=0: 分母      648  **孤児      414 ( 63.89%)**  flat_root      90 (13.89%)  **残差      144 ( 22.22%)**（親=根だが srow!=0 0 ／ 親が内部 144）
  z=0 e>=1: 分母     1944  **孤児      486 ( 25.00%)**  flat_root       0 ( 0.00%)  **残差     1458 ( 75.00%)**（親=根だが srow!=0 906 ／ 親が内部 552）
  z=1 e=0: 分母      648  **孤児      624 ( 96.30%)**  flat_root       0 ( 0.00%)  **残差       24 (  3.70%)**（親=根だが srow!=0 0 ／ 親が内部 24）
  z=1 e>=1: 分母     1944  **孤児     1760 ( 90.53%)**  flat_root       0 ( 0.00%)  **残差      184 (  9.47%)**（親=根だが srow!=0 0 ／ 親が内部 184）
  z=2 e=0: 分母      648  **孤児      600 ( 92.59%)**  flat_root       0 ( 0.00%)  **残差       48 (  7.41%)**（親=根だが srow!=0 0 ／ 親が内部 48）
  z=2 e>=1: 分母     1944  **孤児     1576 ( 81.07%)**  flat_root       0 ( 0.00%)  **残差      368 ( 18.93%)**（親=根だが srow!=0 0 ／ 親が内部 368）
  srow(p) の分布:  {(0, 0): 216, (0, 1): 2376, (1, 2): 2592, (2, 2): 2592}
  **(g1) 親の位置**:  {0: 996, 1: 1320}
      残差の例 (0, 'e=0'): Q=[(0, 0, 0), (1, 0, 0)] d=2 e=0 親=1 srow=0
      残差の例 (0, 'e>=1'): Q=[(0, 0, 0), (1, 0, 0)] d=2 e=1 親=1 srow=1
      残差の例 (1, 'e=0'): Q=[(0, 1, 1), (1, 0, 0)] d=2 e=0 親=1 srow=2
      残差の例 (1, 'e>=1'): Q=[(0, 0, 1), (1, 0, 0)] d=2 e=1 親=1 srow=2

### 行2<=2 |Q|=3  [0.1s]
  z=0 e=0: 分母    13608  **孤児     8352 ( 61.38%)**  flat_root    1620 (11.90%)  **残差     3636 ( 26.72%)**（親=根だが srow!=0 0 ／ 親が内部 3636）
  z=0 e>=1: 分母    40824  **孤児    10206 ( 25.00%)**  flat_root       0 ( 0.00%)  **残差    30618 ( 75.00%)**（親=根だが srow!=0 16848 ／ 親が内部 13770）
  z=1 e=0: 分母    13608  **孤児    12986 ( 95.43%)**  flat_root       0 ( 0.00%)  **残差      622 (  4.57%)**（親=根だが srow!=0 0 ／ 親が内部 622）
  z=1 e>=1: 分母    40824  **孤児    36154 ( 88.56%)**  flat_root       0 ( 0.00%)  **残差     4670 ( 11.44%)**（親=根だが srow!=0 0 ／ 親が内部 4670）
  z=2 e=0: 分母    13608  **孤児    12368 ( 90.89%)**  flat_root       0 ( 0.00%)  **残差     1240 (  9.11%)**（親=根だが srow!=0 0 ／ 親が内部 1240）
  z=2 e>=1: 分母    40824  **孤児    31564 ( 77.32%)**  flat_root       0 ( 0.00%)  **残差     9260 ( 22.68%)**（親=根だが srow!=0 0 ／ 親が内部 9260）
  srow(p) の分布:  {(0, 0): 4536, (0, 1): 49896, (1, 2): 54432, (2, 2): 54432}
  **(g1) 親の位置**:  {0: 18468, 1: 7953, 2: 25245}
      残差の例 (0, 'e=0'): Q=[(0, 0, 0), (1, 0, 0), (1, 0, 0)] d=2 e=0 親=2 srow=0
      残差の例 (0, 'e>=1'): Q=[(0, 0, 0), (1, 0, 0), (1, 0, 0)] d=2 e=1 親=2 srow=1
      残差の例 (1, 'e=0'): Q=[(0, 1, 1), (1, 0, 0), (1, 0, 0)] d=2 e=0 親=2 srow=2
      残差の例 (1, 'e>=1'): Q=[(0, 0, 1), (1, 0, 0), (1, 0, 0)] d=2 e=1 親=2 srow=2

### 行2<=2 |Q|=4  [3.5s]
  z=0 e=0: 分母   314928  **孤児   188082 ( 59.72%)**  flat_root   33534 (10.65%)  **残差    93312 ( 29.63%)**（親=根だが srow!=0 0 ／ 親が内部 93312）
  z=0 e>=1: 分母   944784  **孤児   236196 ( 25.00%)**  flat_root       0 ( 0.00%)  **残差   708588 ( 75.00%)**（親=根だが srow!=0 357696 ／ 親が内部 350892）
  z=1 e=0: 分母   314928  **孤児   298728 ( 94.86%)**  flat_root       0 ( 0.00%)  **残差    16200 (  5.14%)**（親=根だが srow!=0 0 ／ 親が内部 16200）
  z=1 e>=1: 分母   944784  **孤児   824580 ( 87.28%)**  flat_root       0 ( 0.00%)  **残差   120204 ( 12.72%)**（親=根だが srow!=0 0 ／ 親が内部 120204）
  z=2 e=0: 分母   314928  **孤児   282690 ( 89.76%)**  flat_root       0 ( 0.00%)  **残差    32238 ( 10.24%)**（親=根だが srow!=0 0 ／ 親が内部 32238）
  z=2 e>=1: 分母   944784  **孤児   707616 ( 74.90%)**  flat_root       0 ( 0.00%)  **残差   237168 ( 25.10%)**（親=根だが srow!=0 0 ／ 親が内部 237168）
  srow(p) の分布:  {(0, 0): 104976, (0, 1): 1154736, (1, 2): 1259712, (2, 2): 1259712}
  **(g1) 親の位置**:  {'>=3': 547965, 0: 391230, 1: 103059, 2: 198990}
      残差の例 (0, 'e=0'): Q=[(0, 0, 0), (1, 0, 0), (1, 0, 0), (1, 0, 0)] d=2 e=0 親=3 srow=0
      残差の例 (0, 'e>=1'): Q=[(0, 0, 0), (1, 0, 0), (1, 0, 0), (1, 0, 0)] d=2 e=1 親=3 srow=1
      残差の例 (1, 'e=0'): Q=[(0, 1, 1), (1, 0, 0), (1, 0, 0), (1, 0, 0)] d=2 e=0 親=3 srow=2
      残差の例 (1, 'e>=1'): Q=[(0, 0, 1), (1, 0, 0), (1, 0, 0), (1, 0, 0)] d=2 e=1 親=3 srow=2

