### R134 (g2) `d` × `e` × `z` の三元表（孤児率 / 残差率）
  行2<=1 |Q|=3:  [0.0s]
      z=0 d=0   e=0  : 分母     1512  **孤児 100.00%**  flat  0.00%  **残差        0 (  0.00%)**
      z=0 d=0   e>=1 : 分母     4536  **孤児 100.00%**  flat  0.00%  **残差        0 (  0.00%)**
      z=0 d>=1  e=0  : 分母     4536  **孤児  48.50%**  flat 15.87%  **残差     1616 ( 35.63%)**
      z=0 d>=1  e>=1 : 分母    13608  **孤児   0.00%**  flat  0.00%  **残差    13608 (100.00%)**
      z=1 d=0   e=0  : 分母     1512  **孤児 100.00%**  flat  0.00%  **残差        0 (  0.00%)**
      z=1 d=0   e>=1 : 分母     4536  **孤児 100.00%**  flat  0.00%  **残差        0 (  0.00%)**
      z=1 d>=1  e=0  : 分母     4536  **孤児  90.87%**  flat  0.00%  **残差      414 (  9.13%)**
      z=1 d>=1  e>=1 : 分母    13608  **孤児  77.22%**  flat  0.00%  **残差     3100 ( 22.78%)**
  行2<=1 |Q|=4:  [0.7s]
      z=0 d=0   e=0  : 分母    23328  **孤児 100.00%**  flat  0.00%  **残差        0 (  0.00%)**
      z=0 d=0   e>=1 : 分母    69984  **孤児 100.00%**  flat  0.00%  **残差        0 (  0.00%)**
      z=0 d>=1  e=0  : 分母    69984  **孤児  46.30%**  flat 14.20%  **残差    27648 ( 39.51%)**
      z=0 d>=1  e>=1 : 分母   209952  **孤児   0.00%**  flat  0.00%  **残差   209952 (100.00%)**
      z=1 d=0   e=0  : 分母    23328  **孤児 100.00%**  flat  0.00%  **残差        0 (  0.00%)**
      z=1 d=0   e>=1 : 分母    69984  **孤児 100.00%**  flat  0.00%  **残差        0 (  0.00%)**
      z=1 d>=1  e=0  : 分母    69984  **孤児  89.74%**  flat  0.00%  **残差     7182 ( 10.26%)**
      z=1 d>=1  e>=1 : 分母   209952  **孤児  74.73%**  flat  0.00%  **残差    53064 ( 25.27%)**
  行2<=2 |Q|=3:  [0.2s]
      z=0 d=0   e=0  : 分母     3402  **孤児 100.00%**  flat  0.00%  **残差        0 (  0.00%)**
      z=0 d=0   e>=1 : 分母    10206  **孤児 100.00%**  flat  0.00%  **残差        0 (  0.00%)**
      z=0 d>=1  e=0  : 分母    10206  **孤児  48.50%**  flat 15.87%  **残差     3636 ( 35.63%)**
      z=0 d>=1  e>=1 : 分母    30618  **孤児   0.00%**  flat  0.00%  **残差    30618 (100.00%)**
      z=1 d=0   e=0  : 分母     3402  **孤児 100.00%**  flat  0.00%  **残差        0 (  0.00%)**
      z=1 d=0   e>=1 : 分母    10206  **孤児 100.00%**  flat  0.00%  **残差        0 (  0.00%)**
      z=1 d>=1  e=0  : 分母    10206  **孤児  93.91%**  flat  0.00%  **残差      622 (  6.09%)**
      z=1 d>=1  e>=1 : 分母    30618  **孤児  84.75%**  flat  0.00%  **残差     4670 ( 15.25%)**
      z=2 d=0   e=0  : 分母     3402  **孤児 100.00%**  flat  0.00%  **残差        0 (  0.00%)**
      z=2 d=0   e>=1 : 分母    10206  **孤児 100.00%**  flat  0.00%  **残差        0 (  0.00%)**
      z=2 d>=1  e=0  : 分母    10206  **孤児  87.85%**  flat  0.00%  **残差     1240 ( 12.15%)**
      z=2 d>=1  e>=1 : 分母    30618  **孤児  69.76%**  flat  0.00%  **残差     9260 ( 30.24%)**
  行2<=2 |Q|=4:  [3.8s]
      z=0 d=0   e=0  : 分母    78732  **孤児 100.00%**  flat  0.00%  **残差        0 (  0.00%)**
      z=0 d=0   e>=1 : 分母   236196  **孤児 100.00%**  flat  0.00%  **残差        0 (  0.00%)**
      z=0 d>=1  e=0  : 分母   236196  **孤児  46.30%**  flat 14.20%  **残差    93312 ( 39.51%)**
      z=0 d>=1  e>=1 : 分母   708588  **孤児   0.00%**  flat  0.00%  **残差   708588 (100.00%)**
      z=1 d=0   e=0  : 分母    78732  **孤児 100.00%**  flat  0.00%  **残差        0 (  0.00%)**
      z=1 d=0   e>=1 : 分母   236196  **孤児 100.00%**  flat  0.00%  **残差        0 (  0.00%)**
      z=1 d>=1  e=0  : 分母   236196  **孤児  93.14%**  flat  0.00%  **残差    16200 (  6.86%)**
      z=1 d>=1  e>=1 : 分母   708588  **孤児  83.04%**  flat  0.00%  **残差   120204 ( 16.96%)**
      z=2 d=0   e=0  : 分母    78732  **孤児 100.00%**  flat  0.00%  **残差        0 (  0.00%)**
      z=2 d=0   e>=1 : 分母   236196  **孤児 100.00%**  flat  0.00%  **残差        0 (  0.00%)**
      z=2 d>=1  e=0  : 分母   236196  **孤児  86.35%**  flat  0.00%  **残差    32238 ( 13.65%)**
      z=2 d>=1  e>=1 : 分母   708588  **孤児  66.53%**  flat  0.00%  **残差   237168 ( 33.47%)**
