### (g1) 本丸 `z=0 ∧ d>=1 ∧ e>=1` で親はどこか（孤児 0%）
  行2<=1 |Q|=2: 分母       972  孤児 0  srow(p)={1: 972}
      ★ 親 = 根                     :       604 ( 62.14%)
      親 = Q の末尾列                  :       368 ( 37.86%)
      親 = 内部（根でも末尾でもない）           :         0 (  0.00%)
  行2<=1 |Q|=3: 分母     13608  孤児 0  srow(p)={1: 13608}
      ★ 親 = 根                     :      7488 ( 55.03%)
      親 = Q の末尾列                  :      4692 ( 34.48%)
      親 = 内部（根でも末尾でもない）           :      1428 ( 10.49%)
  行2<=1 |Q|=4: 分母    209952  孤児 0  srow(p)={1: 209952}
      ★ 親 = 根                     :    105984 ( 50.48%)
      親 = Q の末尾列                  :     67896 ( 32.34%)
      親 = 内部（根でも末尾でもない）           :     36072 ( 17.18%)
  行2<=1 |Q|=5: 分母   3429216  孤児 0  srow(p)={1: 3429216}
      ★ 親 = 根                     :   1632960 ( 47.62%)
      親 = Q の末尾列                  :   1063152 ( 31.00%)
      親 = 内部（根でも末尾でもない）           :    733104 ( 21.38%)
  行2<=2 |Q|=2: 分母      1458  孤児 0  srow(p)={1: 1458}
      ★ 親 = 根                     :       906 ( 62.14%)
      親 = Q の末尾列                  :       552 ( 37.86%)
      親 = 内部（根でも末尾でもない）           :         0 (  0.00%)
  行2<=2 |Q|=3: 分母     30618  孤児 0  srow(p)={1: 30618}
      ★ 親 = 根                     :     16848 ( 55.03%)
      親 = Q の末尾列                  :     10557 ( 34.48%)
      親 = 内部（根でも末尾でもない）           :      3213 ( 10.49%)
  行2<=2 |Q|=4: 分母    708588  孤児 0  srow(p)={1: 708588}
      ★ 親 = 根                     :    357696 ( 50.48%)
      親 = Q の末尾列                  :    229149 ( 32.34%)
      親 = 内部（根でも末尾でもない）           :    121743 ( 17.18%)
