### §120 の読みの検算: 孤児率を「B< の有無」×「行 0 祖先のブロッカーの有無」で分ける
  |Q|=3 行1<3:  [0.0s]
      B< あり    × 行0祖先のブロッカーあり          : 分母      363  **孤児        0 (  0.00%)**
      B< あり    × 行0祖先のブロッカー無し          : 分母      690  **孤児      690 (100.00%)**
      B< 無し    × 行0祖先のブロッカー無し          : 分母      405  **孤児      405 (100.00%)**
  |Q|=4 行1<3:  [0.0s]
      B< あり    × 行0祖先のブロッカーあり          : 分母     3861  **孤児        0 (  0.00%)**
      B< あり    × 行0祖先のブロッカー無し          : 分母     7074  **孤児     7074 (100.00%)**
      B< 無し    × 行0祖先のブロッカー無し          : 分母     2187  **孤児     2187 (100.00%)**
  |Q|=5 行1<3:  [0.5s]
      B< あり    × 行0祖先のブロッカーあり          : 分母    37935  **孤児        0 (  0.00%)**
      B< あり    × 行0祖先のブロッカー無し          : 分母    67770  **孤児    67770 (100.00%)**
      B< 無し    × 行0祖先のブロッカー無し          : 分母    12393  **孤児    12393 (100.00%)**
  |Q|=3 行1<4:  [0.0s]
      B< あり    × 行0祖先のブロッカーあり          : 分母      966  **孤児        0 (  0.00%)**
      B< あり    × 行0祖先のブロッカー無し          : 分母     1788  **孤児     1788 (100.00%)**
      B< 無し    × 行0祖先のブロッカー無し          : 分母     1134  **孤児     1134 (100.00%)**
  |Q|=4 行1<4:  [0.2s]
      B< あり    × 行0祖先のブロッカーあり          : 分母    13680  **孤児        0 (  0.00%)**
      B< あり    × 行0祖先のブロッカー無し          : 分母    24228  **孤児    24228 (100.00%)**
      B< 無し    × 行0祖先のブロッカー無し          : 分母     8748  **孤児     8748 (100.00%)**
  |Q|=5 行1<4:  [4.4s]
      B< あり    × 行0祖先のブロッカーあり          : 分母   179040  **孤児        0 (  0.00%)**
      B< あり    × 行0祖先のブロッカー無し          : 分母   309390  **孤児   309390 (100.00%)**
      B< 無し    × 行0祖先のブロッカー無し          : 分母    71442  **孤児    71442 (100.00%)**

### (m1) 正しい形: 親 = 「行 0 祖先であるブロッカーの像のうち最も右」か
  |Q|=3 行1<3: 分母      363  **正しい形      363 (100.00%)**  素朴な形      303 ( 83.47%)  [0.0s]
  |Q|=4 行1<3: 分母     3861  **正しい形     3861 (100.00%)**  素朴な形     2889 ( 74.83%)  [0.0s]
  |Q|=5 行1<3: 分母    37935  **正しい形    37935 (100.00%)**  素朴な形    26511 ( 69.89%)  [0.4s]
  |Q|=3 行1<4: 分母      966  **正しい形      966 (100.00%)**  素朴な形      798 ( 82.61%)  [0.0s]
  |Q|=4 行1<4: 分母    13680  **正しい形    13680 (100.00%)**  素朴な形    10116 ( 73.95%)  [0.1s]
  |Q|=5 行1<4: 分母   179040  **正しい形   179040 (100.00%)**  素朴な形   123738 ( 69.11%)  [1.8s]
