### R138 検算（既にファイルにある主張の裏取り）
  |Q|=3 行1<3: 分母      966  [0.0s]
      (q1) 塊が基づかない（entry D 0 0 > 0）               :      966 / 966 (100.00%)
      (q2) A が行0=0 の列を含む                          :      966 / 966 (100.00%)
      rsum A D が成り立つ                              :        0 / 966 (  0.00%)
      PrefixCopiesOpen の条件（A に D の根より浅い列）         :      966 / 966 (100.00%)
  |Q|=4 行1<3: 分母     9450  [0.0s]
      (q1) 塊が基づかない（entry D 0 0 > 0）               :     9450 / 9450 (100.00%)
      (q2) A が行0=0 の列を含む                          :     9450 / 9450 (100.00%)
      rsum A D が成り立つ                              :        0 / 9450 (  0.00%)
      PrefixCopiesOpen の条件（A に D の根より浅い列）         :     9450 / 9450 (100.00%)
  |Q|=5 行1<3: 分母    89046  [0.4s]
      (q1) 塊が基づかない（entry D 0 0 > 0）               :    89046 / 89046 (100.00%)
      (q2) A が行0=0 の列を含む                          :    89046 / 89046 (100.00%)
      rsum A D が成り立つ                              :        0 / 89046 (  0.00%)
      PrefixCopiesOpen の条件（A に D の根より浅い列）         :    89046 / 89046 (100.00%)
  |Q|=3 行1<4: 分母     2038  [0.0s]
      (q1) 塊が基づかない（entry D 0 0 > 0）               :     2038 / 2038 (100.00%)
      (q2) A が行0=0 の列を含む                          :     2038 / 2038 (100.00%)
      rsum A D が成り立つ                              :        0 / 2038 (  0.00%)
      PrefixCopiesOpen の条件（A に D の根より浅い列）         :     2038 / 2038 (100.00%)
  |Q|=4 行1<4: 分母    26928  [0.1s]
      (q1) 塊が基づかない（entry D 0 0 > 0）               :    26928 / 26928 (100.00%)
      (q2) A が行0=0 の列を含む                          :    26928 / 26928 (100.00%)
      rsum A D が成り立つ                              :        0 / 26928 (  0.00%)
      PrefixCopiesOpen の条件（A に D の根より浅い列）         :    26928 / 26928 (100.00%)
  |Q|=5 行1<4: 分母   340576  [1.7s]
      (q1) 塊が基づかない（entry D 0 0 > 0）               :   340576 / 340576 (100.00%)
      (q2) A が行0=0 の列を含む                          :   340576 / 340576 (100.00%)
      rsum A D が成り立つ                              :        0 / 340576 (  0.00%)
      PrefixCopiesOpen の条件（A に D の根より浅い列）         :   340576 / 340576 (100.00%)
