### 一般形: `¬ le1 T 0 b` ⟹ `b` の le1 鎖はブロックに閉じるか（塔の全位置）
  行2<=1 |Q|=2:  [0.1s]
      ★ 錐の外: 分母     19296  閉じる     17280 ( 89.55%)  **出る      2016**
      錐の中: 分母     15264  閉じる      9216 ( 60.38%)  **出る      6048**
      ⛔ 反例 Q=[(0, 0, 0), (1, 0, 0)] d=2 e=1 n=2 b=2 鎖=[2, 1]
  行2<=1 |Q|=3:  [1.5s]
      ★ 錐の外: 分母    469936  閉じる    424072 ( 90.24%)  **出る     45864**
      錐の中: 分母    255824  閉じる    157184 ( 61.44%)  **出る     98640**
      ⛔ 反例 Q=[(0, 0, 0), (1, 0, 0), (1, 0, 0)] d=2 e=1 n=2 b=3 鎖=[3, 2]
  行2<=1 |Q|=4:  [34.8s]
      ★ 錐の外: 分母  10393536  閉じる   9419616 ( 90.63%)  **出る    973920**
      錐の中: 分母   4536384  閉じる   2817024 ( 62.10%)  **出る   1719360**
      ⛔ 反例 Q=[(0, 0, 0), (1, 0, 0), (1, 0, 0), (1, 0, 0)] d=2 e=1 n=2 b=4 鎖=[4, 3]
  行2<=2 |Q|=2:  [0.1s]
      ★ 錐の外: 分母     43416  閉じる     38880 ( 89.55%)  **出る      4536**
      錐の中: 分母     34344  閉じる     20736 ( 60.38%)  **出る     13608**
      ⛔ 反例 Q=[(0, 0, 0), (1, 0, 0)] d=2 e=1 n=2 b=2 鎖=[2, 1]
  行2<=2 |Q|=3:  [5.1s]
      ★ 錐の外: 分母   1586034  閉じる   1431243 ( 90.24%)  **出る    154791**
      錐の中: 分母    863406  閉じる    530496 ( 61.44%)  **出る    332910**
      ⛔ 反例 Q=[(0, 0, 0), (1, 0, 0), (1, 0, 0)] d=2 e=1 n=2 b=3 鎖=[3, 2]
