### 「le1 の鎖がブロックを出るなら、そのブロックの根を通る」か
  行2<=1 |Q|=2: 出る      8064  **根を通る      8064 (100.00%)**  ⛔ 通らない        0  [0.0s]
  行2<=1 |Q|=3: 出る    144504  **根を通る    137976 ( 95.48%)**  ⛔ 通らない     6528  [0.8s]
      ⛔ 反例 Q=[(0, 1, 0), (1, 1, 0), (1, 0, 0)] d=2 e=0 n=2 b=4 鎖=[4, 2] 根=3
  行2<=1 |Q|=4: 出る   2693280  **根を通る   2475552 ( 91.92%)**  ⛔ 通らない   217728  [17.6s]
      ⛔ 反例 Q=[(0, 1, 0), (1, 0, 0), (1, 1, 0), (1, 0, 0)] d=2 e=0 n=2 b=6 鎖=[6, 3] 根=4
  行2<=2 |Q|=2: 出る     18144  **根を通る     18144 (100.00%)**  ⛔ 通らない        0  [0.1s]
  行2<=2 |Q|=3: 出る    487701  **根を通る    465669 ( 95.48%)**  ⛔ 通らない    22032  [2.9s]
      ⛔ 反例 Q=[(0, 1, 0), (1, 1, 0), (1, 0, 0)] d=2 e=0 n=2 b=4 鎖=[4, 2] 根=3
  行2<=2 |Q|=4: 出る  13634730  **根を通る  12532482 ( 91.92%)**  ⛔ 通らない  1102248  [97.5s]
      ⛔ 反例 Q=[(0, 1, 0), (1, 0, 0), (1, 1, 0), (1, 0, 0)] d=2 e=0 n=2 b=6 鎖=[6, 3] 根=4

### 同じ文を `e` で分ける（L3 の `hd1pos : 0 < d1`）
  行2<=1 |Q|=2:  [0.0s]
      ★ e>=1          : 出る      7776  **根を通る      7776 (100.00%)**  ⛔        0
      e=0（陰性対照）       : 出る       288  **根を通る       288 (100.00%)**  ⛔        0
  行2<=1 |Q|=3:  [0.9s]
      ★ e>=1          : 出る    137520  **根を通る    132624 ( 96.44%)**  ⛔     4896   例 Q=[(0, 1, 0), (1, 1, 0), (1, 0, 0)] d=2 e=1 b=4 鎖=[4, 2]
      e=0（陰性対照）       : 出る      6984  **根を通る      5352 ( 76.63%)**  ⛔     1632   例 Q=[(0, 1, 0), (1, 1, 0), (1, 0, 0)] d=2 e=0 b=4 鎖=[4, 2]
  行2<=1 |Q|=4:  [18.5s]
      ★ e>=1          : 出る   2540160  **根を通る   2376864 ( 93.57%)**  ⛔   163296   例 Q=[(0, 1, 0), (1, 0, 0), (1, 1, 0), (1, 0, 0)] d=2 e=1 b=6 鎖=[6, 3]
      e=0（陰性対照）       : 出る    153120  **根を通る     98688 ( 64.45%)**  ⛔    54432   例 Q=[(0, 1, 0), (1, 0, 0), (1, 1, 0), (1, 0, 0)] d=2 e=0 b=6 鎖=[6, 3]
