### |Q|=2 行1<3  前提前      729 → **側条件を通った      648**（ 88.9%）  [0.1s]
  m=1: **見立て成立     1215 / 1944 ( 62.50%)**  破れ     729   末尾列の親: {'⚠ 親は A の中': 162, '★ 親は最後のコピーの中': 270, '孤児': 216}
  m=2: **見立て成立     1215 / 1944 ( 62.50%)**  破れ     729   末尾列の親: {'⚠ 親は A の中': 162, '★ 親は最後のコピーの中': 270, '孤児': 216}
  m=3: **見立て成立     1215 / 1944 ( 62.50%)**  破れ     729   末尾列の親: {'⚠ 親は A の中': 162, '★ 親は最後のコピーの中': 270, '孤児': 216}
  m=4: **見立て成立     1215 / 1944 ( 62.50%)**  破れ     729   末尾列の親: {'⚠ 親は A の中': 162, '★ 親は最後のコピーの中': 270, '孤児': 216}
  m=5: **見立て成立     1215 / 1944 ( 62.50%)**  破れ     729   末尾列の親: {'⚠ 親は A の中': 162, '★ 親は最後のコピーの中': 270, '孤児': 216}
      例 ('破れ', 1): ([(0, 0, 0), (1, 0, 0)], 1, 1, 1, 1, 1, 0, 1)
      例 ('破れ', 2): ([(0, 0, 0), (1, 0, 0)], 1, 1, 1, 2, 1, 0, 2)
      例 ('破れ', 3): ([(0, 0, 0), (1, 0, 0)], 1, 1, 1, 3, 1, 0, 3)
      例 ('破れ', 4): ([(0, 0, 0), (1, 0, 0)], 1, 1, 1, 4, 1, 0, 4)
      例 ('破れ', 5): ([(0, 0, 0), (1, 0, 0)], 1, 1, 1, 5, 1, 0, 5)
      例 親が A: ([(0, 0, 0), (1, 0, 0)], 1, 1, 1, 1, 0)

### |Q|=3 行1<3  前提前    10935 → **側条件を通った     8424**（ 77.0%）  [1.3s]
  m=1: **見立て成立    17523 / 25272 ( 69.34%)**  破れ    7749   末尾列の親: {'⚠ 親は A の中': 2160, '★ 親は最後のコピーの中': 3924, '孤児': 2340}
  m=2: **見立て成立    17523 / 25272 ( 69.34%)**  破れ    7749   末尾列の親: {'⚠ 親は A の中': 2160, '★ 親は最後のコピーの中': 3924, '孤児': 2340}
  m=3: **見立て成立    17523 / 25272 ( 69.34%)**  破れ    7749   末尾列の親: {'⚠ 親は A の中': 2160, '★ 親は最後のコピーの中': 3924, '孤児': 2340}
  m=4: **見立て成立    17523 / 25272 ( 69.34%)**  破れ    7749   末尾列の親: {'⚠ 親は A の中': 2160, '★ 親は最後のコピーの中': 3924, '孤児': 2340}
  m=5: **見立て成立    17523 / 25272 ( 69.34%)**  破れ    7749   末尾列の親: {'⚠ 親は A の中': 2160, '★ 親は最後のコピーの中': 3924, '孤児': 2340}
      例 ('破れ', 1): ([(0, 0, 0), (1, 0, 0), (1, 0, 0)], 1, 1, 1, 1, 2, 0, 1)
      例 ('破れ', 2): ([(0, 0, 0), (1, 0, 0), (1, 0, 0)], 1, 1, 1, 2, 2, 0, 3)
      例 ('破れ', 3): ([(0, 0, 0), (1, 0, 0), (1, 0, 0)], 1, 1, 1, 3, 2, 0, 5)
      例 ('破れ', 4): ([(0, 0, 0), (1, 0, 0), (1, 0, 0)], 1, 1, 1, 4, 2, 0, 7)
      例 ('破れ', 5): ([(0, 0, 0), (1, 0, 0), (1, 0, 0)], 1, 1, 1, 5, 2, 0, 9)
      例 親が A: ([(0, 0, 0), (1, 0, 0), (1, 0, 0)], 1, 1, 1, 1, 0)

