### (r2) 見立ての成立率を「末尾列の親がどこか」で分ける
  |Q|=3:  [0.7s]
      ★ 親は最後のコピー      : 分母    35316  **見立て成立    35316 (100.00%)**  破れ 0
      孤児              : 分母    21060  **見立て成立    15471 ( 73.46%)**  破れ 5589
          破れの例 Q=[(0, 1, 0), (1, 0, 0), (1, 1, 0)] e=1 n=1 j0=2 m=1 m'=1 親=None
      ⚠ 親は A の中       : 分母    19440  **見立て成立     1782 (  9.17%)**  破れ 17658
          破れの例 Q=[(0, 0, 0), (1, 0, 0), (1, 0, 0)] e=1 n=1 j0=1 m=1 m'=2 親=0
      (r3) `m=1` で `A ++ D⟦m'⟧` か: 6237/8424 ( 74.04%)
  |Q|=4:  [10.7s]
      ★ 親は最後のコピー      : 分母   422010  **見立て成立   422010 (100.00%)**  破れ 0
      孤児              : 分母   214650  **見立て成立   168723 ( 78.60%)**  破れ 45927
          破れの例 Q=[(0, 1, 0), (1, 0, 0), (1, 0, 0), (1, 1, 0)] e=1 n=1 j0=3 m=1 m'=1 親=None
      ⚠ 親は A の中       : 分母   216270  **見立て成立    28350 ( 13.11%)**  破れ 187920
          破れの例 Q=[(0, 0, 0), (1, 0, 0), (1, 0, 0), (1, 0, 0)] e=1 n=1 j0=1 m=1 m'=2 親=0
      (r3) `m=1` で `A ++ D⟦m'⟧` か: 75087/94770 ( 79.23%)

### 孤児の枝の破れは `|D| = 1` か
  |Q|=3:
      孤児 × |D|=1: 分母     5589  見立て成立        0 (  0.00%)  **破れ 5589**
      孤児 × |D|>=2: 分母    15471  見立て成立    15471 (100.00%)  **破れ 0**
  |Q|=4:
      孤児 × |D|=1: 分母    45927  見立て成立        0 (  0.00%)  **破れ 45927**
      孤児 × |D|>=2: 分母   168723  見立て成立   168723 (100.00%)  **破れ 0**
