### 行2<=1 |Q|=2  [0.1s]
  ★ j>=1: 分母    10368  孤児     6048  **前のブロックへ逃げた        0 (  0.00%)**  同じブロック     4320
      **(q1) `p = 0` の割合:     4320 / 4320 (100.00%)**
  j=0: 分母    10368  孤児     6360  **前のブロックへ逃げた     4008 ( 38.66%)**  同じブロック        0
  **(q2) 窓 `j−p < |Q|`**:  {}    窓の長さ:  {}
  **(q3) `p = 0` のときの `j`**:  {1: 4320}
      例 ('前のブロック', 'j=0'): Q=[(0, 0, 0), (1, 0, 0)] d=1 e=0 n=1 j=0 親=0（ブロック先頭 2）

### 行2<=1 |Q|=3  [1.1s]
  ★ j>=1: 分母   290304  孤児   158487  **前のブロックへ逃げた     6057 (  2.09%)**  同じブロック   125760
      **(q1) `p = 0` の割合:   108480 / 125760 ( 86.26%)**
  j=0: 分母   145152  孤児    86760  **前のブロックへ逃げた    58392 ( 40.23%)**  同じブロック        0
  **(q2) 窓 `j−p < |Q|`**:  {True: 17280}    窓の長さ:  {1: 17280}
  **(q3) `p = 0` のときの `j`**:  {1: 60480, 2: 48000}
      例 ('前のブロック', 'j=0'): Q=[(0, 0, 0), (1, 0, 0), (1, 0, 0)] d=1 e=0 n=1 j=0 親=0（ブロック先頭 3）
      例 ('前のブロック', '★ j>=1'): Q=[(0, 0, 1), (1, 1, 0), (2, 1, 1)] d=2 e=2 n=1 j=2 親=1（ブロック先頭 3）

### 行2<=1 |Q|=4  [26.2s]
  ★ j>=1: 分母  6718464  孤児  3522893  **前のブロックへ逃げた   198067 (  2.95%)**  同じブロック  2997504
      **(q1) `p = 0` の割合:  2290464 / 2997504 ( 76.41%)**
  j=0: 分母  2239488  孤児  1315656  **前のブロックへ逃げた   923832 ( 41.25%)**  同じブロック        0
  **(q2) 窓 `j−p < |Q|`**:  {True: 707040}    窓の長さ:  {1: 570240, 2: 136800}
  **(q3) `p = 0` のときの `j`**:  {1: 933120, 2: 727200, 3: 630144}
      例 ('前のブロック', 'j=0'): Q=[(0, 0, 0), (1, 0, 0), (1, 0, 0), (1, 0, 0)] d=1 e=0 n=1 j=0 親=0（ブロック先頭 4）
      例 ('前のブロック', '★ j>=1'): Q=[(0, 0, 1), (1, 0, 0), (1, 1, 0), (2, 1, 1)] d=2 e=2 n=1 j=3 親=2（ブロック先頭 4）

### 行2<=2 |Q|=2  [0.1s]
  ★ j>=1: 分母    23328  孤児    15552  **前のブロックへ逃げた        0 (  0.00%)**  同じブロック     7776
      **(q1) `p = 0` の割合:     7776 / 7776 (100.00%)**
  j=0: 分母    23328  孤児    16380  **前のブロックへ逃げた     6948 ( 29.78%)**  同じブロック        0
  **(q2) 窓 `j−p < |Q|`**:  {}    窓の長さ:  {}
  **(q3) `p = 0` のときの `j`**:  {1: 7776}
      例 ('前のブロック', 'j=0'): Q=[(0, 0, 0), (1, 0, 0)] d=1 e=0 n=1 j=0 親=0（ブロック先頭 2）

### 行2<=2 |Q|=3  [3.7s]
  ★ j>=1: 分母   979776  孤児   619260  **前のブロックへ逃げた    19332 (  1.97%)**  同じブロック   341184
      **(q1) `p = 0` の割合:   294528 / 341184 ( 86.33%)**
  j=0: 分母   489888  孤児   334818  **前のブロックへ逃げた   155070 ( 31.65%)**  同じブロック        0
  **(q2) 窓 `j−p < |Q|`**:  {True: 46656}    窓の長さ:  {1: 46656}
  **(q3) `p = 0` のときの `j`**:  {1: 163296, 2: 131232}
      例 ('前のブロック', 'j=0'): Q=[(0, 0, 0), (1, 0, 0), (1, 0, 0)] d=1 e=0 n=1 j=0 親=0（ブロック先頭 3）
      例 ('前のブロック', '★ j>=1'): Q=[(0, 0, 1), (1, 1, 0), (2, 1, 1)] d=2 e=2 n=1 j=2 親=1（ブロック先頭 3）

### 行2<=2 |Q|=4  [133.3s]
  ★ j>=1: 分母 34012224  孤児 20822430  **前のブロックへ逃げた   948642 (  2.79%)**  同じブロック 12241152
      **(q1) `p = 0` の割合:  9373968 / 12241152 ( 76.58%)**
  j=0: 分母 11337408  孤児  7610760  **前のブロックへ逃げた  3726648 ( 32.87%)**  同じブロック        0
  **(q2) 窓 `j−p < |Q|`**:  {True: 2867184}    窓の長さ:  {1: 2309472, 2: 557712}
  **(q3) `p = 0` のときの `j`**:  {1: 3779136, 2: 2985552, 3: 2609280}
      例 ('前のブロック', 'j=0'): Q=[(0, 0, 0), (1, 0, 0), (1, 0, 0), (1, 0, 0)] d=1 e=0 n=1 j=0 親=0（ブロック先頭 4）
      例 ('前のブロック', '★ j>=1'): Q=[(0, 0, 1), (1, 0, 0), (1, 1, 0), (2, 1, 1)] d=2 e=2 n=1 j=3 親=2（ブロック先頭 4）

