### 行2<=1 |Q|=2  [0.0s]
  z=0 v=0  : 分母      216  **孤児        0 (  0.00%)**  親あり      216 → **`d0 == e`      144 ( 66.67%)**  親=根      36  flat_root     36
  z=0 v>=1 : 分母      432  **孤児      360 ( 83.33%)**  親あり       72 → **`d0 == e`        0 (  0.00%)**  親=根       0  flat_root      0
  z=1 v=0  : 分母      216  **孤児      216 (100.00%)**  親あり        0 → **`d0 == e`        0 (  0.00%)**  親=根       0  flat_root      0
  z=1 v>=1 : 分母      432  **孤児      396 ( 91.67%)**  親あり       36 → **`d0 == e`        0 (  0.00%)**  親=根       0  flat_root      0
  srow(p):  {(0, 'v=0', 0): 216, (0, 'v>=1', 1): 432, (1, 'v=0', 2): 216, (1, 'v>=1', 2): 432}
  **親のブロック戻り**:  {0: 324}
  **親の列 q**:  {0: 144, 1: 180}
  `Lb` の分布:  {1: 180, 2: 144}
      `d0 != e` の例 (0, 'v=0'): Q=[(0, 0, 0), (1, 0, 0)] e=2 n=1 j0=1（列 1）d0=1 srow=0
      `d0 != e` の例 (0, 'v>=1'): Q=[(0, 1, 0), (1, 0, 0)] e=2 n=1 j0=1（列 1）d0=1 srow=1
      `d0 != e` の例 (1, 'v>=1'): Q=[(0, 1, 1), (1, 0, 0)] e=2 n=1 j0=1（列 1）d0=1 srow=2

### 行2<=1 |Q|=3  [0.0s]
  z=0 v=0  : 分母     3888  **孤児        0 (  0.00%)**  親あり     3888 → **`d0 == e`     2016 ( 51.85%)**  親=根     504  flat_root    504
  z=0 v>=1 : 分母     7776  **孤児     5840 ( 75.10%)**  親あり     1936 → **`d0 == e`        0 (  0.00%)**  親=根       0  flat_root      0
  z=1 v=0  : 分母     3888  **孤児     3888 (100.00%)**  親あり        0 → **`d0 == e`        0 (  0.00%)**  親=根       0  flat_root      0
  z=1 v>=1 : 分母     7776  **孤児     6804 ( 87.50%)**  親あり      972 → **`d0 == e`        0 (  0.00%)**  親=根       0  flat_root      0
  srow(p):  {(0, 'v=0', 0): 3888, (0, 'v>=1', 1): 7776, (1, 'v=0', 2): 3888, (1, 'v>=1', 2): 7776}
  **親のブロック戻り**:  {0: 6796}
  **親の列 q**:  {0: 2016, 1: 1540, 2: 3240}
  `Lb` の分布:  {1: 3240, 2: 1540, 3: 2016}
      `d0 != e` の例 (0, 'v=0'): Q=[(0, 0, 0), (1, 0, 0), (1, 0, 0)] e=2 n=1 j0=2（列 2）d0=1 srow=0
      `d0 != e` の例 (0, 'v>=1'): Q=[(0, 1, 0), (1, 0, 0), (1, 0, 0)] e=2 n=1 j0=2（列 2）d0=1 srow=1
      `d0 != e` の例 (1, 'v>=1'): Q=[(0, 1, 1), (1, 0, 0), (1, 0, 0)] e=2 n=1 j0=2（列 2）d0=1 srow=2

### 行2<=1 |Q|=4  [1.0s]
  z=0 v=0  : 分母    69984  **孤児        0 (  0.00%)**  親あり    69984 → **`d0 == e`    31104 ( 44.44%)**  親=根    7776  flat_root   7776
  z=0 v>=1 : 分母   139968  **孤児    98784 ( 70.58%)**  親あり    41184 → **`d0 == e`        0 (  0.00%)**  親=根       0  flat_root      0
  z=1 v=0  : 分母    69984  **孤児    69984 (100.00%)**  親あり        0 → **`d0 == e`        0 (  0.00%)**  親=根       0  flat_root      0
  z=1 v>=1 : 分母   139968  **孤児   119232 ( 85.19%)**  親あり    20736 → **`d0 == e`        0 (  0.00%)**  親=根       0  flat_root      0
  srow(p):  {(0, 'v=0', 0): 69984, (0, 'v>=1', 1): 139968, (1, 'v=0', 2): 69984, (1, 'v>=1', 2): 139968}
  **親のブロック戻り**:  {0: 131904}
  **親の列 q**:  {0: 31104, 1: 14760, 2: 27720, 3: 58320}
  `Lb` の分布:  {1: 58320, 2: 27720, 3: 14760, 4: 31104}
      `d0 != e` の例 (0, 'v=0'): Q=[(0, 0, 0), (1, 0, 0), (1, 0, 0), (1, 0, 0)] e=2 n=1 j0=3（列 3）d0=1 srow=0
      `d0 != e` の例 (0, 'v>=1'): Q=[(0, 1, 0), (1, 0, 0), (1, 0, 0), (1, 0, 0)] e=2 n=1 j0=3（列 3）d0=1 srow=1
      `d0 != e` の例 (1, 'v>=1'): Q=[(0, 1, 1), (1, 0, 0), (1, 0, 0), (1, 0, 0)] e=2 n=1 j0=3（列 3）d0=1 srow=2

### 行2<=2 |Q|=2  [0.0s]
  z=0 v=0  : 分母      324  **孤児        0 (  0.00%)**  親あり      324 → **`d0 == e`      216 ( 66.67%)**  親=根      54  flat_root     54
  z=0 v>=1 : 分母      648  **孤児      540 ( 83.33%)**  親あり      108 → **`d0 == e`        0 (  0.00%)**  親=根       0  flat_root      0
  z=1 v=0  : 分母      324  **孤児      324 (100.00%)**  親あり        0 → **`d0 == e`        0 (  0.00%)**  親=根       0  flat_root      0
  z=1 v>=1 : 分母      648  **孤児      612 ( 94.44%)**  親あり       36 → **`d0 == e`        0 (  0.00%)**  親=根       0  flat_root      0
  z=2 v=0  : 分母      324  **孤児      324 (100.00%)**  親あり        0 → **`d0 == e`        0 (  0.00%)**  親=根       0  flat_root      0
  z=2 v>=1 : 分母      648  **孤児      576 ( 88.89%)**  親あり       72 → **`d0 == e`        0 (  0.00%)**  親=根       0  flat_root      0
  srow(p):  {(0, 'v=0', 0): 324, (0, 'v>=1', 1): 648, (1, 'v=0', 2): 324, (1, 'v>=1', 2): 648, (2, 'v=0', 2): 324, (2, 'v>=1', 2): 648}
  **親のブロック戻り**:  {0: 540}
  **親の列 q**:  {0: 216, 1: 324}
  `Lb` の分布:  {1: 324, 2: 216}
      `d0 != e` の例 (0, 'v=0'): Q=[(0, 0, 0), (1, 0, 0)] e=2 n=1 j0=1（列 1）d0=1 srow=0
      `d0 != e` の例 (0, 'v>=1'): Q=[(0, 1, 0), (1, 0, 0)] e=2 n=1 j0=1（列 1）d0=1 srow=1
      `d0 != e` の例 (1, 'v>=1'): Q=[(0, 1, 1), (1, 0, 0)] e=2 n=1 j0=1（列 1）d0=1 srow=2

### 行2<=2 |Q|=3  [0.2s]
  z=0 v=0  : 分母     8748  **孤児        0 (  0.00%)**  親あり     8748 → **`d0 == e`     4536 ( 51.85%)**  親=根    1134  flat_root   1134
  z=0 v>=1 : 分母    17496  **孤児    13140 ( 75.10%)**  親あり     4356 → **`d0 == e`        0 (  0.00%)**  親=根       0  flat_root      0
  z=1 v=0  : 分母     8748  **孤児     8748 (100.00%)**  親あり        0 → **`d0 == e`        0 (  0.00%)**  親=根       0  flat_root      0
  z=1 v>=1 : 分母    17496  **孤児    16036 ( 91.66%)**  親あり     1460 → **`d0 == e`        0 (  0.00%)**  親=根       0  flat_root      0
  z=2 v=0  : 分母     8748  **孤児     8748 (100.00%)**  親あり        0 → **`d0 == e`        0 (  0.00%)**  親=根       0  flat_root      0
  z=2 v>=1 : 分母    17496  **孤児    14584 ( 83.36%)**  親あり     2912 → **`d0 == e`        0 (  0.00%)**  親=根       0  flat_root      0
  srow(p):  {(0, 'v=0', 0): 8748, (0, 'v>=1', 1): 17496, (1, 'v=0', 2): 8748, (1, 'v>=1', 2): 17496, (2, 'v=0', 2): 8748, (2, 'v>=1', 2): 17496}
  **親のブロック戻り**:  {0: 17476}
  **親の列 q**:  {0: 4536, 1: 4192, 2: 8748}
  `Lb` の分布:  {1: 8748, 2: 4192, 3: 4536}
      `d0 != e` の例 (0, 'v=0'): Q=[(0, 0, 0), (1, 0, 0), (1, 0, 0)] e=2 n=1 j0=2（列 2）d0=1 srow=0
      `d0 != e` の例 (0, 'v>=1'): Q=[(0, 1, 0), (1, 0, 0), (1, 0, 0)] e=2 n=1 j0=2（列 2）d0=1 srow=1
      `d0 != e` の例 (1, 'v>=1'): Q=[(0, 1, 1), (1, 0, 0), (1, 0, 0)] e=2 n=1 j0=2（列 2）d0=1 srow=2

### 行2<=2 |Q|=4  [4.9s]
  z=0 v=0  : 分母   236196  **孤児        0 (  0.00%)**  親あり   236196 → **`d0 == e`   104976 ( 44.44%)**  親=根   26244  flat_root  26244
  z=0 v>=1 : 分母   472392  **孤児   333396 ( 70.58%)**  親あり   138996 → **`d0 == e`        0 (  0.00%)**  親=根       0  flat_root      0
  z=1 v=0  : 分母   236196  **孤児   236196 (100.00%)**  親あり        0 → **`d0 == e`        0 (  0.00%)**  親=根       0  flat_root      0
  z=1 v>=1 : 分母   472392  **孤児   425628 ( 90.10%)**  親あり    46764 → **`d0 == e`        0 (  0.00%)**  親=根       0  flat_root      0
  z=2 v=0  : 分母   236196  **孤児   236196 (100.00%)**  親あり        0 → **`d0 == e`        0 (  0.00%)**  親=根       0  flat_root      0
  z=2 v>=1 : 分母   472392  **孤児   379296 ( 80.29%)**  親あり    93096 → **`d0 == e`        0 (  0.00%)**  親=根       0  flat_root      0
  srow(p):  {(0, 'v=0', 0): 236196, (0, 'v>=1', 1): 472392, (1, 'v=0', 2): 236196, (1, 'v>=1', 2): 472392, (2, 'v=0', 2): 236196, (2, 'v>=1', 2): 472392}
  **親のブロック戻り**:  {0: 515052}
  **親の列 q**:  {0: 104976, 1: 60696, 2: 113184, 3: 236196}
  `Lb` の分布:  {1: 236196, 2: 113184, 3: 60696, 4: 104976}
      `d0 != e` の例 (0, 'v=0'): Q=[(0, 0, 0), (1, 0, 0), (1, 0, 0), (1, 0, 0)] e=2 n=1 j0=3（列 3）d0=1 srow=0
      `d0 != e` の例 (0, 'v>=1'): Q=[(0, 1, 0), (1, 0, 0), (1, 0, 0), (1, 0, 0)] e=2 n=1 j0=3（列 3）d0=1 srow=1
      `d0 != e` の例 (1, 'v>=1'): Q=[(0, 1, 1), (1, 0, 0), (1, 0, 0), (1, 0, 0)] e=2 n=1 j0=3（列 3）d0=1 srow=2

