### 行2<=1 |Q|=3  復活       60 件  [0.0s]
  **(k1) `Lb > |Q|`:       60 / 60 (100.00%)**   `Lb - |Q|` の分布 {1: 60}
  親のブロック戻り:  {1: 60}   親の列 q:  {1: 60}
  **(k2) `d0 == d`: 0/60  `d1 == e`: 50/60**  `d1` の値 {2: 30, 3: 30}
  **(k3) m=1: 分母       60  展開もまた F2b        0 (  0.00%)  そうでない       60**  展開の srow {1: 60}
  **(k3) m=2: 分母       60  展開もまた F2b        0 (  0.00%)  そうでない       60**  展開の srow {1: 60}
  **(k3) m=3: 分母       60  展開もまた F2b        0 (  0.00%)  そうでない       60**  展開の srow {1: 60}
      例 非再帰: ([(0, 0, 1), (1, 1, 0), (2, 1, 1)], 2, 2, 2, 1, 6, 5, 1)

### 行2<=1 |Q|=4  復活     1454 件  [0.7s]
  **(k1) `Lb > |Q|`:     1454 / 1454 (100.00%)**   `Lb - |Q|` の分布 {1: 974, 2: 480}
  親のブロック戻り:  {1: 1454}   親の列 q:  {1: 480, 2: 974}
  **(k2) `d0 == d`: 0/1454  `d1 == e`: 1206/1454**  `d1` の値 {2: 728, 3: 724, 4: 2}
  **(k3) m=1: 分母     1454  展開もまた F2b      148 ( 10.18%)  そうでない     1306**  展開の srow {1: 1138, 0: 72, 2: 244}
  **(k3) m=2: 分母     1454  展開もまた F2b      148 ( 10.18%)  そうでない     1306**  展開の srow {1: 1138, 0: 72, 2: 244}
  **(k3) m=3: 分母     1454  展開もまた F2b      148 ( 10.18%)  そうでない     1306**  展開の srow {1: 1138, 0: 72, 2: 244}
      例 再帰: ([(0, 0, 1), (1, 1, 0), (2, 1, 1), (2, 1, 1)], 2, 2, 2, 1, 8, 7)
      例 非再帰: ([(0, 0, 1), (1, 0, 0), (1, 1, 0), (2, 1, 1)], 2, 2, 2, 1, 8, 7, 1)

### 行2<=2 |Q|=3  復活      240 件  [0.2s]
  **(k1) `Lb > |Q|`:      240 / 240 (100.00%)**   `Lb - |Q|` の分布 {1: 240}
  親のブロック戻り:  {1: 240}   親の列 q:  {1: 240}
  **(k2) `d0 == d`: 0/240  `d1 == e`: 200/240**  `d1` の値 {2: 120, 3: 120}
  **(k3) m=1: 分母      240  展開もまた F2b       60 ( 25.00%)  そうでない      180**  展開の srow {1: 180, 2: 60}
  **(k3) m=2: 分母      240  展開もまた F2b       60 ( 25.00%)  そうでない      180**  展開の srow {1: 180, 2: 60}
  **(k3) m=3: 分母      240  展開もまた F2b       60 ( 25.00%)  そうでない      180**  展開の srow {1: 180, 2: 60}
      例 再帰: ([(0, 0, 2), (1, 1, 1), (2, 1, 2)], 2, 2, 2, 1, 6, 5)
      例 非再帰: ([(0, 0, 1), (1, 1, 0), (2, 1, 1)], 2, 2, 2, 1, 6, 5, 1)

### 行2<=2 |Q|=4  復活     8724 件  [4.8s]
  **(k1) `Lb > |Q|`:     8724 / 8724 (100.00%)**   `Lb - |Q|` の分布 {1: 5844, 2: 2880}
  親のブロック戻り:  {1: 8724}   親の列 q:  {1: 2880, 2: 5844}
  **(k2) `d0 == d`: 0/8724  `d1 == e`: 7236/8724**  `d1` の値 {2: 4368, 3: 4344, 4: 12}
  **(k3) m=1: 分母     8724  展開もまた F2b     2480 ( 28.43%)  そうでない     6244**  展開の srow {1: 5040, 0: 288, 2: 3396}
  **(k3) m=2: 分母     8724  展開もまた F2b     2480 ( 28.43%)  そうでない     6244**  展開の srow {1: 5040, 0: 288, 2: 3396}
  **(k3) m=3: 分母     8724  展開もまた F2b     2480 ( 28.43%)  そうでない     6244**  展開の srow {1: 5040, 0: 288, 2: 3396}
      例 再帰: ([(0, 0, 1), (1, 1, 0), (2, 1, 1), (2, 1, 1)], 2, 2, 2, 1, 8, 7)
      例 非再帰: ([(0, 0, 1), (1, 0, 0), (1, 1, 0), (2, 1, 1)], 2, 2, 2, 1, 8, 7, 1)

