### (k5) F2b の再帰の深さ（復活した塔から）
  行2<=1 |Q|=3: 分母       60  深さの分布 {1: 60}   ⛔ 打ち切り 0  [0.0s]
  行2<=1 |Q|=4: 分母     1454  深さの分布 {1: 1306, 2: 148}   ⛔ 打ち切り 0  [0.7s]
      深さ >=2 の例: Q=[(0, 0, 1), (1, 1, 0), (2, 1, 1), (2, 1, 1)] d=2 e=2 n=2 深さ=2
  行2<=2 |Q|=3: 分母      240  深さの分布 {'>=6': 30, 1: 180, 4: 30}   ⛔ 打ち切り 0  [0.2s]
      深さ >=2 の例: Q=[(0, 0, 2), (1, 1, 1), (2, 1, 2)] d=2 e=2 n=2 深さ=4
  行2<=2 |Q|=4: 分母     8724  深さの分布 {'>=6': 846, 1: 6244, 2: 1634}   ⛔ 打ち切り 0  [4.9s]
      深さ >=2 の例: Q=[(0, 0, 1), (1, 1, 0), (2, 1, 1), (2, 1, 1)] d=2 e=2 n=2 深さ=2

### 教訓 21: `m` を 5 まで、`|Q|` を 5 まで伸ばす（断片 行2<=1）
  |Q|=3 m∈(1, 2, 3): 分母      60  深さ {1: 60}  **最大 1**  ⛔ 打ち切り 0  [0.0s]
  |Q|=3 m∈(1, 2, 3, 4, 5): 分母      60  深さ {1: 60}  **最大 1**  ⛔ 打ち切り 0  [0.0s]
  |Q|=4 m∈(1, 2, 3): 分母    1454  深さ {1: 1306, 2: 148}  **最大 2**  ⛔ 打ち切り 0  [2.8s]
  |Q|=4 m∈(1, 2, 3, 4, 5): 分母    1454  深さ {1: 1306, 2: 148}  **最大 2**  ⛔ 打ち切り 0  [0.9s]
  |Q|=5 m∈(1, 2, 3): 分母   28584  深さ {1: 24756, 2: 3384, 3: 444}  **最大 3**  ⛔ 打ち切り 0  [15.9s]
      最大の例: Q=[(0, 0, 1), (1, 1, 0), (2, 1, 1), (2, 1, 1), (2, 1, 1)] d=2 e=2 n=2
  |Q|=5 m∈(1, 2, 3, 4, 5): 分母   28584  深さ {1: 24756, 2: 3384, 3: 444}  **最大 3**  ⛔ 打ち切り 0  [19.6s]
      最大の例: Q=[(0, 0, 1), (1, 1, 0), (2, 1, 1), (2, 1, 1), (2, 1, 1)] d=2 e=2 n=2

### 深さの伸び方（最大例の族 Q = (0,0,1)(1,1,0)(2,1,1)^k）
  k=1 |Q|=3: 復活=True  **深さ 1**  （|Q|-2 = 1）
  k=2 |Q|=4: 復活=True  **深さ 2**  （|Q|-2 = 2）
  k=3 |Q|=5: 復活=True  **深さ 3**  （|Q|-2 = 3）
  k=4 |Q|=6: 復活=True  **深さ 4**  （|Q|-2 = 4）
  k=5 |Q|=7: 復活=True  **深さ 5**  （|Q|-2 = 5）
  k=6 |Q|=8: 復活=True  **深さ 6**  （|Q|-2 = 6）

### もう 1 族: Q = (0,0,1)(1,1,0)(2,1,1)(2,1,1)... の d,e を振る
  |Q|=5 d=2 e=2: 深さ 3
  |Q|=5 d=2 e=3: 深さ 3
  |Q|=6 d=2 e=2: 深さ 4
  |Q|=6 d=2 e=3: 深さ 4
