### 行2<=1 |Q|=3  復活       90 件  [0.1s]
  **(k4) 予想の形の充足率:        0 / 90 (  0.00%)**   （私の見積もりは「5 割超」）
  **(k2) m=1: `T⟦m⟧ = T.take j0 ++ mTower B d0 d1 m` … 成立       90 (100.00%)  **破れ        0**
  **(k2) m=2: `T⟦m⟧ = T.take j0 ++ mTower B d0 d1 m` … 成立       90 (100.00%)  **破れ        0**
  **(k2) m=3: `T⟦m⟧ = T.take j0 ++ mTower B d0 d1 m` … 成立       90 (100.00%)  **破れ        0**
  **(k1) `Lb - |Q|`**:  {1: 90}
  **(k3) `n` 別の `j0 - (n-2)*|Q|`**:  {(2, 1): 30, (3, 1): 30, (4, 1): 30}
      ('成立', 1): Q=[(0, 0, 1), (1, 1, 0), (2, 1, 1)] d=2 e=2 n=2 m=1 j0=1 Lb=4 d0=3 d1=2 非子孫 0 本
      ('成立', 2): Q=[(0, 0, 1), (1, 1, 0), (2, 1, 1)] d=2 e=2 n=2 m=2 j0=1 Lb=4 d0=3 d1=2 非子孫 0 本
      ('成立', 3): Q=[(0, 0, 1), (1, 1, 0), (2, 1, 1)] d=2 e=2 n=2 m=3 j0=1 Lb=4 d0=3 d1=2 非子孫 0 本

### 行2<=1 |Q|=4  復活     2181 件  [1.3s]
  **(k4) 予想の形の充足率:        0 / 2181 (  0.00%)**   （私の見積もりは「5 割超」）
  **(k2) m=1: `T⟦m⟧ = T.take j0 ++ mTower B d0 d1 m` … 成立     2181 (100.00%)  **破れ        0**
  **(k2) m=2: `T⟦m⟧ = T.take j0 ++ mTower B d0 d1 m` … 成立     2181 (100.00%)  **破れ        0**
  **(k2) m=3: `T⟦m⟧ = T.take j0 ++ mTower B d0 d1 m` … 成立     2181 (100.00%)  **破れ        0**
  **(k1) `Lb - |Q|`**:  {1: 1461, 2: 720}
  **(k3) `n` 別の `j0 - (n-2)*|Q|`**:  {(2, 1): 240, (2, 2): 487, (3, 1): 240, (3, 2): 487, (4, 1): 240, (4, 2): 487}
      ('成立', 1): Q=[(0, 0, 1), (1, 0, 0), (1, 1, 0), (2, 1, 1)] d=2 e=2 n=2 m=1 j0=2 Lb=5 d0=3 d1=2 非子孫 0 本
      ('成立', 2): Q=[(0, 0, 1), (1, 0, 0), (1, 1, 0), (2, 1, 1)] d=2 e=2 n=2 m=2 j0=2 Lb=5 d0=3 d1=2 非子孫 0 本
      ('成立', 3): Q=[(0, 0, 1), (1, 0, 0), (1, 1, 0), (2, 1, 1)] d=2 e=2 n=2 m=3 j0=2 Lb=5 d0=3 d1=2 非子孫 0 本

### 行2<=2 |Q|=3  復活      360 件  [0.3s]
  **(k4) 予想の形の充足率:        0 / 360 (  0.00%)**   （私の見積もりは「5 割超」）
  **(k2) m=1: `T⟦m⟧ = T.take j0 ++ mTower B d0 d1 m` … 成立      360 (100.00%)  **破れ        0**
  **(k2) m=2: `T⟦m⟧ = T.take j0 ++ mTower B d0 d1 m` … 成立      360 (100.00%)  **破れ        0**
  **(k2) m=3: `T⟦m⟧ = T.take j0 ++ mTower B d0 d1 m` … 成立      360 (100.00%)  **破れ        0**
  **(k1) `Lb - |Q|`**:  {1: 360}
  **(k3) `n` 別の `j0 - (n-2)*|Q|`**:  {(2, 1): 120, (3, 1): 120, (4, 1): 120}
      ('成立', 1): Q=[(0, 0, 1), (1, 1, 0), (2, 1, 1)] d=2 e=2 n=2 m=1 j0=1 Lb=4 d0=3 d1=2 非子孫 0 本
      ('成立', 2): Q=[(0, 0, 1), (1, 1, 0), (2, 1, 1)] d=2 e=2 n=2 m=2 j0=1 Lb=4 d0=3 d1=2 非子孫 0 本
      ('成立', 3): Q=[(0, 0, 1), (1, 1, 0), (2, 1, 1)] d=2 e=2 n=2 m=3 j0=1 Lb=4 d0=3 d1=2 非子孫 0 本

### 行2<=2 |Q|=4  復活    13086 件  [8.2s]
  **(k4) 予想の形の充足率:        0 / 13086 (  0.00%)**   （私の見積もりは「5 割超」）
  **(k2) m=1: `T⟦m⟧ = T.take j0 ++ mTower B d0 d1 m` … 成立    13086 (100.00%)  **破れ        0**
  **(k2) m=2: `T⟦m⟧ = T.take j0 ++ mTower B d0 d1 m` … 成立    13086 (100.00%)  **破れ        0**
  **(k2) m=3: `T⟦m⟧ = T.take j0 ++ mTower B d0 d1 m` … 成立    13086 (100.00%)  **破れ        0**
  **(k1) `Lb - |Q|`**:  {1: 8766, 2: 4320}
  **(k3) `n` 別の `j0 - (n-2)*|Q|`**:  {(2, 1): 1440, (2, 2): 2922, (3, 1): 1440, (3, 2): 2922, (4, 1): 1440, (4, 2): 2922}
      ('成立', 1): Q=[(0, 0, 1), (1, 0, 0), (1, 1, 0), (2, 1, 1)] d=2 e=2 n=2 m=1 j0=2 Lb=5 d0=3 d1=2 非子孫 0 本
      ('成立', 2): Q=[(0, 0, 1), (1, 0, 0), (1, 1, 0), (2, 1, 1)] d=2 e=2 n=2 m=2 j0=2 Lb=5 d0=3 d1=2 非子孫 0 本
      ('成立', 3): Q=[(0, 0, 1), (1, 0, 0), (1, 1, 0), (2, 1, 1)] d=2 e=2 n=2 m=3 j0=2 Lb=5 d0=3 d1=2 非子孫 0 本

