### (P1b) `le1 Q 0 q0`（`Q` の言葉）と (P1a) `le1 T 0 j0`（塔の言葉）
  行2<=1 |Q|=3:  [0.0s]
      ★ e>=1  (P1a) : 分母       60  **成立       60 (100.00%)**
      ★ e>=1  (P1b) : 分母       60  **成立       60 (100.00%)**
      ★ e>=1  一致    : 分母       60  **成立       60 (100.00%)**
      `q0` の分布: {1: 60}
  行2<=1 |Q|=4:  [0.6s]
      ★ e>=1  (P1a) : 分母     1454  **成立     1454 (100.00%)**
      ★ e>=1  (P1b) : 分母     1454  **成立     1454 (100.00%)**
      ★ e>=1  一致    : 分母     1454  **成立     1454 (100.00%)**
      `q0` の分布: {1: 480, 2: 974}
  行2<=1 |Q|=5:  [12.2s]
      ★ e>=1  (P1a) : 分母    28584  **成立    28584 (100.00%)**
      ★ e>=1  (P1b) : 分母    28584  **成立    28584 (100.00%)**
      ★ e>=1  一致    : 分母    28584  **成立    28584 (100.00%)**
      `q0` の分布: {1: 4320, 2: 8004, 3: 16260}
  行2<=2 |Q|=3:  [0.2s]
      ★ e>=1  (P1a) : 分母      240  **成立      240 (100.00%)**
      ★ e>=1  (P1b) : 分母      240  **成立      240 (100.00%)**
      ★ e>=1  一致    : 分母      240  **成立      240 (100.00%)**
      `q0` の分布: {1: 240}
  行2<=2 |Q|=4:  [4.3s]
      ★ e>=1  (P1a) : 分母     8724  **成立     8724 (100.00%)**
      ★ e>=1  (P1b) : 分母     8724  **成立     8724 (100.00%)**
      ★ e>=1  一致    : 分母     8724  **成立     8724 (100.00%)**
      `q0` の分布: {1: 2880, 2: 5844}
