### 行2<=1 |Q|=2  分母     20736  [0.1s]
  **(i) 孤児     12408 ( 59.84%)**  **(ii) 同じブロック      4320 ( 20.83%)**  **★ (iii) 復活      4008 ( 19.33%)**
  **(ii) の窓 `j−p < |Q|`: 4320 / 4320 (100.00%)**   窓の長さ: {1: 4320}
  **(s2) 復活の `j`**:  {0: 4008}    **末尾 `j=1` の割合: 0 / 4008 (  0.00%)**
  **★ (s3) 親のブロック戻り**:  {1: 4008}    親の列 q:  {0: 1992, 1: 2016}
  `j` 別の分母:  {0: 10368, 1: 10368}
      例 ('復活', 'j=途中'): Q=[(0, 0, 0), (1, 0, 0)] d=1 e=0 n=2 j=0 親=2（ブロック 1、戻り 1）

### 行2<=1 |Q|=3  分母    435456  [1.4s]
  **(i) 孤児    245237 ( 56.32%)**  **(ii) 同じブロック    125760 ( 28.88%)**  **★ (iii) 復活     64459 ( 14.80%)**
  **(ii) の窓 `j−p < |Q|`: 125760 / 125760 (100.00%)**   窓の長さ: {1: 77760, 2: 48000}
  **(s2) 復活の `j`**:  {0: 58402, 1: 5967, 2: 90}    **末尾 `j=2` の割合: 90 / 64459 (  0.14%)**
  **★ (s3) 親のブロック戻り**:  {1: 64459}    親の列 q:  {0: 24624, 1: 7996, 2: 31839}
  `j` 別の分母:  {0: 145152, 1: 145152, 2: 145152}
      例 ('復活', 'j=末尾'): Q=[(0, 0, 1), (1, 1, 0), (2, 1, 1)] d=2 e=2 n=2 j=2 親=4（ブロック 1、戻り 1）
      例 ('復活', 'j=途中'): Q=[(0, 0, 0), (1, 0, 0), (1, 0, 0)] d=1 e=0 n=2 j=0 親=3（ブロック 1、戻り 1）

### 行2<=1 |Q|=4  分母   8957952  [32.9s]
  **(i) 孤児   4838239 ( 54.01%)**  **(ii) 同じブロック   2997504 ( 33.46%)**  **★ (iii) 復活   1122209 ( 12.53%)**
  **(ii) の窓 `j−p < |Q|`: 2997504 / 2997504 (100.00%)**   窓の長さ: {1: 1503360, 2: 864000, 3: 630144}
  **(s2) 復活の `j`**:  {0: 924102, 1: 120965, 2: 74961, 3: 2181}    **末尾 `j=3` の割合: 2181 / 1122209 (  0.19%)**
  **★ (s3) 親のブロック戻り**:  {1: 1122209}    親の列 q:  {0: 347760, 1: 69159, 2: 168562, 3: 536728}
  `j` 別の分母:  {0: 2239488, 1: 2239488, 2: 2239488, 3: 2239488}
      例 ('復活', 'j=末尾'): Q=[(0, 0, 1), (1, 0, 0), (1, 1, 0), (2, 1, 1)] d=2 e=2 n=2 j=3 親=6（ブロック 1、戻り 1）
      例 ('復活', 'j=途中'): Q=[(0, 0, 0), (1, 0, 0), (1, 0, 0), (1, 0, 0)] d=1 e=0 n=2 j=0 親=4（ブロック 1、戻り 1）

### 行2<=2 |Q|=2  分母     46656  [0.2s]
  **(i) 孤児     31932 ( 68.44%)**  **(ii) 同じブロック      7776 ( 16.67%)**  **★ (iii) 復活      6948 ( 14.89%)**
  **(ii) の窓 `j−p < |Q|`: 7776 / 7776 (100.00%)**   窓の長さ: {1: 7776}
  **(s2) 復活の `j`**:  {0: 6948}    **末尾 `j=1` の割合: 0 / 6948 (  0.00%)**
  **★ (s3) 親のブロック戻り**:  {1: 6948}    親の列 q:  {0: 2988, 1: 3960}
  `j` 別の分母:  {0: 23328, 1: 23328}
      例 ('復活', 'j=途中'): Q=[(0, 0, 0), (1, 0, 0)] d=1 e=0 n=2 j=0 親=2（ブロック 1、戻り 1）

### 行2<=2 |Q|=3  分母   1469664  [4.9s]
  **(i) 孤児    954038 ( 64.92%)**  **(ii) 同じブロック    341184 ( 23.22%)**  **★ (iii) 復活    174442 ( 11.87%)**
  **(ii) の窓 `j−p < |Q|`: 341184 / 341184 (100.00%)**   窓の長さ: {1: 209952, 2: 131232}
  **(s2) 復活の `j`**:  {0: 155110, 1: 18972, 2: 360}    **末尾 `j=2` の割合: 360 / 174442 (  0.21%)**
  **★ (s3) 親のブロック戻り**:  {1: 174442}    親の列 q:  {0: 55404, 1: 23827, 2: 95211}
  `j` 別の分母:  {0: 489888, 1: 489888, 2: 489888}
      例 ('復活', 'j=末尾'): Q=[(0, 0, 1), (1, 1, 0), (2, 1, 1)] d=2 e=2 n=2 j=2 親=4（ブロック 1、戻り 1）
      例 ('復活', 'j=途中'): Q=[(0, 0, 0), (1, 0, 0), (1, 0, 0)] d=1 e=0 n=2 j=0 親=3（ブロック 1、戻り 1）

### 行2<=2 |Q|=4  分母  45349632  [168.9s]
  **(i) 孤児  28431330 ( 62.69%)**  **(ii) 同じブロック  12241152 ( 26.99%)**  **★ (iii) 復活   4677150 ( 10.31%)**
  **(ii) の窓 `j−p < |Q|`: 12241152 / 12241152 (100.00%)**   窓の長さ: {1: 6088608, 2: 3543264, 3: 2609280}
  **(s2) 復活の `j`**:  {0: 3728268, 1: 576750, 2: 359046, 3: 13086}    **末尾 `j=3` の割合: 13086 / 4677150 (  0.28%)**
  **★ (s3) 親のブロック戻り**:  {1: 4677150}    親の列 q:  {0: 1173690, 1: 311139, 2: 762810, 3: 2429511}
  `j` 別の分母:  {0: 11337408, 1: 11337408, 2: 11337408, 3: 11337408}
      例 ('復活', 'j=末尾'): Q=[(0, 0, 1), (1, 0, 0), (1, 1, 0), (2, 1, 1)] d=2 e=2 n=2 j=3 親=6（ブロック 1、戻り 1）
      例 ('復活', 'j=途中'): Q=[(0, 0, 0), (1, 0, 0), (1, 0, 0), (1, 0, 0)] d=1 e=0 n=2 j=0 親=4（ブロック 1、戻り 1）

