### 行2<=1 |Q|=3 行1<3  [3.5s]
  復活    128920（j=0    116806 ／ j>=1    12114）
  **★ (u1) 親のブロック戻り**:  {1: 128920}
      n=2 の戻り分布: {1: 2019}
      n=3 の戻り分布: {1: 2019}
      n=4 の戻り分布: {1: 2019}
      n=5 の戻り分布: {1: 2019}
      n=6 の戻り分布: {1: 2019}
      n=7 の戻り分布: {1: 2019}
  **(u2) k* == n-1:        17 / 128920 (  0.01%)**
  **(u2) k* <= 実際の k（下界として正しいか）:    128818 / 128920 ( 99.92%)**
  **(u3) 1 ブロック帯に入る:        17 / 128920 (  0.01%)**
  **(u3) L3 の広い帯に入る:      2220 / 128920 (  1.72%)**
  ★ j>=1: **(t1) 錐の外  80.83%**  **(t2) 行1 が根より上  19.17%**
  j=0: **(t1) 錐の外   0.00%**  **(t2) 行1 が根より上   0.00%**
      u2 下界が破れる: ([(0, 1, 1), (1, 2, 1), (1, 0, 0)], 2, 0, 2, 1, 1, 2)

### 行2<=1 |Q|=3 行1<4  [10.2s]
  復活    300764（j=0    270782 ／ j>=1    29982）
  **★ (u1) 親のブロック戻り**:  {1: 300764}
      n=2 の戻り分布: {1: 4997}
      n=3 の戻り分布: {1: 4997}
      n=4 の戻り分布: {1: 4997}
      n=5 の戻り分布: {1: 4997}
      n=6 の戻り分布: {1: 4997}
      n=7 の戻り分布: {1: 4997}
  **(u2) k* == n-1:       102 / 300764 (  0.03%)**
  **(u2) k* <= 実際の k（下界として正しいか）:    300339 / 300764 ( 99.86%)**
  **(u3) 1 ブロック帯に入る:       102 / 300764 (  0.03%)**
  **(u3) L3 の広い帯に入る:      5077 / 300764 (  1.69%)**
  ★ j>=1: **(t1) 錐の外  81.65%**  **(t2) 行1 が根より上  18.35%**
  j=0: **(t1) 錐の外   0.00%**  **(t2) 行1 が根より上   0.00%**
      u2 下界が破れる: ([(0, 0, 1), (1, 3, 1), (1, 0, 0)], 2, 1, 2, 1, 1, 2)

