### 修正版 (v1)(v2) — `j=0` を分け、`k*` を塔の中の行 1 で計算
  |Q|=3:  [6.6s]
      ★ j>=1  srow=0 錐の外: 分母     96768  **復活        0 ( 0.000%)**
      ★ j>=1  srow=1 錐の中: 分母     90624  **復活        0 ( 0.000%)**  ★★ §142 の射程
      ★ j>=1  srow=1 錐の外: 分母    102912  **復活     6528 ( 6.343%)**
      ★ j>=1  srow=2 錐の中: 分母     90624  **復活     2322 ( 2.562%)**
      ★ j>=1  srow=2 錐の外: 分母    199680  **復活     3264 ( 1.635%)**
      j=0     srow=0 錐の中: 分母     12096  **復活     9072 (75.000%)**
      j=0     srow=1 錐の中: 分母    133056  **復活    86592 (65.079%)**
      j=0     srow=2 錐の中: 分母    145152  **復活    21142 (14.565%)**
      **★ `k − k*`（正しい読み）**: {0: 102628}   `k*` 解なし 26292
      **`n` 別の `k − k*` 最大**: {2: 0, 3: 0, 4: 0, 5: 0, 6: 0, 7: 0}
  |Q|=4:  [89.9s]
      ★ j>=1  srow=0 錐の外: 分母   2239488  **復活        0 ( 0.000%)**
      ★ j>=1  srow=1 錐の中: 分母   1986048  **復活        0 ( 0.000%)**  ★★ §142 の射程
      ★ j>=1  srow=1 錐の外: 分母   2492928  **復活   213120 ( 8.549%)**
      ★ j>=1  srow=2 錐の中: 分母   1986048  **復活    75152 ( 3.784%)**
      ★ j>=1  srow=2 錐の外: 分母   4732416  **復活   107952 ( 2.281%)**
      j=0     srow=0 錐の中: 分母    186624  **復活   139968 (75.000%)**
      j=0     srow=1 錐の中: 分母   2052864  **復活  1345248 (65.530%)**
      j=0     srow=2 錐の中: 分母   2239488  **復活   363042 (16.211%)**
      **★ `k − k*`（正しい読み）**: {0: 1654958, 1: 72, 2: 72, 3: 72, 4: 72, 5: 72, 6: 72}   `k*` 解なし 589092
      **`n` 別の `k − k*` 最大**: {2: 1, 3: 2, 4: 3, 5: 4, 6: 5, 7: 6}
