### 行2<=1 |Q|=3  [2.0s]
  ★ j>=1: 復活      8076
      **(w2) `p_rel == j`:         0 (  0.00%)**   `j − p_rel` の分布: {-1: 7956, 1: 120}
      **(w1b) `p_rel`**: {1: 120, 2: 7956}   `p_rel == |Q|-1`: 7956 ( 98.51%)
      **(w1c) 窓 `last−par`**: {2: 7956, 4: 120}   **`< 2|Q|`: 8076 (100.00%)**
  j=0: 復活     77870
      **(w2) `p_rel == j`:     32832 ( 42.16%)**   `j − p_rel` の分布: {-2: 34500, -1: 10538, 0: 32832}
      **(w1b) `p_rel`**: {0: 32832, 1: 10538, 2: 34500}   `p_rel == |Q|-1`: 34500 ( 44.30%)
      **(w1c) 窓 `last−par`**: {1: 34500, 2: 10538, 3: 32832}   **`< 2|Q|`: 77870 (100.00%)**
  **(w1a) `j >= 1` の復活の `j` 分布**:  {1: 7956, 2: 120}
  **★ (w3) `j=0` の復活で親が前ブロックの最終列: 34500 / 77870 ( 44.30%)**
      ('w2 破れ', 'j=0'): ([(0, 0, 0), (1, 0, 0), (1, 0, 0)], 2, 0, 2, 0, 5, 2)
      ('w2 破れ', '★ j>=1'): ([(0, 0, 1), (1, 1, 0), (2, 1, 1)], 2, 2, 2, 2, 4, 1)
      w3 破れ: ([(0, 0, 0), (1, 0, 0), (1, 0, 0)], 1, 0, 2, 3, 5)

### 行2<=2 |Q|=3  [9.0s]
  ★ j>=1: 復活     25776
      **(w2) `p_rel == j`:         0 (  0.00%)**   `j − p_rel` の分布: {-1: 25296, 1: 480}
      **(w1b) `p_rel`**: {1: 480, 2: 25296}   `p_rel == |Q|-1`: 25296 ( 98.14%)
      **(w1c) 窓 `last−par`**: {2: 25296, 4: 480}   **`< 2|Q|`: 25776 (100.00%)**
  j=0: 復活    206816
      **(w2) `p_rel == j`:     73872 ( 35.72%)**   `j − p_rel` の分布: {-2: 101664, -1: 31280, 0: 73872}
      **(w1b) `p_rel`**: {0: 73872, 1: 31280, 2: 101664}   `p_rel == |Q|-1`: 101664 ( 49.16%)
      **(w1c) 窓 `last−par`**: {1: 101664, 2: 31280, 3: 73872}   **`< 2|Q|`: 206816 (100.00%)**
  **(w1a) `j >= 1` の復活の `j` 分布**:  {1: 25296, 2: 480}
  **★ (w3) `j=0` の復活で親が前ブロックの最終列: 101664 / 206816 ( 49.16%)**
      ('w2 破れ', 'j=0'): ([(0, 0, 0), (1, 0, 0), (1, 0, 0)], 2, 0, 2, 0, 5, 2)
      ('w2 破れ', '★ j>=1'): ([(0, 0, 1), (1, 1, 0), (2, 1, 1)], 2, 2, 2, 2, 4, 1)
      w3 破れ: ([(0, 0, 0), (1, 0, 0), (1, 0, 0)], 1, 0, 2, 3, 5)

