### 行2<=1 |Q|=2  分母      3456  [0.0s]
  **(A) 親なし       2120 ( 61.34%)**
  **★ (B) 親 = 根       664 ( 19.21% of 全体、 49.70% of 非孤児)**
  **(C) 親が内側       672 ( 19.44% of 全体、 50.30% of 非孤児)**
      **(C) の `j0` の分布**:  {1: 672}    `j0 = |Q|-1`（末尾列）: 672
      `srow(p)`:  {0: 108, 1: 1020, 2: 208}

### 行2<=1 |Q|=3  分母     48384  [0.0s]
  **(A) 親なし      28926 ( 59.78%)**
  **★ (B) 親 = 根      8208 ( 16.96% of 全体、 42.18% of 非孤児)**
  **(C) 親が内側     11250 ( 23.25% of 全体、 57.82% of 非孤児)**
      **(C) の `j0` の分布**:  {1: 2682, 2: 8568}    `j0 = |Q|-1`（末尾列）: 8568
      `srow(p)`:  {0: 1512, 1: 14432, 2: 3514}

### 行2<=1 |Q|=4  分母    746496  [0.6s]
  **(A) 親なし     438714 ( 58.77%)**
  **★ (B) 親 = 根    115920 ( 15.53% of 全体、 37.66% of 非孤児)**
  **(C) 親が内側    191862 ( 25.70% of 全体、 62.34% of 非孤児)**
      **(C) の `j0` の分布**:  {1: 23112, 2: 44766, 3: 123984}    `j0 = |Q|-1`（末尾列）: 123984
      `srow(p)`:  {0: 23328, 1: 224208, 2: 60246}

### 行2<=1 |Q|=5  分母  12192768  [11.6s]
  **(A) 親なし    7086528 ( 58.12%)**
  **★ (B) 親 = 根   1783296 ( 14.63% of 全体、 34.92% of 非孤児)**
  **(C) 親が内側   3322944 ( 27.25% of 全体、 65.08% of 非孤児)**
      **(C) の `j0` の分布**:  {1: 222912, 2: 394956, 3: 763668, 4: 1941408}    `j0 = |Q|-1`（末尾列）: 1941408
      `srow(p)`:  {0: 381024, 1: 3678336, 2: 1046880}

### 行2<=2 |Q|=2  分母      7776  [0.0s]
  **(A) 親なし       5460 ( 70.22%)**
  **★ (B) 親 = 根       996 ( 12.81% of 全体、 43.01% of 非孤児)**
  **(C) 親が内側      1320 ( 16.98% of 全体、 56.99% of 非孤児)**
      **(C) の `j0` の分布**:  {1: 1320}    `j0 = |Q|-1`（末尾列）: 1320
      `srow(p)`:  {0: 162, 1: 1530, 2: 624}

### 行2<=2 |Q|=3  分母    163296  [0.1s]
  **(A) 親なし     111630 ( 68.36%)**
  **★ (B) 親 = 根     18468 ( 11.31% of 全体、 35.74% of 非孤児)**
  **(C) 親が内側     33198 ( 20.33% of 全体、 64.26% of 非孤児)**
      **(C) の `j0` の分布**:  {1: 7953, 2: 25245}    `j0 = |Q|-1`（末尾列）: 25245
      `srow(p)`:  {0: 3402, 1: 32472, 2: 15792}

