### 行2<=1 |Q|=3  ブロッカーなしの `Q` のみ  [1.2s]
  z=0 ★ j>=1: 分母    125440  (i) 孤児         0  (ii) 同ブロック    125440  **(iii) 復活         0 ( 0.000%)**  ★★★ §154 の射程
  z=0 j=0: 分母     62720  (i) 孤児     19040  (ii) 同ブロック         0  **(iii) 復活     43680 (69.643%)**
  z>=1 ★ j>=1: 分母    125440  (i) 孤児     58932  (ii) 同ブロック     64000  **(iii) 復活      2508 ( 1.999%)**
  z>=1 j=0: 分母     62720  (i) 孤児     57136  (ii) 同ブロック         0  **(iii) 復活      5584 ( 8.903%)**
      ('⛔ 反例', 'z>=1'): ([(0, 0, 1), (1, 1, 0), (2, 1, 1)], 2, 2, 2, 2, 4, 2)

### 行2<=1 |Q|=4  ブロッカーなしの `Q` のみ  [23.5s]
  z=0 ★ j>=1: 分母   2488320  (i) 孤児         0  (ii) 同ブロック   2488320  **(iii) 復活         0 ( 0.000%)**  ★★★ §154 の射程
  z=0 j=0: 分母    829440  (i) 孤児    238464  (ii) 同ブロック         0  **(iii) 復活    590976 (71.250%)**
  z>=1 ★ j>=1: 分母   2488320  (i) 孤児   1126020  (ii) 同ブロック   1292560  **(iii) 復活     69740 ( 2.803%)**
  z>=1 j=0: 分母    829440  (i) 孤児    749888  (ii) 同ブロック         0  **(iii) 復活     79552 ( 9.591%)**
      ('⛔ 反例', 'z>=1'): ([(0, 0, 1), (1, 1, 0), (1, 1, 0), (2, 1, 1)], 2, 2, 2, 3, 6, 2)

### 行2<=2 |Q|=3  ブロッカーなしの `Q` のみ  [4.1s]
  z=0 ★ j>=1: 分母    282240  (i) 孤児         0  (ii) 同ブロック    282240  **(iii) 復活         0 ( 0.000%)**  ★★★ §154 の射程
  z=0 j=0: 分母    141120  (i) 孤児     42840  (ii) 同ブロック         0  **(iii) 復活     98280 (69.643%)**
  z>=1 ★ j>=1: 分母    564480  (i) 孤児    267088  (ii) 同ブロック    287360  **(iii) 復活     10032 ( 1.777%)**
  z>=1 j=0: 分母    282240  (i) 孤児    257136  (ii) 同ブロック         0  **(iii) 復活     25104 ( 8.895%)**
      ('⛔ 反例', 'z>=1'): ([(0, 0, 1), (1, 1, 0), (2, 1, 1)], 2, 2, 2, 2, 4, 2)

### 行2<=2 |Q|=4  ブロッカーなしの `Q` のみ  [119.7s]
  z=0 ★ j>=1: 分母   8398080  (i) 孤児         0  (ii) 同ブロック   8398080  **(iii) 復活         0 ( 0.000%)**  ★★★ §154 の射程
  z=0 j=0: 分母   2799360  (i) 孤児    804816  (ii) 同ブロック         0  **(iii) 復活   1994544 (71.250%)**
  z>=1 ★ j>=1: 分母  16796160  (i) 孤児   7689240  (ii) 同ブロック   8688480  **(iii) 復活    418440 ( 2.491%)**
  z>=1 j=0: 分母   5598720  (i) 孤児   5062608  (ii) 同ブロック         0  **(iii) 復活    536112 ( 9.576%)**
      ('⛔ 反例', 'z>=1'): ([(0, 0, 1), (1, 1, 0), (1, 1, 0), (2, 1, 1)], 2, 2, 2, 3, 6, 2)

