### 弱めた条件（行0 単調 ∧ 根の行2=0 ∧ 末尾の srow=2）は展開で保たれるか
  v=2: D_v の Mono=True  弱めた条件=True
      深さ 1:      3 個  Mono 100.00%  **弱めた条件 100.00%**  （行0 単調 100.00% / 末尾 srow=2 100.00%）
      深さ 2:      8 個  Mono 100.00%  **弱めた条件   0.00%**  （行0 単調 100.00% / 末尾 srow=2   0.00%）
      深さ 3:     23 個  Mono  30.43%  **弱めた条件  26.09%**  （行0 単調 100.00% / 末尾 srow=2  26.09%）
      深さ 4:     54 個  Mono  16.67%  **弱めた条件  25.93%**  （行0 単調  92.59% / 末尾 srow=2  25.93%）
      深さ 5:    137 個  Mono   6.57%  **弱めた条件  27.74%**  （行0 単調  94.16% / 末尾 srow=2  27.74%）
      深さ 6:    344 個  Mono   2.62%  **弱めた条件  28.49%**  （行0 単調  90.70% / 末尾 srow=2  28.49%）
  v=3: D_v の Mono=True  弱めた条件=True
      深さ 1:      3 個  Mono 100.00%  **弱めた条件 100.00%**  （行0 単調 100.00% / 末尾 srow=2 100.00%）
      深さ 2:      9 個  Mono 100.00%  **弱めた条件 100.00%**  （行0 単調 100.00% / 末尾 srow=2 100.00%）
      深さ 3:     26 個  Mono 100.00%  **弱めた条件   0.00%**  （行0 単調 100.00% / 末尾 srow=2   0.00%）
      深さ 4:     77 個  Mono  32.47%  **弱めた条件  31.17%**  （行0 単調 100.00% / 末尾 srow=2  31.17%）
      深さ 5:    180 個  Mono  18.33%  **弱めた条件  32.22%**  （行0 単調  97.78% / 末尾 srow=2  32.22%）
      深さ 6:    471 個  Mono   7.43%  **弱めた条件  35.24%**  （行0 単調  98.30% / 末尾 srow=2  35.24%）
  v=4: D_v の Mono=True  弱めた条件=True
      深さ 1:      3 個  Mono 100.00%  **弱めた条件 100.00%**  （行0 単調 100.00% / 末尾 srow=2 100.00%）
      深さ 2:      9 個  Mono 100.00%  **弱めた条件 100.00%**  （行0 単調 100.00% / 末尾 srow=2 100.00%）
      深さ 3:     27 個  Mono 100.00%  **弱めた条件 100.00%**  （行0 単調 100.00% / 末尾 srow=2 100.00%）
      深さ 4:     80 個  Mono 100.00%  **弱めた条件   0.00%**  （行0 単調 100.00% / 末尾 srow=2   0.00%）
      深さ 5:    239 個  Mono  33.05%  **弱めた条件  32.64%**  （行0 単調 100.00% / 末尾 srow=2  32.64%）
      深さ 6:    558 個  Mono  18.82%  **弱めた条件  34.05%**  （行0 単調  99.28% / 末尾 srow=2  34.05%）
