### |Q|=3 行0<4 行1<3 行2<=1  `hr0` を通った `Q`      5832 本  [0.0s]
  **★ (a) 鎖に沿った行 1 の狭義単調 …       792 ( 13.58%)**
  **(c) ブロッカーなし（根とだけ比較）…      1080 ( 18.52%)**
      両者の関係: 鎖○∧ブロ○ 792  鎖○∧ブロ× **0**（0 のはず）  鎖×∧ブロ○ 288  鎖×∧ブロ× 4752
      錐の外の列がある `Q` … 4752 ( 81.48%)
  **(b) 破れた位置 `j`**:  {1: 3888, 2: 1152}    型:  {'親と等しい': 1008, '親より小さい': 4032}
      成立: v=0 z=0 R.dropLast=[(1, 1, 0), (1, 1, 0)] t=0 Q=[(0, 0, 0), (1, 1, 0), (1, 1, 0)]
      破れ: v=0 z=0 R.dropLast=[(1, 0, 0), (1, 0, 0)] t=0 Q=[(0, 0, 0), (1, 0, 0), (1, 0, 0)] 破れ=[(1, 0), (2, 0)]

### |Q|=4 行0<4 行1<3 行2<=1  `hr0` を通った `Q`    104976 本  [0.5s]
  **★ (a) 鎖に沿った行 1 の狭義単調 …      5664 (  5.40%)**
  **(c) ブロッカーなし（根とだけ比較）…     11664 ( 11.11%)**
      両者の関係: 鎖○∧ブロ○ 5664  鎖○∧ブロ× **0**（0 のはず）  鎖×∧ブロ○ 6000  鎖×∧ブロ× 93312
      錐の外の列がある `Q` … 93312 ( 88.89%)
  **(b) 破れた位置 `j`**:  {1: 69984, 2: 20736, 3: 8592}    型:  {'親と等しい': 21168, '親より小さい': 78144}
      成立: v=0 z=0 R.dropLast=[(1, 1, 0), (1, 1, 0), (1, 1, 0)] t=0 Q=[(0, 0, 0), (1, 1, 0), (1, 1, 0), (1, 1, 0)]
      破れ: v=0 z=0 R.dropLast=[(1, 0, 0), (1, 0, 0), (1, 0, 0)] t=0 Q=[(0, 0, 0), (1, 0, 0), (1, 0, 0), (1, 0, 0)] 破れ=[(1, 0), (2, 0)]

### |Q|=5 行0<4 行1<3 行2<=1  `hr0` を通った `Q`   1889568 本  [11.2s]
  **★ (a) 鎖に沿った行 1 の狭義単調 …     40224 (  2.13%)**
  **(c) ブロッカーなし（根とだけ比較）…    132192 (  7.00%)**
      両者の関係: 鎖○∧ブロ○ 40224  鎖○∧ブロ× **0**（0 のはず）  鎖×∧ブロ○ 91968  鎖×∧ブロ× 1757376
      錐の外の列がある `Q` … 1757376 ( 93.00%)
  **(b) 破れた位置 `j`**:  {1: 1259712, 2: 373248, 3: 154656, 4: 61728}    型:  {'親と等しい': 404128, '親より小さい': 1445216}
      成立: v=0 z=0 R.dropLast=[(1, 1, 0), (1, 1, 0), (1, 1, 0), (1, 1, 0)] t=0 Q=[(0, 0, 0), (1, 1, 0), (1, 1, 0), (1, 1, 0), (1, 1, 0)]
      破れ: v=0 z=0 R.dropLast=[(1, 0, 0), (1, 0, 0), (1, 0, 0), (1, 0, 0)] t=0 Q=[(0, 0, 0), (1, 0, 0), (1, 0, 0), (1, 0, 0), (1, 0, 0)] 破れ=[(1, 0), (2, 0)]

