### |Q0|=3  鎖を 30 段まで  [開始]
  例 Q0=[(0, 0, 0), (1, 0, 0), (1, 0, 0)]
      |V|           : [3, 3, 3, 3, 3, 3, 3, 3, 3, 3, 3, 3, 3]
      錐の外の本数        : [2, 2, 2, 2, 2, 2, 2, 2, 2, 2, 2, 2, 2]
      行2が正の本数       : [0, 0, 0, 0, 0, 0, 0, 0, 0, 0, 0, 0, 0]
      孤児の本数         : [1, 1, 1, 1, 1, 1, 1, 1, 1, 1, 1, 1, 1]
      maxlev        : [0, 0, 0, 0, 0, 0, 0, 0, 0, 0, 0, 0, 0]
      根のlev         : [0, 0, 0, 0, 0, 0, 0, 0, 0, 0, 0, 0, 0]
      根の行0          : [0, 1, 2, 3, 4, 5, 6, 7, 8, 9, 10, 11, 12]
      成分の和          : [2, 5, 8, 11, 14, 17, 20, 23, 26, 29, 32, 35, 38]
      行1の最大         : [0, 0, 0, 0, 0, 0, 0, 0, 0, 0, 0, 0, 0]
      行0の最大         : [1, 2, 3, 4, 5, 6, 7, 8, 9, 10, 11, 12, 13]
      選んだ (d,e,n,j): [(1, 0, 2, 0), (1, 0, 2, 0), (1, 0, 2, 0), (1, 0, 2, 0), (1, 0, 2, 0), (1, 0, 2, 0)]…
  例 Q0=[(0, 0, 0), (1, 0, 0), (1, 0, 1)]
      |V|           : [3, 3, 3, 3, 3, 3, 3, 3, 3, 3, 3, 3, 3]
      錐の外の本数        : [2, 2, 2, 2, 2, 2, 2, 2, 2, 2, 2, 2, 2]
      行2が正の本数       : [1, 1, 1, 1, 1, 1, 1, 1, 1, 1, 1, 1, 1]
      孤児の本数         : [2, 2, 2, 2, 2, 2, 2, 2, 2, 2, 2, 2, 2]
      maxlev        : [1, 1, 1, 1, 1, 1, 1, 1, 1, 1, 1, 1, 1]
      根のlev         : [0, 0, 0, 0, 0, 0, 0, 0, 0, 0, 0, 0, 0]
      根の行0          : [0, 1, 2, 3, 4, 5, 6, 7, 8, 9, 10, 11, 12]
      成分の和          : [3, 6, 9, 12, 15, 18, 21, 24, 27, 30, 33, 36, 39]
      行1の最大         : [0, 0, 0, 0, 0, 0, 0, 0, 0, 0, 0, 0, 0]
      行0の最大         : [1, 2, 3, 4, 5, 6, 7, 8, 9, 10, 11, 12, 13]
      選んだ (d,e,n,j): [(1, 0, 2, 0), (1, 0, 2, 0), (1, 0, 2, 0), (1, 0, 2, 0), (1, 0, 2, 0), (1, 0, 2, 0)]…
  **最後まで（30 段）続いた鎖: 40**   止まった段数: {}
  **★ (p1b) 単調減少した量**:  **無し**
  **★ (p1c) 単調増加した量**:  {'根の行0': 40, '成分の和': 40, '行0の最大': 40}
  非増加（減るか同じ）の量:  {'|V|': 40, '錐の外の本数': 40, '行2が正の本数': 40, '孤児の本数': 40, 'maxlev': 40, '根のlev': 40, '行1の最大': 40}
  [0.2s]

