### 行2<=1 |R|=2 行1<3  前提を通った `(R,v,z)`       135  [0.0s]
  **(u2a) `zle1 R` …       135 / 135 (100.00%)**
      z=0: 分母       135  `zle1 R`       135 (100.00%)
  **⛔⛔ `z=1` ∧ `zle1 R`（定理に反する）… 0**

### 行2<=1 |R|=3 行1<3  前提を通った `(R,v,z)`      2190  [0.0s]
  **(u2a) `zle1 R` …      2190 / 2190 (100.00%)**
      z=0: 分母      2190  `zle1 R`      2190 (100.00%)
  **⛔⛔ `z=1` ∧ `zle1 R`（定理に反する）… 0**

### 行2<=1 |R|=4 行1<3  前提を通った `(R,v,z)`     37044  [0.3s]
  **(u2a) `zle1 R` …     37044 / 37044 (100.00%)**
      z=0: 分母     37044  `zle1 R`     37044 (100.00%)
  **⛔⛔ `z=1` ∧ `zle1 R`（定理に反する）… 0**

### 行2<=2 |R|=2 行1<3  前提を通った `(R,v,z)`       606  [0.0s]
  **(u2a) `zle1 R` …       135 / 606 ( 22.28%)**
      z=0: 分母       405  `zle1 R`       135 ( 33.33%)
      z=1: 分母       201  `zle1 R`         0 (  0.00%)
  **⛔⛔ `z=1` ∧ `zle1 R`（定理に反する）… 0**
      z=1 の例: ([(1, 0, 0), (1, 1, 2)], 0, 1, False)

### 行2<=2 |R|=3 行1<3  前提を通った `(R,v,z)`     14724  [0.1s]
  **(u2a) `zle1 R` …      2190 / 14724 ( 14.87%)**
      z=0: 分母      9855  `zle1 R`      2190 ( 22.22%)
      z=1: 分母      4869  `zle1 R`         0 (  0.00%)
  **⛔⛔ `z=1` ∧ `zle1 R`（定理に反する）… 0**
      z=1 の例: ([(1, 0, 0), (1, 0, 0), (1, 1, 2)], 0, 1, False)

### 行2<=2 |R|=4 行1<3  前提を通った `(R,v,z)`    373248  [1.9s]
  **(u2a) `zle1 R` …     37044 / 373248 (  9.92%)**
      z=0: 分母    250047  `zle1 R`     37044 ( 14.81%)
      z=1: 分母    123201  `zle1 R`         0 (  0.00%)
  **⛔⛔ `z=1` ∧ `zle1 R`（定理に反する）… 0**
      z=1 の例: ([(1, 0, 0), (1, 0, 0), (1, 0, 0), (1, 1, 2)], 0, 1, False)

