### 行2<=1 |Q|=3  [1.6s]
  錐の中: 分母    316800  **塔では親あり     39064 (12.331%)**
  錐の外: 分母    322560  **塔では親あり      5440 ( 1.687%)**  ★★ L3 の予測は 0%
  **(r2) 破れの `z` 別**: {0: 2720, 1: 41784}   ==> `z >= 1` の割合  93.89%
  **(r3) 破れのうち「`Q` に行 1 の等号の列がある」… 25572 / 44504 ( 57.46%)**
  破れの錐の内訳:  {'錐の中': 39064, '錐の外': 5440}
      破れの例（錐の中）: Q=[(0, 0, 1), (1, 0, 0), (1, 0, 0)] d=2 e=1 n=2 k=1 j=0 親=2
      破れの例（錐の外）: Q=[(0, 1, 0), (1, 1, 1), (1, 0, 0)] d=2 e=0 n=2 k=1 j=1 親=2

### 行2<=1 |Q|=4  [40.3s]
  錐の中: 分母   5361600  **塔では親あり    728998 (13.597%)**
  錐の外: 分母   7464000  **塔では親あり    179920 ( 2.411%)**  ★★ L3 の予測は 0%
  **(r2) 破れの `z` 別**: {0: 89960, 1: 818958}   ==> `z >= 1` の割合  90.10%
  **(r3) 破れのうち「`Q` に行 1 の等号の列がある」… 654112 / 908918 ( 71.97%)**
  破れの錐の内訳:  {'錐の中': 728998, '錐の外': 179920}
      破れの例（錐の中）: Q=[(0, 0, 1), (1, 0, 0), (1, 0, 0), (1, 0, 0)] d=2 e=1 n=2 k=1 j=0 親=3
      破れの例（錐の外）: Q=[(0, 1, 0), (1, 0, 0), (1, 1, 1), (1, 0, 0)] d=2 e=0 n=2 k=1 j=2 親=3

### 行2<=2 |Q|=3  [9.7s]
  錐の中: 分母   1425920  **塔では親あり    173616 (12.176%)**
  錐の外: 分母   1451520  **塔では親あり     24480 ( 1.687%)**  ★★ L3 の予測は 0%
  **(r2) 破れの `z` 別**: {0: 8160, 1: 65058, 2: 124878}   ==> `z >= 1` の割合  95.88%
  **(r3) 破れのうち「`Q` に行 1 の等号の列がある」… 114148 / 198096 ( 57.62%)**
  破れの錐の内訳:  {'錐の中': 173616, '錐の外': 24480}
      破れの例（錐の中）: Q=[(0, 0, 1), (1, 0, 0), (1, 0, 0)] d=2 e=1 n=2 k=1 j=0 親=2
      破れの例（錐の外）: Q=[(0, 1, 0), (1, 1, 1), (1, 0, 0)] d=2 e=0 n=2 k=1 j=1 親=2

