### 値域<4 |Q|∈(3, 4, 5, 6) n∈(2, 3, 4) (d,e)∈(0, 1, 2, 3)  母集団 18476  [0.7s]
    親のブロック（0=直前、1=2つ前…）:  {0: 18476}
    ⚠ 親が直前のブロックでない                               0 (  0.00%)
    p_rel >= 1 （|V| < |Q|、減る）                11658 ( 63.10%)
    ★ p_rel = 0 （|V| = |Q|、減らない）              6818 ( 36.90%)
         うち e*(n-1) = 0                                                  418 / 6818 (  6.13%)
      (z3a) V = shiftr01 δ 0 Q（純粋なずらし。W_shift が直に効く）                     418 / 6818 (  6.13%)
      (z3a) ★ V = Lift1 (shiftr01 (d*(n-1)) 0 Q) (e*(n-1))              6818 / 6818 (100.00%)
      (z3a) ⚠ リフトが効いている（W_shift だけでは足りない）                               6400 / 6818 ( 93.87%)
    (z3c) `p_rel` の分布（|Q| ごと）:
        |Q|=3: 0:39.0% 1:9.2% 2:51.8%   (n=4691)
        |Q|=4: 0:37.6% 1:4.2% 2:7.6% 3:50.6%   (n=4589)
        |Q|=5: 0:36.8% 1:2.0% 2:3.9% 3:8.4% 4:48.9%   (n=4593)
        |Q|=6: 0:34.1% 1:1.4% 2:2.2% 3:4.0% 4:8.1% 5:50.1%   (n=4603)

#### 教訓 21: 箱を広げる
### 値域<6 |Q|∈(3, 4, 5, 6, 8) n∈(2, 3, 4, 5) (d,e)∈(0, 1, 2, 3, 4, 5)  母集団 25405  [1.0s]
    親のブロック（0=直前、1=2つ前…）:  {0: 25405}
    ⚠ 親が直前のブロックでない                               0 (  0.00%)
    p_rel >= 1 （|V| < |Q|、減る）                18609 ( 73.25%)
    ★ p_rel = 0 （|V| = |Q|、減らない）              6796 ( 26.75%)
         うち e*(n-1) = 0                                                  151 / 6796 (  2.22%)
      (z3a) V = shiftr01 δ 0 Q（純粋なずらし。W_shift が直に効く）                     151 / 6796 (  2.22%)
      (z3a) ★ V = Lift1 (shiftr01 (d*(n-1)) 0 Q) (e*(n-1))              6796 / 6796 (100.00%)
      (z3a) ⚠ リフトが効いている（W_shift だけでは足りない）                               6645 / 6796 ( 97.78%)
    (z3c) `p_rel` の分布（|Q| ごと）:
        |Q|=3: 0:31.2% 1:10.0% 2:58.8%   (n=4834)
        |Q|=4: 0:27.5% 1:5.0% 2:9.3% 3:58.2%   (n=5190)
        |Q|=5: 0:26.1% 1:3.1% 2:4.5% 3:9.7% 4:56.6%   (n=5061)
        |Q|=6: 0:25.2% 1:1.5% 2:2.7% 3:4.8% 4:9.3% 5:56.4%   (n=5155)
        |Q|=8: 0:23.9% 1:0.6% 2:1.2% 3:2.0% 4:3.3% 5:4.7% 6:8.8% 7:55.4%   (n=5165)

