### (A) 前提を課さない（無条件） 値域<4 |Q|∈(3, 4, 5, 6) n∈(2, 3, 4) (d,e)∈(0, 1, 2, 3)  [1.6s]
    j=0: 段 12277   非減少 4521 (36.8250%)   親がブロックの外 12277 (100.0000%)
    j>=1: 段 49223   非減少 17 ( 0.0345%)   親がブロックの外 4239 ( 8.6118%)
    **⚠⚠ `j>=1` で非減少 … 17**
       うち hr0                          10
       うち hr0hnb                       7
    **⚠⚠★ `hr0 ∧ hnb ∧ hz0` を全部満たして `j>=1` で非減少 … 0**

### (A) 前提を課さない（広い箱） 値域<6 |Q|∈(3, 4, 5, 6, 8) n∈(2, 3, 4, 5) (d,e)∈(0, 1, 2, 3, 4, 5)  [2.9s]
    j=0: 段 16967   非減少 4611 (27.1763%)   親がブロックの外 16967 (100.0000%)
    j>=1: 段 70319   非減少 43 ( 0.0611%)   親がブロックの外 8838 (12.5684%)
    **⚠⚠ `j>=1` で非減少 … 43**
       うち hr0                          28
       うち hr0hnb                       15
    **⚠⚠★ `hr0 ∧ hnb ∧ hz0` を全部満たして `j>=1` で非減少 … 0**

### (B) ★ `hr0∧hnb∧hz0` を構成的に満たす `Q` だけ 値域<6 |Q|∈(3, 4, 5, 6, 8) n∈(2, 3, 4, 5) (d,e)∈(0, 1, 2, 3, 4, 5)  [3.0s]
    j=0: 段 28859   非減少 15157 (52.5209%)   親がブロックの外 28859 (100.0000%)
    j>=1: 段 168550   非減少 0 ( 0.0000%)   親がブロックの外 0 ( 0.0000%)
    **⚠⚠ `j>=1` で非減少 … 0**
    **⚠⚠★ `hr0 ∧ hnb ∧ hz0` を全部満たして `j>=1` で非減少 … 0**

### (B) ★ 同上・広い箱（教訓 21） 値域<9 |Q|∈(4, 6, 8, 10) n∈(2, 3, 4, 5) (d,e)∈(0, 1, 2, 3, 4, 5, 6, 7, 8)  [4.3s]
    j=0: 段 24107   非減少 10134 (42.0376%)   親がブロックの外 24107 (100.0000%)
    j>=1: 段 180128   非減少 0 ( 0.0000%)   親がブロックの外 0 ( 0.0000%)
    **⚠⚠ `j>=1` で非減少 … 0**
    **⚠⚠★ `hr0 ∧ hnb ∧ hz0` を全部満たして `j>=1` で非減少 … 0**

