### (u1d) 前提を 1 つずつ課す  値域<6 |Q|∈(3, 4, 5, 6, 8)  （`j>=1` の段だけ）
    前提                   段        ⚠ 非減少           ⚠ 親がブロックの外
    前提なし            106722      79 (0.0740%)     13882 (13.0076%)
    hr0 だけ          106722      79 (0.0740%)     13882 (13.0076%)
    hnb だけ           18889      40 (0.2118%)       459 (2.4300%)
    hz0 だけ           61346       0 (0.0000%)      5501 (8.9672%)
    hr0∧hnb          18889      40 (0.2118%)       459 (2.4300%)
    hr0∧hz0          61346       0 (0.0000%)      5501 (8.9672%)
    hnb∧hz0          12312       0 (0.0000%)         0 (0.0000%)
    3 つ全部            12312       0 (0.0000%)         0 (0.0000%)

### (u1d) 前提を 1 つずつ課す  値域<9 |Q|∈(4, 6, 8, 10)  （`j>=1` の段だけ）
    前提                   段        ⚠ 非減少           ⚠ 親がブロックの外
    前提なし            115811      94 (0.0812%)     18530 (16.0002%)
    hr0 だけ          115811      94 (0.0812%)     18530 (16.0002%)
    hnb だけ           16008      25 (0.1562%)       577 (3.6044%)
    hz0 だけ           65179       0 (0.0000%)      7280 (11.1692%)
    hr0∧hnb          16008      25 (0.1562%)       577 (3.6044%)
    hr0∧hz0          65179       0 (0.0000%)      7280 (11.1692%)
    hnb∧hz0          10153       0 (0.0000%)         0 (0.0000%)
    3 つ全部            10153       0 (0.0000%)         0 (0.0000%)

### (u1b) 2 段続く非減少の `j`  値域<6 |Q|∈(3, 4, 5, 6)
    1 段目の非減少 11660 件。その `j` の分布:  {0: 11600, 2: 10, 3: 15, 4: 20, 5: 15}
    2 段続いた 1160 件。その `(j1, j2)`:  {(0, 0): 1160}

### (u1b) 2 段続く非減少の `j`  値域<9 |Q|∈(4, 6, 8)
    1 段目の非減少 6375 件。その `j` の分布:  {0: 6260, 3: 15, 4: 35, 5: 20, 6: 10, 7: 35}
    2 段続いた 375 件。その `(j1, j2)`:  {(0, 0): 375}

