### (u1d 訂正) 制約なしの `Q`  値域<4 |Q|∈(3, 4, 5, 6)  （`j>=1` の段だけ）
    前提                             段            ⚠ 非減少         ⚠ 親がブロックの外
    前提なし                       79375    3701 ( 4.6627%)     31830 (40.1008%)
    hr0                        11105      11 ( 0.0991%)       738 ( 6.6457%)
    hnb                         7487       5 ( 0.0668%)      1734 (23.1601%)
    hz0                        41592    1888 ( 4.5393%)     15745 (37.8558%)
    hr0∧hz0                     6372       0 ( 0.0000%)       302 ( 4.7395%)
    hnb∧hz0                     4349       0 ( 0.0000%)       745 (17.1304%)
    ⚠ hz0 のみ(hr0 なし)           35220    1888 ( 5.3606%)     15443 (43.8472%)
    3 つ全部                       1687       0 ( 0.0000%)         0 ( 0.0000%)
      ⚠ 例 Q=[(3, 0, 0), (2, 0, 0), (0, 0, 0)] d=2 e=2 n=2 j=2 |V|=3
      ⚠ 例 Q=[(1, 1, 0), (0, 3, 1), (3, 2, 0), (0, 0, 0), (1, 0, 1), (1, 1, 0)] d=1 e=2 n=4 j=3 |V|=6
      ⚠ 例 Q=[(2, 1, 0), (2, 3, 0), (2, 0, 0)] d=2 e=1 n=3 j=2 |V|=3
      ⚠ 例 Q=[(1, 2, 0), (1, 1, 0), (1, 0, 0), (1, 0, 0)] d=2 e=3 n=3 j=3 |V|=4

### (u1d 訂正) 制約なしの `Q`  値域<6 |Q|∈(3, 4, 5, 6, 8)  （`j>=1` の段だけ）
    前提                             段            ⚠ 非減少         ⚠ 親がブロックの外
    前提なし                      106063    2213 ( 2.0865%)     40250 (37.9491%)
    hr0                        14306      14 ( 0.0979%)      1431 (10.0028%)
    hnb                        11570      11 ( 0.0951%)      2997 (25.9032%)
    hz0                        54763    1090 ( 1.9904%)     19434 (35.4875%)
    hr0∧hz0                     8236       0 ( 0.0000%)       565 ( 6.8601%)
    hnb∧hz0                     6494       0 ( 0.0000%)      1338 (20.6036%)
    ⚠ hz0 のみ(hr0 なし)           46527    1090 ( 2.3427%)     18869 (40.5549%)
    3 つ全部                       2052       0 ( 0.0000%)         0 ( 0.0000%)
      ⚠ 例 Q=[(0, 3, 0), (0, 0, 0), (4, 4, 1), (5, 4, 0)] d=1 e=5 n=5 j=1 |V|=4
      ⚠ 例 Q=[(5, 5, 0), (4, 3, 1), (4, 1, 0), (3, 0, 0)] d=1 e=2 n=2 j=3 |V|=4
      ⚠ 例 Q=[(2, 2, 0), (2, 2, 1), (3, 0, 1), (4, 0, 1), (2, 3, 0), (4, 3, 1), (1, 0, 0), (4, 1, 1)] d=2 e=1 n=2 j=6 |V|=8
      ⚠ 例 Q=[(2, 5, 0), (5, 0, 0), (1, 0, 1), (1, 3, 0), (0, 0, 0), (3, 2, 1), (2, 1, 1), (2, 5, 1)] d=1 e=2 n=2 j=4 |V|=8

### (u1d 訂正) 制約なしの `Q`  値域<9 |Q|∈(4, 6, 8, 10)  （`j>=1` の段だけ）
    前提                             段            ⚠ 非減少         ⚠ 親がブロックの外
    前提なし                      113750     946 ( 0.8316%)     41480 (36.4659%)
    hr0                        11760      16 ( 0.1361%)      1525 (12.9677%)
    hnb                        10325       8 ( 0.0775%)      3051 (29.5496%)
    hz0                        58152     484 ( 0.8323%)     20033 (34.4494%)
    hr0∧hz0                     6519       0 ( 0.0000%)       579 ( 8.8817%)
    hnb∧hz0                     5568       0 ( 0.0000%)      1346 (24.1739%)
    ⚠ hz0 のみ(hr0 なし)           51633     484 ( 0.9374%)     19454 (37.6775%)
    3 つ全部                       1213       0 ( 0.0000%)         0 ( 0.0000%)
      ⚠ 例 Q=[(5, 1, 0), (7, 1, 1), (3, 0, 0), (3, 8, 0), (3, 8, 1), (4, 7, 0), (2, 0, 0), (5, 8, 1)] d=2 e=0 n=2 j=6 |V|=8
      ⚠ 例 Q=[(3, 2, 0), (0, 0, 0), (4, 5, 1), (7, 3, 0)] d=4 e=7 n=3 j=1 |V|=4
      ⚠ 例 Q=[(7, 4, 0), (3, 8, 1), (5, 8, 1), (3, 0, 0)] d=3 e=6 n=5 j=3 |V|=4
      ⚠ 例 Q=[(6, 6, 0), (7, 6, 0), (1, 0, 0), (4, 6, 0), (5, 3, 0), (7, 2, 1)] d=3 e=1 n=3 j=2 |V|=6

