### ★ 本命 `hr0∧hz0` を構成（`hnb` は放置） 値域<6 |Q|∈(3, 4, 5, 6, 8) n∈(2, 3, 4, 5) (d,e)∈(0, 1, 2, 3, 4, 5)  段 97600
      うち hnb も満たす                         18956 (19.4221%)
      ★ hnb を満たさない                        78644 (80.5779%)
    ⚠ 非減少 |V|>=|Q|                            0 ( 0.0000%)
    ⚠★ hnb なしで非減少                             0 ( 0.0000%)
    親がブロックの外                               8805 ( 9.0215%)
      ★ hnb なしで親がブロックの外                    8805 ( 9.0215%)

### ★ 本命 `hr0∧hz0` を構成（`hnb` は放置） 値域<9 |Q|∈(4, 6, 8, 10) n∈(2, 3, 4, 5) (d,e)∈(0, 1, 2, 3, 4, 5, 6, 7, 8)  段 109405
      うち hnb も満たす                         16304 (14.9024%)
      ★ hnb を満たさない                        93101 (85.0976%)
    ⚠ 非減少 |V|>=|Q|                            0 ( 0.0000%)
    ⚠★ hnb なしで非減少                             0 ( 0.0000%)
    親がブロックの外                              12515 (11.4391%)
      ★ hnb なしで親がブロックの外                   12515 (11.4391%)

### ★ 本命 `hr0∧hz0` を構成（`hnb` は放置） 値域<12 |Q|∈(5, 8, 12) n∈(2, 3, 4, 6) (d,e)∈(0, 1, 2, 3, 4, 5, 6, 7, 8, 9, 10, 11)  段 92088
      うち hnb も満たす                         12048 (13.0831%)
      ★ hnb を満たさない                        80040 (86.9169%)
    ⚠ 非減少 |V|>=|Q|                            0 ( 0.0000%)
    ⚠★ hnb なしで非減少                             0 ( 0.0000%)
    親がブロックの外                              11137 (12.0939%)
      ★ hnb なしで親がブロックの外                   11137 (12.0939%)

#### 陽性対照（鳴るべき）
### 陽性対照 `hr0` だけ 値域<6 |Q|∈(3, 4, 5, 6, 8) n∈(2, 3, 4, 5) (d,e)∈(0, 1, 2, 3, 4, 5)  段 83989
      うち hnb も満たす                         14619 (17.4059%)
      ★ hnb を満たさない                        69370 (82.5941%)
    ⚠ 非減少 |V|>=|Q|                           51 ( 0.0607%)
    ⚠★ hnb なしで非減少                            29 ( 0.0345%)
    親がブロックの外                              10987 (13.0815%)
      ★ hnb なしで親がブロックの外                   10619 (12.6433%)
      ⚠ 反例 Q=[(2, 0, 1), (3, 5, 0), (4, 0, 0), (3, 3, 0), (5, 3, 1)] d=3 e=5 n=3 j=4 |V|=6
      ⚠ 反例 Q=[(2, 2, 1), (3, 3, 0), (5, 0, 1), (5, 2, 1), (3, 4, 0), (4, 4, 1)] d=2 e=4 n=5 j=5 |V|=7
      ⚠ 反例 Q=[(3, 0, 1), (4, 1, 0), (5, 0, 1), (4, 3, 0), (5, 1, 1), (5, 2, 0)] d=2 e=4 n=2 j=4 |V|=7
      ⚠ 反例 Q=[(0, 1, 1), (2, 0, 0), (2, 5, 0), (3, 2, 1)] d=3 e=5 n=4 j=3 |V|=5

### 陽性対照 `hz0` だけ 値域<6 |Q|∈(3, 4, 5, 6, 8) n∈(2, 3, 4, 5) (d,e)∈(0, 1, 2, 3, 4, 5)  段 73085
      うち hnb も満たす                          8714 (11.9231%)
      ★ hnb を満たさない                        64371 (88.0769%)
    ⚠ 非減少 |V|>=|Q|                         1505 ( 2.0592%)
    ⚠★ hnb なしで非減少                          1505 ( 2.0592%)
    親がブロックの外                              25978 (35.5449%)
      ★ hnb なしで親がブロックの外                   24238 (33.1641%)
      ⚠ 反例 Q=[(4, 0, 0), (4, 5, 0), (3, 0, 0)] d=2 e=2 n=2 j=2 |V|=3
      ⚠ 反例 Q=[(0, 0, 0), (2, 2, 0), (3, 1, 1), (2, 2, 1), (0, 0, 0)] d=1 e=3 n=3 j=4 |V|=5
      ⚠ 反例 Q=[(5, 2, 0), (3, 2, 1), (1, 0, 0), (2, 0, 0), (4, 1, 0), (2, 5, 0)] d=1 e=3 n=4 j=2 |V|=6
      ⚠ 反例 Q=[(5, 2, 0), (1, 1, 1), (0, 2, 1), (0, 0, 0), (4, 4, 1)] d=2 e=5 n=5 j=3 |V|=5

