=== 2 段続いた例 #1 ===
  段1: Q=[(2, 0, 0), (4, 3, 0), (5, 5, 0)] (d,e)=(2,1)  |Q|=3
      ★非減少 n=1 j=0 par=0 (blk=0,p_rel=0) |V|=3 (d',e')=(2,0) V=[(2, 0, 0), (4, 3, 0), (5, 5, 0)]
      ★非減少 n=2 j=0 par=3 (blk=1,p_rel=0) |V|=3 (d',e')=(2,0) V=[(4, 1, 0), (6, 4, 0), (7, 6, 0)]
      ★非減少 n=3 j=0 par=6 (blk=2,p_rel=0) |V|=3 (d',e')=(2,0) V=[(6, 2, 0), (8, 5, 0), (9, 7, 0)]
      ★非減少 n=4 j=0 par=9 (blk=3,p_rel=0) |V|=3 (d',e')=(2,0) V=[(8, 3, 0), (10, 6, 0), (11, 8, 0)]
      ★非減少 n=5 j=0 par=12 (blk=4,p_rel=0) |V|=3 (d',e')=(2,0) V=[(10, 4, 0), (12, 7, 0), (13, 9, 0)]
  段2: Q=[(2, 0, 0), (4, 3, 0), (5, 5, 0)] (d,e)=(2,0)  |Q|=3
      ★非減少 n=1 j=0 par=0 (blk=0,p_rel=0) |V|=3 (d',e')=(0,0) V=[(2, 0, 0), (4, 3, 0), (5, 5, 0)]
      ★非減少 n=2 j=0 par=3 (blk=1,p_rel=0) |V|=3 (d',e')=(0,0) V=[(4, 0, 0), (6, 3, 0), (7, 5, 0)]
      ★非減少 n=3 j=0 par=6 (blk=2,p_rel=0) |V|=3 (d',e')=(0,0) V=[(6, 0, 0), (8, 3, 0), (9, 5, 0)]
      ★非減少 n=4 j=0 par=9 (blk=3,p_rel=0) |V|=3 (d',e')=(0,0) V=[(8, 0, 0), (10, 3, 0), (11, 5, 0)]
      ★非減少 n=5 j=0 par=12 (blk=4,p_rel=0) |V|=3 (d',e')=(0,0) V=[(10, 0, 0), (12, 3, 0), (13, 5, 0)]
  段3: Q=[(2, 0, 0), (4, 3, 0), (5, 5, 0)] (d,e)=(0,0)  |Q|=3
      ⟹ ⚠ 段3 で非減少の手が無い（打ち切り）

=== 2 段続いた例 #2 ===
  段1: Q=[(0, 0, 0), (5, 4, 1), (3, 3, 0), (4, 3, 1), (1, 3, 1)] (d,e)=(1,3)  |Q|=5
      ★非減少 n=1 j=0 par=0 (blk=0,p_rel=0) |V|=5 (d',e')=(1,0) V=[(0, 0, 0), (5, 4, 1), (3, 3, 0), (4, 3, 1), (1, 3, 1)]
      ★非減少 n=2 j=0 par=5 (blk=1,p_rel=0) |V|=5 (d',e')=(1,0) V=[(1, 3, 0), (6, 7, 1), (4, 6, 0), (5, 6, 1), (2, 6, 1)]
      ★非減少 n=3 j=0 par=10 (blk=2,p_rel=0) |V|=5 (d',e')=(1,0) V=[(2, 6, 0), (7, 10, 1), (5, 9, 0), (6, 9, 1), (3, 9, 1)]
      ★非減少 n=4 j=0 par=15 (blk=3,p_rel=0) |V|=5 (d',e')=(1,0) V=[(3, 9, 0), (8, 13, 1), (6, 12, 0), (7, 12, 1), (4, 12, 1)]
      ★非減少 n=5 j=0 par=20 (blk=4,p_rel=0) |V|=5 (d',e')=(1,0) V=[(4, 12, 0), (9, 16, 1), (7, 15, 0), (8, 15, 1), (5, 15, 1)]
  段2: Q=[(0, 0, 0), (5, 4, 1), (3, 3, 0), (4, 3, 1), (1, 3, 1)] (d,e)=(1,0)  |Q|=5
      ★非減少 n=1 j=0 par=0 (blk=0,p_rel=0) |V|=5 (d',e')=(0,0) V=[(0, 0, 0), (5, 4, 1), (3, 3, 0), (4, 3, 1), (1, 3, 1)]
      ★非減少 n=2 j=0 par=5 (blk=1,p_rel=0) |V|=5 (d',e')=(0,0) V=[(1, 0, 0), (6, 4, 1), (4, 3, 0), (5, 3, 1), (2, 3, 1)]
      ★非減少 n=3 j=0 par=10 (blk=2,p_rel=0) |V|=5 (d',e')=(0,0) V=[(2, 0, 0), (7, 4, 1), (5, 3, 0), (6, 3, 1), (3, 3, 1)]
      ★非減少 n=4 j=0 par=15 (blk=3,p_rel=0) |V|=5 (d',e')=(0,0) V=[(3, 0, 0), (8, 4, 1), (6, 3, 0), (7, 3, 1), (4, 3, 1)]
      ★非減少 n=5 j=0 par=20 (blk=4,p_rel=0) |V|=5 (d',e')=(0,0) V=[(4, 0, 0), (9, 4, 1), (7, 3, 0), (8, 3, 1), (5, 3, 1)]
  段3: Q=[(0, 0, 0), (5, 4, 1), (3, 3, 0), (4, 3, 1), (1, 3, 1)] (d,e)=(0,0)  |Q|=5
      ⟹ ⚠ 段3 で非減少の手が無い（打ち切り）

=== 2 段続いた例 #3 ===
  段1: Q=[(2, 0, 0), (5, 4, 0), (5, 5, 1)] (d,e)=(3,4)  |Q|=3
      ★非減少 n=1 j=0 par=0 (blk=0,p_rel=0) |V|=3 (d',e')=(3,0) V=[(2, 0, 0), (5, 4, 0), (5, 5, 1)]
      ★非減少 n=2 j=0 par=3 (blk=1,p_rel=0) |V|=3 (d',e')=(3,0) V=[(5, 4, 0), (8, 8, 0), (8, 9, 1)]
      ★非減少 n=3 j=0 par=6 (blk=2,p_rel=0) |V|=3 (d',e')=(3,0) V=[(8, 8, 0), (11, 12, 0), (11, 13, 1)]
      ★非減少 n=4 j=0 par=9 (blk=3,p_rel=0) |V|=3 (d',e')=(3,0) V=[(11, 12, 0), (14, 16, 0), (14, 17, 1)]
      ★非減少 n=5 j=0 par=12 (blk=4,p_rel=0) |V|=3 (d',e')=(3,0) V=[(14, 16, 0), (17, 20, 0), (17, 21, 1)]
  段2: Q=[(2, 0, 0), (5, 4, 0), (5, 5, 1)] (d,e)=(3,0)  |Q|=3
      ★非減少 n=1 j=0 par=0 (blk=0,p_rel=0) |V|=3 (d',e')=(0,0) V=[(2, 0, 0), (5, 4, 0), (5, 5, 1)]
      ★非減少 n=2 j=0 par=3 (blk=1,p_rel=0) |V|=3 (d',e')=(0,0) V=[(5, 0, 0), (8, 4, 0), (8, 5, 1)]
      ★非減少 n=3 j=0 par=6 (blk=2,p_rel=0) |V|=3 (d',e')=(0,0) V=[(8, 0, 0), (11, 4, 0), (11, 5, 1)]
      ★非減少 n=4 j=0 par=9 (blk=3,p_rel=0) |V|=3 (d',e')=(0,0) V=[(11, 0, 0), (14, 4, 0), (14, 5, 1)]
      ★非減少 n=5 j=0 par=12 (blk=4,p_rel=0) |V|=3 (d',e')=(0,0) V=[(14, 0, 0), (17, 4, 0), (17, 5, 1)]
  段3: Q=[(2, 0, 0), (5, 4, 0), (5, 5, 1)] (d,e)=(0,0)  |Q|=3
      ⟹ ⚠ 段3 で非減少の手が無い（打ち切り）

