#### ★ 本命: `hr0 ∧ hz0` を構成的に満たす `Q`（`hnb` は放置）
### 本命 値域<6 |Q|∈(3, 4, 5, 6, 8) n∈(1, 2, 3, 4, 5) (d,e)∈(0, 1, 2, 3, 4, 5)  段 318520  非減少 26965
    非減少の srow:  {0: 730, 1: 26235}
      (M1) srow <= 1                          26965 (100.000%)
      ★ (M4) ランクが真に減った                        26965 (100.000%)
      ★ うち hnb を満たさない                         20370 ( 75.542%)

### 本命・広い箱 値域<9 |Q|∈(4, 6, 8, 10) n∈(1, 2, 3, 4, 6) (d,e)∈(0, 1, 2, 3, 4, 5, 6, 7, 8)  段 269490  非減少 13710
    非減少の srow:  {0: 125, 1: 13585}
      (M1) srow <= 1                          13710 (100.000%)
      ★ (M4) ランクが真に減った                        13710 (100.000%)
      ★ うち hnb を満たさない                         10745 ( 78.373%)

### 本命・さらに広い箱 値域<12 |Q|∈(5, 8, 12) n∈(1, 2, 3, 5, 8) (d,e)∈(0, 1, 2, 3, 4, 5, 6, 7, 8, 9, 10, 11)  段 219235  非減少 8600
    非減少の srow:  {0: 25, 1: 8575}
      (M1) srow <= 1                           8600 (100.000%)
      ★ (M4) ランクが真に減った                         8600 (100.000%)
      ★ うち hnb を満たさない                          6945 ( 80.756%)

#### 陽性対照: 前提を課さない（r188 と同じ。鳴るべき）
### 陽性対照 値域<9 |Q|∈(4, 6, 8, 10) n∈(1, 2, 3, 4, 6) (d,e)∈(0, 1, 2, 3, 4, 5, 6, 7, 8)  段 203608  非減少 5780
    非減少の srow:  {0: 45, 1: 5650, 2: 85}
      (M1) srow <= 1                           5695 ( 98.529%)
      ★ (M4) ランクが真に減った                         5695 ( 98.529%)
      ★ うち hnb を満たさない                          4550 ( 78.720%)
      ⚠ (M1) 破れ                                  85 (  1.471%)
      ⚠⚠ (M4) 破れ                                 85 (  1.471%)
      ⚠ 破れ例 ('M1', [(2, 3, 1), (6, 2, 1), (3, 7, 0), (5, 6, 0), (5, 8, 0), (8, 5, 1)], 6, 6, 1, 5, 2, 7)
      ⚠ 破れ例 ('M4', [(2, 3, 1), (6, 2, 1), (3, 7, 0), (5, 6, 0), (5, 8, 0), (8, 5, 1)], 6, 6, 1, 5, 2, (9, 3))
      ⚠ 破れ例 ('M1', [(2, 3, 1), (6, 2, 1), (3, 7, 0), (5, 6, 0), (5, 8, 0), (8, 5, 1)], 6, 6, 2, 5, 2, 7)
      ⚠ 破れ例 ('M4', [(2, 3, 1), (6, 2, 1), (3, 7, 0), (5, 6, 0), (5, 8, 0), (8, 5, 1)], 6, 6, 2, 5, 2, (9, 3))
      ⚠ 破れ例 ('M4', [(2, 3, 1), (6, 2, 1), (3, 7, 0), (5, 6, 0), (5, 8, 0), (8, 5, 1)], 6, 6, 3, 5, 2, (9, 3))
      ⚠ 破れ例 ('M4', [(2, 3, 1), (6, 2, 1), (3, 7, 0), (5, 6, 0), (5, 8, 0), (8, 5, 1)], 6, 6, 4, 5, 2, (9, 3))
      ⚠ 破れ例 ('M4', [(2, 3, 1), (6, 2, 1), (3, 7, 0), (5, 6, 0), (5, 8, 0), (8, 5, 1)], 6, 6, 6, 5, 2, (9, 3))
      ⚠ 破れ例 ('M4', [(0, 0, 1), (2, 6, 0), (3, 8, 0), (1, 1, 0), (6, 2, 1), (2, 6, 1), (2, 3, 1), (2, 4, 1), (4, 0, 1), (2, 1, 1)], 2, 2, 1, 9, 2, (3, 2))

