### (a1d) 狙わない  値域<6 |Q|∈(3, 4, 5, 6) n∈(1, 2, 3, 4, 5) cap=30  本数 3337  [1.5s]
    最大段数の分布:  {0: 2865, 1: 427, 2: 45}
    **⚠★ 3 段以上 … 0 / 3337 ( 0.000%)   cap まで … 0**

### (a1d) `entry Q 2 0 = 1` を狙う  値域<6 |Q|∈(3, 4, 5, 6) n∈(1, 2, 3, 4, 5) cap=30  本数 3390  [0.9s]
    最大段数の分布:  {0: 3380, 1: 10}
    **⚠★ 3 段以上 … 0 / 3390 ( 0.000%)   cap まで … 0**

### (a1d) `entry Q 2 0 = 1` を狙う  値域<9 |Q|∈(4, 6, 8) n∈(1, 2, 3, 4, 6) cap=30  本数 2656  [1.4s]
    最大段数の分布:  {0: 2647, 1: 9}
    **⚠★ 3 段以上 … 0 / 2656 ( 0.000%)   cap まで … 0**

### (w4) 前提なし  値域<6 |Q|∈(3, 4, 5, 6, 8)  母集団 128292
    ★ 窓の根の行 2 = 0（hz0(V) 自動）                  86653 ( 67.544%)
    ⚠ 窓の根の行 2 = 1                             41639 ( 32.456%)
    段の srow 分布:  {0: 17905, 1: 72385, 2: 38002}
    ⚠ 行 2 = 1 のときの srow:  {0: 8775, 1: 32864}

### (w4) `hr0∧hz0` を構成  値域<6 |Q|∈(3, 4, 5, 6, 8)  母集団 191305
    ★ 窓の根の行 2 = 0（hz0(V) 自動）                 161121 ( 84.222%)
    ⚠ 窓の根の行 2 = 1                             30184 ( 15.778%)
    段の srow 分布:  {0: 22475, 1: 111555, 2: 57275}
    ⚠ 行 2 = 1 のときの srow:  {0: 3710, 1: 26474}

### (w4) `hr0∧hz0` を構成  値域<9 |Q|∈(4, 6, 8, 10)  母集団 178880
    ★ 窓の根の行 2 = 0（hz0(V) 自動）                 146843 ( 82.090%)
    ⚠ 窓の根の行 2 = 1                             32037 ( 17.910%)
    段の srow 分布:  {0: 13885, 1: 105700, 2: 59295}
    ⚠ 行 2 = 1 のときの srow:  {0: 2930, 1: 29107}

