### 値域<6 |Q|∈(3, 4, 5, 6, 8) n∈(1, 2, 3, 4, 5) (d,e)∈(0, 1, 2, 3, 4, 5)  全段 117450  [4.5s]
    hz0(V) 成立 … 106613 ( 90.77%)
    ★ 母集団（hz0(V) が破れた段）… 10837
      ⚠ (y1a) 錐の中 ∧ 行 2 が正 の列を持つ                       4161 ( 38.396%)
      ★ (y1a) 持たない（hz0(V) は要らない）                       6676 ( 61.604%)
      該当列の本数:  {1: 3333, 2: 703, 3: 115, 4: 5, 5: 5}
      (y1b) 該当列の `j` の分布（上位）:  [(1, 2158), (2, 1510), (3, 796), (4, 415), (5, 185), (6, 65)]
      ★ 持たない例 Q=[(1, 1, 0), (5, 5, 0), (5, 2, 0), (2, 1, 1), (5, 3, 0), (4, 1, 0), (4, 4, 0), (4, 1, 1)] (d,e)=(5,2) n=1 j=6 V=[(7, 1, 1), (10, 3, 0), (9, 1, 0)]
      ★ 持たない例 Q=[(1, 1, 0), (5, 5, 0), (5, 2, 0), (2, 1, 1), (5, 3, 0), (4, 1, 0), (4, 4, 0), (4, 1, 1)] (d,e)=(5,2) n=2 j=6 V=[(12, 1, 1), (15, 3, 0), (14, 1, 0)]
      ★ 持たない例 Q=[(1, 1, 0), (5, 5, 0), (5, 2, 0), (2, 1, 1), (5, 3, 0), (4, 1, 0), (4, 4, 0), (4, 1, 1)] (d,e)=(5,2) n=3 j=6 V=[(17, 1, 1), (20, 3, 0), (19, 1, 0)]

#### 教訓 21: 箱を広げる
### 値域<9 |Q|∈(4, 6, 8, 10) n∈(1, 2, 3, 4, 6) (d,e)∈(0, 1, 2, 3, 4, 5, 6, 7, 8)  全段 114624  [5.9s]
    hz0(V) 成立 … 101243 ( 88.33%)
    ★ 母集団（hz0(V) が破れた段）… 13381
      ⚠ (y1a) 錐の中 ∧ 行 2 が正 の列を持つ                       6404 ( 47.859%)
      ★ (y1a) 持たない（hz0(V) は要らない）                       6977 ( 52.141%)
      該当列の本数:  {1: 4332, 2: 1433, 3: 474, 4: 135, 5: 30}
      (y1b) 該当列の `j` の分布（上位）:  [(1, 3280), (2, 2484), (3, 1364), (4, 992), (5, 593), (6, 346), (7, 181), (8, 85)]
      ★ 持たない例 Q=[(3, 2, 0), (4, 1, 1), (5, 4, 0), (8, 3, 0)] (d,e)=(8,2) n=1 j=3 V=[(12, 1, 1), (13, 4, 0)]
      ★ 持たない例 Q=[(3, 2, 0), (4, 1, 1), (5, 4, 0), (8, 3, 0)] (d,e)=(8,2) n=2 j=3 V=[(20, 1, 1), (21, 4, 0)]
      ★ 持たない例 Q=[(3, 2, 0), (4, 1, 1), (5, 4, 0), (8, 3, 0)] (d,e)=(8,2) n=3 j=3 V=[(28, 1, 1), (29, 4, 0)]

### 値域<12 |Q|∈(5, 8, 12) n∈(1, 2, 3, 5, 8) (d,e)∈(0, 1, 2, 3, 4, 5, 6, 7, 8, 9, 10, 11)  全段 89334  [8.7s]
    hz0(V) 成立 … 77084 ( 86.29%)
    ★ 母集団（hz0(V) が破れた段）… 12250
      ⚠ (y1a) 錐の中 ∧ 行 2 が正 の列を持つ                       6054 ( 49.420%)
      ★ (y1a) 持たない（hz0(V) は要らない）                       6196 ( 50.580%)
      該当列の本数:  {1: 3783, 2: 1317, 3: 573, 4: 276, 5: 105}
      (y1b) 該当列の `j` の分布（上位）:  [(1, 2922), (2, 2159), (3, 1458), (4, 1115), (5, 707), (6, 539), (7, 335), (8, 305)]
      ★ 持たない例 Q=[(5, 0, 0), (10, 8, 0), (7, 1, 1), (10, 8, 0), (9, 2, 0), (9, 10, 1), (10, 0, 0), (7, 2, 0), (6, 2, 0), (9, 7, 0), (7, 10, 1), (8, 8, 0)] (d,e)=(4,0) n=1 j=4 V=[(11, 1, 1), (14, 8, 0)]
      ★ 持たない例 Q=[(5, 0, 0), (10, 8, 0), (7, 1, 1), (10, 8, 0), (9, 2, 0), (9, 10, 1), (10, 0, 0), (7, 2, 0), (6, 2, 0), (9, 7, 0), (7, 10, 1), (8, 8, 0)] (d,e)=(4,0) n=2 j=4 V=[(15, 1, 1), (18, 8, 0)]
      ★ 持たない例 Q=[(5, 0, 0), (10, 8, 0), (7, 1, 1), (10, 8, 0), (9, 2, 0), (9, 10, 1), (10, 0, 0), (7, 2, 0), (6, 2, 0), (9, 7, 0), (7, 10, 1), (8, 8, 0)] (d,e)=(4,0) n=3 j=4 V=[(19, 1, 1), (22, 8, 0)]

