### 値域<6 |Q|∈(3, 4, 5, 6, 8) n∈(1, 2, 3, 4, 5)  全段 118709  [4.3s]
    ★ h2(V) が成立（j>=1、義務なし）                  74458 ( 62.723%)
    ⚠ h2(V) が破れる（j>=1、真の核）                  44251 ( 37.277%)
    (参考) j=0 込みだと破れる                        49458 ( 41.663%)
    hz0(V) が破れた段 … 11015   (y1a) の残差 … 3905 ( 3.290% of 全段)
        ★ そのうち h2(V) は成立（義務は消える）                    245 (  6.274% of 残差,  0.206% of 全段)
        ⚠⚠ h2(V) も破れる（★ 真の核）                       3660 ( 93.726% of 残差,  3.083% of 全段)
      ⚠ 真の核の例 Q=[(1, 1, 0), (3, 0, 1), (2, 2, 0), (4, 4, 1), (2, 4, 0), (2, 1, 1), (3, 0, 1), (4, 1, 1)] (d,e)=(4,0) n=1 j=0 V=[(3, 0, 1), (4, 1, 1)]  破れる列 j=1
      ⚠ 真の核の例 Q=[(1, 1, 0), (3, 0, 1), (2, 2, 0), (4, 4, 1), (2, 4, 0), (2, 1, 1), (3, 0, 1), (4, 1, 1)] (d,e)=(4,0) n=2 j=0 V=[(7, 0, 1), (8, 1, 1)]  破れる列 j=1
      ⚠ 真の核の例 Q=[(1, 1, 0), (3, 0, 1), (2, 2, 0), (4, 4, 1), (2, 4, 0), (2, 1, 1), (3, 0, 1), (4, 1, 1)] (d,e)=(4,0) n=3 j=0 V=[(11, 0, 1), (12, 1, 1)]  破れる列 j=1

#### 教訓 21: 箱を広げる
### 値域<9 |Q|∈(4, 6, 8, 10) n∈(1, 2, 3, 4, 6)  全段 115445  [5.9s]
    ★ h2(V) が成立（j>=1、義務なし）                  68616 ( 59.436%)
    ⚠ h2(V) が破れる（j>=1、真の核）                  46829 ( 40.564%)
    (参考) j=0 込みだと破れる                        52089 ( 45.120%)
    hz0(V) が破れた段 … 13828   (y1a) の残差 … 6546 ( 5.670% of 全段)
        ★ そのうち h2(V) は成立（義務は消える）                    385 (  5.881% of 残差,  0.333% of 全段)
        ⚠⚠ h2(V) も破れる（★ 真の核）                       6161 ( 94.119% of 残差,  5.337% of 全段)
      ⚠ 真の核の例 Q=[(0, 5, 0), (8, 8, 1), (2, 4, 0), (8, 7, 1), (1, 8, 0), (7, 8, 0), (7, 2, 1), (8, 5, 0), (4, 4, 0), (1, 3, 1)] (d,e)=(8,8) n=1 j=8 V=[(1, 3, 1), (8, 13, 0), (16, 16, 1), (10, 4, 0), (16, 7, 1), (9, 16, 0), (15, 16, 0), (15, 2, 1), (16, 5, 0)]  破れる列 j=7
      ⚠ 真の核の例 Q=[(0, 5, 0), (8, 8, 1), (2, 4, 0), (8, 7, 1), (1, 8, 0), (7, 8, 0), (7, 2, 1), (8, 5, 0), (4, 4, 0), (1, 3, 1)] (d,e)=(8,8) n=2 j=8 V=[(9, 3, 1), (16, 21, 0), (24, 24, 1), (18, 4, 0), (24, 7, 1), (17, 24, 0), (23, 24, 0), (23, 2, 1), (24, 5, 0)]  破れる列 j=7
      ⚠ 真の核の例 Q=[(0, 5, 0), (8, 8, 1), (2, 4, 0), (8, 7, 1), (1, 8, 0), (7, 8, 0), (7, 2, 1), (8, 5, 0), (4, 4, 0), (1, 3, 1)] (d,e)=(8,8) n=3 j=8 V=[(17, 3, 1), (24, 29, 0), (32, 32, 1), (26, 4, 0), (32, 7, 1), (25, 32, 0), (31, 32, 0), (31, 2, 1), (32, 5, 0)]  破れる列 j=7

### 値域<12 |Q|∈(5, 8, 12) n∈(1, 2, 3, 5, 8)  全段 90608  [8.9s]
    ★ h2(V) が成立（j>=1、義務なし）                  53867 ( 59.451%)
    ⚠ h2(V) が破れる（j>=1、真の核）                  36741 ( 40.549%)
    (参考) j=0 込みだと破れる                        41277 ( 45.556%)
    hz0(V) が破れた段 … 12586   (y1a) の残差 … 6509 ( 7.184% of 全段)
        ★ そのうち h2(V) は成立（義務は消える）                    455 (  6.990% of 残差,  0.502% of 全段)
        ⚠⚠ h2(V) も破れる（★ 真の核）                       6054 ( 93.010% of 残差,  6.682% of 全段)
      ⚠ 真の核の例 Q=[(9, 11, 0), (10, 1, 1), (11, 6, 1), (11, 8, 0), (11, 8, 1), (10, 4, 0), (11, 10, 1), (10, 11, 1), (11, 3, 1), (11, 8, 0), (10, 5, 1), (11, 7, 0)] (d,e)=(2,9) n=1 j=3 V=[(12, 1, 1), (13, 6, 1)]  破れる列 j=1
      ⚠ 真の核の例 Q=[(9, 11, 0), (10, 1, 1), (11, 6, 1), (11, 8, 0), (11, 8, 1), (10, 4, 0), (11, 10, 1), (10, 11, 1), (11, 3, 1), (11, 8, 0), (10, 5, 1), (11, 7, 0)] (d,e)=(2,9) n=1 j=9 V=[(10, 5, 1), (11, 7, 0), (11, 20, 0), (12, 1, 1), (13, 6, 1), (13, 8, 0), (13, 8, 1), (12, 4, 0), (13, 10, 1), (12, 11, 1), (13, 3, 1)]  破れる列 j=3
      ⚠ 真の核の例 Q=[(9, 11, 0), (10, 1, 1), (11, 6, 1), (11, 8, 0), (11, 8, 1), (10, 4, 0), (11, 10, 1), (10, 11, 1), (11, 3, 1), (11, 8, 0), (10, 5, 1), (11, 7, 0)] (d,e)=(2,9) n=2 j=3 V=[(14, 1, 1), (15, 6, 1)]  破れる列 j=1

