### (y2) 値域<6 |Q|∈(3, 4, 5, 6, 8)  全段 40039  核 2123 ( 5.302%)  [1.8s]
    減る段 35514 / 非減少 4525   核のうち 減る 2123 / 非減少 0   **減る段での核の率  5.9779%**
    **(y2a) `le0` 鎖上に行 1 の等号 … 479 / 2123 ( 22.562%)**
    (y2b) 孤児の列 2843 本の理由:
        (A) 行 2 が小さい列がそもそも無い                            1951 ( 68.62%)
        (B) 候補はあるが `le0` 祖先が 1 つも無い                      385 ( 13.54%)
        (C) ★ 候補は全部**行 1 が等しい**                           45 (  1.58%)
        (D) 候補は全部行 1 が大きい                                452 ( 15.90%)
        (E) 行 1 が等しい／大きい の混在                              10 (  0.35%)
    (y2c) p_rel（-1 = 親が最終ブロック内）:  {-1: 510, 1: 71, 2: 207, 3: 241, 4: 274, 5: 335, 6: 75, 7: 410}
    (y2c) 足す列の srow:  {0: 80, 1: 2043}
      ⚠ 核の例 V=[(3, 1, 1), (4, 4, 1), (7, 0, 0)] 孤児=[1]
      ⚠ 核の例 V=[(3, 1, 1), (4, 4, 1), (7, 0, 0), (5, 4, 0), (6, 5, 1), (5, 5, 0)] 孤児=[1]
      ⚠ 核の例 V=[(3, 1, 1), (4, 4, 1), (7, 0, 0), (5, 4, 0), (6, 5, 1), (5, 5, 0), (6, 3, 0)] 孤児=[1]

#### (y2d) 教訓 21: 箱を伸ばして頭打ちを見る
### (y2d) 値域<9 |Q|∈(4, 6, 8, 10)  全段 43669  核 3323 ( 7.610%)  [2.6s]
    減る段 41064 / 非減少 2605   核のうち 減る 3323 / 非減少 0   **減る段での核の率  8.0922%**
    **(y2a) `le0` 鎖上に行 1 の等号 … 815 / 3323 ( 24.526%)**
    (y2b) 孤児の列 4681 本の理由:
        (A) 行 2 が小さい列がそもそも無い                            2900 ( 61.95%)
        (B) 候補はあるが `le0` 祖先が 1 つも無い                      840 ( 17.94%)
        (C) ★ 候補は全部**行 1 が等しい**                           70 (  1.50%)
        (D) 候補は全部行 1 が大きい                                861 ( 18.39%)
        (E) 行 1 が等しい／大きい の混在                              10 (  0.21%)
    (y2c) p_rel（-1 = 親が最終ブロック内）:  {-1: 1325, 1: 30, 2: 76, 3: 240, 4: 96, 5: 337, 6: 135, 7: 552, 8: 122, 9: 410}
    (y2c) 足す列の srow:  {0: 205, 1: 3118}
      ⚠ 核の例 V=[(7, 3, 1), (10, 6, 0), (11, 0, 0), (8, 5, 0), (11, 6, 1), (8, 0, 0), (8, 6, 1)] 孤児=[6]
      ⚠ 核の例 V=[(7, 3, 1), (10, 6, 0), (11, 0, 0), (8, 5, 0), (11, 6, 1), (8, 0, 0), (8, 6, 1), (9, 4, 0)] 孤児=[6]
      ⚠ 核の例 V=[(10, 3, 1), (13, 6, 0), (14, 0, 0), (11, 5, 0), (14, 6, 1), (11, 0, 0), (11, 6, 1)] 孤児=[6]

### (y2d) 値域<12 |Q|∈(5, 8, 12)  全段 40102  核 3250 ( 8.104%)  [3.2s]
    減る段 38257 / 非減少 1845   核のうち 減る 3250 / 非減少 0   **減る段での核の率  8.4952%**
    **(y2a) `le0` 鎖上に行 1 の等号 … 837 / 3250 ( 25.754%)**
    (y2b) 孤児の列 5368 本の理由:
        (A) 行 2 が小さい列がそもそも無い                            2971 ( 55.35%)
        (B) 候補はあるが `le0` 祖先が 1 つも無い                     1003 ( 18.68%)
        (C) ★ 候補は全部**行 1 が等しい**                           52 (  0.97%)
        (D) 候補は全部行 1 が大きい                               1276 ( 23.77%)
        (E) 行 1 が等しい／大きい の混在                              40 (  0.75%)
        (F) 行 1 は小さいが `le1` が繋がらない（最小性など）                 26 (  0.48%)
    (y2c) p_rel（-1 = 親が最終ブロック内）:  {-1: 1190, 1: 26, 2: 61, 3: 73, 4: 170, 5: 77, 6: 91, 7: 427, 8: 66, 9: 106, 10: 233, 11: 730}
    (y2c) 足す列の srow:  {0: 100, 1: 3150}
      ⚠ 核の例 V=[(9, 3, 1), (15, 14, 1), (18, 3, 0)] 孤児=[1]
      ⚠ 核の例 V=[(9, 3, 1), (15, 14, 1), (18, 3, 0), (17, 4, 0)] 孤児=[1]
      ⚠ 核の例 V=[(17, 3, 1), (23, 23, 1), (26, 3, 0)] 孤児=[1]

### (y2d) 値域<15 |Q|∈(6, 10, 16)  全段 40164  核 3500 ( 8.714%)  [4.2s]
    減る段 38884 / 非減少 1280   核のうち 減る 3500 / 非減少 0   **減る段での核の率  9.0011%**
    **(y2a) `le0` 鎖上に行 1 の等号 … 962 / 3500 ( 27.486%)**
    (y2b) 孤児の列 6270 本の理由:
        (A) 行 2 が小さい列がそもそも無い                            3258 ( 51.96%)
        (B) 候補はあるが `le0` 祖先が 1 つも無い                     1172 ( 18.69%)
        (C) ★ 候補は全部**行 1 が等しい**                          124 (  1.98%)
        (D) 候補は全部行 1 が大きい                               1626 ( 25.93%)
        (E) 行 1 が等しい／大きい の混在                              60 (  0.96%)
        (F) 行 1 は小さいが `le1` が繋がらない（最小性など）                 30 (  0.48%)
    (y2c) p_rel（-1 = 親が最終ブロック内）:  {-1: 1495, 1: 20, 2: 40, 3: 46, 4: 80, 5: 245, 6: 40, 7: 124, 8: 106, 9: 340, 10: 10, 11: 40, 12: 80, 13: 76, 14: 178, 15: 580}
    (y2c) 足す列の srow:  {0: 120, 1: 3380}
      ⚠ 核の例 V=[(15, 5, 1), (18, 13, 1)] 孤児=[1]
      ⚠ 核の例 V=[(25, 5, 1), (28, 13, 1)] 孤児=[1]
      ⚠ 核の例 V=[(35, 5, 1), (38, 13, 1)] 孤児=[1]

### (y2d) 値域<20 |Q|∈(8, 14, 20)  全段 36998  核 4265 (11.528%)  [5.4s]
    減る段 36393 / 非減少 605   核のうち 減る 4265 / 非減少 0   **減る段での核の率 11.7193%**
    **(y2a) `le0` 鎖上に行 1 の等号 … 1097 / 4265 ( 25.721%)**
    (y2b) 孤児の列 8522 本の理由:
        (A) 行 2 が小さい列がそもそも無い                            3620 ( 42.48%)
        (B) 候補はあるが `le0` 祖先が 1 つも無い                     2096 ( 24.60%)
        (C) ★ 候補は全部**行 1 が等しい**                           61 (  0.72%)
        (D) 候補は全部行 1 が大きい                               2602 ( 30.53%)
        (E) 行 1 が等しい／大きい の混在                              26 (  0.31%)
        (F) 行 1 は小さいが `le1` が繋がらない（最小性など）                117 (  1.37%)
    (y2c) p_rel（-1 = 親が最終ブロック内）:  {-1: 2160, 1: 20, 2: 5, 3: 10, 4: 25, 5: 35, 6: 58, 7: 160, 8: 25, 9: 90, 10: 53, 11: 120, 12: 156, 13: 341, 14: 80, 15: 60, 16: 46, 17: 100, 18: 166, 19: 555}
    (y2c) 足す列の srow:  {0: 85, 1: 4180}
      ⚠ 核の例 V=[(32, 3, 1), (33, 13, 1)] 孤児=[1]
      ⚠ 核の例 V=[(46, 3, 1), (47, 13, 1)] 孤児=[1]
      ⚠ 核の例 V=[(60, 3, 1), (61, 13, 1)] 孤児=[1]

