### 値域<6 |Q|∈(3, 4, 5, 6, 8) n∈(1, 2, 3, 4) (d,e)∈0..5   `Q` を 2500 本ずつ
    候補                    Q        段         遺伝 P(V)       h2cone(V) 成立          ★ 両方
    P1 hz0             2500    19415        90.5434%           96.9199%      90.5434%   [1s]
    P2 h2cone          2500    16584        94.2957%           94.2957%      94.2957%   [1s]
    P3 h2all           2500    20793        98.2927%           99.2497%      98.2927%   [1s]
    P4 zeroRow2        2500    13996       100.0000%          100.0000%     100.0000%   [0s]
    P5 cone2           2500    18798        98.4254%           84.1047%      82.6365%   [1s]
    P6 hz0∧cone2       2500    24516        96.9489%           99.3963%      96.9489%   [1s]
    P7 z2mono          2500    10932        94.1822%           98.0516%      92.5997%   [0s]
    P8 hz0∧h2cone      2500    19545        90.6523%           96.5976%      90.6523%   [1s]
    (対照) 前提なし          2500    14996       100.0000%           84.3358%      84.3358%   [1s]

#### 教訓 21: 箱を広げる
### 値域<9 |Q|∈(4, 6, 8, 10) n∈(1, 2, 3, 4) (d,e)∈0..8   `Q` を 2000 本ずつ
    候補                    Q        段         遺伝 P(V)       h2cone(V) 成立          ★ 両方
    P1 hz0             2000    22649        88.0966%           95.2492%      88.0966%   [1s]
    P2 h2cone          2000    20035        92.3883%           92.3883%      92.3883%   [1s]
    P3 h2all           2000    26065        97.2569%           98.7992%      97.2569%   [1s]
    P4 zeroRow2        2000    14320       100.0000%          100.0000%     100.0000%   [1s]
    P5 cone2           2000    23020        97.4283%           81.9635%      79.6003%   [1s]
    P6 hz0∧cone2       2000    29315        95.5245%           98.7037%      95.5245%   [1s]
    P7 z2mono          2000    11362        92.6069%           98.1517%      91.3572%   [1s]
    P8 hz0∧h2cone      2000    23536        87.6317%           94.8759%      87.6317%   [1s]
    (対照) 前提なし          2000    19393       100.0000%           82.6845%      82.6845%   [1s]

### 値域<12 |Q|∈(5, 8, 12) n∈(1, 2, 3, 4) (d,e)∈0..11   `Q` を 1500 本ずつ
    候補                    Q        段         遺伝 P(V)       h2cone(V) 成立          ★ 両方
    P1 hz0             1500    21195        85.4211%           92.8238%      85.4211%   [1s]
    P2 h2cone          1500    19336        91.1254%           91.1254%      91.1254%   [1s]
    P3 h2all           1500    23751        96.4002%           98.3832%      96.4002%   [1s]
    P4 zeroRow2        1500    13825       100.0000%          100.0000%     100.0000%   [1s]
    P5 cone2           1500    21438        96.2123%           80.8751%      77.3860%   [1s]
    P6 hz0∧cone2       1500    26436        94.6739%           98.1843%      94.6739%   [1s]
    P7 z2mono          1500    10535        88.8752%           96.1557%      86.6255%   [1s]
    P8 hz0∧h2cone      1500    21945        86.2839%           93.4062%      86.2839%   [1s]
    (対照) 前提なし          1500    19120       100.0000%           82.1862%      82.1862%   [1s]

