### |R|=2 行1<3 v∈(0, 1, 2) z∈(0, 1) t∈(0, 1, 2)  前提を通った (R,v,z) 135  単位 405  [0.0s]
    (z2b) hz0(Q)                     405 / 405 (100.000%)
    ★ (z2a) cone2(Q)                 333 / 405 ( 82.222%)
    ★ (z2b) hz0 ∧ cone2              333 / 405 ( 82.222%)
    (z2c) 破れる場所:  {'R.dropLast の内部': 72}
    (z2c) 破れた列の本数:  {1: 72}
      ⚠ 破れ例 R=[(1, 0, 1), (1, 1, 1)] v=0 z=0 t=0 Q=[(0, 0, 0), (1, 0, 1)] 破れる列=[1]
      ⚠ 破れ例 R=[(1, 0, 1), (1, 1, 1)] v=0 z=0 t=1 Q=[(0, 1, 0), (1, 0, 1)] 破れる列=[1]
      ⚠ 破れ例 R=[(1, 0, 1), (1, 1, 1)] v=0 z=0 t=2 Q=[(0, 2, 0), (1, 0, 1)] 破れる列=[1]

### |R|=3 行1<3 v∈(0, 1, 2) z∈(0, 1) t∈(0, 1, 2)  前提を通った (R,v,z) 2190  単位 6570  [0.0s]
    (z2b) hz0(Q)                    6570 / 6570 (100.000%)
    ★ (z2a) cone2(Q)                4338 / 6570 ( 66.027%)
    ★ (z2b) hz0 ∧ cone2             4338 / 6570 ( 66.027%)
    (z2c) 破れる場所:  {'R.dropLast の内部': 2232}
    (z2c) 破れた列の本数:  {1: 1908, 2: 324}
      ⚠ 破れ例 R=[(1, 0, 0), (1, 0, 1), (1, 1, 1)] v=0 z=0 t=0 Q=[(0, 0, 0), (1, 0, 0), (1, 0, 1)] 破れる列=[2]
      ⚠ 破れ例 R=[(1, 0, 0), (1, 0, 1), (1, 1, 1)] v=0 z=0 t=1 Q=[(0, 1, 0), (1, 0, 0), (1, 0, 1)] 破れる列=[2]
      ⚠ 破れ例 R=[(1, 0, 0), (1, 0, 1), (1, 1, 1)] v=0 z=0 t=2 Q=[(0, 2, 0), (1, 0, 0), (1, 0, 1)] 破れる列=[2]

### |R|=4 行1<3 v∈(0, 1, 2) z∈(0, 1) t∈(0, 1, 2)  前提を通った (R,v,z) 37044  単位 111132  [0.6s]
    (z2b) hz0(Q)                  111132 / 111132 (100.000%)
    ★ (z2a) cone2(Q)               58179 / 111132 ( 52.351%)
    ★ (z2b) hz0 ∧ cone2            58179 / 111132 ( 52.351%)
    (z2c) 破れる場所:  {'R.dropLast の内部': 52953}
    (z2c) 破れた列の本数:  {1: 38286, 2: 12759, 3: 1908}
      ⚠ 破れ例 R=[(1, 0, 0), (1, 0, 0), (1, 0, 1), (1, 1, 1)] v=0 z=0 t=0 Q=[(0, 0, 0), (1, 0, 0), (1, 0, 0), (1, 0, 1)] 破れる列=[3]
      ⚠ 破れ例 R=[(1, 0, 0), (1, 0, 0), (1, 0, 1), (1, 1, 1)] v=0 z=0 t=1 Q=[(0, 1, 0), (1, 0, 0), (1, 0, 0), (1, 0, 1)] 破れる列=[3]
      ⚠ 破れ例 R=[(1, 0, 0), (1, 0, 0), (1, 0, 1), (1, 1, 1)] v=0 z=0 t=2 Q=[(0, 2, 0), (1, 0, 0), (1, 0, 0), (1, 0, 1)] 破れる列=[3]

#### 教訓 21: 箱を広げる（行 1 の値域を上げる）
### |R|=3 行1<5 v∈(0, 1, 2, 3) z∈(0, 1) t∈(0, 1, 2, 3)  前提を通った (R,v,z) 20295  単位 81180  [0.3s]
    (z2b) hz0(Q)                   81180 / 81180 (100.000%)
    ★ (z2a) cone2(Q)               56700 / 81180 ( 69.845%)
    ★ (z2b) hz0 ∧ cone2            56700 / 81180 ( 69.845%)
    (z2c) 破れる場所:  {'R.dropLast の内部': 24480}
    (z2c) 破れた列の本数:  {1: 20880, 2: 3600}
      ⚠ 破れ例 R=[(1, 0, 0), (1, 0, 1), (1, 1, 1)] v=0 z=0 t=0 Q=[(0, 0, 0), (1, 0, 0), (1, 0, 1)] 破れる列=[2]
      ⚠ 破れ例 R=[(1, 0, 0), (1, 0, 1), (1, 1, 1)] v=0 z=0 t=1 Q=[(0, 1, 0), (1, 0, 0), (1, 0, 1)] 破れる列=[2]
      ⚠ 破れ例 R=[(1, 0, 0), (1, 0, 1), (1, 1, 1)] v=0 z=0 t=2 Q=[(0, 2, 0), (1, 0, 0), (1, 0, 1)] 破れる列=[2]

