### |R|=2 行1<3 v∈(0, 1, 2) z∈(0, 1) t∈(0, 1, 2) n∈(1, 2, 3)  消費側 405  [0.0s]
    ⚠ そもそも `h2cone(Q)` が破れている … 0 / 405 (  0.00%)
    深さ 1: 段      1188   **⚠ `h2cone(V)` の破れ        0 ( 0.0000%)**
    深さ 2: 段       216   **⚠ `h2cone(V)` の破れ        0 ( 0.0000%)**

### |R|=3 行1<3 v∈(0, 1, 2) z∈(0, 1) t∈(0, 1, 2) n∈(1, 2, 3)  消費側 6570  [4.0s]
    ⚠ そもそも `h2cone(Q)` が破れている … 0 / 6570 (  0.00%)
    深さ 1: 段     32472   **⚠ `h2cone(V)` の破れ       45 ( 0.1386%)**
    深さ 2: 段     59265   **⚠ `h2cone(V)` の破れ       12 ( 0.0202%)**
    深さ 3: 段     58878   **⚠ `h2cone(V)` の破れ        0 ( 0.0000%)**
    深さ 4: 段      8208   **⚠ `h2cone(V)` の破れ        0 ( 0.0000%)**
      ⚠ 破れ例 R=[(1, 1, 1), (2, 2, 1), (2, 1, 1)] v=0 z=0 t=0 (d,e)=(2,1) n=1 j=0 深さ=2 V=[(1, 1, 1), (2, 2, 1)]
      ⚠ 破れ例 R=[(1, 1, 1), (2, 2, 1), (2, 1, 1)] v=0 z=0 t=0 (d,e)=(2,1) n=2 j=0 深さ=2 V=[(3, 1, 1), (4, 2, 1)]
      ⚠ 破れ例 R=[(1, 1, 1), (2, 2, 1), (2, 1, 1)] v=0 z=0 t=0 (d,e)=(2,1) n=3 j=0 深さ=2 V=[(5, 1, 1), (6, 2, 1)]

#### 教訓 21: 箱を伸ばす
### |R|=3 行1<5 v∈(0, 1, 2, 3) z∈(0, 1) t∈(0, 1, 2, 3) n∈(1, 2, 3, 4)  消費側 81180  [126.7s]
    ⚠ そもそも `h2cone(Q)` が破れている … 0 / 81180 (  0.00%)
    深さ 1: 段    526480   **⚠ `h2cone(V)` の破れ     1520 ( 0.2887%)**
    深さ 2: 段   1235520   **⚠ `h2cone(V)` の破れ      160 ( 0.0130%)**
    深さ 3: 段   1538816   **⚠ `h2cone(V)` の破れ        0 ( 0.0000%)**
    深さ 4: 段     94720   **⚠ `h2cone(V)` の破れ        0 ( 0.0000%)**
      ⚠ 破れ例 R=[(1, 1, 1), (2, 2, 1), (2, 1, 1)] v=0 z=0 t=0 (d,e)=(2,1) n=1 j=0 深さ=2 V=[(1, 1, 1), (2, 2, 1)]
      ⚠ 破れ例 R=[(1, 1, 1), (2, 2, 1), (2, 1, 1)] v=0 z=0 t=0 (d,e)=(2,1) n=2 j=0 深さ=2 V=[(3, 1, 1), (4, 2, 1)]
      ⚠ 破れ例 R=[(1, 1, 1), (2, 2, 1), (2, 1, 1)] v=0 z=0 t=0 (d,e)=(2,1) n=3 j=0 深さ=2 V=[(5, 1, 1), (6, 2, 1)]

### |R|=4 行1<3 v∈(0, 1, 2) z∈(0, 1) t∈(0, 1, 2) n∈(1, 2, 3)  消費側 111132  [136.9s]
    ⚠ そもそも `h2cone(Q)` が破れている … 0 / 111132 (  0.00%)
    深さ 1: 段    760203   **⚠ `h2cone(V)` の破れ     2979 ( 0.3919%)**
    深さ 2: 段   2302515   **⚠ `h2cone(V)` の破れ     5526 ( 0.2400%)**
    深さ 3: 段   4054158   **⚠ `h2cone(V)` の破れ     2745 ( 0.0677%)**
      ⚠ 破れ例 R=[(1, 0, 0), (1, 1, 1), (2, 2, 1), (2, 1, 1)] v=0 z=0 t=0 (d,e)=(2,1) n=1 j=0 深さ=2 V=[(1, 1, 1), (2, 2, 1)]
      ⚠ 破れ例 R=[(1, 0, 0), (1, 1, 1), (2, 2, 1), (2, 1, 1)] v=0 z=0 t=0 (d,e)=(2,1) n=2 j=0 深さ=2 V=[(3, 1, 1), (4, 2, 1)]
      ⚠ 破れ例 R=[(1, 0, 0), (1, 1, 1), (2, 2, 1), (2, 1, 1)] v=0 z=0 t=0 (d,e)=(2,1) n=3 j=0 深さ=2 V=[(5, 1, 1), (6, 2, 1)]

