### 消費側 |R|=2 行1<3  [0.0s]
  消費側の Q（単位 405）
      (1) 2<=|M|                     405 (100.0000%)
      (2) 0 < e                      405 (100.0000%)
      (3)(4b) hd0e ∧ 0<d             405 (100.0000%)
      (4a) hr0(Q)                    405 (100.0000%)
      (5) hlp                        405 (100.0000%)
      (6) hbase (行0の根=0)             405 (100.0000%)
      (7) hz0                        405 (100.0000%)
      ★★ TowerP 全体                   405 (100.0000%)
  降りた V 深さ1（単位 1188）
      (1) 2<=|M|                    1188 (100.0000%)
      (2) 0 < e                        0 (  0.0000%)
      (3)(4b) hd0e ∧ 0<d            1188 (100.0000%)
      (4a) hr0(Q)                   1188 (100.0000%)
      (5) hlp                       1188 (100.0000%)
      (6) hbase (行0の根=0)             396 ( 33.3333%)
      (7) hz0                       1188 (100.0000%)
      ★★ TowerP 全体                     0 (  0.0000%)
  降りた V 深さ2（単位 216）
      (1) 2<=|M|                     216 (100.0000%)
      (2) 0 < e                        0 (  0.0000%)
      (3)(4b) hd0e ∧ 0<d               0 (  0.0000%)
      (4a) hr0(Q)                    216 (100.0000%)
      (5) hlp                          0 (  0.0000%)
      (6) hbase (行0の根=0)              72 ( 33.3333%)
      (7) hz0                        216 (100.0000%)
      ★★ TowerP 全体                     0 (  0.0000%)

### 消費側 |R|=3 行1<3  [2.1s]
  消費側の Q（単位 6570）
      (1) 2<=|M|                    6570 (100.0000%)
      (2) 0 < e                     6570 (100.0000%)
      (3)(4b) hd0e ∧ 0<d            6570 (100.0000%)
      (4a) hr0(Q)                   6570 (100.0000%)
      (5) hlp                       6570 (100.0000%)
      (6) hbase (行0の根=0)            6570 (100.0000%)
      (7) hz0                       6570 (100.0000%)
      ★★ TowerP 全体                  6570 (100.0000%)
  降りた V 深さ1（単位 32472）
      (1) 2<=|M|                   32472 (100.0000%)
      (2) 0 < e                     6120 ( 18.8470%)
      (3)(4b) hd0e ∧ 0<d           30852 ( 95.0111%)
      (4a) hr0(Q)                  32472 (100.0000%)
      (5) hlp                      30852 ( 95.0111%)
      (6) hbase (行0の根=0)            6336 ( 19.5122%)
      (7) hz0                      32238 ( 99.2794%)
      ★★ TowerP 全体                     0 (  0.0000%)
  降りた V 深さ2（単位 59265）
      (1) 2<=|M|                   59265 (100.0000%)
      (2) 0 < e                    16713 ( 28.2005%)
      (3)(4b) hd0e ∧ 0<d           50949 ( 85.9681%)
      (4a) hr0(Q)                  59265 (100.0000%)
      (5) hlp                      50949 ( 85.9681%)
      (6) hbase (行0の根=0)            1008 (  1.7008%)
      (7) hz0                      59049 ( 99.6355%)
      ★★ TowerP 全体                     0 (  0.0000%)

