### 消費側 |R|=2 行1<3 v∈(0, 1, 2) t∈(0, 1, 2) n∈(1, 2, 3)  [0.1s]
  消費側の Q（単位 405）
      ★ hr0(V)                     405 (100.0000%)
      ★ hz0(V)                     405 (100.0000%)
      0 < d                        405 (100.0000%)
      ⚠ 0 < e                      405 (100.0000%)
      hbase                        405 (100.0000%)
      hbase（正規化後）                  405 (100.0000%)
      ★ hlp（0<d の下で）               405 / 405 (100.0000%)
  降りた V 深さ1（単位 1188）
      ★ hr0(V)                    1188 (100.0000%)
      ★ hz0(V)                    1188 (100.0000%)
      0 < d                       1188 (100.0000%)
      ⚠ 0 < e                        0 (  0.0000%)
      hbase                        396 ( 33.3333%)
      hbase（正規化後）                 1188 (100.0000%)
      ★ hlp（0<d の下で）              1188 / 1188 (100.0000%)
  降りた V 深さ2（単位 216）
      ★ hr0(V)                     216 (100.0000%)
      ★ hz0(V)                     216 (100.0000%)
      0 < d                          0 (  0.0000%)
      ⚠ 0 < e                        0 (  0.0000%)
      hbase                         72 ( 33.3333%)
      hbase（正規化後）                  216 (100.0000%)
      ★ hlp（0<d の下で）                 0 / 0 (  0.0000%)

### 消費側 |R|=3 行1<3 v∈(0, 1, 2) t∈(0, 1, 2) n∈(1, 2, 3)  [3.6s]
  消費側の Q（単位 6570）
      ★ hr0(V)                    6570 (100.0000%)
      ★ hz0(V)                    6570 (100.0000%)
      0 < d                       6570 (100.0000%)
      ⚠ 0 < e                     6570 (100.0000%)
      hbase                       6570 (100.0000%)
      hbase（正規化後）                 6570 (100.0000%)
      ★ hlp（0<d の下で）              6570 / 6570 (100.0000%)
  降りた V 深さ1（単位 32472）
      ★ hr0(V)                   32472 (100.0000%)
      ★ hz0(V)                   32238 ( 99.2794%)
      0 < d                      30852 ( 95.0111%)
      ⚠ 0 < e                     6120 ( 18.8470%)
      hbase                       6336 ( 19.5122%)
      hbase（正規化後）                32472 (100.0000%)
      ★ hlp（0<d の下で）             30852 / 30852 (100.0000%)
  降りた V 深さ2（単位 57489）
      ★ hr0(V)                   57489 (100.0000%)
      ★ hz0(V)                   57273 ( 99.6243%)
      0 < d                      49173 ( 85.5346%)
      ⚠ 0 < e                    16713 ( 29.0716%)
      hbase                       1008 (  1.7534%)
      hbase（正規化後）                57489 (100.0000%)
      ★ hlp（0<d の下で）             49173 / 49173 (100.0000%)
  降りた V 深さ3（単位 45678）
      ★ hr0(V)                   45678 (100.0000%)
      ★ hz0(V)                   45678 (100.0000%)
      0 < d                      42642 ( 93.3535%)
      ⚠ 0 < e                      888 (  1.9440%)
      hbase                        704 (  1.5412%)
      hbase（正規化後）                45678 (100.0000%)
      ★ hlp（0<d の下で）             42642 / 42642 (100.0000%)

#### 教訓 21: 箱を広げる
### 消費側 |R|=3 行1<5 v∈(0, 1, 2, 3) t∈(0, 1, 2, 3) n∈(1, 2, 3, 4)  [55.0s]
  消費側の Q（単位 81180）
      ★ hr0(V)                   81180 (100.0000%)
      ★ hz0(V)                   81180 (100.0000%)
      0 < d                      81180 (100.0000%)
      ⚠ 0 < e                    81180 (100.0000%)
      hbase                      81180 (100.0000%)
      hbase（正規化後）                81180 (100.0000%)
      ★ hlp（0<d の下で）             81180 / 81180 (100.0000%)
  降りた V 深さ1（単位 526480）
      ★ hr0(V)                  526480 (100.0000%)
      ★ hz0(V)                  519600 ( 98.6932%)
      0 < d                     510480 ( 96.9609%)
      ⚠ 0 < e                   109200 ( 20.7415%)
      hbase                      76000 ( 14.4355%)
      hbase（正規化後）               526480 (100.0000%)
      ★ hlp（0<d の下で）            510480 / 510480 (100.0000%)
  降りた V 深さ2（単位 1202704）
      ★ hr0(V)                 1202704 (100.0000%)
      ★ hz0(V)                 1201104 ( 99.8670%)
      0 < d                    1113104 ( 92.5501%)
      ⚠ 0 < e                   371520 ( 30.8904%)
      hbase                       5600 (  0.4656%)
      hbase（正規化後）              1202704 (100.0000%)
      ★ hlp（0<d の下で）           1113104 / 1113104 (100.0000%)

