### 消費側 |R|=2 行1<3 深さ<=2  全段 1404  [0.1s]
    足す列の srow:  {0: 216, 1: 1188}
    ★ srow = 1 の段 … 1188
        d0 > 0                            1188 (100.0000%)
        e0 = 0                            1188 (100.0000%)
      ★ (e3d) |V| < |Q|                      0 (  0.0000%)
      ⚠ (e3d) |V| = |Q|                   1188 (100.0000%)
      ⚠⚠ (e3d) |V| > |Q|                     0 (  0.0000%)
      ★ (e3a) V の行 1 が定数                    36 (  3.0303%)
      ★ (e3c) V の行 2 が全部 0                 594 ( 50.0000%)
      (e3b) `V` の行 1 の値の個数:  {1: '3.0%', 2: '97.0%'}
      ⚠ |V|=|Q| の例 Q=((0, 0, 0), (1, 0, 0)) (d,e)=(1,1) n=1 j=0 V=[(0, 0, 0), (1, 0, 0)]
      ⚠ |V|=|Q| の例 Q=((0, 0, 0), (1, 0, 0)) (d,e)=(1,1) n=2 j=0 V=[(1, 1, 0), (2, 0, 0)]
      ⚠ |V|=|Q| の例 Q=((0, 0, 0), (1, 0, 0)) (d,e)=(1,1) n=3 j=0 V=[(2, 2, 0), (3, 0, 0)]

### 消費側 |R|=3 行1<3 深さ<=2  全段 91737  [2.9s]
    足す列の srow:  {0: 9936, 1: 58968, 2: 22833}
    ★ srow = 1 の段 … 58968
        d0 > 0                           58968 (100.0000%)
        e0 = 0                           58968 (100.0000%)
      ★ (e3d) |V| < |Q|                  22086 ( 37.4542%)
      ⚠ (e3d) |V| = |Q|                  36882 ( 62.5458%)
      ⚠⚠ (e3d) |V| > |Q|                     0 (  0.0000%)
      ★ (e3a) V の行 1 が定数                   732 (  1.2414%)
      ★ (e3c) V の行 2 が全部 0               24543 ( 41.6209%)
      (e3b) `V` の行 1 の値の個数:  {1: '1.2%', 2: '79.2%', 3: '19.6%'}
      ⚠ |V|=|Q| の例 Q=((0, 0, 0), (1, 0, 0), (1, 0, 0)) (d,e)=(1,1) n=1 j=0 V=[(0, 0, 0), (1, 0, 0), (1, 0, 0)]
      ⚠ |V|=|Q| の例 Q=((0, 0, 0), (1, 0, 0), (1, 0, 0)) (d,e)=(1,1) n=2 j=0 V=[(1, 1, 0), (2, 0, 0), (2, 0, 0)]
      ⚠ |V|=|Q| の例 Q=((0, 0, 0), (1, 0, 0), (1, 0, 0)) (d,e)=(1,1) n=3 j=0 V=[(2, 2, 0), (3, 0, 0), (3, 0, 0)]

### 消費側 |R|=3 行1<5 深さ<=1  全段 394860  [10.4s]
    足す列の srow:  {0: 12000, 1: 300960, 2: 81900}
    ★ srow = 1 の段 … 300960
        d0 > 0                          300960 (100.0000%)
        e0 = 0                          300960 (100.0000%)
      ★ (e3d) |V| < |Q|                  72960 ( 24.2424%)
      ⚠ (e3d) |V| = |Q|                 228000 ( 75.7576%)
      ⚠⚠ (e3d) |V| > |Q|                     0 (  0.0000%)
      ★ (e3a) V の行 1 が定数                  1520 (  0.5051%)
      ★ (e3c) V の行 2 が全部 0               90540 ( 30.0837%)
      (e3b) `V` の行 1 の値の個数:  {1: '0.5%', 2: '41.3%', 3: '58.1%'}
      ⚠ |V|=|Q| の例 Q=((0, 0, 0), (1, 0, 0), (1, 0, 0)) (d,e)=(1,1) n=1 j=0 V=[(0, 0, 0), (1, 0, 0), (1, 0, 0)]
      ⚠ |V|=|Q| の例 Q=((0, 0, 0), (1, 0, 0), (1, 0, 0)) (d,e)=(1,1) n=2 j=0 V=[(1, 1, 0), (2, 0, 0), (2, 0, 0)]
      ⚠ |V|=|Q| の例 Q=((0, 0, 0), (1, 0, 0), (1, 0, 0)) (d,e)=(1,1) n=3 j=0 V=[(2, 2, 0), (3, 0, 0), (3, 0, 0)]

