### 消費側 |R|=2 行1<3 深さ<=2   窓 `V` 1404  [0.0s]
    ★ (w1) hlp(V)              1188 / 1188 (100.0000%)  [分母 = 0<d0]
    ★ (w2) hz0(V)                     1404 / 1404 (100.0000%)
    ★ (w2) hz0'(V)（弱めた版）              1404 / 1404 (100.0000%)
    ★ (w3) h2(V)                      1152 / 1404 ( 82.0513%)
    ★ (w3) h1(V)                      1296 / 1404 ( 92.3077%)
    （分母を「錐の外の列がある `V`」に絞ると … 504）
    ★ (w3) h2（錐の外の列だけ）                 252 / 504 ( 50.0000%)
    ★ (w3) h1（錐の外の列だけ）                 396 / 504 ( 78.5714%)
      ⚠ (g4) h1 の反例 V=[(0, 1, 0), (1, 1, 0)] 破れる列=[1]（根の行1=1）
      ⚠ (g4) h1 の反例 V=[(1, 2, 0), (2, 1, 0)] 破れる列=[1]（根の行1=2）
      ⚠ (g4) h1 の反例 V=[(2, 3, 0), (3, 1, 0)] 破れる列=[1]（根の行1=3）
      ⚠ (g3) h2 の反例 V=[(0, 0, 0), (1, 0, 1)] 破れる列=[1]
      ⚠ (g3) h2 の反例 V=[(1, 1, 0), (2, 0, 1)] 破れる列=[1]
      ⚠ (g3) h2 の反例 V=[(2, 2, 0), (3, 0, 1)] 破れる列=[1]

### 消費側 |R|=3 行1<3 深さ<=2   窓 `V` 91737  [2.2s]
    ★ (w1) hlp(V)             81801 / 81801 (100.0000%)  [分母 = 0<d0]
    ★ (w2) hz0(V)                    91287 / 91737 ( 99.5095%)
    ★ (w2) hz0'(V)（弱めた版）             91512 / 91737 ( 99.7547%)
    ★ (w3) h2(V)                     72528 / 91737 ( 79.0608%)
    ★ (w3) h1(V)                     83597 / 91737 ( 91.1268%)
    （分母を「錐の外の列がある `V`」に絞ると … 36696）
    ★ (w3) h2（錐の外の列だけ）               17544 / 36696 ( 47.8090%)
    ★ (w3) h1（錐の外の列だけ）               28556 / 36696 ( 77.8177%)
      ⚠ (g4) h1 の反例 V=[(0, 1, 0), (1, 0, 0), (1, 1, 0)] 破れる列=[2]（根の行1=1）
      ⚠ (g4) h1 の反例 V=[(1, 2, 0), (2, 0, 0), (2, 1, 0)] 破れる列=[2]（根の行1=2）
      ⚠ (g4) h1 の反例 V=[(2, 3, 0), (3, 0, 0), (3, 1, 0)] 破れる列=[2]（根の行1=3）
      ⚠ (g3) h2 の反例 V=[(0, 0, 0), (1, 0, 0), (1, 0, 1)] 破れる列=[2]
      ⚠ (g3) h2 の反例 V=[(1, 1, 0), (2, 0, 0), (2, 0, 1)] 破れる列=[2]
      ⚠ (g3) h2 の反例 V=[(2, 2, 0), (3, 0, 0), (3, 0, 1)] 破れる列=[2]

### 消費側 |R|=3 行1<5 深さ<=1   窓 `V` 394860  [8.2s]
    ★ (w1) hlp(V)            382860 / 382860 (100.0000%)  [分母 = 0<d0]
    ★ (w2) hz0(V)                   389700 / 394860 ( 98.6932%)
    ★ (w2) hz0'(V)（弱めた版）            392280 / 394860 ( 99.3466%)
    ★ (w3) h2(V)                    301560 / 394860 ( 76.3714%)
    ★ (w3) h1(V)                    307404 / 394860 ( 77.8514%)
    （分母を「錐の外の列がある `V`」に絞ると … 168960）
    ★ (w3) h2（錐の外の列だけ）               76800 / 168960 ( 45.4545%)
    ★ (w3) h1（錐の外の列だけ）               81504 / 168960 ( 48.2386%)
      ⚠ (g4) h1 の反例 V=[(0, 1, 0), (1, 0, 0), (1, 1, 0)] 破れる列=[2]（根の行1=1）
      ⚠ (g4) h1 の反例 V=[(1, 2, 0), (2, 0, 0), (2, 1, 0)] 破れる列=[2]（根の行1=2）
      ⚠ (g4) h1 の反例 V=[(2, 3, 0), (3, 0, 0), (3, 1, 0)] 破れる列=[2]（根の行1=3）
      ⚠ (g3) h2 の反例 V=[(0, 0, 0), (1, 0, 0), (1, 0, 1)] 破れる列=[2]
      ⚠ (g3) h2 の反例 V=[(1, 1, 0), (2, 0, 0), (2, 0, 1)] 破れる列=[2]
      ⚠ (g3) h2 の反例 V=[(2, 2, 0), (3, 0, 0), (3, 0, 1)] 破れる列=[2]

