### 消費側 |R|=3 行1<3  分母 TowerP2(Q) … 4024  [2.3s]
  深さ 1（窓 22260、錐の外・j>=1 の列 6306）
      (w3') 列単位  訂正前: 分母      372  成立       64 ( 17.2043%)
      (w3') 列単位  ★訂正後: 分母      120  成立       32 ( 26.6667%)   [分母は訂正前の 32.3%]
      窓単位 h1out 破れ  訂正前     308 ( 1.3836%)   ★訂正後      88 ( 0.3953%)
      1 hM2          22260 (100.0000%)
      2 0<e           4986 ( 22.3989%)
      3 hd0e         21090 ( 94.7439%)
      4 hr0          22260 (100.0000%)
      5 hlp          21090 ( 94.7439%)
      6 hz0          22062 ( 99.1105%)
      7 h2out        22224 ( 99.8383%)
      8 h1out        22172 ( 99.6047%)
      ★ 7 本          20840 ( 93.6208%)
      ★★ 8 本          4986 ( 22.3989%)
  深さ 2（窓 47145、錐の外・j>=1 の列 8916）
      (w3') 列単位  訂正前: 分母      336  成立       96 ( 28.5714%)
      (w3') 列単位  ★訂正後: 分母      168  成立       48 ( 28.5714%)   [分母は訂正前の 50.0%]
      窓単位 h1out 破れ  訂正前     240 ( 0.5091%)   ★訂正後     120 ( 0.2545%)
      1 hM2          47145 (100.0000%)
      2 0<e          13527 ( 28.6923%)
      3 hd0e         41175 ( 87.3369%)
      4 hr0          47145 (100.0000%)
      5 hlp          41175 ( 87.3369%)
      6 hz0          46965 ( 99.6182%)
      7 h2out        47025 ( 99.7455%)
      8 h1out        47025 ( 99.7455%)
      ★ 7 本          41175 ( 87.3369%)
      ★★ 8 本         13527 ( 28.6923%)

### 消費側 |R|=3 行1<5  分母 TowerP2(Q) … 49040  [34.6s]
  深さ 1（窓 268440、錐の外・j>=1 の列 46920）
      (w3') 列単位  訂正前: 分母     4140  成立      672 ( 16.2319%)
      (w3') 列単位  ★訂正後: 分母     1500  成立      336 ( 22.4000%)   [分母は訂正前の 36.2%]
      窓単位 h1out 破れ  訂正前    3468 ( 1.2919%)   ★訂正後    1164 ( 0.4336%)
      1 hM2         268440 (100.0000%)
      2 0<e          66780 ( 24.8771%)
      3 hd0e        260040 ( 96.8708%)
      4 hr0         268440 (100.0000%)
      5 hlp         260040 ( 96.8708%)
      6 hz0         264240 ( 98.4354%)
      7 h2out       267720 ( 99.7318%)
      8 h1out       267276 ( 99.5664%)
      ★ 7 本         255396 ( 95.1408%)
      ★★ 8 本         66780 ( 24.8771%)
  深さ 2（窓 560988、錐の外・j>=1 の列 61248）
      (w3') 列単位  訂正前: 分母     1824  成立      384 ( 21.0526%)
      (w3') 列単位  ★訂正後: 分母      912  成立      192 ( 21.0526%)   [分母は訂正前の 50.0%]
      窓単位 h1out 破れ  訂正前    1440 ( 0.2567%)   ★訂正後     720 ( 0.1283%)
      1 hM2         560988 (100.0000%)
      2 0<e         169380 ( 30.1932%)
      3 hd0e        520020 ( 92.6972%)
      4 hr0         560988 (100.0000%)
      5 hlp         520020 ( 92.6972%)
      6 hz0         559908 ( 99.8075%)
      7 h2out       560268 ( 99.8717%)
      8 h1out       560268 ( 99.8717%)
      ★ 7 本         520020 ( 92.6972%)
      ★★ 8 本        169380 ( 30.1932%)

