### 消費側 |R|=3 行1<3 深さ<=2   Q 側の分母 TowerP2(Q) … 4024   窓 V（全体） 69405  [7.4s]
  ★ 分母A（`d1 = 0` の窓）… 50892
      ★ (p2a) entry V 1 0 = 0        4728 (  9.2903%)
      ⛔ (p2a) entry V 1 0 > 0       46164 ( 90.7097%)
      (p2b) ブロック根の srow:  {0: '4728 (9.2903%)', 1: '45786 (89.9670%)', 2: '378 (0.7427%)'}
  ★ 分母B（`d0 = 0` の窓）… 7140
      ★ (p2c) 足す列の srow = 0             7140 (100.0000%)
      ⛔ (p2c) srow ≠ 0                     0 (  0.0000%)
         (p2c) d1 も 0                   7140 (100.0000%)
      ⛔ (p2d) 反例 V=[(1, 1, 0), (2, 0, 0)] (d0,d1)=(0,0) 足す列の srow=0  ⟹ entry V 1 0 = 1
      ⛔ (p2d) 反例 V=[(1, 1, 0), (2, 0, 0), (2, 0, 0)] (d0,d1)=(1,0) 足す列の srow=1  ⟹ entry V 1 0 = 1
      ⛔ (p2d) 反例 V=[(2, 2, 0), (3, 0, 0)] (d0,d1)=(0,0) 足す列の srow=0  ⟹ entry V 1 0 = 2
      ⛔ (p2d) 反例 V=[(2, 2, 0), (3, 0, 0), (3, 0, 0)] (d0,d1)=(1,0) 足す列の srow=1  ⟹ entry V 1 0 = 2

### 消費側 |R|=3 行1<5 深さ<=2   Q 側の分母 TowerP2(Q) … 49040   窓 V（全体） 829428  [78.9s]
  ★ 分母A（`d1 = 0` の窓）… 593268
      ★ (p2a) entry V 1 0 = 0       29784 (  5.0203%)
      ⛔ (p2a) entry V 1 0 > 0      563484 ( 94.9797%)
      (p2b) ブロック根の srow:  {0: '29784 (5.0203%)', 1: '558204 (94.0897%)', 2: '5280 (0.8900%)'}
  ★ 分母B（`d0 = 0` の窓）… 49368
      ★ (p2c) 足す列の srow = 0            49368 (100.0000%)
      ⛔ (p2c) srow ≠ 0                     0 (  0.0000%)
         (p2c) d1 も 0                  49368 (100.0000%)
      ⛔ (p2d) 反例 V=[(1, 1, 0), (2, 0, 0)] (d0,d1)=(0,0) 足す列の srow=0  ⟹ entry V 1 0 = 1
      ⛔ (p2d) 反例 V=[(1, 1, 0), (2, 0, 0), (2, 0, 0)] (d0,d1)=(1,0) 足す列の srow=1  ⟹ entry V 1 0 = 1
      ⛔ (p2d) 反例 V=[(2, 2, 0), (3, 0, 0)] (d0,d1)=(0,0) 足す列の srow=0  ⟹ entry V 1 0 = 2
      ⛔ (p2d) 反例 V=[(2, 2, 0), (3, 0, 0), (3, 0, 0)] (d0,d1)=(1,0) 足す列の srow=1  ⟹ entry V 1 0 = 2

