### |R|=3 行1<3  ★ 分母（核の窓、重複除去）… 12007  [集めるのに 4.2s]
    ★ (p3a) 行 1 が根より小さい列がある                          2825 ( 23.5279%)
    ⛔ (p3a) 証人が 1 つも無い                               9182 ( 76.4721%)
    ★★ (p3b) その x が le0 で次のブロック根に繋がる                    0 (  0.0000%)
    ⛔ (p3b) 繋がる x が無い                                2825 ( 23.5279%)
    （(p3b) を「証人がある `V`」に絞ると … 0 / 2825 (  0.0000%）
    (p3d) entry V 1 0 の分布（3 は「3 以上」）:  {1: '1738 (14.47%)', 2: '2506 (20.87%)', 3: '7763 (64.65%)'}
    (p3a) 証人の本数:  {1: 2561, 2: 264}
    (p3b) 繋がる本数:  {}
      ⛔ (p3a) 反例 V=[(2, 4, 0), (3, 6, 1), (5, 6, 1)] d0=2 根の行1=4 証人=[]
      ⛔ (p3b) 反例 V=[(1, 1, 0), (4, 0, 0), (4, 3, 1)] d0=1 根の行1=1 証人=[1]
      ⛔ (p3b) 反例 V=[(4, 4, 0), (6, 0, 0), (7, 0, 0)] d0=2 根の行1=4 証人=[1, 2]
      ⛔ (p3a) 反例 V=[(2, 4, 0), (5, 5, 0), (5, 6, 0)] d0=1 根の行1=4 証人=[]

### |R|=3 行1<5  ★ 分母（核の窓、重複除去）… 60337  [集めるのに 69.3s]
    ★ (p3a) 行 1 が根より小さい列がある                          9107 ( 15.0936%)
    ⛔ (p3a) 証人が 1 つも無い                              51230 ( 84.9064%)
    ★★ (p3b) その x が le0 で次のブロック根に繋がる                    0 (  0.0000%)
    ⛔ (p3b) 繋がる x が無い                                9107 ( 15.0936%)
    （(p3b) を「証人がある `V`」に絞ると … 0 / 9107 (  0.0000%）
    (p3d) entry V 1 0 の分布（3 は「3 以上」）:  {1: '5086 (8.43%)', 2: '7442 (12.33%)', 3: '47809 (79.24%)'}
    (p3a) 証人の本数:  {1: 8373, 2: 734}
    (p3b) 繋がる本数:  {}
      ⛔ (p3a) 反例 V=[(2, 4, 0), (3, 6, 1), (5, 6, 1)] d0=2 根の行1=4 証人=[]
      ⛔ (p3a) 反例 V=[(6, 16, 0), (9, 17, 0)] d0=3 根の行1=16 証人=[]
      ⛔ (p3a) 反例 V=[(6, 5, 0), (9, 7, 0), (7, 6, 1)] d0=3 根の行1=5 証人=[]
      ⛔ (p3a) 反例 V=[(2, 7, 0), (5, 9, 1), (4, 10, 0)] d0=1 根の行1=7 証人=[]

