### 一様（`hr0`＋`hz0`）値域<6 |Q|∈(2, 3, 4) d∈(1, 2, 3)   `Q` 4000  [0.4s]
    ★ 分母A（`le0 a ((k+1)|Q|)` かつ `a < k|Q|`）… 23860
      ★ (p4a) 平行移動先も le0                     23860 (100.0000%)
      ⛔ (p4a) 平行移動先は le0 でない                     0 (  0.0000%)
    分母C（同一ブロック内の `(x,y)` 組）… 266520
      ★ (p4c) 一致                            266520 (100.0000%)
      ⛔ (p4c) 不一致                                0 (  0.0000%)

### 一様（`hr0`＋`hz0`）値域<9 |Q|∈(2, 3, 4, 5) d∈(1, 2, 3, 4)   `Q` 3000  [0.5s]
    ★ 分母A（`le0 a ((k+1)|Q|)` かつ `a < k|Q|`）… 19156
      ★ (p4a) 平行移動先も le0                     19156 (100.0000%)
      ⛔ (p4a) 平行移動先は le0 でない                     0 (  0.0000%)
    分母C（同一ブロック内の `(x,y)` 組）… 307840
      ★ (p4c) 一致                            307840 (100.0000%)
      ⛔ (p4c) 不一致                                0 (  0.0000%)

### 核の窓 |R|=3 行1<3   `Q` として使った窓 3000  [0.7s]
    ★ 分母A（`le0 a ((k+1)|Q|)` かつ `a < k|Q|`）… 16600
      ★ (p4a) 平行移動先も le0                     16600 (100.0000%)
      ⛔ (p4a) 平行移動先は le0 でない                     0 (  0.0000%)
    分母C（同一ブロック内の `(x,y)` 組）… 155160
      ★ (p4c) 一致                            155160 (100.0000%)
      ⛔ (p4c) 不一致                                0 (  0.0000%)

