### 消費側 |R|=3 行1<3   Q 側の分母（5 本） 6570   ブロック内の列 59130
    ★ 分母（ブロック内で孤児な列） 28782 (48.676% of 列)  [0.3s]
    孤児の srow:  {1: 21366, 2: 7416}
      ★ (x1a) 塔を付けても孤児                        9072 ( 31.5197%)
      ⛔ (x1a) 塔を付けると親ができる                    19710 ( 68.4803%)
    ★★ `j` で分ける（`j=0` は 1 列なので必ず孤児 ⟹ 分母を膨らませる）:
        j=0    分母    19710   ★ 孤児のまま        0 (  0.0000%)   ⛔ 親ができる    19710 (100.0000%)
        j>=1   分母     9072   ★ 孤児のまま     9072 (100.0000%)   ⛔ 親ができる        0 (  0.0000%)
      ★ (x1b) ランダム A を付けても孤児                  9072 ( 31.5197%)  ⚠ A ∈ W u は判定していない
      ⛔ (x1b) 親ができる                          19710 ( 68.4803%)  ⚠ A ∈ W u は判定していない
    ⛔ 親のブロック（何個手前か。-1 = 同じブロック内）:  {1: 19710}

### 消費側 |R|=3 行1<5   Q 側の分母（5 本） 81180   ブロック内の列 730620
    ★ 分母（ブロック内で孤児な列） 361860 (49.528% of 列)  [3.5s]
    孤児の srow:  {1: 280740, 2: 81120}
      ★ (x1a) 塔を付けても孤児                      118320 ( 32.6977%)
      ⛔ (x1a) 塔を付けると親ができる                   243540 ( 67.3023%)
    ★★ `j` で分ける（`j=0` は 1 列なので必ず孤児 ⟹ 分母を膨らませる）:
        j=0    分母   243540   ★ 孤児のまま        0 (  0.0000%)   ⛔ 親ができる   243540 (100.0000%)
        j>=1   分母   118320   ★ 孤児のまま   118320 (100.0000%)   ⛔ 親ができる        0 (  0.0000%)
      ★ (x1b) ランダム A を付けても孤児                118320 ( 32.6977%)  ⚠ A ∈ W u は判定していない
      ⛔ (x1b) 親ができる                         243540 ( 67.3023%)  ⚠ A ∈ W u は判定していない
    ⛔ 親のブロック（何個手前か。-1 = 同じブロック内）:  {1: 243540}

