### 消費側 |R|=3 行1<3   [0.4s]
  (A0) 空   ★ 分母 9072   対照の分母 30348
      ★ (y1a) 孤児のまま        9072 (100.0000%)   ⛔ 親ができる        0 (  0.0000%)
      ★ (y1b) 対照: 孤児でない列が親を持つまま     30348 (100.0000%)   ⚠ 親を失う 0
  (A1) 1 列   ★ 分母 9072   対照の分母 30348
      ★ (y1a) 孤児のまま        9072 (100.0000%)   ⛔ 親ができる        0 (  0.0000%)
      ★ (y1b) 対照: 孤児でない列が親を持つまま     30348 (100.0000%)   ⚠ 親を失う 0
  (A2) ★ 実例 塔++B.take p   ★ 分母 9072   対照の分母 30348
      ★ (y1a) 孤児のまま        9072 (100.0000%)   ⛔ 親ができる        0 (  0.0000%)
      ★ (y1b) 対照: 孤児でない列が親を持つまま     30348 (100.0000%)   ⚠ 親を失う 0
  (A3) ランダム 3 列   ★ 分母 9072   対照の分母 30348
      ★ (y1a) 孤児のまま        9072 (100.0000%)   ⛔ 親ができる        0 (  0.0000%)
      ★ (y1b) 対照: 孤児でない列が親を持つまま     30348 (100.0000%)   ⚠ 親を失う 0

### 消費側 |R|=4 行1<3   [12.6s]
  (A0) 空   ★ 分母 237051   対照の分母 763137
      ★ (y1a) 孤児のまま      237051 (100.0000%)   ⛔ 親ができる        0 (  0.0000%)
      ★ (y1b) 対照: 孤児でない列が親を持つまま    763137 (100.0000%)   ⚠ 親を失う 0
  (A1) 1 列   ★ 分母 237051   対照の分母 763137
      ★ (y1a) 孤児のまま      237051 (100.0000%)   ⛔ 親ができる        0 (  0.0000%)
      ★ (y1b) 対照: 孤児でない列が親を持つまま    763137 (100.0000%)   ⚠ 親を失う 0
  (A2) ★ 実例 塔++B.take p   ★ 分母 237051   対照の分母 763137
      ★ (y1a) 孤児のまま      237051 (100.0000%)   ⛔ 親ができる        0 (  0.0000%)
      ★ (y1b) 対照: 孤児でない列が親を持つまま    763137 (100.0000%)   ⚠ 親を失う 0
  (A3) ランダム 3 列   ★ 分母 237051   対照の分母 763137
      ★ (y1a) 孤児のまま      237051 (100.0000%)   ⛔ 親ができる        0 (  0.0000%)
      ★ (y1b) 対照: 孤児でない列が親を持つまま    763137 (100.0000%)   ⚠ 親を失う 0

### 消費側 |R|=3 行1<5   [5.1s]
  (A0) 空   ★ 分母 118320   対照の分母 368760
      ★ (y1a) 孤児のまま      118320 (100.0000%)   ⛔ 親ができる        0 (  0.0000%)
      ★ (y1b) 対照: 孤児でない列が親を持つまま    368760 (100.0000%)   ⚠ 親を失う 0
  (A1) 1 列   ★ 分母 118320   対照の分母 368760
      ★ (y1a) 孤児のまま      118320 (100.0000%)   ⛔ 親ができる        0 (  0.0000%)
      ★ (y1b) 対照: 孤児でない列が親を持つまま    368760 (100.0000%)   ⚠ 親を失う 0
  (A2) ★ 実例 塔++B.take p   ★ 分母 118320   対照の分母 368760
      ★ (y1a) 孤児のまま      118320 (100.0000%)   ⛔ 親ができる        0 (  0.0000%)
      ★ (y1b) 対照: 孤児でない列が親を持つまま    368760 (100.0000%)   ⚠ 親を失う 0
  (A3) ランダム 3 列   ★ 分母 118320   対照の分母 368760
      ★ (y1a) 孤児のまま      118320 (100.0000%)   ⛔ 親ができる        0 (  0.0000%)
      ★ (y1b) 対照: 孤児でない列が親を持つまま    368760 (100.0000%)   ⚠ 親を失う 0

