### 消費側 |R|=3 行1<3   ★ 分母（`entry V 2 0 > 0` の `V`、重複除去）… 228  [集めるのに 0.3s]
    ★ ブロック根 1368   ⚠ srow != 2 … 0
    ブロック根の srow:  {2: 1368}
    ★ 分母（srow=2 のブロック根）… 1368
      ★ (z2a) 行 2 の孤児（無料）                 1368 (100.0000%)
      ⛔ (z2a) 行 2 の親がいる                      0 (  0.0000%)
    ★ 対照A（塔の中の非ブロック根、行2=1、srow=2）… 分母 1026   親がいる 0 (  0.000%) ← 鳴るべき
    ★ 対照B（ランダムな列）… 分母 100027   親がいる 17637 ( 17.632%) ← 鳴るべき
    (z2c) `(d0,e0)` の分布（3 は 3 以上）:  {(1, 0): 156, (2, 0): 72}

### 消費側 |R|=3 行1<5   ★ 分母（`entry V 2 0 > 0` の `V`、重複除去）… 1390  [集めるのに 3.9s]
    ★ ブロック根 8340   ⚠ srow != 2 … 0
    ブロック根の srow:  {2: 8340}
    ★ 分母（srow=2 のブロック根）… 8340
      ★ (z2a) 行 2 の孤児（無料）                 8340 (100.0000%)
      ⛔ (z2a) 行 2 の親がいる                      0 (  0.0000%)
    ★ 対照A（塔の中の非ブロック根、行2=1、srow=2）… 分母 6255   親がいる 0 (  0.000%) ← 鳴るべき
    ★ 対照B（ランダムな列）… 分母 100027   親がいる 17637 ( 17.632%) ← 鳴るべき
    (z2c) `(d0,e0)` の分布（3 は 3 以上）:  {(1, 0): 930, (2, 0): 460}

### ★ 消費側 |R|=4 行1<3   ★ 分母（`entry V 2 0 > 0` の `V`、重複除去）… 4256  [集めるのに 12.4s]
    ★ ブロック根 25536   ⚠ srow != 2 … 0
    ブロック根の srow:  {2: 25536}
    ★ 分母（srow=2 のブロック根）… 25536
      ★ (z2a) 行 2 の孤児（無料）                25536 (100.0000%)
      ⛔ (z2a) 行 2 の親がいる                      0 (  0.0000%)
    ★ 対照A（塔の中の非ブロック根、行2=1、srow=2）… 分母 29196   親がいる 243 (  0.832%) ← 鳴るべき
    ★ 対照B（ランダムな列）… 分母 100027   親がいる 17637 ( 17.632%) ← 鳴るべき
    (z2c) `(d0,e0)` の分布（3 は 3 以上）:  {(0, 0): 956, (1, 0): 2286, (2, 0): 1014}

