### |Q|=3（|R|=3 行1<3）（全数）  分母 30348   ⛔ 破れ 918 ( 3.0249%)  [0.1s]
    (z3c) 破れの窓の長さ（6 は 6 以上）:  {1: '918 (100.00%)'}
    (z3a) 長さ 1 を除いた残差          0 / 30348 (  0.0000%)   （破れの   0.00%）
    (z3b) 長さ 1,2 を除いた残差        0 / 30348 (  0.0000%)   （破れの   0.00%）

### |Q|=4（|R|=4 行1<3）（全数）  分母 763137   ⛔ 破れ 40023 ( 5.2445%)  [3.3s]
    (z3c) 破れの窓の長さ（6 は 6 以上）:  {1: '32769 (81.88%)', 2: '7254 (18.12%)'}
    (z3a) 長さ 1 を除いた残差       7254 / 763137 (  0.9506%)   （破れの  18.12%）
    (z3b) 長さ 1,2 を除いた残差        0 / 763137 (  0.0000%)   （破れの   0.00%）

### ★ |Q|=5（|R|=5 行1<3）（無作為抽出 40000 本）  分母 365625   ⛔ 破れ 24390 ( 6.6708%)  [1.6s]
    (z3c) 破れの窓の長さ（6 は 6 以上）:  {1: '18387 (75.39%)', 2: '5076 (20.81%)', 3: '927 (3.80%)'}
    (z3a) 長さ 1 を除いた残差       6003 / 365625 (  1.6418%)   （破れの  24.61%）
    (z3b) 長さ 1,2 を除いた残差      927 / 365625 (  0.2535%)   （破れの   3.80%）
      ⛔ 長さ 3 以上の破れ Q=[(0, 0, 0), (1, 2, 1), (2, 2, 1), (2, 2, 1), (2, 0, 0)] d=2 e=1 n=1 j=4 p=1 srow=0 窓の長さ=3
            窓=[(3, 3, 1), (4, 3, 1), (4, 3, 1)]
      ⛔ 長さ 3 以上の破れ Q=[(0, 0, 0), (1, 2, 1), (2, 2, 1), (2, 2, 1), (2, 0, 0)] d=2 e=1 n=2 j=4 p=1 srow=0 窓の長さ=3
            窓=[(5, 4, 1), (6, 4, 1), (6, 4, 1)]
      ⛔ 長さ 3 以上の破れ Q=[(0, 0, 0), (1, 2, 1), (2, 2, 1), (2, 2, 1), (2, 0, 0)] d=2 e=1 n=3 j=4 p=1 srow=0 窓の長さ=3
            窓=[(7, 5, 1), (8, 5, 1), (8, 5, 1)]
      ⛔ 長さ 3 以上の破れ Q=[(0, 1, 0), (1, 3, 1), (2, 3, 1), (2, 3, 1), (2, 0, 0)] d=2 e=1 n=1 j=4 p=1 srow=0 窓の長さ=3
            窓=[(3, 4, 1), (4, 4, 1), (4, 4, 1)]

### ★ |Q|=6（|R|=6 行1<3）（無作為抽出 40000 本）  分母 453492   ⛔ 破れ 36360 ( 8.0178%)  [2.0s]
    (z3c) 破れの窓の長さ（6 は 6 以上）:  {1: '24273 (66.76%)', 2: '8712 (23.96%)', 3: '2709 (7.45%)', 4: '666 (1.83%)'}
    (z3a) 長さ 1 を除いた残差      12087 / 453492 (  2.6653%)   （破れの  33.24%）
    (z3b) 長さ 1,2 を除いた残差     3375 / 453492 (  0.7442%)   （破れの   9.28%）
      ⛔ 長さ 3 以上の破れ Q=[(0, 0, 0), (1, 2, 0), (1, 2, 1), (3, 1, 1), (2, 1, 0), (2, 0, 0)] d=1 e=2 n=1 j=5 p=2 srow=0 窓の長さ=3
            窓=[(2, 4, 1), (4, 3, 1), (3, 3, 0)]
      ⛔ 長さ 3 以上の破れ Q=[(0, 0, 0), (1, 2, 0), (1, 2, 1), (3, 1, 1), (2, 1, 0), (2, 0, 0)] d=1 e=2 n=2 j=5 p=2 srow=0 窓の長さ=3
            窓=[(3, 6, 1), (5, 5, 1), (4, 5, 0)]
      ⛔ 長さ 3 以上の破れ Q=[(0, 0, 0), (1, 2, 0), (1, 2, 1), (3, 1, 1), (2, 1, 0), (2, 0, 0)] d=1 e=2 n=3 j=5 p=2 srow=0 窓の長さ=3
            窓=[(4, 8, 1), (6, 7, 1), (5, 7, 0)]
      ⛔ 長さ 3 以上の破れ Q=[(0, 1, 0), (1, 3, 0), (1, 3, 1), (3, 2, 1), (2, 2, 0), (2, 0, 0)] d=1 e=2 n=1 j=5 p=2 srow=0 窓の長さ=3
            窓=[(2, 5, 1), (4, 4, 1), (3, 4, 0)]

