#### ★ team-lead の指定した反例の形をそのまま実行
    Q=[(1, 1, 0), (2, 0, 0)] d=0 e=0 n=2 k=1  塔で孤児 ✓  A=[(0, 0, 0)] ⟹ ⛔ 親ができる  親=0   [(c) ★ 浅い（min(A の行0) < entry Q 0 0）]
    Q=[(1, 1, 0), (2, 0, 0)] d=0 e=0 n=2 k=1  塔で孤児 ✓  A=[(0, 5, 0)] ⟹ 孤児のまま  親=None   [(c) ★ 浅い（min(A の行0) < entry Q 0 0）]
    Q=[(1, 1, 0), (2, 0, 0)] d=0 e=0 n=2 k=1  塔で孤児 ✓  A=[(1, 0, 0)] ⟹ 孤児のまま  親=None   [(b) 浅くない（min(A の行0) >= entry Q 0 0）]
    Q=[(1, 1, 0), (2, 0, 0)] d=0 e=0 n=3 k=1  塔で孤児 ✓  A=[(0, 0, 0)] ⟹ ⛔ 親ができる  親=0   [(c) ★ 浅い（min(A の行0) < entry Q 0 0）]
    Q=[(1, 1, 0), (2, 0, 0)] d=0 e=0 n=3 k=1  塔で孤児 ✓  A=[(0, 5, 0)] ⟹ 孤児のまま  親=None   [(c) ★ 浅い（min(A の行0) < entry Q 0 0）]
    Q=[(1, 1, 0), (2, 0, 0)] d=0 e=0 n=3 k=1  塔で孤児 ✓  A=[(1, 0, 0)] ⟹ 孤児のまま  親=None   [(b) 浅くない（min(A の行0) >= entry Q 0 0）]
    Q=[(1, 1, 0), (2, 0, 0)] d=0 e=0 n=3 k=2  塔で孤児 ✓  A=[(0, 0, 0)] ⟹ ⛔ 親ができる  親=0   [(c) ★ 浅い（min(A の行0) < entry Q 0 0）]
    Q=[(1, 1, 0), (2, 0, 0)] d=0 e=0 n=3 k=2  塔で孤児 ✓  A=[(0, 5, 0)] ⟹ 孤児のまま  親=None   [(c) ★ 浅い（min(A の行0) < entry Q 0 0）]
    Q=[(1, 1, 0), (2, 0, 0)] d=0 e=0 n=3 k=2  塔で孤児 ✓  A=[(1, 0, 0)] ⟹ 孤児のまま  親=None   [(b) 浅くない（min(A の行0) >= entry Q 0 0）]
    Q=[(1, 1, 0), (2, 0, 0)] d=0 e=1 n=2 k=1  塔で孤児 ✓  A=[(0, 0, 0)] ⟹ ⛔ 親ができる  親=0   [(c) ★ 浅い（min(A の行0) < entry Q 0 0）]
    Q=[(1, 1, 0), (2, 0, 0)] d=0 e=1 n=2 k=1  塔で孤児 ✓  A=[(0, 5, 0)] ⟹ 孤児のまま  親=None   [(c) ★ 浅い（min(A の行0) < entry Q 0 0）]
    Q=[(1, 1, 0), (2, 0, 0)] d=0 e=1 n=2 k=1  塔で孤児 ✓  A=[(1, 0, 0)] ⟹ 孤児のまま  親=None   [(b) 浅くない（min(A の行0) >= entry Q 0 0）]
    Q=[(1, 1, 0), (2, 0, 0)] d=0 e=1 n=3 k=1  塔で孤児 ✓  A=[(0, 0, 0)] ⟹ ⛔ 親ができる  親=0   [(c) ★ 浅い（min(A の行0) < entry Q 0 0）]
    Q=[(1, 1, 0), (2, 0, 0)] d=0 e=1 n=3 k=1  塔で孤児 ✓  A=[(0, 5, 0)] ⟹ 孤児のまま  親=None   [(c) ★ 浅い（min(A の行0) < entry Q 0 0）]
    Q=[(1, 1, 0), (2, 0, 0)] d=0 e=1 n=3 k=1  塔で孤児 ✓  A=[(1, 0, 0)] ⟹ 孤児のまま  親=None   [(b) 浅くない（min(A の行0) >= entry Q 0 0）]
    Q=[(1, 1, 0), (2, 0, 0)] d=0 e=1 n=3 k=2  塔で孤児 ✓  A=[(0, 0, 0)] ⟹ ⛔ 親ができる  親=0   [(c) ★ 浅い（min(A の行0) < entry Q 0 0）]
    Q=[(1, 1, 0), (2, 0, 0)] d=0 e=1 n=3 k=2  塔で孤児 ✓  A=[(0, 5, 0)] ⟹ 孤児のまま  親=None   [(c) ★ 浅い（min(A の行0) < entry Q 0 0）]
    Q=[(1, 1, 0), (2, 0, 0)] d=0 e=1 n=3 k=2  塔で孤児 ✓  A=[(1, 0, 0)] ⟹ 孤児のまま  親=None   [(b) 浅くない（min(A の行0) >= entry Q 0 0）]
    Q=[(1, 1, 0), (2, 0, 0)] d=1 e=0 n=2 k=1  塔で孤児 ✓  A=[(0, 0, 0)] ⟹ ⛔ 親ができる  親=0   [(c) ★ 浅い（min(A の行0) < entry Q 0 0）]
    Q=[(1, 1, 0), (2, 0, 0)] d=1 e=0 n=2 k=1  塔で孤児 ✓  A=[(0, 5, 0)] ⟹ 孤児のまま  親=None   [(c) ★ 浅い（min(A の行0) < entry Q 0 0）]
    Q=[(1, 1, 0), (2, 0, 0)] d=1 e=0 n=2 k=1  塔で孤児 ✓  A=[(1, 0, 0)] ⟹ 孤児のまま  親=None   [(b) 浅くない（min(A の行0) >= entry Q 0 0）]
    Q=[(1, 1, 0), (2, 0, 0)] d=1 e=0 n=3 k=1  塔で孤児 ✓  A=[(0, 0, 0)] ⟹ ⛔ 親ができる  親=0   [(c) ★ 浅い（min(A の行0) < entry Q 0 0）]
    Q=[(1, 1, 0), (2, 0, 0)] d=1 e=0 n=3 k=1  塔で孤児 ✓  A=[(0, 5, 0)] ⟹ 孤児のまま  親=None   [(c) ★ 浅い（min(A の行0) < entry Q 0 0）]
    Q=[(1, 1, 0), (2, 0, 0)] d=1 e=0 n=3 k=1  塔で孤児 ✓  A=[(1, 0, 0)] ⟹ 孤児のまま  親=None   [(b) 浅くない（min(A の行0) >= entry Q 0 0）]
    Q=[(1, 1, 0), (2, 0, 0)] d=1 e=0 n=3 k=2  塔で孤児 ✓  A=[(0, 0, 0)] ⟹ ⛔ 親ができる  親=0   [(c) ★ 浅い（min(A の行0) < entry Q 0 0）]
    Q=[(1, 1, 0), (2, 0, 0)] d=1 e=0 n=3 k=2  塔で孤児 ✓  A=[(0, 5, 0)] ⟹ 孤児のまま  親=None   [(c) ★ 浅い（min(A の行0) < entry Q 0 0）]
    Q=[(1, 1, 0), (2, 0, 0)] d=1 e=0 n=3 k=2  塔で孤児 ✓  A=[(1, 0, 0)] ⟹ 孤児のまま  親=None   [(b) 浅くない（min(A の行0) >= entry Q 0 0）]

### OrphOK0（ブロック根、j=0）  値域<7 d∈(0,) e∈(0, 1, 2) n∈(2, 3, 4)  [1.7s]
    (a) A が空                                     分母   119796   ★ 孤児のまま   119796 (100.0000%)   ⛔ 親        0 (  0.0000%)
    (b) 浅くない（min(A の行0) >= entry Q 0 0）          分母   254548   ★ 孤児のまま   254548 (100.0000%)   ⛔ 親        0 (  0.0000%)
    (c) ★ 浅い（min(A の行0) < entry Q 0 0）           分母   224636   ★ 孤児のまま    43413 ( 19.3259%)   ⛔ 親   181223 ( 80.6741%)
      ⛔ 反例 Q=[(2, 3, 0), (6, 3, 0), (4, 6, 0), (7, 0, 1), (5, 0, 1)] d=0 e=2 n=4 A=[(0, 0, 0)] 親=0 対象idx=5
      ⛔ 反例 Q=[(2, 3, 0), (6, 3, 0), (4, 6, 0), (7, 0, 1), (5, 0, 1)] d=0 e=2 n=4 A=[(0, 1, 1)] 親=0 対象idx=5
      ⛔ 反例 Q=[(2, 3, 0), (6, 3, 0), (4, 6, 0), (7, 0, 1), (5, 0, 1)] d=0 e=2 n=4 A=[(0, 0, 0)] 親=0 対象idx=10

### OrphOK0（ブロック根、j=0）  値域<7 d∈(1, 2, 3) e∈(0, 1, 2) n∈(2, 3, 4)  [1.0s]
    (a) A が空                                     分母    29117   ★ 孤児のまま    29117 (100.0000%)   ⛔ 親        0 (  0.0000%)
    (b) 浅くない（min(A の行0) >= entry Q 0 0）          分母    61962   ★ 孤児のまま    61962 (100.0000%)   ⛔ 親        0 (  0.0000%)
    (c) ★ 浅い（min(A の行0) < entry Q 0 0）           分母    54506   ★ 孤児のまま    16909 ( 31.0223%)   ⛔ 親    37597 ( 68.9777%)
      ⛔ 反例 Q=[(1, 5, 0), (4, 5, 0)] d=1 e=0 n=2 A=[(0, 0, 0)] 親=0 対象idx=2
      ⛔ 反例 Q=[(1, 5, 0), (4, 5, 0)] d=1 e=0 n=2 A=[(0, 4, 0)] 親=0 対象idx=2
      ⛔ 反例 Q=[(1, 5, 0), (4, 5, 0)] d=1 e=0 n=2 A=[(0, 5, 0), (3, 0, 1), (0, 2, 1)] 親=2 対象idx=2

### OrphOK（ブロック内 j>=1）  値域<7 d∈(0,) e∈(0, 1, 2) n∈(2, 3, 4)  [1.6s]
    (a) A が空                                     分母    70746   ★ 孤児のまま    70746 (100.0000%)   ⛔ 親        0 (  0.0000%)
    (b) 浅くない（min(A の行0) >= entry Q 0 0）          分母   150317   ★ 孤児のまま   150317 (100.0000%)   ⛔ 親        0 (  0.0000%)
    (c) ★ 浅い（min(A の行0) < entry Q 0 0）           分母   132667   ★ 孤児のまま    70846 ( 53.4014%)   ⛔ 親    61821 ( 46.5986%)
      ⛔ 反例 Q=[(2, 3, 0), (6, 3, 0), (4, 6, 0), (7, 0, 1), (5, 0, 1)] d=0 e=2 n=4 A=[(0, 0, 0)] 親=0 対象idx=21
      ⛔ 反例 Q=[(2, 3, 0), (6, 3, 0), (4, 6, 0), (7, 0, 1), (5, 0, 1)] d=0 e=2 n=4 A=[(0, 1, 1)] 親=0 対象idx=21
      ⛔ 反例 Q=[(3, 5, 0), (5, 2, 1), (6, 5, 0)] d=0 e=1 n=4 A=[(0, 0, 0)] 親=0 対象idx=13

### OrphOK（ブロック内 j>=1）  値域<7 d∈(1, 2, 3) e∈(0, 1, 2) n∈(2, 3, 4)  [1.7s]
    (a) A が空                                     分母    68531   ★ 孤児のまま    68531 (100.0000%)   ⛔ 親        0 (  0.0000%)
    (b) 浅くない（min(A の行0) >= entry Q 0 0）          分母   145218   ★ 孤児のまま   145218 (100.0000%)   ⛔ 親        0 (  0.0000%)
    (c) ★ 浅い（min(A の行0) < entry Q 0 0）           分母   128906   ★ 孤児のまま    70148 ( 54.4179%)   ⛔ 親    58758 ( 45.5821%)
      ⛔ 反例 Q=[(2, 6, 0), (5, 5, 1), (5, 0, 0), (8, 0, 1), (8, 5, 0)] d=3 e=1 n=3 A=[(0, 0, 0)] 親=0 対象idx=16
      ⛔ 反例 Q=[(3, 5, 0), (9, 5, 0)] d=1 e=2 n=4 A=[(0, 0, 0)] 親=0 対象idx=9
      ⛔ 反例 Q=[(3, 5, 0), (9, 5, 0)] d=1 e=2 n=4 A=[(0, 0, 1)] 親=0 対象idx=9
