### ★ OrphOK0（塔の中でブロック根が孤児）d=0  [1.7s]
    (a) A が空                                     分母   119758   ★ 孤児のまま   119758 (100.0000%)   ⛔ 親        0 (  0.0000%)
    (b) 浅くない（min(A の行0) >= entry Q 0 0）          分母   254635   ★ 孤児のまま   254635 (100.0000%)   ⛔ 親        0 (  0.0000%)
    (c) ★ 浅い（min(A の行0) < entry Q 0 0）           分母   224397   ★ 孤児のまま    43336 ( 19.3122%)   ⛔ 親   181061 ( 80.6878%)
      ⛔ 反例 [(c)] Q=[(3, 5, 0), (4, 6, 0), (5, 6, 0), (9, 3, 0), (4, 1, 1)] d=0 e=0 n=3 idx=5 A=[(0, 0, 0)] 親=0
      ⛔ 反例 [(c)] Q=[(3, 5, 0), (4, 6, 0), (5, 6, 0), (9, 3, 0), (4, 1, 1)] d=0 e=0 n=3 idx=10 A=[(0, 0, 0)] 親=0
      ⛔ 反例 [(c)] Q=[(3, 5, 0), (4, 6, 0), (5, 6, 0), (9, 3, 0), (4, 1, 1)] d=0 e=0 n=3 idx=10 A=[(2, 3, 1), (7, 2, 1), (2, 0, 1)] 親=2
      ⛔ 反例 [(c)] Q=[(3, 2, 0), (9, 2, 1), (8, 2, 1)] d=0 e=0 n=4 idx=3 A=[(0, 0, 0)] 親=0
      ⛔ 反例 [(c)] Q=[(3, 2, 0), (9, 2, 1), (8, 2, 1)] d=0 e=0 n=4 idx=3 A=[(2, 0, 0)] 親=0
      ⛔ 反例 [(c)] Q=[(3, 2, 0), (9, 2, 1), (8, 2, 1)] d=0 e=0 n=4 idx=6 A=[(0, 0, 0)] 親=0

### ★ OrphOK0 d>0  [1.0s]
    (a) A が空                                     分母    28322   ★ 孤児のまま    28322 (100.0000%)   ⛔ 親        0 (  0.0000%)
    (b) 浅くない（min(A の行0) >= entry Q 0 0）          分母    60175   ★ 孤児のまま    60175 (100.0000%)   ⛔ 親        0 (  0.0000%)
    (c) ★ 浅い（min(A の行0) < entry Q 0 0）           分母    53113   ★ 孤児のまま    16372 ( 30.8248%)   ⛔ 親    36741 ( 69.1752%)
      ⛔ 反例 [(c)] Q=[(3, 6, 0), (9, 4, 1), (9, 0, 0), (5, 4, 0)] d=1 e=0 n=4 idx=4 A=[(0, 0, 0)] 親=0
      ⛔ 反例 [(c)] Q=[(3, 6, 0), (9, 4, 1), (9, 0, 0), (5, 4, 0)] d=1 e=0 n=4 idx=4 A=[(1, 2, 0)] 親=0
      ⛔ 反例 [(c)] Q=[(3, 6, 0), (9, 4, 1), (9, 0, 0), (5, 4, 0)] d=1 e=0 n=4 idx=8 A=[(0, 0, 0)] 親=0
      ⛔ 反例 [(c)] Q=[(3, 6, 0), (9, 4, 1), (9, 0, 0), (5, 4, 0)] d=1 e=0 n=4 idx=8 A=[(0, 1, 0)] 親=0
      ⛔ 反例 [(c)] Q=[(3, 6, 0), (9, 4, 1), (9, 0, 0), (5, 4, 0)] d=1 e=0 n=4 idx=8 A=[(7, 6, 1), (9, 0, 0), (1, 0, 1)] 親=2
      ⛔ 反例 [(c)] Q=[(3, 6, 0), (9, 4, 1), (9, 0, 0), (5, 4, 0)] d=1 e=0 n=4 idx=12 A=[(0, 0, 0)] 親=0

### ★★ OrphOK（前件＝ブロック内で孤児）d=0  [1.6s]
    (a) A が空                                     分母    71334   ★ 孤児のまま    71334 (100.0000%)   ⛔ 親        0 (  0.0000%)
    (b) 浅くない（min(A の行0) >= entry Q 0 0）          分母   150964   ★ 孤児のまま   150964 (100.0000%)   ⛔ 親        0 (  0.0000%)
    (c) ★ 浅い（min(A の行0) < entry Q 0 0）           分母   134372   ★ 孤児のまま    71697 ( 53.3571%)   ⛔ 親    62675 ( 46.6429%)
      ⛔ 反例 [(c)] Q=[(1, 3, 0), (7, 1, 1), (4, 5, 0)] d=0 e=1 n=2 idx=7 A=[(0, 0, 0)] 親=0
      ⛔ 反例 [(c)] Q=[(2, 5, 0), (8, 4, 0), (6, 5, 1)] d=0 e=1 n=2 idx=7 A=[(0, 0, 0)] 親=0
      ⛔ 反例 [(c)] Q=[(2, 5, 0), (8, 4, 0), (6, 5, 1)] d=0 e=1 n=2 idx=7 A=[(7, 1, 0), (8, 2, 1), (1, 2, 1)] 親=2
      ⛔ 反例 [(c)] Q=[(2, 5, 0), (8, 4, 0), (6, 5, 1)] d=0 e=1 n=2 idx=8 A=[(0, 0, 0)] 親=0
      ⛔ 反例 [(c)] Q=[(2, 5, 0), (8, 4, 0), (6, 5, 1)] d=0 e=1 n=2 idx=8 A=[(0, 0, 0)] 親=0
      ⛔ 反例 [(c)] Q=[(2, 5, 0), (8, 4, 0), (6, 5, 1)] d=0 e=1 n=2 idx=8 A=[(0, 0, 0), (3, 2, 1), (2, 3, 0)] 親=0

### ★★ OrphOK d>0  [1.7s]
    (a) A が空                                     分母    70913   ★ 孤児のまま    68406 ( 96.4647%)   ⛔ 親     2507 (  3.5353%)
    (b) 浅くない（min(A の行0) >= entry Q 0 0）          分母   150385   ★ 孤児のまま   145159 ( 96.5249%)   ⛔ 親     5226 (  3.4751%)
    (c) ★ 浅い（min(A の行0) < entry Q 0 0）           分母   133267   ★ 孤児のまま    70233 ( 52.7010%)   ⛔ 親    63034 ( 47.2990%)
      ⛔ 反例 [(c)] Q=[(3, 6, 0), (6, 6, 0), (8, 4, 1)] d=2 e=0 n=4 idx=13 A=[(0, 0, 0)] 親=0
      ⛔ 反例 [(c)] Q=[(3, 6, 0), (6, 6, 0), (8, 4, 1)] d=2 e=0 n=4 idx=13 A=[(1, 0, 1)] 親=0
      ⛔ 反例 [(c)] Q=[(3, 6, 0), (6, 6, 0), (8, 4, 1)] d=2 e=0 n=4 idx=14 A=[(0, 0, 0)] 親=0
      ⛔ 反例 [(c)] Q=[(1, 2, 0), (5, 1, 0), (3, 2, 1)] d=2 e=0 n=4 idx=13 A=[(0, 0, 0)] 親=0
      ⛔ 反例 [(c)] Q=[(1, 2, 0), (5, 1, 0), (3, 2, 1)] d=2 e=0 n=4 idx=14 A=[(0, 0, 0)] 親=0
      ⛔ 反例 [(c)] Q=[(1, 1, 0), (2, 5, 1), (7, 1, 0), (3, 2, 0)] d=2 e=1 n=3 idx=14 A=[(0, 0, 0)] 親=0

