### 消費側 |R|=3 行1<3  ★ 分母（1 段の (A2, V)）30348  [0.2s]
    ★ (s4a) rsum A2 V 成立        0 (  0.0000%)   ⛔ 破れ    30348 (100.0000%)
    (s4b) srow 別:
        srow=0: 分母     5508   ★ 成立        0 (  0.0000%)
        srow=1: 分母    12195   ★ 成立        0 (  0.0000%)
        srow=2: 分母    12645   ★ 成立        0 (  0.0000%)
    p=0  : 分母    28224   ★ 成立        0 (  0.0000%)
    p>=1 : 分母     2124   ★ 成立        0 (  0.0000%)
      ⛔ 破れ例 Q=[(0, 0, 0), (1, 0, 0), (1, 0, 0)] d=1 e=1 n=1 j=1 p=0 srow=0  entry V 0 0 = 1、A2++V の最小の行 0 = 0
      ⛔ 破れ例 Q=[(0, 0, 0), (1, 0, 0), (1, 0, 0)] d=1 e=1 n=1 j=2 p=0 srow=0  entry V 0 0 = 1、A2++V の最小の行 0 = 0
      ⛔ 破れ例 Q=[(0, 0, 0), (1, 0, 0), (1, 0, 0)] d=1 e=1 n=2 j=1 p=0 srow=0  entry V 0 0 = 2、A2++V の最小の行 0 = 0
      ⛔ 破れ例 Q=[(0, 0, 0), (1, 0, 0), (1, 0, 0)] d=1 e=1 n=2 j=2 p=0 srow=0  entry V 0 0 = 2、A2++V の最小の行 0 = 0

### 消費側 |R|=3 行1<5  ★ 分母（1 段の (A2, V)）368760  [2.0s]
    ★ (s4a) rsum A2 V 成立        0 (  0.0000%)   ⛔ 破れ   368760 (100.0000%)
    (s4b) srow 別:
        srow=0: 分母    40800   ★ 成立        0 (  0.0000%)
        srow=1: 分母   157740   ★ 成立        0 (  0.0000%)
        srow=2: 分母   170220   ★ 成立        0 (  0.0000%)
    p=0  : 分母   343320   ★ 成立        0 (  0.0000%)
    p>=1 : 分母    25440   ★ 成立        0 (  0.0000%)
      ⛔ 破れ例 Q=[(0, 0, 0), (1, 0, 0), (1, 0, 0)] d=1 e=1 n=1 j=1 p=0 srow=0  entry V 0 0 = 1、A2++V の最小の行 0 = 0
      ⛔ 破れ例 Q=[(0, 0, 0), (1, 0, 0), (1, 0, 0)] d=1 e=1 n=1 j=2 p=0 srow=0  entry V 0 0 = 1、A2++V の最小の行 0 = 0
      ⛔ 破れ例 Q=[(0, 0, 0), (1, 0, 0), (1, 0, 0)] d=1 e=1 n=2 j=1 p=0 srow=0  entry V 0 0 = 2、A2++V の最小の行 0 = 0
      ⛔ 破れ例 Q=[(0, 0, 0), (1, 0, 0), (1, 0, 0)] d=1 e=1 n=2 j=2 p=0 srow=0  entry V 0 0 = 2、A2++V の最小の行 0 = 0

### ★ 消費側 |R|=4 行1<3  ★ 分母（1 段の (A2, V)）763137  [4.1s]
    ★ (s4a) rsum A2 V 成立        0 (  0.0000%)   ⛔ 破れ   763137 (100.0000%)
    (s4b) srow 別:
        srow=0: 分母   144504   ★ 成立        0 (  0.0000%)
        srow=1: 分母   307944   ★ 成立        0 (  0.0000%)
        srow=2: 分母   310689   ★ 成立        0 (  0.0000%)
    p=0  : 分母   668988   ★ 成立        0 (  0.0000%)
    p>=1 : 分母    94149   ★ 成立        0 (  0.0000%)
      ⛔ 破れ例 Q=[(0, 0, 0), (1, 0, 0), (1, 0, 0), (1, 0, 0)] d=1 e=1 n=1 j=1 p=0 srow=0  entry V 0 0 = 1、A2++V の最小の行 0 = 0
      ⛔ 破れ例 Q=[(0, 0, 0), (1, 0, 0), (1, 0, 0), (1, 0, 0)] d=1 e=1 n=1 j=2 p=0 srow=0  entry V 0 0 = 1、A2++V の最小の行 0 = 0
      ⛔ 破れ例 Q=[(0, 0, 0), (1, 0, 0), (1, 0, 0), (1, 0, 0)] d=1 e=1 n=1 j=3 p=0 srow=0  entry V 0 0 = 1、A2++V の最小の行 0 = 0
      ⛔ 破れ例 Q=[(0, 0, 0), (1, 0, 0), (1, 0, 0), (1, 0, 0)] d=1 e=1 n=2 j=1 p=0 srow=0  entry V 0 0 = 2、A2++V の最小の行 0 = 0

