#### (s4c) H12 の二択は一般の d でも成り立つか
####  (1) Q の根が A の中に行 0 の親 a0 を持つ ⟹ 全ブロック根の親が同じ a0
####  (2) 持たない ⟹ 全ブロック根が孤児
####  分母: A ++ mTower Q d e n の組（A は浅い列を含む、rsum は破れている）
  d = 0   ★ 分母 29906
      (1) Q の根が A の中に行 0 の親を持つ                  29906
        ★ (1) 全ブロック根の親が同じ a0                    14849
        ⛔ (1) 親がばらける                            15057
      (2) Q の根は A に行 0 の親を持たない                      0
        ★ (2) 全ブロック根が孤児                             0
        ⛔ (2) 孤児でないものがある                            0
      ⟹ (1) の成立率  49.6522%
  d > 0   ★ 分母 90094
      (1) Q の根が A の中に行 0 の親を持つ                  90094
        ★ (1) 全ブロック根の親が同じ a0                    10280
        ⛔ (1) 親がばらける                            79814
      (2) Q の根は A に行 0 の親を持たない                      0
        ★ (2) 全ブロック根が孤児                             0
        ⛔ (2) 孤児でないものがある                            0
      ⟹ (1) の成立率  11.4103%
      ⛔ 反例 [d = 0] Q=[(2, 6, 0), (6, 5, 0), (8, 4, 1), (7, 6, 1)] d=0 e=0 n=2 A=[(1, 6, 0)] a0=0 親たち=[None, None]
      ⛔ 反例 [d > 0] Q=[(2, 4, 0), (5, 0, 1), (5, 2, 1), (5, 0, 0)] d=2 e=2 n=3 A=[(1, 5, 1)] a0=0 親たち=[None, 1, 5]
      ⛔ 反例 [d > 0] Q=[(1, 4, 0), (5, 0, 1), (3, 0, 0)] d=3 e=0 n=4 A=[(0, 5, 1), (0, 2, 1), (0, 2, 0)] a0=2 親たち=[2, 5, 8, 11]
      ⛔ 反例 [d = 0] Q=[(2, 2, 0), (7, 0, 1), (3, 2, 0), (8, 0, 0)] d=0 e=0 n=3 A=[(0, 5, 1)] a0=0 親たち=[None, None, None]
