### 値域<7 d∈(1,2,3) e∈(0,1,2) n∈(2,3,4)  [4.0s]
  ★ 浅い A（本命） / e = 0   ★ 分母 47715
      ★ 孤児のまま                                    23238 ( 48.7017%)
      ⛔ 破れ                                       24477 ( 51.2983%)
      ⛔⛔ (i) 親が行 0                                   0 (  0.0000%)
      (ii) 親が行 1 ∧ 的の行 1 <= 塔の根                  24477 ( 51.2983%)
      ★ (iv) 親が行 1 だが 的の行 1 > 塔の根                    0 (  0.0000%)
      (iii) 親が行 2 ∧ 的の行 2 <= 塔の根                     0 (  0.0000%)
      ★ (iv) 親が行 2 だが 的の行 2 > 塔の根                    0 (  0.0000%)
  対照: 浅くない A（rsum） / e = 0   ★ 分母 47715
      ★ 孤児のまま                                    47715 (100.0000%)
      ⛔ 破れ                                           0 (  0.0000%)
      ⛔⛔ (i) 親が行 0                                   0 (  0.0000%)
      (ii) 親が行 1 ∧ 的の行 1 <= 塔の根                      0 (  0.0000%)
      ★ (iv) 親が行 1 だが 的の行 1 > 塔の根                    0 (  0.0000%)
      (iii) 親が行 2 ∧ 的の行 2 <= 塔の根                     0 (  0.0000%)
      ★ (iv) 親が行 2 だが 的の行 2 > 塔の根                    0 (  0.0000%)

### ★ 箱拡張 値域<12  [1.0s]
  ★ 浅い A（本命） / e = 0   ★ 分母 34757
      ★ 孤児のまま                                    17078 ( 49.1354%)
      ⛔ 破れ                                       17679 ( 50.8646%)
      ⛔⛔ (i) 親が行 0                                   0 (  0.0000%)
      (ii) 親が行 1 ∧ 的の行 1 <= 塔の根                  17679 ( 50.8646%)
      ★ (iv) 親が行 1 だが 的の行 1 > 塔の根                    0 (  0.0000%)
      (iii) 親が行 2 ∧ 的の行 2 <= 塔の根                     0 (  0.0000%)
      ★ (iv) 親が行 2 だが 的の行 2 > 塔の根                    0 (  0.0000%)
  対照: 浅くない A（rsum） / e = 0   ★ 分母 34757
      ★ 孤児のまま                                    34757 (100.0000%)
      ⛔ 破れ                                           0 (  0.0000%)
      ⛔⛔ (i) 親が行 0                                   0 (  0.0000%)
      (ii) 親が行 1 ∧ 的の行 1 <= 塔の根                      0 (  0.0000%)
      ★ (iv) 親が行 1 だが 的の行 1 > 塔の根                    0 (  0.0000%)
      (iii) 親が行 2 ∧ 的の行 2 <= 塔の根                     0 (  0.0000%)
      ★ (iv) 親が行 2 だが 的の行 2 > 塔の根                    0 (  0.0000%)

