### 消費側 |R|=3 行1<3  [0.2s]
  (s10) ★ 分母（`j>=1` かつ `hloc` が破れる段）0
      (s10) ★ |V| < |Q|                0 (  0.0000%)
      (s10) ⛔ |V| = |Q|                0 (  0.0000%)
      (s10) ⛔⛔ |V| > |Q|               0 (  0.0000%)
      (s10b) `|V|=|Q|` のときの srow:  {}
  (s11) ★ 分母（`h1out(Q)` 成立だが `h1out(V)` 破れ）0   破れる列 0
      ★ (s11) ブロッカーが窓の外（< p）                     0 (  0.0000%)
      ⛔ (s11) ブロッカーが窓の中                          0 (  0.0000%)
      (s11) ブロッカーが鎖上に無い                          0 (  0.0000%)

### ★ 消費側 |R|=3 行1<5  [2.2s]
  (s10) ★ 分母（`j>=1` かつ `hloc` が破れる段）0
      (s10) ★ |V| < |Q|                0 (  0.0000%)
      (s10) ⛔ |V| = |Q|                0 (  0.0000%)
      (s10) ⛔⛔ |V| > |Q|               0 (  0.0000%)
      (s10b) `|V|=|Q|` のときの srow:  {}
  (s11) ★ 分母（`h1out(Q)` 成立だが `h1out(V)` 破れ）0   破れる列 0
      ★ (s11) ブロッカーが窓の外（< p）                     0 (  0.0000%)
      ⛔ (s11) ブロッカーが窓の中                          0 (  0.0000%)
      (s11) ブロッカーが鎖上に無い                          0 (  0.0000%)

### ★ 消費側 |R|=4 行1<3  [7.8s]
  (s10) ★ 分母（`j>=1` かつ `hloc` が破れる段）0
      (s10) ★ |V| < |Q|                0 (  0.0000%)
      (s10) ⛔ |V| = |Q|                0 (  0.0000%)
      (s10) ⛔⛔ |V| > |Q|               0 (  0.0000%)
      (s10b) `|V|=|Q|` のときの srow:  {}
  (s11) ★ 分母（`h1out(Q)` 成立だが `h1out(V)` 破れ）3674   破れる列 3674
      ★ (s11) ブロッカーが窓の外（< p）                     0 (  0.0000%)
      ⛔ (s11) ブロッカーが窓の中                       3674 (100.0000%)
      (s11) ブロッカーが鎖上に無い                          0 (  0.0000%)
      ⛔ 例 ('s11', [(0, 0, 0), (1, 0, 0), (2, 1, 0), (1, 0, 0)], 1, 1, 1, 3, 4, [(1, 1, 0), (2, 0, 0), (3, 1, 0)], 2, 5)
      ⛔ 例 ('s11', [(0, 0, 0), (1, 0, 0), (2, 1, 0), (1, 0, 0)], 1, 1, 2, 3, 8, [(2, 2, 0), (3, 0, 0), (4, 1, 0)], 2, 9)
      ⛔ 例 ('s11', [(0, 0, 0), (1, 0, 0), (2, 1, 0), (1, 0, 0)], 1, 1, 3, 3, 12, [(3, 3, 0), (4, 0, 0), (5, 1, 0)], 2, 13)
      ⛔ 例 ('s11', [(0, 0, 0), (1, 0, 0), (2, 1, 0), (1, 0, 0)], 1, 2, 1, 3, 4, [(1, 2, 0), (2, 0, 0), (3, 1, 0)], 2, 5)
      ⛔ 例 ('s11', [(0, 0, 0), (1, 0, 0), (2, 1, 0), (1, 0, 0)], 1, 2, 2, 3, 8, [(2, 4, 0), (3, 0, 0), (4, 1, 0)], 2, 9)
      ⛔ 例 ('s11', [(0, 0, 0), (1, 0, 0), (2, 1, 0), (1, 0, 0)], 1, 2, 3, 3, 12, [(3, 6, 0), (4, 0, 0), (5, 1, 0)], 2, 13)

