### 消費側 |R|=3 行1<3  深さ<=5 ビーム200  [7.4s]
      深さ       ★ 分母       ★ h1out 成立         ⛔ 破れ    平均 |V|      平均の差
       1      30240     30092 (99.5106%)     148 (0.4894%)     2.568    -0.111
         (DEPTH-c) 破れた段の |V|（5 は 5 以上）: {2: 36, 3: 112}
       2      57537     57417 (99.7914%)     120 (0.2086%)     2.053     0.444
         (DEPTH-c) 破れた段の |V|（5 は 5 以上）: {2: 120}
       3      57420     57420 (100.0000%)       0 (0.0000%)     2.000       nan
       4      17712     17712 (100.0000%)       0 (0.0000%)     2.000       nan
       5       6480      6480 (100.0000%)       0 (0.0000%)     2.000       nan

### ★ 消費側 |R|=4 行1<3  深さ<=5 ビーム120  [348.3s]
      深さ       ★ 分母       ★ h1out 成立         ⛔ 破れ    平均 |V|      平均の差
       1     682893    673197 (98.5802%)    9696 (1.4198%)     3.083    -0.349
         (DEPTH-c) 破れた段の |V|（5 は 5 以上）: {2: 2367, 3: 2583, 4: 4746}
       2    2153823   2144280 (99.5569%)    9543 (0.4431%)     2.420     0.354
         (DEPTH-c) 破れた段の |V|（5 は 5 以上）: {2: 7611, 3: 1932}
       3    4113441   4107414 (99.8535%)    6027 (0.1465%)     2.208     0.301
         (DEPTH-c) 破れた段の |V|（5 は 5 以上）: {2: 4149, 3: 1878}
       4    4551582   4545390 (99.8640%)    6192 (0.1360%)     2.050     0.331
         (DEPTH-c) 破れた段の |V|（5 は 5 以上）: {2: 4932, 3: 1260}
       5    1987587   1984887 (99.8642%)    2700 (0.1358%)     2.032     0.444
         (DEPTH-c) 破れた段の |V|（5 は 5 以上）: {2: 2700}

