### 消費側 |R|=3 行1<3  cap=12  [0.3s]
  (HNBQ-う) `hnbQ(Q)` 成立 … 2754 / 6570 ( 41.9178%)
  (HNBQ-あ) 分母 2754   ★ `hnbQ(V)` も成立 2747 ( 99.7458%)   ⛔ 破れ 7
  (HNBQ-い) 破る列:  {'le0 祖先': 7}
  ★ 鎖の本数 5964
  (DEPTH-b) 先に起きたこと:  {'★ (2) |V| = 1': 2055, '★ (3) 前件が空虚': 3898, '⛔ (1) 差 <= 0（h1out 破れ）': 11}
     そのときの段数:  {1: 5953, 2: 9, 3: 2}
     ⛔ (DEPTH-c) `h1out` が破れたときの `|V|`:  {2: 2, 3: 9}
      ⛔ (1) の例 Q=[(0, 1, 0), (1, 0, 1), (2, 2, 0)] d=1 e=1 段=1 V=[(1, 2, 0), (2, 0, 1), (3, 2, 0)] |V|=3
      ⛔ (1) の例 Q=[(0, 0, 0), (1, 0, 1), (3, 2, 0)] d=1 e=2 段=1 V=[(2, 4, 0), (3, 0, 1), (5, 2, 0)] |V|=3
      ⛔ (1) の例 Q=[(0, 1, 0), (1, 2, 1), (2, 2, 0)] d=2 e=2 段=1 V=[(5, 6, 1), (6, 6, 0)] |V|=2
      ⛔ (1) の例 Q=[(0, 1, 0), (1, 1, 1), (2, 2, 0)] d=1 e=1 段=1 V=[(2, 3, 0), (3, 1, 1), (4, 2, 0)] |V|=3

### ★ 消費側 |R|=3 行1<5  cap=12  [3.6s]
  (HNBQ-う) `hnbQ(Q)` 成立 … 39420 / 81180 ( 48.5588%)
  (HNBQ-あ) 分母 39420   ★ `hnbQ(V)` も成立 39271 ( 99.6220%)   ⛔ 破れ 149
  (HNBQ-い) 破る列:  {'le0 祖先': 149}
  ★ 鎖の本数 68792
  (DEPTH-b) 先に起きたこと:  {'★ (2) |V| = 1': 24034, '★ (3) 前件が空虚': 44541, '⛔ (1) 差 <= 0（h1out 破れ）': 217}
     そのときの段数:  {1: 68668, 2: 117, 3: 7}
     ⛔ (DEPTH-c) `h1out` が破れたときの `|V|`:  {2: 62, 3: 155}
      ⛔ (1) の例 Q=[(0, 0, 0), (1, 0, 0), (2, 1, 0)] d=1 e=1 段=1 V=[(1, 1, 0), (2, 0, 0), (3, 1, 0)] |V|=3
      ⛔ (1) の例 Q=[(0, 0, 0), (1, 0, 0), (2, 1, 0)] d=1 e=3 段=1 V=[(1, 3, 0), (2, 0, 0), (3, 1, 0)] |V|=3
      ⛔ (1) の例 Q=[(0, 0, 0), (1, 0, 0), (2, 1, 0)] d=1 e=4 段=1 V=[(1, 4, 0), (2, 0, 0), (3, 1, 0)] |V|=3
      ⛔ (1) の例 Q=[(0, 0, 0), (1, 0, 0), (2, 2, 0)] d=1 e=2 段=1 V=[(1, 2, 0), (2, 0, 0), (3, 2, 0)] |V|=3

