### 消費側 |R|=3 行1<3 深さ<=5 ビーム200  ★ 分母（破れた列）268  [4.6s]
    ★ (BREAK-a) 破れる列は孤児                  156 ( 58.2090%)
    ⛔ (BREAK-a) 親がいる                     112 ( 41.7910%)
    (BREAK-d) 深さ:  {1: 148, 2: 120}
    (BREAK-d) |V|:  {2: 156, 3: 112}
    (BREAK) 破れる列の j:  {1: 156, 2: 112}
    (SHAPE-b) 前件が空虚な窓 168957:  {'行1=0 を含む': 23790, '行2>0 を含む': 33840, '全部錐の中': 111327}
      ⛔ 破れ例 深さ1 Q=((0, 0, 0), (1, 0, 0), (2, 1, 0)) (d,e)=(1,1) n=2 j=0 ⟹ V=[(1, 1, 0), (2, 0, 0), (3, 1, 0)] 破れる列=2（親あり）
      ⛔ 破れ例 深さ1 Q=((0, 0, 0), (1, 0, 0), (2, 1, 0)) (d,e)=(1,1) n=3 j=0 ⟹ V=[(2, 2, 0), (3, 0, 0), (4, 1, 0)] 破れる列=2（親あり）
      ⛔ 破れ例 深さ1 Q=((0, 0, 0), (1, 0, 0), (2, 1, 0)) (d,e)=(1,2) n=2 j=0 ⟹ V=[(1, 2, 0), (2, 0, 0), (3, 1, 0)] 破れる列=2（親あり）
      ⛔ 破れ例 深さ1 Q=((0, 0, 0), (1, 0, 0), (2, 1, 0)) (d,e)=(1,2) n=3 j=0 ⟹ V=[(2, 4, 0), (3, 0, 0), (4, 1, 0)] 破れる列=2（親あり）
      ⛔ 破れ例 深さ1 Q=((0, 0, 0), (1, 0, 0), (2, 2, 0)) (d,e)=(1,1) n=3 j=0 ⟹ V=[(2, 2, 0), (3, 0, 0), (4, 2, 0)] 破れる列=2（親あり）
      ⛔ 破れ例 深さ1 Q=((0, 1, 0), (1, 0, 0), (2, 2, 0)) (d,e)=(1,1) n=2 j=0 ⟹ V=[(1, 2, 0), (2, 0, 0), (3, 2, 0)] 破れる列=2（親あり）

### ★ 消費側 |R|=3 行1<5 深さ<=4 ビーム100  ★ 分母（破れた列）1468  [18.2s]
    ★ (BREAK-a) 破れる列は孤児                  960 ( 65.3951%)
    ⛔ (BREAK-a) 親がいる                     508 ( 34.6049%)
    (BREAK-d) 深さ:  {1: 988, 2: 480}
    (BREAK-d) |V|:  {2: 960, 3: 508}
    (BREAK) 破れる列の j:  {1: 960, 2: 508}
    (SHAPE-b) 前件が空虚な窓 761048:  {'行1=0 を含む': 64560, '行2>0 を含む': 139216, '全部錐の中': 557272}
      ⛔ 破れ例 深さ1 Q=((0, 0, 0), (1, 0, 0), (2, 1, 0)) (d,e)=(1,1) n=2 j=0 ⟹ V=[(1, 1, 0), (2, 0, 0), (3, 1, 0)] 破れる列=2（親あり）
      ⛔ 破れ例 深さ1 Q=((0, 0, 0), (1, 0, 0), (2, 1, 0)) (d,e)=(1,2) n=2 j=0 ⟹ V=[(1, 2, 0), (2, 0, 0), (3, 1, 0)] 破れる列=2（親あり）
      ⛔ 破れ例 深さ1 Q=((0, 0, 0), (1, 0, 0), (2, 1, 0)) (d,e)=(1,3) n=2 j=0 ⟹ V=[(1, 3, 0), (2, 0, 0), (3, 1, 0)] 破れる列=2（親あり）
      ⛔ 破れ例 深さ1 Q=((0, 0, 0), (1, 0, 0), (2, 1, 0)) (d,e)=(1,4) n=2 j=0 ⟹ V=[(1, 4, 0), (2, 0, 0), (3, 1, 0)] 破れる列=2（親あり）
      ⛔ 破れ例 深さ1 Q=((0, 1, 0), (1, 0, 0), (2, 2, 0)) (d,e)=(1,1) n=2 j=0 ⟹ V=[(1, 2, 0), (2, 0, 0), (3, 2, 0)] 破れる列=2（親あり）
      ⛔ 破れ例 深さ1 Q=((0, 0, 0), (1, 0, 0), (2, 2, 0)) (d,e)=(1,2) n=2 j=0 ⟹ V=[(1, 2, 0), (2, 0, 0), (3, 2, 0)] 破れる列=2（親あり）

