### 消費側 |R|=3 行1<3  [0.3s]
       n       ★ 分母       ★ hnbQ(V) 成立         ⛔ 破れ     型B同型
       1       5268        5244 (99.5444%)      24 (0.4556%)        0
       2       5268        5244 (99.5444%)      24 (0.4556%)        0
       3       5268        5244 (99.5444%)      24 (0.4556%)        0
       5       5268        5244 (99.5444%)      24 (0.4556%)        0
      10       5268        5244 (99.5444%)      24 (0.4556%)        0
      20       5268        5244 (99.5444%)      24 (0.4556%)        0
  (SROWSPLIT) 破れの `srow`:  {1: 144}
  (SROWSPLIT) 破る列（`srow` 別）:  {(1, 'le0 祖先'): 144}
      ⛔ 破れ例 n=1 Q=[(0, 0, 0), (1, 1, 1), (2, 1, 0)] d=2 e=2 j=0 ⟹ V=[(1, 1, 1), (2, 1, 0)] srow=1 型=-
      ⛔ 破れ例 n=2 Q=[(0, 0, 0), (1, 1, 1), (2, 1, 0)] d=2 e=2 j=0 ⟹ V=[(3, 3, 1), (4, 3, 0)] srow=1 型=-
      ⛔ 破れ例 n=3 Q=[(0, 0, 0), (1, 1, 1), (2, 1, 0)] d=2 e=2 j=0 ⟹ V=[(5, 5, 1), (6, 5, 0)] srow=1 型=-
      ⛔ 破れ例 n=5 Q=[(0, 0, 0), (1, 1, 1), (2, 1, 0)] d=2 e=2 j=0 ⟹ V=[(9, 9, 1), (10, 9, 0)] srow=1 型=-
      ⛔ 破れ例 n=10 Q=[(0, 0, 0), (1, 1, 1), (2, 1, 0)] d=2 e=2 j=0 ⟹ V=[(19, 19, 1), (20, 19, 0)] srow=1 型=-
      ⛔ 破れ例 n=20 Q=[(0, 0, 0), (1, 1, 1), (2, 1, 0)] d=2 e=2 j=0 ⟹ V=[(39, 39, 1), (40, 39, 0)] srow=1 型=-

### ★ 消費側 |R|=3 行1<5  [6.4s]
       n       ★ 分母       ★ hnbQ(V) 成立         ⛔ 破れ     型B同型
       1      73380       72900 (99.3459%)     480 (0.6541%)        0
       2      73380       72900 (99.3459%)     480 (0.6541%)        0
       3      73380       72900 (99.3459%)     480 (0.6541%)        0
       5      73380       72900 (99.3459%)     480 (0.6541%)        0
      10      73380       72900 (99.3459%)     480 (0.6541%)        0
      20      73380       72900 (99.3459%)     480 (0.6541%)        0
  (SROWSPLIT) 破れの `srow`:  {1: 2880}
  (SROWSPLIT) 破る列（`srow` 別）:  {(1, 'le0 祖先'): 2880}
      ⛔ 破れ例 n=1 Q=[(0, 0, 0), (1, 1, 1), (2, 1, 0)] d=2 e=2 j=0 ⟹ V=[(1, 1, 1), (2, 1, 0)] srow=1 型=-
      ⛔ 破れ例 n=2 Q=[(0, 0, 0), (1, 1, 1), (2, 1, 0)] d=2 e=2 j=0 ⟹ V=[(3, 3, 1), (4, 3, 0)] srow=1 型=-
      ⛔ 破れ例 n=3 Q=[(0, 0, 0), (1, 1, 1), (2, 1, 0)] d=2 e=2 j=0 ⟹ V=[(5, 5, 1), (6, 5, 0)] srow=1 型=-
      ⛔ 破れ例 n=5 Q=[(0, 0, 0), (1, 1, 1), (2, 1, 0)] d=2 e=2 j=0 ⟹ V=[(9, 9, 1), (10, 9, 0)] srow=1 型=-
      ⛔ 破れ例 n=10 Q=[(0, 0, 0), (1, 1, 1), (2, 1, 0)] d=2 e=2 j=0 ⟹ V=[(19, 19, 1), (20, 19, 0)] srow=1 型=-
      ⛔ 破れ例 n=20 Q=[(0, 0, 0), (1, 1, 1), (2, 1, 0)] d=2 e=2 j=0 ⟹ V=[(39, 39, 1), (40, 39, 0)] srow=1 型=-

### ★ 消費側 |R|=4 行1<3  [3.7s]
       n       ★ 分母       ★ hnbQ(V) 成立         ⛔ 破れ     型B同型
       1      87690       86802 (98.9873%)     888 (1.0127%)        0
       3      87690       86802 (98.9873%)     888 (1.0127%)        0
       5      87690       86802 (98.9873%)     888 (1.0127%)        0
      10      87690       86802 (98.9873%)     888 (1.0127%)        0
      20      87690       86802 (98.9873%)     888 (1.0127%)        0
  (SROWSPLIT) 破れの `srow`:  {1: 3930, 2: 510}
  (SROWSPLIT) 破る列（`srow` 別）:  {(1, 'le0 祖先'): 3930, (2, 'le0 祖先'): 510}
      ⛔ 破れ例 n=1 Q=[(0, 0, 0), (1, 1, 0), (1, 1, 1), (2, 1, 0)] d=2 e=2 j=0 ⟹ V=[(1, 1, 1), (2, 1, 0)] srow=1 型=-
      ⛔ 破れ例 n=3 Q=[(0, 0, 0), (1, 1, 0), (1, 1, 1), (2, 1, 0)] d=2 e=2 j=0 ⟹ V=[(5, 5, 1), (6, 5, 0)] srow=1 型=-
      ⛔ 破れ例 n=5 Q=[(0, 0, 0), (1, 1, 0), (1, 1, 1), (2, 1, 0)] d=2 e=2 j=0 ⟹ V=[(9, 9, 1), (10, 9, 0)] srow=1 型=-
      ⛔ 破れ例 n=10 Q=[(0, 0, 0), (1, 1, 0), (1, 1, 1), (2, 1, 0)] d=2 e=2 j=0 ⟹ V=[(19, 19, 1), (20, 19, 0)] srow=1 型=-
      ⛔ 破れ例 n=20 Q=[(0, 0, 0), (1, 1, 0), (1, 1, 1), (2, 1, 0)] d=2 e=2 j=0 ⟹ V=[(39, 39, 1), (40, 39, 0)] srow=1 型=-
      ⛔ 破れ例 n=1 Q=[(0, 1, 0), (1, 2, 0), (1, 2, 1), (2, 2, 0)] d=2 e=2 j=0 ⟹ V=[(1, 2, 1), (2, 2, 0)] srow=1 型=-

