### 消費側 |R|=3 行1<3  [0.3s]
       n         窓       ★ hlocQ 全体    分母(srow=1 の列)           ★ 証人あり      ★ (ADJ) 隣で取れる
       1      4410        4272 (96.8707%)             1560        1422 (91.1538%)        1422 (100.0000%)
       2      4410        4272 (96.8707%)             1560        1422 (91.1538%)        1422 (100.0000%)
       3      4410        4272 (96.8707%)             1560        1422 (91.1538%)        1422 (100.0000%)
       5      4410        4272 (96.8707%)             1560        1422 (91.1538%)        1422 (100.0000%)
      10      4410        4272 (96.8707%)             1560        1422 (91.1538%)        1422 (100.0000%)
    (ADJ) 隣で取れないときの最も近い証人の距離（5 は 5 以上）:  {}
      ⛔ 証人なしの例 Q=[(0, 1, 0), (1, 1, 0), (1, 0, 0)] d=1 e=1 n=1 j=2 V=[(1, 2, 0), (2, 1, 0)] 列 jj=1 le0祖先=[0] 行1最小=(2, 0) 的は錐の中=False
      ⛔ 証人なしの例 Q=[(0, 1, 0), (1, 1, 0), (1, 0, 0)] d=1 e=1 n=2 j=2 V=[(2, 3, 0), (3, 1, 0)] 列 jj=1 le0祖先=[0] 行1最小=(3, 0) 的は錐の中=False
      ⛔ 証人なしの例 Q=[(0, 1, 0), (1, 1, 0), (1, 0, 0)] d=1 e=1 n=3 j=2 V=[(3, 4, 0), (4, 1, 0)] 列 jj=1 le0祖先=[0] 行1最小=(4, 0) 的は錐の中=False
      ⛔ 証人なしの例 Q=[(0, 1, 0), (1, 1, 0), (1, 0, 0)] d=1 e=1 n=5 j=2 V=[(5, 6, 0), (6, 1, 0)] 列 jj=1 le0祖先=[0] 行1最小=(6, 0) 的は錐の中=False
      ⛔ 証人なしの例 Q=[(0, 1, 0), (1, 1, 0), (1, 0, 0)] d=1 e=1 n=10 j=2 V=[(10, 11, 0), (11, 1, 0)] 列 jj=1 le0祖先=[0] 行1最小=(11, 0) 的は錐の中=False
      ⛔ 証人なしの例 Q=[(0, 2, 0), (1, 1, 0), (1, 0, 0)] d=1 e=1 n=1 j=2 V=[(1, 3, 0), (2, 1, 0)] 列 jj=1 le0祖先=[0] 行1最小=(3, 0) 的は錐の中=False

### ★ 消費側 |R|=4 行1<3  [5.5s]
       n         窓       ★ hlocQ 全体    分母(srow=1 の列)           ★ 証人あり      ★ (ADJ) 隣で取れる
       1    145005      138549 (95.5477%)            75129       68361 (90.9915%)       48447 (70.8694%)
       2    145005      138549 (95.5477%)            75129       68361 (90.9915%)       48447 (70.8694%)
       3    145005      138549 (95.5477%)            75129       68361 (90.9915%)       48447 (70.8694%)
       5    145005      138549 (95.5477%)            75129       68361 (90.9915%)       48447 (70.8694%)
    (ADJ) 隣で取れないときの最も近い証人の距離（5 は 5 以上）:  {2: 79656}
      ⛔ 証人なしの例 Q=[(0, 1, 0), (1, 0, 0), (1, 1, 0), (1, 0, 0)] d=1 e=1 n=1 j=3 V=[(1, 2, 0), (2, 0, 0), (2, 1, 0)] 列 jj=2 le0祖先=[0] 行1最小=(2, 0) 的は錐の中=False
      ⛔ 証人なしの例 Q=[(0, 1, 0), (1, 0, 0), (1, 1, 0), (1, 0, 0)] d=1 e=1 n=2 j=3 V=[(2, 3, 0), (3, 0, 0), (3, 1, 0)] 列 jj=2 le0祖先=[0] 行1最小=(3, 0) 的は錐の中=False
      ⛔ 証人なしの例 Q=[(0, 1, 0), (1, 0, 0), (1, 1, 0), (1, 0, 0)] d=1 e=1 n=3 j=3 V=[(3, 4, 0), (4, 0, 0), (4, 1, 0)] 列 jj=2 le0祖先=[0] 行1最小=(4, 0) 的は錐の中=False
      ⛔ 証人なしの例 Q=[(0, 1, 0), (1, 0, 0), (1, 1, 0), (1, 0, 0)] d=1 e=1 n=5 j=3 V=[(5, 6, 0), (6, 0, 0), (6, 1, 0)] 列 jj=2 le0祖先=[0] 行1最小=(6, 0) 的は錐の中=False
      ⛔ 証人なしの例 Q=[(0, 2, 0), (1, 0, 0), (1, 1, 0), (1, 0, 0)] d=1 e=1 n=1 j=3 V=[(1, 3, 0), (2, 0, 0), (2, 1, 0)] 列 jj=2 le0祖先=[0] 行1最小=(3, 0) 的は錐の中=False
      ⛔ 証人なしの例 Q=[(0, 2, 0), (1, 0, 0), (1, 1, 0), (1, 0, 0)] d=1 e=1 n=2 j=3 V=[(2, 4, 0), (3, 0, 0), (3, 1, 0)] 列 jj=2 le0祖先=[0] 行1最小=(4, 0) 的は錐の中=False

