### |R|=3 行1<3  [0.2s]
  ★★ (ROW2') 行 2 の的 分母 20022
      ★ **(A) 的の le1 祖先が全部非ブロッカー** 19686 ( 98.3218%)   ⛔ 祖先にブロッカー 336
      （B) ブロック全列が非ブロッカー（従来の ∀） 9774 ( 48.8163%)
      祖先の数: 0:7320  1:12516  2:186
  ★ (RES) 残差 0
      ⛔ (A) 例 Q=[(0, 0, 0), (1, 0, 0), (2, 1, 1)] d=1 e=1 n=1 j=2 的(ブロック内)=2 ブロッカー(相対,行1)=[(1, 0)] 根の行1=1
      ⛔ (A) 例 Q=[(0, 0, 0), (1, 0, 0), (2, 1, 1)] d=1 e=1 n=2 j=2 的(ブロック内)=2 ブロッカー(相対,行1)=[(1, 0)] 根の行1=2
      ⛔ (A) 例 Q=[(0, 1, 0), (1, 0, 0), (2, 1, 1)] d=1 e=1 n=1 j=2 的(ブロック内)=2 ブロッカー(相対,行1)=[(1, 0)] 根の行1=2
      ⛔ (A) 例 Q=[(0, 1, 0), (1, 0, 0), (2, 1, 1)] d=1 e=1 n=2 j=2 的(ブロック内)=2 ブロッカー(相対,行1)=[(1, 0)] 根の行1=3
      ⛔ (A) 例 Q=[(0, 2, 0), (1, 0, 0), (2, 1, 1)] d=1 e=1 n=1 j=2 的(ブロック内)=2 ブロッカー(相対,行1)=[(1, 0)] 根の行1=3

### ★ |R|=4 行1<3  [4.4s]
  ★★ (ROW2') 行 2 の的 分母 674532
      ★ **(A) 的の le1 祖先が全部非ブロッカー** 651492 ( 96.5843%)   ⛔ 祖先にブロッカー 23040
      （B) ブロック全列が非ブロッカー（従来の ∀） 249612 ( 37.0052%)
      祖先の数: 0:254448  1:409068  2:11016
  ★ (RES) 残差 2616
        (RES-b) 行 1 の破れ の親: ブロックの中: 1158
        (RES-b) 行 1 の破れ の親の srow=1: 1158
        (RES-b) 行 2 の破れ の親: ブロックの中: 1458
        (RES-b) 行 2 の破れ の親の srow=2: 1458
      ★ (RES-a) 行 1 の破れ: 1158
      ★ (RES-a) 行 2 の破れ: 1458
      ⛔ (A) 例 Q=[(0, 0, 0), (1, 0, 0), (1, 0, 0), (2, 1, 1)] d=1 e=1 n=1 j=3 的(ブロック内)=3 ブロッカー(相対,行1)=[(2, 0)] 根の行1=1
      ⛔ (A) 例 Q=[(0, 0, 0), (1, 0, 0), (1, 0, 0), (2, 1, 1)] d=1 e=1 n=2 j=3 的(ブロック内)=3 ブロッカー(相対,行1)=[(2, 0)] 根の行1=2
      ⛔ (A) 例 Q=[(0, 1, 0), (1, 0, 0), (1, 0, 0), (2, 1, 1)] d=1 e=1 n=1 j=3 的(ブロック内)=3 ブロッカー(相対,行1)=[(2, 0)] 根の行1=2
      ⛔ (A) 例 Q=[(0, 1, 0), (1, 0, 0), (1, 0, 0), (2, 1, 1)] d=1 e=1 n=2 j=3 的(ブロック内)=3 ブロッカー(相対,行1)=[(2, 0)] 根の行1=3
      ⛔ (A) 例 Q=[(0, 2, 0), (1, 0, 0), (1, 0, 0), (2, 1, 1)] d=1 e=1 n=1 j=3 的(ブロック内)=3 ブロッカー(相対,行1)=[(2, 0)] 根の行1=3

