### |R|=3 行1<3  [0.1s]
  (ROW2-DEN) **Q**: 行2>0 6687  **錐の外 2556 ( 38.2234%)**  破れ 2472  ⟹ **錐の外での破れ率 2472 ( 96.7136%)**  ⛔ 錐の中なのに破れ 0
  (ROW2-DEN) **V**: 行2>0 4488  **錐の外 1488 ( 33.1551%)**  破れ 1488  ⟹ **錐の外での破れ率 1488 (100.0000%)**  ⛔ 錐の中なのに破れ 0
  ★★ (ANC) 分母（行2の破れ）1488  ★ **祖先にブロッカーは無い** 1488 (100.0000%)  ⛔ **いる** 0 (  0.0000%)
      ブロック内の le1 祖先の数: 0:1488

### ★ |R|=4 行1<3  [5.5s]
  (ROW2-DEN) **Q**: 行2>0 169128  **錐の外 69528 ( 41.1097%)**  破れ 65565  ⟹ **錐の外での破れ率 65565 ( 94.3001%)**  ⛔ 錐の中なのに破れ 0
  (ROW2-DEN) **V**: 行2>0 216936  **錐の外 77382 ( 35.6704%)**  破れ 76632  ⟹ **錐の外での破れ率 75672 ( 97.7902%)**  ⛔ 錐の中なのに破れ 960
  ★★ (ANC) 分母（行2の破れ）76632  ★ **祖先にブロッカーは無い** 74262 ( 96.9073%)  ⛔ **いる** 2370 (  3.0927%)
      ブロック内の le1 祖先の数: 0:72804  1:3528  2:300
      ⛔ (ANC) 例 Q=[(0, 0, 0), (1, 0, 1), (2, 1, 1), (1, 0, 0)] d=1 e=1 n=1 j=3 的(ブロック内)=2 ブロッカー(相対,行1)=[(1, 0)] 根の行1=1
      ⛔ (ANC) 例 Q=[(0, 0, 0), (1, 0, 1), (2, 1, 1), (1, 0, 0)] d=1 e=1 n=2 j=3 的(ブロック内)=2 ブロッカー(相対,行1)=[(1, 0)] 根の行1=2
      ⛔ (ANC) 例 Q=[(0, 1, 0), (1, 0, 1), (2, 1, 1), (1, 0, 0)] d=1 e=1 n=1 j=3 的(ブロック内)=2 ブロッカー(相対,行1)=[(1, 0)] 根の行1=2
      ⛔ (ANC) 例 Q=[(0, 1, 0), (1, 0, 1), (2, 1, 1), (1, 0, 0)] d=1 e=1 n=2 j=3 的(ブロック内)=2 ブロッカー(相対,行1)=[(1, 0)] 根の行1=3
      ⛔ (ANC) 例 Q=[(0, 2, 0), (1, 0, 1), (2, 1, 1), (1, 0, 0)] d=1 e=1 n=1 j=3 的(ブロック内)=2 ブロッカー(相対,行1)=[(1, 0)] 根の行1=3

### ★★ |R|=4 行1<4  [13.8s]
  (ROW2-DEN) **Q**: 行2>0 808488  **錐の外 305754 ( 37.8180%)**  破れ 286929  ⟹ **錐の外での破れ率 286929 ( 93.8431%)**  ⛔ 錐の中なのに破れ 0
  (ROW2-DEN) **V**: 行2>0 1034406  **錐の外 324786 ( 31.3983%)**  破れ 322140  ⟹ **錐の外での破れ率 316992 ( 97.6003%)**  ⛔ 錐の中なのに破れ 5148
  ★★ (ANC) 分母（行2の破れ）322140  ★ **祖先にブロッカーは無い** 311310 ( 96.6381%)  ⛔ **いる** 10830 (  3.3619%)
      ブロック内の le1 祖先の数: 0:303924  1:16104  2:2112
      ⛔ (ANC) 例 Q=[(0, 0, 0), (1, 0, 1), (2, 1, 1), (1, 0, 0)] d=1 e=1 n=1 j=3 的(ブロック内)=2 ブロッカー(相対,行1)=[(1, 0)] 根の行1=1
      ⛔ (ANC) 例 Q=[(0, 0, 0), (1, 0, 1), (2, 1, 1), (1, 0, 0)] d=1 e=1 n=2 j=3 的(ブロック内)=2 ブロッカー(相対,行1)=[(1, 0)] 根の行1=2
      ⛔ (ANC) 例 Q=[(0, 1, 0), (1, 0, 1), (2, 1, 1), (1, 0, 0)] d=1 e=1 n=1 j=3 的(ブロック内)=2 ブロッカー(相対,行1)=[(1, 0)] 根の行1=2
      ⛔ (ANC) 例 Q=[(0, 1, 0), (1, 0, 1), (2, 1, 1), (1, 0, 0)] d=1 e=1 n=2 j=3 的(ブロック内)=2 ブロッカー(相対,行1)=[(1, 0)] 根の行1=3
      ⛔ (ANC) 例 Q=[(0, 2, 0), (1, 0, 1), (2, 1, 1), (1, 0, 0)] d=1 e=1 n=1 j=3 的(ブロック内)=2 ブロッカー(相対,行1)=[(1, 0)] 根の行1=3

