### |R|=3 行1<3  [0.1s]
  (CONE-a) 分母 8820  ★ **V の錐の外** 2976 ( 33.7415%)
  (CONE-b) ブロック内の列 8820（うち Q で錐の中 5844）  ★★ **Q で錐の中 ⟹ V で錐の外** 0 (  0.0000%)
  (CONE-c) **Q で錐の外 ⟹ V で錐の中** 0 (  0.0000%)   ⛔ ブロックの錐 ≠ Q の錐 0   ★ ブロックで錐の中 ⟹ V で錐の外 0
  ⚠ (TAUT) V の錐の中 5844  ★ **hloc が立つ** 5844 (100.0000%)  ⛔ 錐の中なのに偽 0
  ★★ (CONE1) 残差の破れ列 0  ⛔ **的が V の錐の中** 0 (  0.0000%)  ★ 的が V の錐の外 0 (  0.0000%)

### ★ |R|=4 行1<3  [3.6s]
  (CONE-a) 分母 427620  ★ **V の錐の外** 154764 ( 36.1919%)
  (CONE-b) ブロック内の列 427620（うち Q で錐の中 271614）  ★★ **Q で錐の中 ⟹ V で錐の外** 2316 (  0.8527%)
  (CONE-c) **Q で錐の外 ⟹ V で錐の中** 3558 (  2.2807%)   ⛔ ブロックの錐 ≠ Q の錐 0   ★ ブロックで錐の中 ⟹ V で錐の外 2316
  ⚠ (TAUT) V の錐の中 272856  ★ **hloc が立つ** 271896 ( 99.6482%)  ⛔ 錐の中なのに偽 960
  ★★ (CONE1) 残差の破れ列 2616  ⛔ **的が V の錐の中** 300 ( 11.4679%)  ★ 的が V の錐の外 2316 ( 88.5321%)
      ★★ (CONE-b) 例 Q=[(0, 0, 0), (1, 1, 0), (2, 1, 0), (2, 0, 0)] d=1 e=1 n=1 j=3 窓の根(ブロック内)=1 V=[(2, 2, 0), (3, 2, 0)] t=1 ⟹ Q の列 2（ブロックの錐=True）
      ★★ (CONE-b) 例 Q=[(0, 0, 0), (1, 1, 0), (2, 1, 0), (2, 0, 0)] d=1 e=1 n=2 j=3 窓の根(ブロック内)=1 V=[(3, 3, 0), (4, 3, 0)] t=1 ⟹ Q の列 2（ブロックの錐=True）
      ★★ (CONE-b) 例 Q=[(0, 1, 0), (1, 2, 0), (2, 2, 0), (2, 0, 0)] d=1 e=1 n=1 j=3 窓の根(ブロック内)=1 V=[(2, 3, 0), (3, 3, 0)] t=1 ⟹ Q の列 2（ブロックの錐=True）
      ★★ (CONE-b) 例 Q=[(0, 1, 0), (1, 2, 0), (2, 2, 0), (2, 0, 0)] d=1 e=1 n=2 j=3 窓の根(ブロック内)=1 V=[(3, 4, 0), (4, 4, 0)] t=1 ⟹ Q の列 2（ブロックの錐=True）

### ★★ |R|=4 行1<4  [19.7s]
  (CONE-a) 分母 2024070  ★ **V の錐の外** 649572 ( 32.0924%)
  (CONE-b) ブロック内の列 2024070（うち Q で錐の中 1368204）  ★★ **Q で錐の中 ⟹ V で錐の外** 10548 (  0.7709%)
  (CONE-c) **Q で錐の外 ⟹ V で錐の中** 16842 (  2.5679%)   ⛔ ブロックの錐 ≠ Q の錐 0   ★ ブロックで錐の中 ⟹ V で錐の外 10548
  ⚠ (TAUT) V の錐の中 1374498  ★ **hloc が立つ** 1369350 ( 99.6255%)  ⛔ 錐の中なのに偽 5148
  ★★ (CONE1) 残差の破れ列 12660  ⛔ **的が V の錐の中** 2112 ( 16.6825%)  ★ 的が V の錐の外 10548 ( 83.3175%)
      ★★ (CONE-b) 例 Q=[(0, 0, 0), (1, 1, 0), (2, 1, 0), (2, 0, 0)] d=1 e=1 n=1 j=3 窓の根(ブロック内)=1 V=[(2, 2, 0), (3, 2, 0)] t=1 ⟹ Q の列 2（ブロックの錐=True）
      ★★ (CONE-b) 例 Q=[(0, 0, 0), (1, 1, 0), (2, 1, 0), (2, 0, 0)] d=1 e=1 n=2 j=3 窓の根(ブロック内)=1 V=[(3, 3, 0), (4, 3, 0)] t=1 ⟹ Q の列 2（ブロックの錐=True）
      ★★ (CONE-b) 例 Q=[(0, 1, 0), (1, 2, 0), (2, 2, 0), (2, 0, 0)] d=1 e=1 n=1 j=3 窓の根(ブロック内)=1 V=[(2, 3, 0), (3, 3, 0)] t=1 ⟹ Q の列 2（ブロックの錐=True）
      ★★ (CONE-b) 例 Q=[(0, 1, 0), (1, 2, 0), (2, 2, 0), (2, 0, 0)] d=1 e=1 n=2 j=3 窓の根(ブロック内)=1 V=[(3, 4, 0), (4, 4, 0)] t=1 ⟹ Q の列 2（ブロックの錐=True）

### ★★ |R|=5 行1<3  [69.3s]
  (CONE-a) 分母 9498592  ★ **V の錐の外** 3627752 ( 38.1925%)
  (CONE-b) ブロック内の列 9498592（うち Q で錐の中 5814496）  ★★ **Q で錐の中 ⟹ V で錐の外** 80008 (  1.3760%)
  (CONE-c) **Q で錐の外 ⟹ V で錐の中** 136352 (  3.7011%)   ⛔ ブロックの錐 ≠ Q の錐 0   ★ ブロックで錐の中 ⟹ V で錐の外 80008
  ⚠ (TAUT) V の錐の中 5870840  ★ **hloc が立つ** 5835468 ( 99.3975%)  ⛔ 錐の中なのに偽 35372
  ★★ (CONE1) 残差の破れ列 74712  ⛔ **的が V の錐の中** 8748 ( 11.7090%)  ★ 的が V の錐の外 65964 ( 88.2910%)
      ★★ (CONE-b) 例 Q=[(0, 0, 0), (1, 0, 0), (1, 1, 0), (2, 1, 0), (2, 0, 0)] d=1 e=1 n=1 j=4 窓の根(ブロック内)=2 V=[(2, 2, 0), (3, 2, 0)] t=1 ⟹ Q の列 3（ブロックの錐=True）
      ★★ (CONE-b) 例 Q=[(0, 0, 0), (1, 0, 0), (1, 1, 0), (2, 1, 0), (2, 0, 0)] d=1 e=1 n=2 j=4 窓の根(ブロック内)=2 V=[(3, 3, 0), (4, 3, 0)] t=1 ⟹ Q の列 3（ブロックの錐=True）
      ★★ (CONE-b) 例 Q=[(0, 1, 0), (1, 0, 0), (1, 2, 0), (2, 2, 0), (2, 0, 0)] d=1 e=1 n=1 j=4 窓の根(ブロック内)=2 V=[(2, 3, 0), (3, 3, 0)] t=1 ⟹ Q の列 3（ブロックの錐=True）
      ★★ (CONE-b) 例 Q=[(0, 1, 0), (1, 0, 0), (1, 2, 0), (2, 2, 0), (2, 0, 0)] d=1 e=1 n=2 j=4 窓の根(ブロック内)=2 V=[(3, 4, 0), (4, 4, 0)] t=1 ⟹ Q の列 3（ブロックの錐=True）

