## (a) 中核 D_v
   D_1: C1=★真  C4 le0 に沿って行1 が狭義増加=★真  C5 行1 が左から狭義増加=★真
   D_2: C1=★真  C4 le0 に沿って行1 が狭義増加=★真  C5 行1 が左から狭義増加=★真
   D_3: C1=★真  C4 le0 に沿って行1 が狭義増加=★真  C5 行1 が左から狭義増加=★真
   D_4: C1=★真  C4 le0 に沿って行1 が狭義増加=★真  C5 行1 が左から狭義増加=★真
   D_5: C1=★真  C4 le0 に沿って行1 が狭義増加=★真  C5 行1 が左から狭義増加=★真
   D_6: C1=★真  C4 le0 に沿って行1 が狭義増加=★真  C5 行1 が左から狭義増加=★真
   D_7: C1=★真  C4 le0 に沿って行1 が狭義増加=★真  C5 行1 が左から狭義増加=★真

### ★ |R|=4 行1<3  [3.5s]
  **C1**: 窓 131568  ★ (b)遺伝 131568 (100.0000%)  ⛔ hz0(V) 偽 780 (  0.5928%)
        祖先1個以上 162696 ⛔ **うちブロッカー** 528 (  0.3245%)   条件つき窓 116484 ★ **hlocQ(V) 真** 115608 ( 99.2480%) ⛔ **残差** 876
  **C4 le0 に沿って行1 が狭義増加**: 窓 55110  ★ (b)遺伝 55110 (100.0000%)  ⛔ hz0(V) 偽 288 (  0.5226%)
        祖先1個以上 71964 ⛔ **うちブロッカー** 0 (  0.0000%)   条件つき窓 55110 ★ **hlocQ(V) 真** 54966 ( 99.7387%) ⛔ **残差** 144
  **C5 行1 が左から狭義増加**: 窓 0  ★ (b)遺伝 0 (  0.0000%)  ⛔ hz0(V) 偽 0 (  0.0000%)
        祖先1個以上 0 ⛔ **うちブロッカー** 0 (  0.0000%)   条件つき窓 0 ★ **hlocQ(V) 真** 0 (  0.0000%) ⛔ **残差** 0

### ★★ |R|=4 行1<4  [17.7s]
  **C1**: 窓 776382  ★ (b)遺伝 776382 (100.0000%)  ⛔ hz0(V) 偽 6558 (  0.8447%)
        祖先1個以上 953010 ⛔ **うちブロッカー** 5766 (  0.6050%)   条件つき窓 641736 ★ **hlocQ(V) 真** 635436 ( 99.0183%) ⛔ **残差** 6300
  **C4 le0 に沿って行1 が狭義増加**: 窓 329640  ★ (b)遺伝 329640 (100.0000%)  ⛔ hz0(V) 偽 2400 (  0.7281%)
        祖先1個以上 436908 ⛔ **うちブロッカー** 0 (  0.0000%)   条件つき窓 329640 ★ **hlocQ(V) 真** 328440 ( 99.6360%) ⛔ **残差** 1200
  **C5 行1 が左から狭義増加**: 窓 16800  ★ (b)遺伝 16800 (100.0000%)  ⛔ hz0(V) 偽 432 (  2.5714%)
        祖先1個以上 23262 ⛔ **うちブロッカー** 0 (  0.0000%)   条件つき窓 16800 ★ **hlocQ(V) 真** 16584 ( 98.7143%) ⛔ **残差** 216
      ⛔ C5 真なのに残差: Q=[(0, 0, 0), (1, 1, 1), (2, 2, 1), (2, 3, 0)] d=1 e=1 n=1 j=3 V=[(2, 2, 1), (3, 3, 1)]
      ⛔ C5 真なのに残差: Q=[(0, 0, 0), (1, 1, 1), (2, 2, 1), (2, 3, 0)] d=1 e=1 n=2 j=3 V=[(3, 3, 1), (4, 4, 1)]
      ⛔ C5 真なのに残差: Q=[(0, 1, 0), (1, 2, 1), (2, 3, 1), (2, 4, 0)] d=1 e=1 n=1 j=3 V=[(2, 3, 1), (3, 4, 1)]

### ★★ |R|=5 行1<3  [59.3s]
  **C1**: 窓 1544656  ★ (b)遺伝 1544656 (100.0000%)  ⛔ hz0(V) 偽 15896 (  1.0291%)
        祖先1個以上 2270288 ⛔ **うちブロッカー** 13656 (  0.6015%)   条件つき窓 1339600 ★ **hlocQ(V) 真** 1319904 ( 98.5297%) ⛔ **残差** 19696
  **C4 le0 に沿って行1 が狭義増加**: 窓 391264  ★ (b)遺伝 391264 (100.0000%)  ⛔ hz0(V) 偽 3960 (  1.0121%)
        祖先1個以上 608000 ⛔ **うちブロッカー** 0 (  0.0000%)   条件つき窓 391264 ★ **hlocQ(V) 真** 389164 ( 99.4633%) ⛔ **残差** 2100
  **C5 行1 が左から狭義増加**: 窓 0  ★ (b)遺伝 0 (  0.0000%)  ⛔ hz0(V) 偽 0 (  0.0000%)
        祖先1個以上 0 ⛔ **うちブロッカー** 0 (  0.0000%)   条件つき窓 0 ★ **hlocQ(V) 真** 0 (  0.0000%) ⛔ **残差** 0

