### Reach(D_(1, 2, 3, 4), n∈(1, 2, 3), depth=6)  [1.6s]
  ★★ (C4-W) 分母 1929  ★ **C4 を満たす** 125 (  6.4800%)  ⛔ **破る** 1804
      窓 157088  ★ **窓も C4** 75731 ( 48.2093%)  ⛔ **破る** 81357
      水準の分布: {0: 1929}
      ⛔ [(0, 0, 0), (1, 1, 1), (2, 2, 1), (3, 3, 1), (4, 4, 0), (5, 5, 1), (6, 6, 1), (7, 7, 1), (8, 7, 0), (9, 8, 1)]
      ⛔ ('窓', [(0, 0, 0), (1, 1, 1), (2, 2, 1), (3, 3, 1), (4, 4, 0), (5, 5, 1), (6, 6, 1), (7, 7, 1), (8, 7, 0), (9, 8, 1)], 0, 9, [(0, 0, 0), (1, 1, 1), (2, 2, 1), (3, 3, 1), (4, 4, 0), (5, 5, 1), (6, 6, 1), (7, 7, 1), (8, 7, 0)])
      ⛔ ('窓', [(0, 0, 0), (1, 1, 1), (2, 2, 1), (3, 3, 1), (4, 4, 0), (5, 5, 1), (6, 6, 1), (7, 7, 1), (8, 7, 0), (9, 8, 1)], 0, 10, [(0, 0, 0), (1, 1, 1), (2, 2, 1), (3, 3, 1), (4, 4, 0), (5, 5, 1), (6, 6, 1), (7, 7, 1), (8, 7, 0), (9, 8, 1)])
      ⛔ ('窓', [(0, 0, 0), (1, 1, 1), (2, 2, 1), (3, 3, 1), (4, 4, 0), (5, 5, 1), (6, 6, 1), (7, 7, 1), (8, 7, 0), (9, 8, 1)], 1, 8, [(1, 1, 1), (2, 2, 1), (3, 3, 1), (4, 4, 0), (5, 5, 1), (6, 6, 1), (7, 7, 1), (8, 7, 0)])
      (C4-W-b) **L3 §250 Bce** = [(0, 0, 0), (1, 5, 0), (2, 1, 0), (2, 9, 0)]: C4=⛔偽  Reach に入る? **False**
      (C4-W-b) **L3 §248 B** = [(0, 0, 0), (1, 2, 0), (2, 1, 0), (3, 9, 0)]: C4=⛔偽  Reach に入る? **False**
      (C4-W-b) **H12 (NZ2) Q** = [(0, 1, 0), (1, 5, 0), (2, 3, 0)]: C4=⛔偽  Reach に入る? **False**

### Reach(D_(1, 2, 3, 4), n∈(1, 2, 3, 4), depth=5)  [9.5s]
  ★★ (C4-W) 分母 4220  ★ **C4 を満たす** 347 (  8.2227%)  ⛔ **破る** 3873
      窓 579558  ★ **窓も C4** 239748 ( 41.3674%)  ⛔ **破る** 339810
      水準の分布: {0: 4220}
      ⛔ [(0, 0, 0), (1, 1, 1), (2, 2, 1), (3, 3, 0), (4, 4, 1), (5, 5, 1), (6, 6, 0), (7, 7, 1), (8, 8, 0), (9, 9, 1), (10, 10, 0), (11, 11, 1), (12, 12, 0), (13, 13, 0), (14, 14, 0), (15, 14, 0), (16, 14, 0), (17, 13, 0), (18, 14, 0), (19, 14, 0)]
      ⛔ ('窓', [(0, 0, 0), (1, 1, 1), (2, 2, 1), (3, 3, 0), (4, 4, 1), (5, 5, 1), (6, 6, 0), (7, 7, 1), (8, 8, 0), (9, 9, 1), (10, 10, 0), (11, 11, 1), (12, 12, 0), (13, 13, 0), (14, 14, 0), (15, 14, 0), (16, 14, 0), (17, 13, 0), (18, 14, 0), (19, 14, 0)], 0, 16, [(0, 0, 0), (1, 1, 1), (2, 2, 1), (3, 3, 0), (4, 4, 1), (5, 5, 1), (6, 6, 0), (7, 7, 1), (8, 8, 0), (9, 9, 1), (10, 10, 0), (11, 11, 1), (12, 12, 0), (13, 13, 0), (14, 14, 0), (15, 14, 0)])
      ⛔ ('窓', [(0, 0, 0), (1, 1, 1), (2, 2, 1), (3, 3, 0), (4, 4, 1), (5, 5, 1), (6, 6, 0), (7, 7, 1), (8, 8, 0), (9, 9, 1), (10, 10, 0), (11, 11, 1), (12, 12, 0), (13, 13, 0), (14, 14, 0), (15, 14, 0), (16, 14, 0), (17, 13, 0), (18, 14, 0), (19, 14, 0)], 0, 17, [(0, 0, 0), (1, 1, 1), (2, 2, 1), (3, 3, 0), (4, 4, 1), (5, 5, 1), (6, 6, 0), (7, 7, 1), (8, 8, 0), (9, 9, 1), (10, 10, 0), (11, 11, 1), (12, 12, 0), (13, 13, 0), (14, 14, 0), (15, 14, 0), (16, 14, 0)])
      ⛔ ('窓', [(0, 0, 0), (1, 1, 1), (2, 2, 1), (3, 3, 0), (4, 4, 1), (5, 5, 1), (6, 6, 0), (7, 7, 1), (8, 8, 0), (9, 9, 1), (10, 10, 0), (11, 11, 1), (12, 12, 0), (13, 13, 0), (14, 14, 0), (15, 14, 0), (16, 14, 0), (17, 13, 0), (18, 14, 0), (19, 14, 0)], 0, 18, [(0, 0, 0), (1, 1, 1), (2, 2, 1), (3, 3, 0), (4, 4, 1), (5, 5, 1), (6, 6, 0), (7, 7, 1), (8, 8, 0), (9, 9, 1), (10, 10, 0), (11, 11, 1), (12, 12, 0), (13, 13, 0), (14, 14, 0), (15, 14, 0), (16, 14, 0), (17, 13, 0)])
      (C4-W-b) **L3 §250 Bce** = [(0, 0, 0), (1, 5, 0), (2, 1, 0), (2, 9, 0)]: C4=⛔偽  Reach に入る? **False**
      (C4-W-b) **L3 §248 B** = [(0, 0, 0), (1, 2, 0), (2, 1, 0), (3, 9, 0)]: C4=⛔偽  Reach に入る? **False**
      (C4-W-b) **H12 (NZ2) Q** = [(0, 1, 0), (1, 5, 0), (2, 3, 0)]: C4=⛔偽  Reach に入る? **False**

### Reach(D_(1, 2, 3, 4, 5, 6), n∈(1, 2, 3), depth=5)  [19.0s]
  ★★ (C4-W) 分母 1321  ★ **C4 を満たす** 773 ( 58.5163%)  ⛔ **破る** 548
      窓 201272  ★ **窓も C4** 187049 ( 92.9334%)  ⛔ **破る** 14223
      水準の分布: {0: 1321}
      ⛔ [(0, 0, 0), (1, 1, 1), (2, 2, 0), (3, 3, 1), (4, 4, 0), (5, 4, 0), (6, 3, 1), (7, 4, 0), (8, 3, 1)]
      ⛔ ('窓', [(0, 0, 0), (1, 1, 1), (2, 2, 0), (3, 3, 1), (4, 4, 0), (5, 4, 0), (6, 3, 1), (7, 4, 0), (8, 3, 1)], 0, 6, [(0, 0, 0), (1, 1, 1), (2, 2, 0), (3, 3, 1), (4, 4, 0), (5, 4, 0)])
      ⛔ ('窓', [(0, 0, 0), (1, 1, 1), (2, 2, 0), (3, 3, 1), (4, 4, 0), (5, 4, 0), (6, 3, 1), (7, 4, 0), (8, 3, 1)], 0, 7, [(0, 0, 0), (1, 1, 1), (2, 2, 0), (3, 3, 1), (4, 4, 0), (5, 4, 0), (6, 3, 1)])
      ⛔ ('窓', [(0, 0, 0), (1, 1, 1), (2, 2, 0), (3, 3, 1), (4, 4, 0), (5, 4, 0), (6, 3, 1), (7, 4, 0), (8, 3, 1)], 0, 8, [(0, 0, 0), (1, 1, 1), (2, 2, 0), (3, 3, 1), (4, 4, 0), (5, 4, 0), (6, 3, 1), (7, 4, 0)])
      (C4-W-b) **L3 §250 Bce** = [(0, 0, 0), (1, 5, 0), (2, 1, 0), (2, 9, 0)]: C4=⛔偽  Reach に入る? **False**
      (C4-W-b) **L3 §248 B** = [(0, 0, 0), (1, 2, 0), (2, 1, 0), (3, 9, 0)]: C4=⛔偽  Reach に入る? **False**
      (C4-W-b) **H12 (NZ2) Q** = [(0, 1, 0), (1, 5, 0), (2, 3, 0)]: C4=⛔偽  Reach に入る? **False**

### Reach(D_(1, 2, 3, 4), n∈(1, 2, 3, 4, 5), depth=4)  [34.3s]
  ★★ (C4-W) 分母 3229  ★ **C4 を満たす** 785 ( 24.3109%)  ⛔ **破る** 2444
      窓 556888  ★ **窓も C4** 259170 ( 46.5390%)  ⛔ **破る** 297718
      水準の分布: {0: 3229}
      ⛔ [(0, 0, 0), (1, 1, 1), (2, 2, 0), (3, 3, 1), (4, 4, 0), (5, 5, 1), (6, 6, 0), (7, 7, 1), (8, 8, 0), (9, 8, 0), (10, 8, 0), (11, 7, 1)]
      ⛔ ('窓', [(0, 0, 0), (1, 1, 1), (2, 2, 0), (3, 3, 1), (4, 4, 0), (5, 5, 1), (6, 6, 0), (7, 7, 1), (8, 8, 0), (9, 8, 0), (10, 8, 0), (11, 7, 1)], 0, 10, [(0, 0, 0), (1, 1, 1), (2, 2, 0), (3, 3, 1), (4, 4, 0), (5, 5, 1), (6, 6, 0), (7, 7, 1), (8, 8, 0), (9, 8, 0)])
      ⛔ ('窓', [(0, 0, 0), (1, 1, 1), (2, 2, 0), (3, 3, 1), (4, 4, 0), (5, 5, 1), (6, 6, 0), (7, 7, 1), (8, 8, 0), (9, 8, 0), (10, 8, 0), (11, 7, 1)], 0, 11, [(0, 0, 0), (1, 1, 1), (2, 2, 0), (3, 3, 1), (4, 4, 0), (5, 5, 1), (6, 6, 0), (7, 7, 1), (8, 8, 0), (9, 8, 0), (10, 8, 0)])
      ⛔ ('窓', [(0, 0, 0), (1, 1, 1), (2, 2, 0), (3, 3, 1), (4, 4, 0), (5, 5, 1), (6, 6, 0), (7, 7, 1), (8, 8, 0), (9, 8, 0), (10, 8, 0), (11, 7, 1)], 0, 12, [(0, 0, 0), (1, 1, 1), (2, 2, 0), (3, 3, 1), (4, 4, 0), (5, 5, 1), (6, 6, 0), (7, 7, 1), (8, 8, 0), (9, 8, 0), (10, 8, 0), (11, 7, 1)])
      (C4-W-b) **L3 §250 Bce** = [(0, 0, 0), (1, 5, 0), (2, 1, 0), (2, 9, 0)]: C4=⛔偽  Reach に入る? **False**
      (C4-W-b) **L3 §248 B** = [(0, 0, 0), (1, 2, 0), (2, 1, 0), (3, 9, 0)]: C4=⛔偽  Reach に入る? **False**
      (C4-W-b) **H12 (NZ2) Q** = [(0, 1, 0), (1, 5, 0), (2, 3, 0)]: C4=⛔偽  Reach に入る? **False**

