## ⚠ 陽性対照（この 3 件が族に入らなければ器具の故障）
   L3 Bce = [(0, 0, 0), (1, 5, 0), (2, 1, 0), (2, 9, 0)]: 行1の破れ 3 件 [(1, 3, 1), (1, 4, 1), (2, 4, 1)]   C4=⛔偽
   L3 B = [(0, 0, 0), (1, 2, 0), (2, 1, 0), (3, 9, 0)]: 行1の破れ 2 件 [(1, 3, 1), (1, 4, 1)]   C4=⛔偽
   TL 最小 = [(0, 0, 0), (1, 1, 0), (2, 1, 0), (2, 2, 0)]: 行1の破れ 3 件 [(1, 3, 1), (1, 4, 1), (2, 4, 1)]   C4=⛔偽

### 長さ3 行0<=3 行1<=4  列挙 600  **族 180**
    ★ **C4 が偽（殺せる）** 84 ( 46.6667%)   ⛔ **C4 が真（殺せない）** 96 ( 53.3333%)
      ⛔ **C4 が真なのに反例**: [(0, 0, 0), (1, 1, 0), (1, 1, 0)]  破れ [(1, 3, 1)]
      ⛔ **C4 が真なのに反例**: [(0, 0, 0), (1, 1, 0), (1, 2, 0)]  破れ [(1, 3, 1)]
      ⛔ **C4 が真なのに反例**: [(0, 0, 0), (1, 1, 0), (1, 3, 0)]  破れ [(1, 3, 1)]
      ⛔ **C4 が真なのに反例**: [(0, 0, 0), (1, 1, 0), (1, 4, 0)]  破れ [(1, 3, 1)]
      ⛔ **C4 が真なのに反例**: [(0, 0, 0), (1, 1, 1), (1, 1, 0)]  破れ [(1, 3, 1)]
      ⛔ **C4 が真なのに反例**: [(0, 0, 0), (1, 1, 1), (1, 2, 0)]  破れ [(1, 3, 1)]

### 長さ4 行0<=3 行1<=4  列挙 10000  **族 5340**
    ★ **C4 が偽（殺せる）** 3732 ( 69.8876%)   ⛔ **C4 が真（殺せない）** 1608 ( 30.1124%)
      ⛔ **C4 が真なのに反例**: [(0, 0, 0), (1, 1, 0), (1, 1, 0), (1, 1, 0)]  破れ [(1, 3, 1), (1, 4, 1)]
      ⛔ **C4 が真なのに反例**: [(0, 0, 0), (1, 1, 0), (1, 1, 0), (1, 1, 1)]  破れ [(1, 3, 1), (1, 4, 1)]
      ⛔ **C4 が真なのに反例**: [(0, 0, 0), (1, 1, 0), (1, 1, 0), (1, 2, 0)]  破れ [(1, 3, 1), (1, 4, 1)]
      ⛔ **C4 が真なのに反例**: [(0, 0, 0), (1, 1, 0), (1, 1, 0), (1, 2, 1)]  破れ [(1, 3, 1), (1, 4, 1)]
      ⛔ **C4 が真なのに反例**: [(0, 0, 0), (1, 1, 0), (1, 1, 0), (1, 3, 0)]  破れ [(1, 3, 1), (1, 4, 1)]
      ⛔ **C4 が真なのに反例**: [(0, 0, 0), (1, 1, 0), (1, 1, 0), (1, 3, 1)]  破れ [(1, 3, 1), (1, 4, 1)]

### 長さ4 行0<=4 行1<=9 行2=0  列挙 20000  **族 17970**
    ★ **C4 が偽（殺せる）** 11886 ( 66.1436%)   ⛔ **C4 が真（殺せない）** 6084 ( 33.8564%)
      ⛔ **C4 が真なのに反例**: [(0, 0, 0), (1, 1, 0), (1, 1, 0), (1, 1, 0)]  破れ [(1, 3, 1), (1, 4, 1)]
      ⛔ **C4 が真なのに反例**: [(0, 0, 0), (1, 1, 0), (1, 1, 0), (1, 2, 0)]  破れ [(1, 3, 1), (1, 4, 1)]
      ⛔ **C4 が真なのに反例**: [(0, 0, 0), (1, 1, 0), (1, 1, 0), (1, 3, 0)]  破れ [(1, 3, 1), (1, 4, 1)]
      ⛔ **C4 が真なのに反例**: [(0, 0, 0), (1, 1, 0), (1, 1, 0), (1, 4, 0)]  破れ [(1, 3, 1), (1, 4, 1)]
      ⛔ **C4 が真なのに反例**: [(0, 0, 0), (1, 1, 0), (1, 1, 0), (1, 5, 0)]  破れ [(1, 3, 1), (1, 4, 1)]
      ⛔ **C4 が真なのに反例**: [(0, 0, 0), (1, 1, 0), (1, 1, 0), (1, 6, 0)]  破れ [(1, 3, 1), (1, 4, 1)]

### ★ 長さ4 行0<=4 行1<=9 行2<=1  列挙 160000  **族 89940**
    ★ **C4 が偽（殺せる）** 59772 ( 66.4576%)   ⛔ **C4 が真（殺せない）** 30168 ( 33.5424%)
      ⛔ **C4 が真なのに反例**: [(0, 0, 0), (1, 1, 0), (1, 1, 0), (1, 1, 0)]  破れ [(1, 3, 1), (1, 4, 1)]
      ⛔ **C4 が真なのに反例**: [(0, 0, 0), (1, 1, 0), (1, 1, 0), (1, 1, 1)]  破れ [(1, 3, 1), (1, 4, 1)]
      ⛔ **C4 が真なのに反例**: [(0, 0, 0), (1, 1, 0), (1, 1, 0), (1, 2, 0)]  破れ [(1, 3, 1), (1, 4, 1)]
      ⛔ **C4 が真なのに反例**: [(0, 0, 0), (1, 1, 0), (1, 1, 0), (1, 2, 1)]  破れ [(1, 3, 1), (1, 4, 1)]
      ⛔ **C4 が真なのに反例**: [(0, 0, 0), (1, 1, 0), (1, 1, 0), (1, 3, 0)]  破れ [(1, 3, 1), (1, 4, 1)]
      ⛔ **C4 が真なのに反例**: [(0, 0, 0), (1, 1, 0), (1, 1, 0), (1, 3, 1)]  破れ [(1, 3, 1), (1, 4, 1)]

