## (a) 中核 D_v: D_1=★真  D_2=★真  D_3=★真  D_4=★真  D_5=★真  D_6=★真  D_7=★真

## (C4-40) 族を C7 / C4∧C7 で殺せるか
### 長さ4 行0<=3 行1<=4  族 5340
    C7 のみ      生き残り    360 (  6.7416%)  ⟹ 殺した   4980 ( 93.2584%)
    ★★ C4 ∧ C7  生き残り      0 (  0.0000%)  ⟹ **殺した   5340 (100.0000%)**
### ★ 長さ4 行0<=4 行1<=9 行2<=1  族 89940
    C7 のみ      生き残り  13080 ( 14.5430%)  ⟹ 殺した  76860 ( 85.4570%)
    ★★ C4 ∧ C7  生き残り      0 (  0.0000%)  ⟹ **殺した  89940 (100.0000%)**

## (C7-REACH) Reach の元は C7 / C4∧C7 を満たすか
   Reach((1, 2, 3, 4),n<=3,d=6) |R|=1929  ★ **C7** 1783 (92.4313%)  C4∧C7 121 (6.2727%)
       ⛔ C7 を破る Reach の元: [(0, 0, 0), (1, 0, 0), (1, 0, 0), (0, 0, 0), (1, 0, 0), (1, 0, 0)]
       ⛔ C7 を破る Reach の元: [(0, 0, 0), (1, 1, 0), (1, 0, 0), (2, 1, 0), (2, 0, 0), (3, 1, 0)]
       ⛔ C7 を破る Reach の元: [(0, 0, 0), (1, 0, 0), (1, 0, 0), (0, 0, 0), (0, 0, 0)]
   Reach((1, 2, 3, 4),n<=4,d=5) |R|=4220  ★ **C7** 4013 (95.0948%)  C4∧C7 341 (8.0806%)
       ⛔ C7 を破る Reach の元: [(0, 0, 0), (1, 0, 0), (1, 0, 0), (0, 0, 0), (1, 0, 0), (1, 0, 0)]
       ⛔ C7 を破る Reach の元: [(0, 0, 0), (1, 0, 0), (2, 0, 0), (1, 0, 0), (1, 0, 0)]
       ⛔ C7 を破る Reach の元: [(0, 0, 0), (1, 0, 0), (1, 0, 0), (1, 0, 0), (1, 0, 0)]
   Reach((1, 2, 3, 4, 5, 6),n<=3,d=5) |R|=1321  ★ **C7** 1283 (97.1234%)  C4∧C7 769 (58.2135%)
       ⛔ C7 を破る Reach の元: [(0, 0, 0), (1, 0, 0), (1, 0, 0), (0, 0, 0), (1, 0, 0), (1, 0, 0)]
       ⛔ C7 を破る Reach の元: [(0, 0, 0), (1, 0, 0), (0, 0, 0)]
       ⛔ C7 を破る Reach の元: [(0, 0, 0), (1, 0, 0), (0, 0, 0), (1, 0, 0), (0, 0, 0), (1, 0, 0)]
   Reach((1, 2, 3, 4),n<=3,d=7) |R|=5733  ★ **C7** 5327 (92.9182%)  C4∧C7 121 (2.1106%)
       ⛔ C7 を破る Reach の元: [(0, 0, 0), (1, 0, 0), (1, 0, 0), (0, 0, 0), (0, 0, 0)]
       ⛔ C7 を破る Reach の元: [(0, 0, 0), (1, 0, 0), (0, 0, 0)]
       ⛔ C7 を破る Reach の元: [(0, 0, 0), (1, 1, 0), (2, 0, 0), (3, 0, 0), (2, 0, 0)]
