## (a) 中核 D_v
   D_1: C4=★真 C6=★真
   D_2: C4=★真 C6=★真
   D_3: C4=★真 C6=★真
   D_4: C4=★真 C6=★真
   D_5: C4=★真 C6=★真
   D_6: C4=★真 C6=★真
   D_7: C4=★真 C6=★真

## (C4-40) 族を C4 ∧ C6 で殺せるか
### 長さ4 行0<=3 行1<=4  族 5340
    C4 のみ        生き残り   1608 ( 30.1124%)  ⟹ 殺した   3732 ( 69.8876%)
    C6 のみ        生き残り   5340 (100.0000%)  ⟹ 殺した      0 (  0.0000%)
    hr0 のみ       生き残り   5340 (100.0000%)  ⟹ 殺した      0 (  0.0000%)
    C4 ∧ hr0     生き残り   1608 ( 30.1124%)  ⟹ 殺した   3732 ( 69.8876%)
    ★ C4 ∧ C6    生き残り   1608 ( 30.1124%)  ⟹ 殺した   3732 ( 69.8876%)
      ⛔ C4∧C6 でも生き残る: [(0, 0, 0), (1, 1, 0), (1, 1, 0), (1, 1, 0)] 破れ [(1, 3, 1), (1, 4, 1)]
      ⛔ C4∧C6 でも生き残る: [(0, 0, 0), (1, 1, 0), (1, 1, 0), (1, 1, 1)] 破れ [(1, 3, 1), (1, 4, 1)]
      ⛔ C4∧C6 でも生き残る: [(0, 0, 0), (1, 1, 0), (1, 1, 0), (1, 2, 0)] 破れ [(1, 3, 1), (1, 4, 1)]
      ⛔ C4∧C6 でも生き残る: [(0, 0, 0), (1, 1, 0), (1, 1, 0), (1, 2, 1)] 破れ [(1, 3, 1), (1, 4, 1)]
      ⛔ C4∧C6 でも生き残る: [(0, 0, 0), (1, 1, 0), (1, 1, 0), (1, 3, 0)] 破れ [(1, 3, 1), (1, 4, 1)]
### ★ 長さ4 行0<=4 行1<=9 行2<=1  族 89940
    C4 のみ        生き残り  30168 ( 33.5424%)  ⟹ 殺した  59772 ( 66.4576%)
    C6 のみ        生き残り  89940 (100.0000%)  ⟹ 殺した      0 (  0.0000%)
    hr0 のみ       生き残り  89940 (100.0000%)  ⟹ 殺した      0 (  0.0000%)
    C4 ∧ hr0     生き残り  30168 ( 33.5424%)  ⟹ 殺した  59772 ( 66.4576%)
    ★ C4 ∧ C6    生き残り  30168 ( 33.5424%)  ⟹ 殺した  59772 ( 66.4576%)
      ⛔ C4∧C6 でも生き残る: [(0, 0, 0), (1, 1, 0), (1, 1, 0), (1, 1, 0)] 破れ [(1, 3, 1), (1, 4, 1)]
      ⛔ C4∧C6 でも生き残る: [(0, 0, 0), (1, 1, 0), (1, 1, 0), (1, 1, 1)] 破れ [(1, 3, 1), (1, 4, 1)]
      ⛔ C4∧C6 でも生き残る: [(0, 0, 0), (1, 1, 0), (1, 1, 0), (1, 2, 0)] 破れ [(1, 3, 1), (1, 4, 1)]
      ⛔ C4∧C6 でも生き残る: [(0, 0, 0), (1, 1, 0), (1, 1, 0), (1, 2, 1)] 破れ [(1, 3, 1), (1, 4, 1)]
      ⛔ C4∧C6 でも生き残る: [(0, 0, 0), (1, 1, 0), (1, 1, 0), (1, 3, 0)] 破れ [(1, 3, 1), (1, 4, 1)]

## (C6-REACH) Reach の元は C6 / C4∧C6 を満たすか
   Reach((1, 2, 3, 4),n<=3,d=6) |R|=1929  ★ **C6** 1893 (98.1337%)  C4∧C6 123 (6.3764%)
   Reach((1, 2, 3, 4),n<=4,d=5) |R|=4220  ★ **C6** 4136 (98.0095%)  C4∧C6 344 (8.1517%)
   Reach((1, 2, 3, 4, 5, 6),n<=3,d=5) |R|=1321  ★ **C6** 1297 (98.1832%)  C4∧C6 771 (58.3649%)
