### シート（psiI.json の DBMS 列）  [0.0s]
  行列 1637  ★ **分母（窓）6792**  ⛔ **破れた窓** 348 (  5.1237%)  破れを出す行列 197
  ★★ **(ORPH-SHEET) 分母（窓の孤児）353**
      (ORPH-SHEET) 親の位置: ★★ 接頭辞の中: 353 (100.0000%)
            (行1) 証人の距離 p-y=1: 175
            (行1) 証人の距離 p-y=2: 26
            (行1) 証人の距離 p-y=3: 30
            (行1) 証人の距離 p-y=4: 29
            (行1) 証人の距離 p-y=5: 93
         (b) 接頭辞の親の srow=0: 209
         (b) 接頭辞の親の srow=1: 144
         (b) 接頭辞の親の距離 p-pa=1: 175
         (b) 接頭辞の親の距離 p-pa=2: 26
         (b) 接頭辞の親の距離 p-pa=3: 30
         (b) 接頭辞の親の距離 p-pa=4: 29
         (b) 接頭辞の親の距離 p-pa=5: 93
         ★★ (行1) 証人は接頭辞の中: 353
         孤児の srow=1: 353
  (行1) 分母 353
      例 B=[(0, 0, 0), (1, 0, 0), (2, 1, 0), (3, 2, 0), (4, 1, 0), (3, 2, 0)] p=2 V=[(2, 1, 0), (3, 2, 0), (4, 1, 0)] t=2 親(絶対)=1
      例 B=[(0, 0, 0), (1, 0, 0), (2, 1, 0), (3, 2, 0), (4, 1, 0), (3, 2, 0)] p=2 V=[(2, 1, 0), (3, 2, 0), (4, 1, 0)] t=2 親(絶対)=1
      例 B=[(0, 0, 0), (1, 0, 0), (2, 1, 0), (3, 2, 0), (4, 1, 0), (3, 2, 0)] p=2 V=[(2, 1, 0), (3, 2, 0), (4, 1, 0)] t=2 親(絶対)=1
