### (R1R0-OPER) 門 1  ★ シート由来 M  [0.1s]
    ★ 分母 4904   ★★ **oper でも真** 4904 (100.0000%)   ⛔ **壊れる** 0 (  0.0000%)

### (R1R0-OPER) 門 1  ⛔ 一様な箱 M  [0.4s]
    ★ 分母 51576   ★★ **oper でも真** 51508 ( 99.8682%)   ⛔ **壊れる** 68 (  0.1318%)
        ⛔ M=[(0, 0, 0), (1, 0, 0), (1, 0, 0), (2, 2, 1)] n=3 ⟹ oper = [(0, 0, 0), (1, 0, 0), (1, 0, 0), (2, 2, 0), (3, 4, 0)]
        ⛔ M=[(0, 0, 0), (1, 0, 0), (1, 0, 0), (2, 2, 1)] n=3 ⟹ oper = [(0, 0, 0), (1, 0, 0), (1, 0, 0), (2, 2, 0), (3, 4, 0)]
        ⛔ M=[(0, 0, 0), (1, 0, 0), (2, 0, 0), (2, 2, 1)] n=3 ⟹ oper = [(0, 0, 0), (1, 0, 0), (2, 0, 0), (2, 2, 0), (3, 0, 0), (3, 4, 0), (4, 0, 0)]
        ⛔ M=[(0, 0, 0), (1, 0, 0), (2, 0, 0), (2, 2, 1)] n=3 ⟹ oper = [(0, 0, 0), (1, 0, 0), (2, 0, 0), (2, 2, 0), (3, 0, 0), (3, 4, 0), (4, 0, 0)]

### (ROOT1)/(R1R0-WND)  ★ シート由来 M  [0.1s]
    ★ (ROOT1) **接頭辞** 分母 13788  根の行1=0 13788 (100.0000%)   R1<=R0 13788 (100.0000%)  （正規化後）13788 (100.0000%)
    ★★ (ROOT1) **窓** 分母 3524  ★ 根の行1=0 671 ( 19.0409%)   ⛔ **根の行1>0** 2853 ( 80.9591%)
    ★ (門2) 分母 3524  正規化なしで窓も真 3524 (100.0000%)   ⛔ **正規化ありで真** 671 ( 19.0409%)
        ⛔ 窓の根の行1>0: M=[(0, 0, 0), (1, 0, 0), (2, 1, 0), (3, 0, 0), (4, 0, 0)] n=2 p=2 V=[(2, 1, 0), (3, 0, 0)]
        ⛔ 窓の根の行1>0: M=[(0, 0, 0), (1, 0, 0), (2, 1, 0), (3, 0, 0), (4, 0, 0)] n=3 p=2 V=[(2, 1, 0), (3, 0, 0), (3, 0, 0)]
        ⛔ 窓の根の行1>0: M=[(0, 0, 0), (1, 0, 0), (2, 1, 0), (3, 0, 0), (4, 1, 0), (3, 0, 0), (4, 1, 0)] n=1 p=2 V=[(2, 1, 0), (3, 0, 0), (4, 1, 0)]

### (ROOT1)/(R1R0-WND)  ⛔ 一様な箱 M  [1.7s]
    ★ (ROOT1) **接頭辞** 分母 333396  根の行1=0 78948 ( 23.6799%)   R1<=R0 60696 ( 18.2054%)  （正規化後）60696 ( 18.2054%)
    ★★ (ROOT1) **窓** 分母 138510  ★ 根の行1=0 30357 ( 21.9168%)   ⛔ **根の行1>0** 108153 ( 78.0832%)
    ★ (門2) 分母 25746  正規化なしで窓も真 25746 (100.0000%)   ⛔ **正規化ありで真** 21816 ( 84.7355%)
        ⛔ 窓の根の行1>0: M=[(0, 1, 0), (1, 0, 0), (1, 0, 0), (1, 0, 0)] n=1 p=0 V=[(0, 1, 0), (1, 0, 0)]
        ⛔ 窓の根の行1>0: M=[(0, 1, 0), (1, 0, 0), (1, 0, 0), (1, 0, 0)] n=2 p=3 V=[(0, 1, 0), (1, 0, 0)]
        ⛔ 窓の根の行1>0: M=[(0, 2, 0), (1, 0, 0), (1, 0, 0), (1, 0, 0)] n=1 p=0 V=[(0, 2, 0), (1, 0, 0)]

