## ★★★ (H2P-D) 中核 `D_v` で真か（L3 が騙されかけた箇所）
   D_1 = [(0, 0, 0), (1, 1, 1)]
       (H2P)=★真   R1<=R0=★真   正規化後 R1<=R0=★真
   D_2 = [(0, 0, 0), (1, 1, 1), (2, 2, 1)]
       (H2P)=★真   R1<=R0=★真   正規化後 R1<=R0=★真
   D_3 = [(0, 0, 0), (1, 1, 1), (2, 2, 1), (3, 3, 1)]
       (H2P)=★真   R1<=R0=★真   正規化後 R1<=R0=★真
   D_4 = [(0, 0, 0), (1, 1, 1), (2, 2, 1), (3, 3, 1), (4, 4, 1)]
       (H2P)=★真   R1<=R0=★真   正規化後 R1<=R0=★真
   D_5 = [(0, 0, 0), (1, 1, 1), (2, 2, 1), (3, 3, 1), (4, 4, 1), (5, 5, 1)]
       (H2P)=★真   R1<=R0=★真   正規化後 R1<=R0=★真
   D_6 = [(0, 0, 0), (1, 1, 1), (2, 2, 1), (3, 3, 1), (4, 4, 1), (5, 5, 1), (6, 6, 1)]
       (H2P)=★真   R1<=R0=★真   正規化後 R1<=R0=★真
   D_7 = [(0, 0, 0), (1, 1, 1), (2, 2, 1), (3, 3, 1), (4, 4, 1), (5, 5, 1), (6, 6, 1), (7, 7, 1)]
       (H2P)=★真   R1<=R0=★真   正規化後 R1<=R0=★真

### (H2P-OPER) 門 1  ★ シート由来 M  [0.1s]
    ★ 分母 4904   ★★ **oper でも真** 4904 (100.0000%)   ⛔ **壊れる** 0 (  0.0000%)

### (H2P-OPER) 門 1  ⛔ 一様な箱 M  [1.6s]
    ★ 分母 183474   ★★ **oper でも真** 183474 (100.0000%)   ⛔ **壊れる** 0 (  0.0000%)

### (H2P-WND) 門 2  ★ シート由来 M  [0.1s]  ★ 分母 3524
    ★ **正規化なし**で窓も真 3517 ( 99.8014%)   ⛔ 壊れる 7
    ★ **正規化あり**で窓も真 3517 ( 99.8014%)   ⛔ 壊れる 7
        ⛔ M=[(0, 0, 0), (1, 0, 0), (2, 1, 0), (3, 2, 1), (4, 2, 1), (4, 0, 0), (3, 2, 1)] n=1 p=3 V=[(3, 2, 1), (4, 2, 1)]
        ⛔ M=[(0, 0, 0), (1, 0, 0), (2, 1, 0), (3, 2, 1), (4, 2, 1), (4, 0, 0), (3, 2, 1)] n=2 p=7 V=[(4, 3, 1), (5, 3, 1)]
        ⛔ M=[(0, 0, 0), (1, 0, 0), (2, 1, 0), (3, 2, 1), (4, 2, 1), (4, 0, 0), (3, 2, 1)] n=3 p=11 V=[(5, 4, 1), (6, 4, 1)]

### (H2P-WND) 門 2  ⛔ 一様な箱 M  [1.7s]  ★ 分母 115452
    ★ **正規化なし**で窓も真 115452 (100.0000%)   ⛔ 壊れる 0
    ★ **正規化あり**で窓も真 115452 (100.0000%)   ⛔ 壊れる 0

