### ★ シート（|M|<=8、行2<=1）— L3 の 1,496/13,712 の再現  [0.0s]
  ★ **対照（窓の全列）1804**  R1<=R0（正規化なし）1804 (100.0000%)  （正規化あり）1190 ( 65.9645%)
  ★★ **(R1R0-KILL) 分母（行 1 の孤児）61** ＝ 61 (  3.3814%)
      ★★★ **孤児で R1<=R0 が偽 ⟹ 殺せる**（正規化なし）0 (  0.0000%)   ⛔ **真（殺せない）** 61 (100.0000%)
      （正規化あり）偽 61 (100.0000%)   ⛔ 真 0 (  0.0000%)
  ★★ (RSUM1d) 分母 0  ★★ **鎖の上に「行 1 が下」の列がある** 61 (6100.0000%)   ⛔ 無い 0
         鎖の上の行 1 の最小値 - V の根の行 1 = -1: 55
         鎖の上の行 1 の最小値 - V の根の行 1 = -2: 6
         鎖の長さ 2: 54
         鎖の長さ 4: 7
      ⛔ R1真: B=[(0, 0, 0), (1, 0, 0), (2, 1, 0), (3, 2, 0), (4, 1, 0), (3, 2, 0)] p=2 V=[(2, 1, 0), (3, 2, 0), (4, 1, 0)] t=2
      ⛔ R1真: B=[(0, 0, 0), (1, 0, 0), (2, 1, 0), (3, 2, 0), (4, 1, 0), (3, 2, 0)] p=2 V=[(2, 1, 0), (3, 2, 0), (4, 1, 0)] t=2
      ⛔ R1真: B=[(0, 0, 0), (1, 0, 0), (2, 1, 0), (3, 2, 0), (4, 1, 0), (3, 2, 0)] p=2 V=[(2, 1, 0), (3, 2, 0), (4, 1, 0)] t=2
      ⛔ R1真: B=[(0, 0, 0), (1, 0, 0), (2, 1, 0), (3, 2, 1), (4, 1, 0), (3, 2, 0)] p=2 V=[(2, 1, 0), (3, 2, 1), (4, 1, 0)] t=2

### ★★ シート全体（箱を伸ばす）  [0.0s]
  ★ **対照（窓の全列）8543**  R1<=R0（正規化なし）8543 (100.0000%)  （正規化あり）2367 ( 27.7069%)
  ★★ **(R1R0-KILL) 分母（行 1 の孤児）353** ＝ 353 (  4.1320%)
      ★★★ **孤児で R1<=R0 が偽 ⟹ 殺せる**（正規化なし）0 (  0.0000%)   ⛔ **真（殺せない）** 353 (100.0000%)
      （正規化あり）偽 353 (100.0000%)   ⛔ 真 0 (  0.0000%)
  ★★ (RSUM1d) 分母 0  ★★ **鎖の上に「行 1 が下」の列がある** 353 (35300.0000%)   ⛔ 無い 0
         鎖の上の行 1 の最小値 - V の根の行 1 = -1: 177
         鎖の上の行 1 の最小値 - V の根の行 1 = -2: 136
         鎖の上の行 1 の最小値 - V の根の行 1 = -3: 35
         鎖の上の行 1 の最小値 - V の根の行 1 = -4: 5
         鎖の長さ 2: 176
         鎖の長さ 3: 39
         鎖の長さ 4: 100
         鎖の長さ 5: 38
      ⛔ R1真: B=[(0, 0, 0), (1, 0, 0), (2, 1, 0), (3, 2, 0), (4, 1, 0), (3, 2, 0)] p=2 V=[(2, 1, 0), (3, 2, 0), (4, 1, 0)] t=2
      ⛔ R1真: B=[(0, 0, 0), (1, 0, 0), (2, 1, 0), (3, 2, 0), (4, 1, 0), (3, 2, 0)] p=2 V=[(2, 1, 0), (3, 2, 0), (4, 1, 0)] t=2
      ⛔ R1真: B=[(0, 0, 0), (1, 0, 0), (2, 1, 0), (3, 2, 0), (4, 1, 0), (3, 2, 0)] p=2 V=[(2, 1, 0), (3, 2, 0), (4, 1, 0)] t=2
      ⛔ R1真: B=[(0, 0, 0), (1, 0, 0), (2, 1, 0), (3, 2, 1), (4, 1, 0), (3, 2, 0)] p=2 V=[(2, 1, 0), (3, 2, 1), (4, 1, 0)] t=2

