## ★ 中核 `D_v`
   D_1: 正規化版 R1<=R0 = ★真
   D_2: 正規化版 R1<=R0 = ★真
   D_3: 正規化版 R1<=R0 = ★真
   D_4: 正規化版 R1<=R0 = ★真
   D_5: 正規化版 R1<=R0 = ★真
   D_6: 正規化版 R1<=R0 = ★真
   D_7: 正規化版 R1<=R0 = ★真

## ★ シート
  行列そのもの（1,637）: 分母 1637   ★ **正規化版が真** 1637 (100.0000%)   ⛔ **偽** 0 (  0.0000%)
      （参考）正規化なし版が真 1637 (100.0000%)   根の行 0 = 0 が 1637 (100.0000%)
  ★★ **全 drop p / take k（k<=8）** ＝ `window_mem_W` で `W` の元: 分母 11162   ★ **正規化版が真** 2035 ( 18.2315%)   ⛔ **偽** 9127 ( 81.7685%)
      （参考）正規化なし版が真 11162 (100.0000%)   根の行 0 = 0 が 812 (  7.2747%)
        ⛔ 偽の例: [(5, 2, 0), (4, 2, 0), (5, 2, 0), (4, 2, 0), (5, 1, 0)]
        ⛔ 偽の例: [(6, 4, 0), (7, 2, 0), (7, 2, 0)]
        ⛔ 偽の例: [(7, 4, 1), (7, 4, 0), (6, 4, 0), (7, 5, 1)]
        ⛔ 偽の例: [(4, 2, 0), (5, 2, 0), (5, 2, 0), (5, 2, 0), (5, 1, 0)]

## ★ `Reach`（中核から `oper` で到達 ＋ 接頭辞 ＋ drop/take）
  Reach(D_(1, 2, 3, 4), n<=3, depth=5) そのもの: 分母 673   ★ **正規化版が真** 673 (100.0000%)   ⛔ **偽** 0 (  0.0000%)
      （参考）正規化なし版が真 673 (100.0000%)   根の行 0 = 0 が 673 (100.0000%)
  ★★ **その全 drop/take**（depth=5）: 分母 3799   ★ **正規化版が真** 316 (  8.3180%)   ⛔ **偽** 3483 ( 91.6820%)
      （参考）正規化なし版が真 3799 (100.0000%)   根の行 0 = 0 が 229 (  6.0279%)
        ⛔ 偽の例: [(4, 4, 0), (5, 3, 1), (6, 4, 0)]
        ⛔ 偽の例: [(6, 6, 1), (7, 6, 1), (8, 6, 0)]
        ⛔ 偽の例: [(2, 2, 0), (3, 3, 1)]
        ⛔ 偽の例: [(9, 5, 1), (10, 5, 0)]
  Reach(D_(1, 2, 3, 4), n<=3, depth=6) そのもの: 分母 1929   ★ **正規化版が真** 1929 (100.0000%)   ⛔ **偽** 0 (  0.0000%)
      （参考）正規化なし版が真 1929 (100.0000%)   根の行 0 = 0 が 1929 (100.0000%)
  ★★ **その全 drop/take**（depth=6）: 分母 10354   ★ **正規化版が真** 619 (  5.9784%)   ⛔ **偽** 9735 ( 94.0216%)
      （参考）正規化なし版が真 10354 (100.0000%)   根の行 0 = 0 が 401 (  3.8729%)
        ⛔ 偽の例: [(6, 3, 1), (7, 4, 0), (8, 4, 0), (9, 3, 1), (10, 4, 0)]
        ⛔ 偽の例: [(2, 2, 1), (3, 3, 0), (4, 4, 0), (5, 3, 0), (6, 4, 0)]
        ⛔ 偽の例: [(6, 3, 1), (7, 4, 0), (8, 3, 1), (9, 4, 0)]
        ⛔ 偽の例: [(9, 9, 1), (10, 10, 0), (11, 11, 0), (12, 11, 0)]
  Reach(D_(1, 2, 3, 4, 5, 6), n<=3, depth=5) そのもの: 分母 1321   ★ **正規化版が真** 1321 (100.0000%)   ⛔ **偽** 0 (  0.0000%)
      （参考）正規化なし版が真 1321 (100.0000%)   根の行 0 = 0 が 1321 (100.0000%)
  ★★ **その全 drop/take**（depth=5）: 分母 5681   ★ **正規化版が真** 326 (  5.7384%)   ⛔ **偽** 5355 ( 94.2616%)
      （参考）正規化なし版が真 5681 (100.0000%)   根の行 0 = 0 が 239 (  4.2070%)
        ⛔ 偽の例: [(6, 3, 1), (7, 4, 0), (8, 4, 0), (9, 3, 1), (10, 4, 0)]
        ⛔ 偽の例: [(2, 2, 1), (3, 3, 0), (4, 4, 0), (5, 3, 0), (6, 4, 0)]
        ⛔ 偽の例: [(6, 3, 1), (7, 4, 0), (8, 3, 1), (9, 4, 0)]
        ⛔ 偽の例: [(9, 9, 1), (10, 10, 0), (11, 11, 0), (12, 11, 0)]
[0.2s]
