### ★ シート（|M|<=12）, n∈{1,2,3}, 6 手  [0.7s]
  **⛔ 接頭辞に逃げる手**: 分母 7352
      (10a) 根より深くない列の数               減   0.000%  同  98.993%  増   1.007% ★ 非減少
      (10b) argOK の破れの数              減   0.000%  同  98.993%  増   1.007% ★ 非減少
      (10c) 行 0 の非増加ペアの数             減   9.059%  同  73.640%  増  17.301%
      (10d) 行 0 の下がりの回数              減   3.210%  同  81.882%  増  14.908%
      (10e) 行 0 の最小値                 減   0.000%  同 100.000%  増   0.000% ★★★ **非増加**
      (11) argOK を満たす接尾辞の最大長         減  46.708%  同  23.993%  増  29.298%
      (12) |M| - argOK 接尾辞           減   0.000%  同  98.993%  増   1.007% ★ 非減少
  **★ ブロックの中の手**: 分母 17591
      (10a) 根より深くない列の数               減   1.086%  同  98.073%  増   0.841%
      (10b) argOK の破れの数              減   1.086%  同  98.073%  増   0.841%
      (10c) 行 0 の非増加ペアの数             減  15.224%  同  50.543%  増  34.233%
      (10d) 行 0 の下がりの回数              減  12.103%  同  58.109%  増  29.788%
      (10e) 行 0 の最小値                 減   0.000%  同 100.000%  増   0.000% ★★★ **非増加**
      (11) argOK を満たす接尾辞の最大長         減  26.019%  同   7.083%  増  66.898%
      (12) |M| - argOK 接尾辞           減   1.086%  同  98.073%  増   0.841%

### ★★ シート全体, n∈{1,2}, 8 手  [0.5s]
  **⛔ 接頭辞に逃げる手**: 分母 7719
      (10a) 根より深くない列の数               減   0.000%  同  99.184%  増   0.816% ★ 非減少
      (10b) argOK の破れの数              減   0.000%  同  99.184%  増   0.816% ★ 非減少
      (10c) 行 0 の非増加ペアの数             減  11.336%  同  76.448%  増  12.217%
      (10d) 行 0 の下がりの回数              減   3.938%  同  86.268%  増   9.794%
      (10e) 行 0 の最小値                 減   0.000%  同 100.000%  増   0.000% ★★★ **非増加**
      (11) argOK を満たす接尾辞の最大長         減  60.189%  同  35.898%  増   3.912%
      (12) |M| - argOK 接尾辞           減   0.000%  同  99.184%  増   0.816% ★ 非減少
  **★ ブロックの中の手**: 分母 15823
      (10a) 根より深くない列の数               減   0.935%  同  98.439%  増   0.626%
      (10b) argOK の破れの数              減   0.935%  同  98.439%  増   0.626%
      (10c) 行 0 の非増加ペアの数             減  22.941%  同  50.098%  増  26.961%
      (10d) 行 0 の下がりの回数              減  17.689%  同  61.158%  増  21.153%
      (10e) 行 0 の最小値                 減   0.000%  同 100.000%  増   0.000% ★★★ **非増加**
      (11) argOK を満たす接尾辞の最大長         減  38.299%  同  12.823%  増  48.878%
      (12) |M| - argOK 接尾辞           減   0.935%  同  98.439%  増   0.626%

