## ★★ (CONS-CHK)
  シート行列そのもの: 分母 1637   ★ **max amin = 根の行 1** 1637 (100.0000%)   ⛔ 違う 0
      ★ min amin = 大域の行 1 の最小 1637 (100.0000%)   ⛔ 違う 0
  ★★ シートの全 drop/take: 分母 11162   ★ **max amin = 根の行 1** 10881 ( 97.4825%)   ⛔ 違う 281
      ★ min amin = 大域の行 1 の最小 11162 (100.0000%)   ⛔ 違う 0

### (M3-D0)  ★ シート行列そのもの  [0.1s]
  **d=0**: 手 651  塔の列 2538  ⛔ **行 0 の越境** 1146 ( 45.1537%)   ⛔ 越境を含む手 573 ( 88.0184%)
  **d=1**: 手 2367  塔の列 18594  ⛔ **行 0 の越境** 2367 ( 12.7299%)   ⛔ 越境を含む手 2367 (100.0000%)
  **d>=2**: 手 1839  塔の列 19776  ⛔ **行 0 の越境** 1839 (  9.2992%)   ⛔ 越境を含む手 1839 (100.0000%)
         [d=0] 越境の深さ 1: 396
         [d=0] 越境の深さ 2: 27
         [d=0] 越境の深さ 3: 84
         [d=0] 越境の深さ 4: 54
         [d=0] 越境の深さ 5: 12
         [d=1] 越境の深さ 1: 1809
         [d=1] 越境の深さ 2: 132
         [d=1] 越境の深さ 3: 147
         [d=1] 越境の深さ 4: 138
         [d=1] 越境の深さ 5: 141
         [d>=2] 越境の深さ 1: 1572
         [d>=2] 越境の深さ 2: 30
         [d>=2] 越境の深さ 3: 66
         [d>=2] 越境の深さ 4: 75
         [d>=2] 越境の深さ 5: 96
  (c) ⛔ 接頭辞に逃げる手: 分母 1108  d 減   2.708%  同  14.260%  増  83.032%
  (c) ★ ブロックの中の手: 分母 3731  d 減  41.410%  同  30.769%  増  27.821%

### (M3-D0)  ★★ シートの drop/take  [0.3s]
  **d=0**: 手 2730  塔の列 9318  ⛔ **行 0 の越境** 3876 ( 41.5969%)   ⛔ 越境を含む手 1938 ( 70.9890%)
  **d=1**: 手 10947  塔の列 53262  ⛔ **行 0 の越境** 7161 ( 13.4449%)   ⛔ 越境を含む手 7161 ( 65.4152%)
  **d>=2**: 手 6876  塔の列 51750  ⛔ **行 0 の越境** 3477 (  6.7188%)   ⛔ 越境を含む手 3477 ( 50.5672%)
         [d=0] 越境の深さ 1: 1461
         [d=0] 越境の深さ 2: 81
         [d=0] 越境の深さ 3: 252
         [d=0] 越境の深さ 4: 123
         [d=0] 越境の深さ 5: 21
         [d=1] 越境の深さ 1: 5154
         [d=1] 越境の深さ 2: 621
         [d=1] 越境の深さ 3: 708
         [d=1] 越境の深さ 4: 426
         [d=1] 越境の深さ 5: 252
         [d>=2] 越境の深さ 1: 2856
         [d>=2] 越境の深さ 2: 144
         [d>=2] 越境の深さ 3: 171
         [d>=2] 越境の深さ 4: 231
         [d>=2] 越境の深さ 5: 75
  (c) ⛔ 接頭辞に逃げる手: 分母 3486  d 減   6.655%  同  20.912%  増  72.433%
  (c) ★ ブロックの中の手: 分母 14394  d 減  41.601%  同  38.599%  増  19.800%

