### ★ シートの drop/take（標本 4000）, n<=3, 4 手  [3.2s]
  **⛔ 接頭辞に逃げる手**: 分母 5659（うち `hr0` 4388 = 77.54%）
      d                減   4.630%  同  21.152%  増  74.218%
      e                減  16.134%  同  80.173%  増   3.693%
      V                減   0.000%  同  16.310%  増  83.690%
      nd               減   4.294%  同  95.706%  増   0.000% ★★ **非増加**
      wd               減   4.294%  同  95.706%  増   0.000% ★★ **非増加**
      LEX (d, e, |V|)        減  12.811%  同   5.531%  増  81.658%
      LEX (d, e, |M|)        減  18.943%  同   3.269%  増  77.788%
      LEX (nd, d, e, |V|)    減  17.105%  同   5.531%  増  77.363%
      LEX (wd, d, e, |V|)    減  17.105%  同   5.531%  増  77.363%
      LEX (nd, |V|)          減   4.294%  同  15.338%  増  80.368%
      LEX (e, d, |V|)        減  20.763%  同   5.531%  増  73.706%
  **★ ブロックの中の手**: 分母 17758（うち `hr0` 12710 = 71.57%）
      d                減  53.942%  同  33.438%  増  12.620%
      e                減  20.661%  同  57.563%  増  21.776%
      V                減  83.737%  同  16.263%  増   0.000% ★★ **非増加**
      nd               減   0.220%  同  99.780%  増   0.000% ★★ **非増加**
      wd               減   0.220%  同  99.780%  増   0.000% ★★ **非増加**
      LEX (d, e, |V|)        減  83.478%  同   0.000%  増  16.522%
      LEX (d, e, |M|)        減  71.663%  同   0.000%  増  28.337%
      LEX (nd, d, e, |V|)    減  83.697%  同   0.000%  増  16.303%
      LEX (wd, d, e, |V|)    減  83.697%  同   0.000%  増  16.303%
      LEX (nd, |V|)          減  83.737%  同  16.263%  増   0.000% ★★★ **非増加**
      LEX (e, d, |V|)        減  72.429%  同   0.000%  増  27.571%
      ⛔ 接頭辞の手で d が増える例: X=[(1, 0, 0), (2, 1, 0), (3, 2, 1), (4, 2, 0), (5, 3, 1), (6, 3, 0), (7, 4, 0)] n=1 d:1→2 e:0→0 |V|:1→2
      ⛔ 接頭辞の手で d が増える例: X=[(1, 0, 0), (2, 1, 0), (3, 2, 1), (4, 2, 0), (5, 3, 1)] n=1 d:1→2 e:1→0 |V|:1→2
      ⛔ 接頭辞の手で d が増える例: X=[(1, 0, 0), (2, 1, 0), (3, 2, 1), (4, 2, 0), (5, 3, 1), (6, 3, 0), (7, 4, 0), (8, 2, 0), (9, 3, 1), (10, 3, 0), (11, 4, 0)] n=2 d:1→3 e:0→0 |V|:1→3

### ⛔ シート行列そのもの（対照）  [7.8s]
  **⛔ 接頭辞に逃げる手**: 分母 4869（うち `hr0` 4791 = 98.40%）
      d                減   5.977%  同  20.600%  増  73.424%
      e                減  24.399%  同  72.520%  増   3.081%
      V                減   0.000%  同  19.409%  増  80.591%
      nd               減   0.000%  同 100.000%  増   0.000% ★★ **非増加**
      wd               減   0.000%  同 100.000%  増   0.000% ★★ **非増加**
      LEX (d, e, |V|)        減  16.163%  同   5.566%  増  78.271%
      LEX (d, e, |M|)        減  22.304%  同   2.239%  増  75.457%
      LEX (nd, d, e, |V|)    減  16.163%  同   5.566%  増  78.271%
      LEX (wd, d, e, |V|)    減  16.163%  同   5.566%  増  78.271%
      LEX (nd, |V|)          減   0.000%  同  19.409%  増  80.591%
      LEX (e, d, |V|)        減  30.376%  同   5.566%  増  64.058%
  **★ ブロックの中の手**: 分母 14334（うち `hr0` 14167 = 98.83%）
      d                減  55.121%  同  28.485%  増  16.395%
      e                減  19.848%  同  56.258%  増  23.894%
      V                減  89.738%  同  10.262%  増   0.000% ★★ **非増加**
      nd               減   0.000%  同 100.000%  増   0.000% ★★ **非増加**
      wd               減   0.000%  同 100.000%  増   0.000% ★★ **非増加**
      LEX (d, e, |V|)        減  79.238%  同   0.000%  増  20.762%
      LEX (d, e, |M|)        減  68.390%  同   0.000%  増  31.610%
      LEX (nd, d, e, |V|)    減  79.238%  同   0.000%  増  20.762%
      LEX (wd, d, e, |V|)    減  79.238%  同   0.000%  増  20.762%
      LEX (nd, |V|)          減  89.738%  同  10.262%  増   0.000% ★★★ **非増加**
      LEX (e, d, |V|)        減  70.629%  同   0.000%  増  29.371%
      ⛔ 接頭辞の手で d が増える例: X=[(0, 0, 0), (1, 0, 0), (2, 1, 0), (3, 0, 0)] n=1 d:0→1 e:0→0 |V|:1→1
      ⛔ 接頭辞の手で d が増える例: X=[(0, 0, 0), (1, 0, 0), (2, 1, 0), (3, 0, 0)] n=2 d:0→1 e:0→0 |V|:1→2
      ⛔ 接頭辞の手で d が増える例: X=[(0, 0, 0), (1, 0, 0), (2, 1, 0), (3, 0, 0)] n=3 d:0→1 e:0→0 |V|:1→3

