## ⛔ L3 の箱に近い形（シート由来、|Q|<=5, n<=2）
### シート |M|<=6, n<=2  [0.0s]  分母 1416
  ★★ **混同表**（行: 私の R2、列: L3 の L3b）
      R2=0 : L3b=0 666 ( 47.0339%)  L3b=1 116 (  8.1921%)
      R2=1 : L3b=0 0 (  0.0000%)  L3b=1 634 ( 44.7740%)
  ★★ **|V'| と |Q| の比較**
      全体                     分母    1416  減  47.034%  同  34.110%  増  18.856%
      ⛔ 私の越境（r2<r）           分母     634  減   0.000%  同  57.886%  増  42.114%
      ★ 私の非越境                分母     782  減  85.166%  同  14.834%  増   0.000%
      ⛔ L3 の越境（r2<bs）        分母     750  減   0.000%  同  64.400%  増  35.600%
      ★ L3 の非越境              分母     666  減 100.000%  同   0.000%  増   0.000% ★★★ **|V'| < |Q| が 100%**
  ★★★ **L3 の主張の再現**: L3 の越境で `|V'| < |Q|` が 0 件、⛔ **そうでない** 750 件
      ⛔ 私の越境で |V'| >= |Q| の例: X=[(0, 0, 0), (1, 0, 0), (2, 0, 0)] n=1 r=1 |Q|=1 r2=0 |V'|=1 bs=1
      ⛔ 私の越境で |V'| >= |Q| の例: X=[(0, 0, 0), (1, 0, 0), (2, 0, 0)] n=2 r=1 |Q|=1 r2=0 |V'|=2 bs=2
      ⛔ 私の越境で |V'| >= |Q| の例: X=[(0, 0, 0), (1, 0, 0), (2, 0, 0), (0, 0, 0), (1, 0, 0), (2, 0, 0)] n=1 r=4 |Q|=1 r2=3 |V'|=1 bs=4
      ⛔ 私の越境で |V'| >= |Q| の例: X=[(0, 0, 0), (1, 0, 0), (2, 0, 0), (0, 0, 0), (1, 0, 0), (2, 0, 0)] n=2 r=4 |Q|=1 r2=3 |V'|=2 bs=5

## ★★ 大きい箱
### ★ シートの drop/take（標本 4000）, n<=3  [0.3s]  分母 23417
  ★★ **混同表**（行: 私の R2、列: L3 の L3b）
      R2=0 : L3b=0 14870 ( 63.5009%)  L3b=1 2888 ( 12.3329%)
      R2=1 : L3b=0 0 (  0.0000%)  L3b=1 5659 ( 24.1662%)
  ★★ **|V'| と |Q| の比較**
      全体                     分母   23417  減  63.501%  同  16.275%  増  20.225%
      ⛔ 私の越境（r2<r）           分母    5659  減   0.000%  同  16.310%  増  83.690%
      ★ 私の非越境                分母   17758  減  83.737%  同  16.263%  増   0.000%
      ⛔ L3 の越境（r2<bs）        分母    8547  減   0.000%  同  44.589%  増  55.411%
      ★ L3 の非越境              分母   14870  減 100.000%  同   0.000%  増   0.000% ★★★ **|V'| < |Q| が 100%**
  ★★★ **L3 の主張の再現**: L3 の越境で `|V'| < |Q|` が 0 件、⛔ **そうでない** 8547 件
      ⛔ 私の越境で |V'| >= |Q| の例: X=[(1, 0, 0), (2, 1, 0), (3, 2, 1), (4, 2, 0), (5, 3, 1), (6, 3, 0), (7, 4, 0)] n=1 r=5 |Q|=1 r2=3 |V'|=2 bs=5
      ⛔ 私の越境で |V'| >= |Q| の例: X=[(1, 0, 0), (2, 1, 0), (3, 2, 1), (4, 2, 0), (5, 3, 1)] n=1 r=3 |Q|=1 r2=1 |V'|=2 bs=3
      ⛔ 私の越境で |V'| >= |Q| の例: X=[(1, 0, 0), (2, 1, 0), (3, 2, 1), (4, 2, 0), (5, 3, 1), (6, 3, 0), (7, 4, 0), (8, 2, 0), (9, 3, 1), (10, 3, 0), (11, 4, 0)] n=2 r=9 |Q|=1 r2=7 |V'|=3 bs=10
      ⛔ 私の越境で |V'| >= |Q| の例: X=[(1, 0, 0), (2, 1, 0), (3, 2, 1), (4, 2, 0), (5, 3, 1), (6, 3, 0), (7, 4, 0), (8, 2, 0), (9, 3, 1), (10, 3, 0), (11, 4, 0), (12, 2, 0), (13, 3, 1), (14, 3, 0), (15, 4, 0)] n=3 r=13 |Q|=1 r2=11 |V'|=4 bs=15

### シート行列そのもの, n<=3  [0.3s]  分母 19203
  ★★ **混同表**（行: 私の R2、列: L3 の L3b）
      R2=0 : L3b=0 12863 ( 66.9843%)  L3b=1 1471 (  7.6603%)
      R2=1 : L3b=0 0 (  0.0000%)  L3b=1 4869 ( 25.3554%)
  ★★ **|V'| と |Q| の比較**
      全体                     分母   19203  減  66.984%  同  12.581%  増  20.434%
      ⛔ 私の越境（r2<r）           分母    4869  減   0.000%  同  19.409%  増  80.591%
      ★ 私の非越境                分母   14334  減  89.738%  同  10.262%  増   0.000%
      ⛔ L3 の越境（r2<bs）        分母    6340  減   0.000%  同  38.107%  増  61.893%
      ★ L3 の非越境              分母   12863  減 100.000%  同   0.000%  増   0.000% ★★★ **|V'| < |Q| が 100%**
  ★★★ **L3 の主張の再現**: L3 の越境で `|V'| < |Q|` が 0 件、⛔ **そうでない** 6340 件
      ⛔ 私の越境で |V'| >= |Q| の例: X=[(0, 0, 0), (1, 0, 0), (2, 0, 0)] n=1 r=1 |Q|=1 r2=0 |V'|=1 bs=1
      ⛔ 私の越境で |V'| >= |Q| の例: X=[(0, 0, 0), (1, 0, 0), (2, 0, 0)] n=2 r=1 |Q|=1 r2=0 |V'|=2 bs=2
      ⛔ 私の越境で |V'| >= |Q| の例: X=[(0, 0, 0), (1, 0, 0), (2, 0, 0)] n=3 r=1 |Q|=1 r2=0 |V'|=3 bs=3
      ⛔ 私の越境で |V'| >= |Q| の例: X=[(0, 0, 0), (1, 0, 0), (2, 0, 0), (0, 0, 0), (1, 0, 0), (2, 0, 0)] n=1 r=4 |Q|=1 r2=3 |V'|=1 bs=4

