### ⛔ L3 の箱に近い（|Q|<=5, d<=2, e<=1, n<=2）  Q 81 個  [0.0s]
  [★hr0真]                分母     1792  ★ **|V|<|Q|** 100.0000%  ⛔ 同   0.0000%  ⛔ 増   0.0000% ★★★ **|V| < |Q| が 100%**
  [★hr0真][★ブロック内]        分母     1792  ★ **|V|<|Q|** 100.0000%  ⛔ 同   0.0000%  ⛔ 増   0.0000% ★★★ **|V| < |Q| が 100%**
  [⛔hr0偽]                分母      536  ★ **|V|<|Q|**  73.1343%  ⛔ 同  26.8657%  ⛔ 増   0.0000%
  [⛔hr0偽][★ブロック内]        分母      296  ★ **|V|<|Q|** 100.0000%  ⛔ 同   0.0000%  ⛔ 増   0.0000% ★★★ **|V| < |Q| が 100%**
  [⛔hr0偽][⛔越境]           分母      240  ★ **|V|<|Q|**  40.0000%  ⛔ 同  60.0000%  ⛔ 増   0.0000%
      ⛔ |V| >= |Q| の例: Q=[(0, 0, 0), (0, 0, 0), (0, 0, 0)] d=1 e=0 n=1 j=2 c=2 塔長=3 |V|=3 |Q|=3 hr0=False 越境=True
      ⛔ |V| >= |Q| の例: Q=[(0, 0, 0), (0, 0, 0), (0, 0, 0)] d=1 e=0 n=2 j=2 c=5 塔長=6 |V|=3 |Q|=3 hr0=False 越境=True
      ⛔ |V| >= |Q| の例: Q=[(0, 0, 0), (0, 0, 0), (0, 0, 0)] d=1 e=1 n=1 j=2 c=2 塔長=3 |V|=3 |Q|=3 hr0=False 越境=True
      ⛔ |V| >= |Q| の例: Q=[(0, 0, 0), (0, 0, 0), (0, 0, 0)] d=1 e=1 n=2 j=2 c=5 塔長=6 |V|=3 |Q|=3 hr0=False 越境=True
      ⛔ |V| >= |Q| の例: Q=[(0, 0, 0), (0, 0, 0), (0, 0, 0)] d=2 e=0 n=1 j=2 c=2 塔長=3 |V|=3 |Q|=3 hr0=False 越境=True
      ⛔ |V| >= |Q| の例: Q=[(0, 0, 0), (0, 0, 0), (0, 0, 0)] d=2 e=0 n=2 j=2 c=5 塔長=6 |V|=3 |Q|=3 hr0=False 越境=True

### ★ |Q|<=8, d<=3, e<=2, n<=5  Q 812 個  [0.9s]
  [★hr0真]                分母   167616  ★ **|V|<|Q|** 100.0000%  ⛔ 同   0.0000%  ⛔ 増   0.0000% ★★★ **|V| < |Q| が 100%**
  [★hr0真][★ブロック内]        分母   167616  ★ **|V|<|Q|** 100.0000%  ⛔ 同   0.0000%  ⛔ 増   0.0000% ★★★ **|V| < |Q| が 100%**
  [⛔hr0偽]                分母     8100  ★ **|V|<|Q|**  87.7037%  ⛔ 同  12.2963%  ⛔ 増   0.0000%
  [⛔hr0偽][★ブロック内]        分母     5940  ★ **|V|<|Q|** 100.0000%  ⛔ 同   0.0000%  ⛔ 増   0.0000% ★★★ **|V| < |Q| が 100%**
  [⛔hr0偽][⛔越境]           分母     2160  ★ **|V|<|Q|**  53.8889%  ⛔ 同  46.1111%  ⛔ 増   0.0000%
      ⛔ |V| >= |Q| の例: Q=[(0, 0, 0), (0, 0, 0), (0, 0, 0)] d=1 e=0 n=1 j=2 c=2 塔長=3 |V|=3 |Q|=3 hr0=False 越境=True
      ⛔ |V| >= |Q| の例: Q=[(0, 0, 0), (0, 0, 0), (0, 0, 0)] d=1 e=0 n=2 j=2 c=5 塔長=6 |V|=3 |Q|=3 hr0=False 越境=True
      ⛔ |V| >= |Q| の例: Q=[(0, 0, 0), (0, 0, 0), (0, 0, 0)] d=1 e=0 n=3 j=2 c=8 塔長=9 |V|=3 |Q|=3 hr0=False 越境=True
      ⛔ |V| >= |Q| の例: Q=[(0, 0, 0), (0, 0, 0), (0, 0, 0)] d=1 e=0 n=5 j=2 c=14 塔長=15 |V|=3 |Q|=3 hr0=False 越境=True
      ⛔ |V| >= |Q| の例: Q=[(0, 0, 0), (0, 0, 0), (0, 0, 0)] d=1 e=1 n=1 j=2 c=2 塔長=3 |V|=3 |Q|=3 hr0=False 越境=True
      ⛔ |V| >= |Q| の例: Q=[(0, 0, 0), (0, 0, 0), (0, 0, 0)] d=1 e=1 n=2 j=2 c=5 塔長=6 |V|=3 |Q|=3 hr0=False 越境=True

### ★★ |Q|<=10, d<=4, e<=3, n<=8  Q 1535 個  [5.6s]
  [★hr0真]                分母   857600  ★ **|V|<|Q|** 100.0000%  ⛔ 同   0.0000%  ⛔ 増   0.0000% ★★★ **|V| < |Q| が 100%**
  [★hr0真][★ブロック内]        分母   857600  ★ **|V|<|Q|** 100.0000%  ⛔ 同   0.0000%  ⛔ 増   0.0000% ★★★ **|V| < |Q| が 100%**
  [⛔hr0偽]                分母    21360  ★ **|V|<|Q|**  89.7940%  ⛔ 同  10.2060%  ⛔ 増   0.0000%
  [⛔hr0偽][★ブロック内]        分母    15920  ★ **|V|<|Q|** 100.0000%  ⛔ 同   0.0000%  ⛔ 増   0.0000% ★★★ **|V| < |Q| が 100%**
  [⛔hr0偽][⛔越境]           分母     5440  ★ **|V|<|Q|**  59.9265%  ⛔ 同  40.0735%  ⛔ 増   0.0000%
      ⛔ |V| >= |Q| の例: Q=[(0, 0, 0), (1, 0, 0), (1, 0, 0), (0, 0, 0), (1, 0, 0), (1, 0, 0)] d=1 e=0 n=1 j=3 c=3 塔長=6 |V|=6 |Q|=6 hr0=False 越境=True
      ⛔ |V| >= |Q| の例: Q=[(0, 0, 0), (1, 0, 0), (1, 0, 0), (0, 0, 0), (1, 0, 0), (1, 0, 0)] d=1 e=0 n=2 j=3 c=9 塔長=12 |V|=6 |Q|=6 hr0=False 越境=True
      ⛔ |V| >= |Q| の例: Q=[(0, 0, 0), (1, 0, 0), (1, 0, 0), (0, 0, 0), (1, 0, 0), (1, 0, 0)] d=1 e=0 n=3 j=3 c=15 塔長=18 |V|=6 |Q|=6 hr0=False 越境=True
      ⛔ |V| >= |Q| の例: Q=[(0, 0, 0), (1, 0, 0), (1, 0, 0), (0, 0, 0), (1, 0, 0), (1, 0, 0)] d=1 e=0 n=5 j=3 c=27 塔長=30 |V|=6 |Q|=6 hr0=False 越境=True
      ⛔ |V| >= |Q| の例: Q=[(0, 0, 0), (1, 0, 0), (1, 0, 0), (0, 0, 0), (1, 0, 0), (1, 0, 0)] d=1 e=0 n=8 j=3 c=45 塔長=48 |V|=6 |Q|=6 hr0=False 越境=True
      ⛔ |V| >= |Q| の例: Q=[(0, 0, 0), (1, 0, 0), (1, 0, 0), (0, 0, 0), (1, 0, 0), (1, 0, 0)] d=1 e=1 n=1 j=3 c=3 塔長=6 |V|=6 |Q|=6 hr0=False 越境=True

