### ⛔ 小さい箱（|Q|<=5, d<=2, e<=1, n<=2）  Q 81 個  [0.0s]
  [★hr0(Q)真]               分母      496  ★ **hr0(V)**      496 (100.0000%)   ⛔ 破れ 0 ★★★ **100%**
  [★hr0(Q)真][srow=0]       分母      264  ★ **hr0(V)**      264 (100.0000%)   ⛔ 破れ 0 ★★★ **100%**
  [★hr0(Q)真][srow=1]       分母      216  ★ **hr0(V)**      216 (100.0000%)   ⛔ 破れ 0 ★★★ **100%**
  [★hr0(Q)真][srow=2]       分母       16  ★ **hr0(V)**       16 (100.0000%)   ⛔ 破れ 0 ★★★ **100%**
  [⛔hr0(Q)偽]               分母      280  ★ **hr0(V)**      280 (100.0000%)   ⛔ 破れ 0 ★★★ **100%**
  [⛔hr0(Q)偽][srow=0]       分母      264  ★ **hr0(V)**      264 (100.0000%)   ⛔ 破れ 0 ★★★ **100%**
  [⛔hr0(Q)偽][srow=1]       分母       16  ★ **hr0(V)**       16 (100.0000%)   ⛔ 破れ 0 ★★★ **100%**

### ★ |Q|<=8, d<=3, e<=2, n<=5  Q 812 個  [0.9s]
  [★hr0(Q)真]               分母    67608  ★ **hr0(V)**    67608 (100.0000%)   ⛔ 破れ 0 ★★★ **100%**
  [★hr0(Q)真][srow=0]       分母     6444  ★ **hr0(V)**     6444 (100.0000%)   ⛔ 破れ 0 ★★★ **100%**
  [★hr0(Q)真][srow=1]       分母    51696  ★ **hr0(V)**    51696 (100.0000%)   ⛔ 破れ 0 ★★★ **100%**
  [★hr0(Q)真][srow=2]       分母     9468  ★ **hr0(V)**     9468 (100.0000%)   ⛔ 破れ 0 ★★★ **100%**
  [⛔hr0(Q)偽]               分母     2988  ★ **hr0(V)**     2988 (100.0000%)   ⛔ 破れ 0 ★★★ **100%**
  [⛔hr0(Q)偽][srow=0]       分母     2520  ★ **hr0(V)**     2520 (100.0000%)   ⛔ 破れ 0 ★★★ **100%**
  [⛔hr0(Q)偽][srow=1]       分母      360  ★ **hr0(V)**      360 (100.0000%)   ⛔ 破れ 0 ★★★ **100%**
  [⛔hr0(Q)偽][srow=2]       分母      108  ★ **hr0(V)**      108 (100.0000%)   ⛔ 破れ 0 ★★★ **100%**

### ★★ |Q|<=10, d<=4, e<=3, n<=8  Q 1535 個  [5.7s]
  [★hr0(Q)真]               分母   387120  ★ **hr0(V)**   387120 (100.0000%)   ⛔ 破れ 0 ★★★ **100%**
  [★hr0(Q)真][srow=0]       分母    17680  ★ **hr0(V)**    17680 (100.0000%)   ⛔ 破れ 0 ★★★ **100%**
  [★hr0(Q)真][srow=1]       分母   299520  ★ **hr0(V)**   299520 (100.0000%)   ⛔ 破れ 0 ★★★ **100%**
  [★hr0(Q)真][srow=2]       分母    69920  ★ **hr0(V)**    69920 (100.0000%)   ⛔ 破れ 0 ★★★ **100%**
  [⛔hr0(Q)偽]               分母     7520  ★ **hr0(V)**     7520 (100.0000%)   ⛔ 破れ 0 ★★★ **100%**
  [⛔hr0(Q)偽][srow=0]       分母     6240  ★ **hr0(V)**     6240 (100.0000%)   ⛔ 破れ 0 ★★★ **100%**
  [⛔hr0(Q)偽][srow=1]       分母      800  ★ **hr0(V)**      800 (100.0000%)   ⛔ 破れ 0 ★★★ **100%**
  [⛔hr0(Q)偽][srow=2]       分母      480  ★ **hr0(V)**      480 (100.0000%)   ⛔ 破れ 0 ★★★ **100%**

