### ★★★ シート由来 `hr0(Q)`（|Q|<=8）, **d∈{0,1,2}**, e<=2, **n<=30**  [5.9s]
  ★★ **分母 335232**   ★ **MeasOK** 335232 (100.0000%)   ⛔ **破れ 0**
      n=1            分母    41904  MeasOK 100.0000%
      n=2            分母    41904  MeasOK 100.0000%
      n=3            分母    41904  MeasOK 100.0000%
      n=5            分母    41904  MeasOK 100.0000%
      n=8            分母    41904  MeasOK 100.0000%
      n=13           分母    41904  MeasOK 100.0000%
      n=20           分母    41904  MeasOK 100.0000%
      n=30           分母    41904  MeasOK 100.0000%
      d=0            分母   111744  MeasOK 100.0000%
      d=1            分母   111744  MeasOK 100.0000%
      d=2            分母   111744  MeasOK 100.0000%
      e=0            分母   111744  MeasOK 100.0000%
      e=1            分母   111744  MeasOK 100.0000%
      e=2            分母   111744  MeasOK 100.0000%
      srow=0         分母    80136  MeasOK 100.0000%
      srow=1         分母   185328  MeasOK 100.0000%
      srow=2         分母    69768  MeasOK 100.0000%
      ★的が錐の外         分母   335232  MeasOK 100.0000%

### ★★★★ シート由来 `hr0(Q)`（|Q|<=10）, **d<=4**, e<=3, **n<=20**  [26.6s]
  ★★ **分母 1500800**   ★ **MeasOK** 1500800 (100.0000%)   ⛔ **破れ 0**
      n=1            分母   214400  MeasOK 100.0000%
      n=2            分母   214400  MeasOK 100.0000%
      n=3            分母   214400  MeasOK 100.0000%
      n=5            分母   214400  MeasOK 100.0000%
      n=8            分母   214400  MeasOK 100.0000%
      n=13           分母   214400  MeasOK 100.0000%
      n=20           分母   214400  MeasOK 100.0000%
      d=0            分母   300160  MeasOK 100.0000%
      d=1            分母   300160  MeasOK 100.0000%
      d=2            分母   300160  MeasOK 100.0000%
      d=3            分母   300160  MeasOK 100.0000%
      d=4            分母   300160  MeasOK 100.0000%
      e=0            分母   375200  MeasOK 100.0000%
      e=1            分母   375200  MeasOK 100.0000%
      e=2            分母   375200  MeasOK 100.0000%
      e=3            分母   375200  MeasOK 100.0000%
      srow=0         分母   271180  MeasOK 100.0000%
      srow=1         分母   840560  MeasOK 100.0000%
      srow=2         分母   389060  MeasOK 100.0000%
      ★的が錐の外         分母  1500800  MeasOK 100.0000%

