### ★★ シート由来 `hr0(Q)`（|Q|<=8）, **d<=3（d=0 込み）**, e<=2, n<=5, A 付き  [12.4s]
  **⛔ 塔・接頭辞へ**: 分母 0
      |V|                        減   0.000%  同   0.000%  増   0.000%
      ★ entry V 0 0              減   0.000%  同   0.000%  増   0.000%
      entry V 1 0                減   0.000%  同   0.000%  増   0.000%
      d0                         減   0.000%  同   0.000%  増   0.000%
      d0 + d1                    減   0.000%  同   0.000%  増   0.000%
      |V| + d0                   減   0.000%  同   0.000%  増   0.000%
      |V| + d0 + d1              減   0.000%  同   0.000%  増   0.000%
      |V| * (d0+1)               減   0.000%  同   0.000%  増   0.000%
      V の錐の外の列数                  減   0.000%  同   0.000%  増   0.000%
      LEX (entry V 0 0, |V|)     減   0.000%  同   0.000%  増   0.000%
      LEX (|V|, entry V 0 0)     減   0.000%  同   0.000%  増   0.000%
      LEX (|V|, d0, d1)          減   0.000%  同   0.000%  増   0.000%
  **★ ブロックの中**: 分母 1117440
      |V|                        減 100.000%  同   0.000%  増   0.000% ★★★ **非増加**
      ★ entry V 0 0              減   0.000%  同   4.355%  増  95.645%
      entry V 1 0                減   0.000%  同  38.431%  増  61.569%
      d0                         減  46.569%  同  24.071%  増  29.360%
      d0 + d1                    減  63.654%  同  18.134%  増  18.211%
      |V| + d0                   減  96.547%  同   1.809%  増   1.643%
      |V| + d0 + d1              減  98.078%  同   1.103%  増   0.820%
      |V| * (d0+1)               減  91.833%  同   1.251%  増   6.916%
      V の錐の外の列数                  減 100.000%  同   0.000%  増   0.000% ★★★ **非増加**
      LEX (entry V 0 0, |V|)     減   4.355%  同   0.000%  増  95.645%
      LEX (|V|, entry V 0 0)     減 100.000%  同   0.000%  増   0.000% ★★★ **非増加**
      LEX (|V|, d0, d1)          減 100.000%  同   0.000%  増   0.000% ★★★ **非増加**

