### ★ シート由来 `hr0(Q)`（|Q|<=8）, A 8 通り, j=0（`u=0`）  [12.0s]  ★ **分母（j=0）275400**
  ★★ **towerMeas**: 減 275400 (100.0000%)  ⛔ **同** 0 (  0.0000%)  ⛔ **増** 0 (  0.0000%)
  **★減る手**: 分母 275400
      (a) c = 前のブロックの根 ? False             183600 ( 66.6667%)
      (a) c = 前のブロックの根 ? True               91800 ( 33.3333%)
      (a) c が A の中 ? False                 275400 (100.0000%)
      (b) (d0,e0)=(d,e) ? False            275400 (100.0000%)
      (b) |V| vs |Q|: <                    183600 ( 66.6667%)
      (b) |V| vs |Q|: =                     91800 ( 33.3333%)
      (c) n=1                               55080 ( 20.0000%)
      (c) n=2                               55080 ( 20.0000%)
      (c) n=3                              165240 ( 60.0000%)
      (d) srow=0                            91800 ( 33.3333%)
      (d) srow=1                           183600 ( 66.6667%)

### ★★ 同上 ＋ **`Q` の行 0 を +2**（`A` を浅くする）  [1.1s]  ★ **分母（j=0）48694**
  ★★ **towerMeas**: 減 37248 ( 76.4940%)  ⛔ **同** 0 (  0.0000%)  ⛔ **増** 11446 ( 23.5060%)
  **⛔ 減らない手**: 分母 11446
      (a) c = 前のブロックの根 ? False              11446 (100.0000%)
      (a) c が A の中 ? True                   11446 (100.0000%)
      (b) (d0,e0)=(d,e) ? False              7566 ( 66.1017%)
      (b) (d0,e0)=(d,e) ? True               3880 ( 33.8983%)
      (b) |V| vs |Q|: >                     11446 (100.0000%)
      (c) n=1                                2716 ( 23.7288%)
      (c) n=2                                2910 ( 25.4237%)
      (c) n=3                                5820 ( 50.8475%)
      (d) srow=0                             3880 ( 33.8983%)
      (d) srow=1                             7566 ( 66.1017%)
  **★減る手**: 分母 37248
      (a) c = 前のブロックの根 ? False              18624 ( 50.0000%)
      (a) c = 前のブロックの根 ? True               18624 ( 50.0000%)
      (a) c が A の中 ? False                  37248 (100.0000%)
      (b) (d0,e0)=(d,e) ? False             37248 (100.0000%)
      (b) |V| vs |Q|: <                     18624 ( 50.0000%)
      (b) |V| vs |Q|: =                     18624 ( 50.0000%)
      (c) n=1                                9312 ( 25.0000%)
      (c) n=2                                9312 ( 25.0000%)
      (c) n=3                               18624 ( 50.0000%)
      (d) srow=0                            12416 ( 33.3333%)
      (d) srow=1                            24832 ( 66.6667%)
      ⛔ 減らない例: A=[(0, 0, 0)] Q=[(2, 0, 0), (3, 0, 0), (4, 1, 0), (5, 2, 1), (6, 1, 0), (7, 0, 0)] d=0 e=0 n=1 c=0（前のブロックの根=1）|V|=7 |Q|=6 (d0,e0)=(0,0) meas 18→21
      ⛔ 減らない例: A=[(0, 0, 0)] Q=[(2, 0, 0), (3, 0, 0), (4, 1, 0), (5, 2, 1), (6, 1, 0), (7, 0, 0)] d=0 e=0 n=2 c=0（前のブロックの根=7）|V|=13 |Q|=6 (d0,e0)=(0,0) meas 18→39
      ⛔ 減らない例: A=[(0, 0, 0)] Q=[(2, 0, 0), (3, 0, 0), (4, 1, 0), (5, 2, 1), (6, 1, 0), (7, 0, 0)] d=0 e=0 n=3 c=0（前のブロックの根=13）|V|=19 |Q|=6 (d0,e0)=(0,0) meas 18→57
      ⛔ 減らない例: A=[(0, 0, 0)] Q=[(2, 0, 0), (3, 0, 0), (4, 1, 0), (5, 2, 1), (6, 1, 0), (7, 0, 0)] d=0 e=0 n=5 c=0（前のブロックの根=25）|V|=31 |Q|=6 (d0,e0)=(0,0) meas 18→93

