### (RES-T1)(RES-T2)(RES-T3)  [14.9s]
  1 段目: ★良 133812  ⛔残差 7258
  ★★★★ (RES-T1) 1 段目 → 2 段目
      ⛔残差 → ⛔残差:      576 (  0.2798%)
      ⛔残差 → ★良:   205308 ( 99.7202%)
      ★良 → ⛔残差:   219162 ( 31.2544%)
      ★良 → ★良:   482058 ( 68.7456%)
  ★★★ (RES-T2) 2 段合成で測度が減るか
      1 段目=⛔残差: 分母   205884  ★減   150630 ( 73.1626%)  ⛔ 増/同 55254
      1 段目=★良: 分母   701220  ★減   568728 ( 81.1055%)  ⛔ 増/同 132492
  ★★ (RES-T3) 残差の中身
      c < |A| ? True                 7258 (100.0000%)
      d=0 ? False                    1512 ( 20.8322%)
      d=0 ? True                     5746 ( 79.1678%)
      e=0 ? False                    4558 ( 62.7997%)
      e=0 ? True                     2700 ( 37.2003%)
      j=0 ? False                    1944 ( 26.7842%)
      j=0 ? True                     5314 ( 73.2158%)
      srow=0                         1728 ( 23.8082%)
      srow=1                         5530 ( 76.1918%)
      行1が一定 ? False                  3723 ( 51.2951%)
      行1が一定 ? True                   3535 ( 48.7049%)
      ⛔ 残差→残差: A=[(0, 0, 0), (1, 0, 0)] Q=[(2, 0, 0), (3, 0, 0)] d=0 e=0 n=1 j=0 |V1|=3 ⟹ n2=1 j2=0 |V2|=4
      ⛔ 残差→残差: A=[(0, 0, 0), (1, 0, 0)] Q=[(2, 0, 0), (3, 0, 0)] d=0 e=0 n=1 j=0 |V1|=3 ⟹ n2=2 j2=0 |V2|=7
      ⛔ 残差→残差: A=[(0, 0, 0), (1, 0, 0)] Q=[(2, 0, 0), (3, 0, 0)] d=0 e=0 n=1 j=0 |V1|=3 ⟹ n2=3 j2=0 |V2|=10
      ⛔ 残差→残差: A=[(0, 0, 0), (1, 0, 0)] Q=[(2, 0, 0), (3, 0, 0)] d=0 e=0 n=2 j=0 |V1|=5 ⟹ n2=1 j2=0 |V2|=6
