### (G1-M)(G1-M2)  [2.1s]  ★ 良い群 分母 47736
  ★★ (G1-M2) `(d0,e0) = (d,e)` か
      True: 4320 (  9.0498%)
      False: 43416 ( 90.9502%)
  ★★★★ (G1-M) 最小の N
      **m=0** 分母   47736  ⛔ 一致しない 0 (  0.000%)
          N の分布: {'0': 2052, '1': 10746, '2': 21816, '3': 13122}
          N < n+m: 4104 (  8.597%)
          N = n+m: 17388 ( 36.425%)
          N > n+m: 26244 ( 54.977%)
          ★★ **N <= n**: 21492 ( 45.023%)
      **m=1** 分母   47736  ⛔ 一致しない 0 (  0.000%)
          N の分布: {'1': 4104, '2': 23868, '3': 19764}
          N < n+m: 8208 ( 17.195%)
          N = n+m: 39528 ( 82.805%)
          ★★ **N <= n**: 8208 ( 17.195%)
      **m=2** 分母   47736  ⛔ 一致しない 47736 (100.000%)
          N の分布: {}
          ★★ **N <= n**: 0 (  0.000%)
      **m=3** 分母   47736  ⛔ 一致しない 47736 (100.000%)
          N の分布: {}
          ★★ **N <= n**: 0 (  0.000%)
      ⛔ 不一致: A=[] Q=[(0, 0, 0), (1, 0, 0)] d=0 e=0 n=1 j=1 m=2 食い違いは 3 列目（(0, 0, 0) vs (1, 0, 0)）
      ⛔ 不一致: A=[] Q=[(0, 0, 0), (1, 0, 0)] d=0 e=0 n=1 j=1 m=3 食い違いは 3 列目（(0, 0, 0) vs (1, 0, 0)）
      ⛔ 不一致: A=[] Q=[(0, 0, 0), (1, 0, 0)] d=0 e=0 n=2 j=1 m=2 食い違いは 5 列目（(0, 0, 0) vs (1, 0, 0)）
      ⛔ 不一致: A=[] Q=[(0, 0, 0), (1, 0, 0)] d=0 e=0 n=2 j=1 m=3 食い違いは 5 列目（(0, 0, 0) vs (1, 0, 0)）
