### CTRL-C  argOK only (CtxOK 無し), |M|<=4   (115.5s, memo=0)
  branch/copy              13441302
  branch/noparent          10567098
  ctx/nofilter               666900
  j0=0                      6651990
  j0>=1                     6789312
  -- (a) j0 の分布 (|M|, j0) --
     |M|=1 j0= 0 :       1944
     |M|=2 j0= 0 :      25704
     |M|=2 j0= 1 :      11664
     |M|=3 j0= 0 :     386046
     |M|=3 j0= 1 :      98064
     |M|=3 j0= 2 :     209952
     |M|=4 j0= 0 :    6238296
     |M|=4 j0= 1 :     925344
     |M|=4 j0= 2 :    1765152
     |M|=4 j0= 3 :    3779136
  -- (b) コピー塊 S[j0:j1] --
     M-all(dropLast)         1035072
     M-proper-suffix         5754240
     root-included           6651990
  -- (c) 固定 (M,v,z,t) で j0 は (b,c) に依存するか --
     const                   1611972
     varies(2)                383400
     varies(3)                  5328
  -- (d) (d0>0, d1>0) --
     d0>0=False d1>0=False :    2000700
     d0>0=True d1>0=False :    4523256
     d0>0=True d1>0=True :    6917346
  ex j0=0: (1, [(1, 0, 0)], 0, 0, 0, 0, 0, [(0, 0, 0), (1, 0, 0)], 0, 0, 0)
  ex j0>=1: (2, [(1, 0, 0), (2, 0, 0)], 0, 0, 0, 0, 0, [(0, 0, 0), (1, 0, 0), (2, 0, 0)], 0, 0, 0, [(1, 0, 0)])

